Vivado Simulator v2022.2.2
Copyright 1986-1999, 2001-2022 Xilinx, Inc. All Rights Reserved.
Running: /opt/Xilinx/Vivado/2022.2/bin/unwrapped/lnx64.o/xelab xil_defaultlib.apatb_sobel_edge_top glbl -Oenable_linking_all_libraries -prj sobel_edge.prj -L smartconnect_v1_0 -L axi_protocol_checker_v1_1_12 -L axi_protocol_checker_v1_1_13 -L axis_protocol_checker_v1_1_11 -L axis_protocol_checker_v1_1_12 -L xil_defaultlib -L unisims_ver -L xpm -L floating_point_v7_1_15 -L floating_point_v7_0_20 --lib ieee_proposed=./ieee_proposed -s sobel_edge 
Multi-threading is on. Using 30 slave threads.
WARNING: [XSIM 43-3431] One or more environment variables have been detected which affect the operation of the C compiler. These are typically not set in standard installations and are not tested by Xilinx, however they may be appropriate for your system, so the flow will attempt to continue.  If errors occur, try running xelab with the "-mt off -v 1" switches to see more information from the C compiler. The following environment variables have been detected:
INFO: [VRFC 10-2263] Analyzing SystemVerilog file "/home/fyt/teach_bili/course_3/build/sobel_edge_prj/solution1/sim/verilog/glbl.v" into library work
INFO: [VRFC 10-311] analyzing module glbl
INFO: [VRFC 10-2263] Analyzing SystemVerilog file "/home/fyt/teach_bili/course_3/build/sobel_edge_prj/solution1/sim/verilog/AESL_axi_master_gmem0.v" into library xil_defaultlib
INFO: [VRFC 10-311] analyzing module AESL_axi_master_gmem0
INFO: [VRFC 10-2263] Analyzing SystemVerilog file "/home/fyt/teach_bili/course_3/build/sobel_edge_prj/solution1/sim/verilog/sobel_edge.autotb.v" into library xil_defaultlib
INFO: [VRFC 10-311] analyzing module apatb_sobel_edge_top
INFO: [VRFC 10-2263] Analyzing SystemVerilog file "/home/fyt/teach_bili/course_3/build/sobel_edge_prj/solution1/sim/verilog/sobel_edge_sobel_edge_Pipeline_VITIS_LOOP_37_5.v" into library xil_defaultlib
INFO: [VRFC 10-311] analyzing module sobel_edge_sobel_edge_Pipeline_VITIS_LOOP_37_5
INFO: [VRFC 10-2263] Analyzing SystemVerilog file "/home/fyt/teach_bili/course_3/build/sobel_edge_prj/solution1/sim/verilog/sobel_edge_mul_32s_32s_32_2_1.v" into library xil_defaultlib
INFO: [VRFC 10-311] analyzing module sobel_edge_mul_32s_32s_32_2_1
INFO: [VRFC 10-2263] Analyzing SystemVerilog file "/home/fyt/teach_bili/course_3/build/sobel_edge_prj/solution1/sim/verilog/sobel_edge.v" into library xil_defaultlib
INFO: [VRFC 10-311] analyzing module sobel_edge
INFO: [VRFC 10-2263] Analyzing SystemVerilog file "/home/fyt/teach_bili/course_3/build/sobel_edge_prj/solution1/sim/verilog/AESL_axi_master_gmem1.v" into library xil_defaultlib
INFO: [VRFC 10-311] analyzing module AESL_axi_master_gmem1
INFO: [VRFC 10-2263] Analyzing SystemVerilog file "/home/fyt/teach_bili/course_3/build/sobel_edge_prj/solution1/sim/verilog/sobel_edge_flow_control_loop_pipe_sequential_init.v" into library xil_defaultlib
INFO: [VRFC 10-311] analyzing module sobel_edge_flow_control_loop_pipe_sequential_init
INFO: [VRFC 10-2263] Analyzing SystemVerilog file "/home/fyt/teach_bili/course_3/build/sobel_edge_prj/solution1/sim/verilog/sobel_edge_gmem1_m_axi.v" into library xil_defaultlib
INFO: [VRFC 10-311] analyzing module sobel_edge_gmem1_m_axi
INFO: [VRFC 10-311] analyzing module sobel_edge_gmem1_m_axi_load
INFO: [VRFC 10-311] analyzing module sobel_edge_gmem1_m_axi_store
INFO: [VRFC 10-311] analyzing module sobel_edge_gmem1_m_axi_read
INFO: [VRFC 10-311] analyzing module sobel_edge_gmem1_m_axi_write
INFO: [VRFC 10-311] analyzing module sobel_edge_gmem1_m_axi_throttle
INFO: [VRFC 10-311] analyzing module sobel_edge_gmem1_m_axi_reg_slice
INFO: [VRFC 10-311] analyzing module sobel_edge_gmem1_m_axi_fifo
INFO: [VRFC 10-311] analyzing module sobel_edge_gmem1_m_axi_srl
INFO: [VRFC 10-311] analyzing module sobel_edge_gmem1_m_axi_mem
INFO: [VRFC 10-2263] Analyzing SystemVerilog file "/home/fyt/teach_bili/course_3/build/sobel_edge_prj/solution1/sim/verilog/AESL_axi_slave_control.v" into library xil_defaultlib
INFO: [VRFC 10-311] analyzing module AESL_axi_slave_control
INFO: [VRFC 10-2263] Analyzing SystemVerilog file "/home/fyt/teach_bili/course_3/build/sobel_edge_prj/solution1/sim/verilog/sobel_edge_mul_31ns_32s_63_2_1.v" into library xil_defaultlib
INFO: [VRFC 10-311] analyzing module sobel_edge_mul_31ns_32s_63_2_1
INFO: [VRFC 10-2263] Analyzing SystemVerilog file "/home/fyt/teach_bili/course_3/build/sobel_edge_prj/solution1/sim/verilog/sobel_edge_control_s_axi.v" into library xil_defaultlib
INFO: [VRFC 10-311] analyzing module sobel_edge_control_s_axi
INFO: [VRFC 10-2263] Analyzing SystemVerilog file "/home/fyt/teach_bili/course_3/build/sobel_edge_prj/solution1/sim/verilog/sobel_edge_sobel_edge_Pipeline_VITIS_LOOP_41_6.v" into library xil_defaultlib
INFO: [VRFC 10-311] analyzing module sobel_edge_sobel_edge_Pipeline_VITIS_LOOP_41_6
INFO: [VRFC 10-2263] Analyzing SystemVerilog file "/home/fyt/teach_bili/course_3/build/sobel_edge_prj/solution1/sim/verilog/sobel_edge_sobel_edge_Pipeline_VITIS_LOOP_17_2.v" into library xil_defaultlib
INFO: [VRFC 10-311] analyzing module sobel_edge_sobel_edge_Pipeline_VITIS_LOOP_17_2
INFO: [VRFC 10-2263] Analyzing SystemVerilog file "/home/fyt/teach_bili/course_3/build/sobel_edge_prj/solution1/sim/verilog/sobel_edge_gmem0_m_axi.v" into library xil_defaultlib
INFO: [VRFC 10-311] analyzing module sobel_edge_gmem0_m_axi
INFO: [VRFC 10-311] analyzing module sobel_edge_gmem0_m_axi_load
INFO: [VRFC 10-311] analyzing module sobel_edge_gmem0_m_axi_store
INFO: [VRFC 10-311] analyzing module sobel_edge_gmem0_m_axi_read
INFO: [VRFC 10-311] analyzing module sobel_edge_gmem0_m_axi_write
INFO: [VRFC 10-311] analyzing module sobel_edge_gmem0_m_axi_throttle
INFO: [VRFC 10-311] analyzing module sobel_edge_gmem0_m_axi_reg_slice
INFO: [VRFC 10-311] analyzing module sobel_edge_gmem0_m_axi_fifo
INFO: [VRFC 10-311] analyzing module sobel_edge_gmem0_m_axi_srl
INFO: [VRFC 10-311] analyzing module sobel_edge_gmem0_m_axi_mem
INFO: [VRFC 10-2263] Analyzing SystemVerilog file "/home/fyt/teach_bili/course_3/build/sobel_edge_prj/solution1/sim/verilog/dataflow_monitor.sv" into library xil_defaultlib
INFO: [VRFC 10-311] analyzing module dataflow_monitor
Starting static elaboration
Pass Through NonSizing Optimizer
Completed static elaboration
Starting simulation data flow analysis
Completed simulation data flow analysis
Time Resolution for simulation is 1ps
Compiling package xil_defaultlib.$unit_dataflow_monitor_sv
Compiling module xil_defaultlib.sobel_edge_flow_control_loop_pip...
Compiling module xil_defaultlib.sobel_edge_sobel_edge_Pipeline_V...
Compiling module xil_defaultlib.sobel_edge_sobel_edge_Pipeline_V...
Compiling module xil_defaultlib.sobel_edge_sobel_edge_Pipeline_V...
Compiling module xil_defaultlib.sobel_edge_control_s_axi
Compiling module xil_defaultlib.sobel_edge_gmem0_m_axi_srl(DATA_...
Compiling module xil_defaultlib.sobel_edge_gmem0_m_axi_fifo(DATA...
Compiling module xil_defaultlib.sobel_edge_gmem0_m_axi_mem(MEM_S...
Compiling module xil_defaultlib.sobel_edge_gmem0_m_axi_fifo(MEM_...
Compiling module xil_defaultlib.sobel_edge_gmem0_m_axi_srl(DATA_...
Compiling module xil_defaultlib.sobel_edge_gmem0_m_axi_fifo(DATA...
Compiling module xil_defaultlib.sobel_edge_gmem0_m_axi_srl(DATA_...
Compiling module xil_defaultlib.sobel_edge_gmem0_m_axi_fifo(DATA...
Compiling module xil_defaultlib.sobel_edge_gmem0_m_axi_srl(DATA_...
Compiling module xil_defaultlib.sobel_edge_gmem0_m_axi_fifo(DATA...
Compiling module xil_defaultlib.sobel_edge_gmem0_m_axi_store(NUM...
Compiling module xil_defaultlib.sobel_edge_gmem0_m_axi_mem(MEM_S...
Compiling module xil_defaultlib.sobel_edge_gmem0_m_axi_fifo(MEM_...
Compiling module xil_defaultlib.sobel_edge_gmem0_m_axi_srl(DATA_...
Compiling module xil_defaultlib.sobel_edge_gmem0_m_axi_fifo(DATA...
Compiling module xil_defaultlib.sobel_edge_gmem0_m_axi_load(NUM_...
Compiling module xil_defaultlib.sobel_edge_gmem0_m_axi_reg_slice...
Compiling module xil_defaultlib.sobel_edge_gmem0_m_axi_srl(DATA_...
Compiling module xil_defaultlib.sobel_edge_gmem0_m_axi_fifo(DATA...
Compiling module xil_defaultlib.sobel_edge_gmem0_m_axi_reg_slice...
Compiling module xil_defaultlib.sobel_edge_gmem0_m_axi_srl(DATA_...
Compiling module xil_defaultlib.sobel_edge_gmem0_m_axi_fifo(DATA...
Compiling module xil_defaultlib.sobel_edge_gmem0_m_axi_srl(DATA_...
Compiling module xil_defaultlib.sobel_edge_gmem0_m_axi_fifo(DATA...
Compiling module xil_defaultlib.sobel_edge_gmem0_m_axi_throttle(...
Compiling module xil_defaultlib.sobel_edge_gmem0_m_axi_reg_slice...
Compiling module xil_defaultlib.sobel_edge_gmem0_m_axi_write(CON...
Compiling module xil_defaultlib.sobel_edge_gmem0_m_axi_reg_slice...
Compiling module xil_defaultlib.sobel_edge_gmem0_m_axi_read(C_US...
Compiling module xil_defaultlib.sobel_edge_gmem0_m_axi(CONSERVAT...
Compiling module xil_defaultlib.sobel_edge_gmem1_m_axi_srl(DATA_...
Compiling module xil_defaultlib.sobel_edge_gmem1_m_axi_fifo(DATA...
Compiling module xil_defaultlib.sobel_edge_gmem1_m_axi_mem(MEM_S...
Compiling module xil_defaultlib.sobel_edge_gmem1_m_axi_fifo(MEM_...
Compiling module xil_defaultlib.sobel_edge_gmem1_m_axi_srl(DATA_...
Compiling module xil_defaultlib.sobel_edge_gmem1_m_axi_fifo(DATA...
Compiling module xil_defaultlib.sobel_edge_gmem1_m_axi_srl(DATA_...
Compiling module xil_defaultlib.sobel_edge_gmem1_m_axi_fifo(DATA...
Compiling module xil_defaultlib.sobel_edge_gmem1_m_axi_srl(DATA_...
Compiling module xil_defaultlib.sobel_edge_gmem1_m_axi_fifo(DATA...
Compiling module xil_defaultlib.sobel_edge_gmem1_m_axi_store(NUM...
Compiling module xil_defaultlib.sobel_edge_gmem1_m_axi_mem(MEM_S...
Compiling module xil_defaultlib.sobel_edge_gmem1_m_axi_fifo(MEM_...
Compiling module xil_defaultlib.sobel_edge_gmem1_m_axi_srl(DATA_...
Compiling module xil_defaultlib.sobel_edge_gmem1_m_axi_fifo(DATA...
Compiling module xil_defaultlib.sobel_edge_gmem1_m_axi_load(NUM_...
Compiling module xil_defaultlib.sobel_edge_gmem1_m_axi_reg_slice...
Compiling module xil_defaultlib.sobel_edge_gmem1_m_axi_srl(DATA_...
Compiling module xil_defaultlib.sobel_edge_gmem1_m_axi_fifo(DATA...
Compiling module xil_defaultlib.sobel_edge_gmem1_m_axi_reg_slice...
Compiling module xil_defaultlib.sobel_edge_gmem1_m_axi_srl(DATA_...
Compiling module xil_defaultlib.sobel_edge_gmem1_m_axi_fifo(DATA...
Compiling module xil_defaultlib.sobel_edge_gmem1_m_axi_srl(DATA_...
Compiling module xil_defaultlib.sobel_edge_gmem1_m_axi_fifo(DATA...
Compiling module xil_defaultlib.sobel_edge_gmem1_m_axi_throttle(...
Compiling module xil_defaultlib.sobel_edge_gmem1_m_axi_reg_slice...
Compiling module xil_defaultlib.sobel_edge_gmem1_m_axi_write(CON...
Compiling module xil_defaultlib.sobel_edge_gmem1_m_axi_reg_slice...
Compiling module xil_defaultlib.sobel_edge_gmem1_m_axi_read(C_US...
Compiling module xil_defaultlib.sobel_edge_gmem1_m_axi(CONSERVAT...
Compiling module xil_defaultlib.sobel_edge_mul_31ns_32s_63_2_1(N...
Compiling module xil_defaultlib.sobel_edge_mul_32s_32s_32_2_1(NU...
Compiling module xil_defaultlib.sobel_edge
Compiling module xil_defaultlib.AESL_axi_master_gmem0
Compiling module xil_defaultlib.AESL_axi_master_gmem1
Compiling module xil_defaultlib.AESL_axi_slave_control
Compiling module xil_defaultlib.nodf_module_intf
Compiling module xil_defaultlib.seq_loop_intf(FSM_WIDTH=14)
Compiling module xil_defaultlib.upc_loop_intf
Compiling module xil_defaultlib.upc_loop_intf(FSM_WIDTH=8)
Compiling module xil_defaultlib.dataflow_monitor_1
Compiling module xil_defaultlib.apatb_sobel_edge_top
Compiling module work.glbl
Built simulation snapshot sobel_edge
