#-----------------------------------------------------------
# xsim v2022.2.2 (64-bit)
# SW Build 3788238 on Tue Feb 21 19:59:23 MST 2023
# IP Build 3783773 on Tue Feb 21 23:41:56 MST 2023
# Start of session at: Sat Aug  9 02:09:14 2025
# Process ID: 722054
# Current directory: /home/fyt/A/teach_bili/improve/course_3/build/sobel_edge_prj/solution1/sim/verilog
# Command line: xsim -mode tcl -source {xsim.dir/sobel_edge/xsim_script.tcl}
# Log file: /home/fyt/A/teach_bili/improve/course_3/build/sobel_edge_prj/solution1/sim/verilog/xsim.log
# Journal file: /home/fyt/A/teach_bili/improve/course_3/build/sobel_edge_prj/solution1/sim/verilog/xsim.jou
# Running On: fpgaserver-9950x, OS: Linux, CPU Frequency: 4300.000 MHz, CPU Physical cores: 32, Host memory: 132526 MB
#-----------------------------------------------------------
source xsim.dir/sobel_edge/xsim_script.tcl
# xsim {sobel_edge} -autoloadwcfg -tclbatch {sobel_edge.tcl}
Time resolution is 1 ps
source sobel_edge.tcl
## run all
////////////////////////////////////////////////////////////////////////////////////
// Inter-Transaction Progress: Completed Transaction / Total Transaction
// Intra-Transaction Progress: Measured Latency / Latency Estimation * 100%
//
// RTL Simulation : "Inter-Transaction Progress" ["Intra-Transaction Progress"] @ "Simulation Time"
////////////////////////////////////////////////////////////////////////////////////
// RTL Simulation : 0 / 1 [n/a] @ "125000"
// RTL Simulation : 1 / 1 [n/a] @ "320225000"
////////////////////////////////////////////////////////////////////////////////////
$finish called at time : 320285 ns : File "/home/fyt/A/teach_bili/improve/course_3/build/sobel_edge_prj/solution1/sim/verilog/sobel_edge.autotb.v" Line 586
## quit
INFO: [Common 17-206] Exiting xsim at Sat Aug  9 02:09:16 2025...
