

================================================================
== Synthesis Summary Report of 'vector_add'
================================================================
+ General Information: 
    * Date:           Sun Aug 24 03:41:48 2025
    * Version:        2022.2.2 (Build 3779808 on Feb 17 2023)
    * Project:        vector_add_prj
    * Solution:       solution1 (Vivado IP Flow Target)
    * Product family: zynq
    * Target device:  xc7z020-clg400-1
    

+ Performance & Resource Estimates: 
    
    PS: '+' for module; 'o' for loop; '*' for dataflow
    +----------------------------------------+------+------+---------+--------+----------+---------+------+----------+------+----+-----------+-----------+-----+
    |                 Modules                | Issue|      | Latency | Latency| Iteration|         | Trip |          |      |    |           |           |     |
    |                 & Loops                | Type | Slack| (cycles)|  (ns)  |  Latency | Interval| Count| Pipelined| BRAM | DSP|     FF    |    LUT    | URAM|
    +----------------------------------------+------+------+---------+--------+----------+---------+------+----------+------+----+-----------+-----------+-----+
    |+ vector_add                            |     -|  0.00|        -|       -|         -|        -|     -|        no|     -|   -|  1988 (1%)|  3410 (6%)|    -|
    | + vector_add_Pipeline_VITIS_LOOP_13_1  |     -|  0.00|        -|       -|         -|        -|     -|        no|     -|   -|  104 (~0%)|  157 (~0%)|    -|
    |  o VITIS_LOOP_13_1                     |     -|  7.30|        -|       -|         4|        1|     -|       yes|     -|   -|          -|          -|    -|
    +----------------------------------------+------+------+---------+--------+----------+---------+------+----------+------+----+-----------+-----------+-----+


================================================================
== HW Interfaces
================================================================
* M_AXI
+-------------+------------+---------------+---------+--------+----------+-----------+--------------+--------------+-------------+-------------+
| Interface   | Data Width | Address Width | Latency | Offset | Register | Max Widen | Max Read     | Max Write    | Num Read    | Num Write   |
|             | (SW->HW)   |               |         |        |          | Bitwidth  | Burst Length | Burst Length | Outstanding | Outstanding |
+-------------+------------+---------------+---------+--------+----------+-----------+--------------+--------------+-------------+-------------+
| m_axi_gmem0 | 32 -> 32   | 64            | 0       | slave  | 0        | 0         | 16           | 16           | 16          | 16          |
| m_axi_gmem1 | 32 -> 32   | 64            | 0       | slave  | 0        | 0         | 16           | 16           | 16          | 16          |
+-------------+------------+---------------+---------+--------+----------+-----------+--------------+--------------+-------------+-------------+

* S_AXILITE Interfaces
+---------------+------------+---------------+--------+----------+
| Interface     | Data Width | Address Width | Offset | Register |
+---------------+------------+---------------+--------+----------+
| s_axi_control | 32         | 6             | 16     | 0        |
+---------------+------------+---------------+--------+----------+

* S_AXILITE Registers
+---------------+----------+--------+-------+--------+----------------------------------+----------------------------------------------------------------------+
| Interface     | Register | Offset | Width | Access | Description                      | Bit Fields                                                           |
+---------------+----------+--------+-------+--------+----------------------------------+----------------------------------------------------------------------+
| s_axi_control | CTRL     | 0x00   | 32    | RW     | Control signals                  | 0=AP_START 1=AP_DONE 2=AP_IDLE 3=AP_READY 7=AUTO_RESTART 9=INTERRUPT |
| s_axi_control | GIER     | 0x04   | 32    | RW     | Global Interrupt Enable Register | 0=Enable                                                             |
| s_axi_control | IP_IER   | 0x08   | 32    | RW     | IP Interrupt Enable Register     | 0=CHAN0_INT_EN 1=CHAN1_INT_EN                                        |
| s_axi_control | IP_ISR   | 0x0c   | 32    | RW     | IP Interrupt Status Register     | 0=CHAN0_INT_ST 1=CHAN1_INT_ST                                        |
| s_axi_control | a_1      | 0x10   | 32    | W      | Data signal of a                 |                                                                      |
| s_axi_control | a_2      | 0x14   | 32    | W      | Data signal of a                 |                                                                      |
| s_axi_control | c_1      | 0x1c   | 32    | W      | Data signal of c                 |                                                                      |
| s_axi_control | c_2      | 0x20   | 32    | W      | Data signal of c                 |                                                                      |
| s_axi_control | size     | 0x28   | 32    | W      | Data signal of size              |                                                                      |
+---------------+----------+--------+-------+--------+----------------------------------+----------------------------------------------------------------------+

* TOP LEVEL CONTROL
+-----------+------------+-----------+
| Interface | Type       | Ports     |
+-----------+------------+-----------+
| ap_clk    | clock      | ap_clk    |
| ap_rst_n  | reset      | ap_rst_n  |
| interrupt | interrupt  | interrupt |
| ap_ctrl   | ap_ctrl_hs |           |
+-----------+------------+-----------+


================================================================
== SW I/O Information
================================================================
* Top Function Arguments
+----------+-----------+---------------------+
| Argument | Direction | Datatype            |
+----------+-----------+---------------------+
| a        | in        | ap_uint<32> const * |
| c        | out       | ap_uint<32>*        |
| size     | in        | int                 |
+----------+-----------+---------------------+

* SW-to-HW Mapping
+----------+---------------+-----------+----------+--------------------------------+
| Argument | HW Interface  | HW Type   | HW Usage | HW Info                        |
+----------+---------------+-----------+----------+--------------------------------+
| a        | m_axi_gmem0   | interface |          |                                |
| a        | s_axi_control | register  | offset   | name=a_1 offset=0x10 range=32  |
| a        | s_axi_control | register  | offset   | name=a_2 offset=0x14 range=32  |
| c        | m_axi_gmem1   | interface |          |                                |
| c        | s_axi_control | register  | offset   | name=c_1 offset=0x1c range=32  |
| c        | s_axi_control | register  | offset   | name=c_2 offset=0x20 range=32  |
| size     | s_axi_control | register  |          | name=size offset=0x28 range=32 |
+----------+---------------+-----------+----------+--------------------------------+


================================================================
== M_AXI Burst Information
================================================================
 Note: All burst requests might be further partitioned into multiple requests during RTL generation based on max_read_burst_length or max_write_burst_length settings.

* Inferred Burst Summary
+--------------+-----------------+-----------+----------+-------+------------------------------+
| HW Interface | Loop            | Direction | Length   | Width | Location                     |
+--------------+-----------------+-----------+----------+-------+------------------------------+
| m_axi_gmem0  | VITIS_LOOP_13_1 | read      | variable | 32    | ../code/vector_add.cpp:13:19 |
| m_axi_gmem1  | VITIS_LOOP_13_1 | write     | variable | 32    | ../code/vector_add.cpp:13:19 |
+--------------+-----------------+-----------+----------+-------+------------------------------+

* Inferred Bursts and Widening Missed
+--------------+----------+-----------------+-------------------------------------------------------------------------------------------------------+------------+------------------------------+
| HW Interface | Variable | Loop            | Problem                                                                                               | Resolution | Location                     |
+--------------+----------+-----------------+-------------------------------------------------------------------------------------------------------+------------+------------------------------+
| m_axi_gmem0  | a        | VITIS_LOOP_13_1 | Could not widen since type i32 size is greater than or equal to the max_widen_bitwidth threshold of 0 | 214-353    | ../code/vector_add.cpp:13:19 |
| m_axi_gmem1  | c        | VITIS_LOOP_13_1 | Could not widen since type i32 size is greater than or equal to the max_widen_bitwidth threshold of 0 | 214-353    | ../code/vector_add.cpp:13:19 |
+--------------+----------+-----------------+-------------------------------------------------------------------------------------------------------+------------+------------------------------+

    * Resolution URL: www.xilinx.com/cgi-bin/docs/rdoc?v=2022.2;t=hls+guidance;d=XXX-YYY.html (replace XXX-YYY with column value)

================================================================
== Bind Op Report
================================================================
+----------------------------------------+-----+--------+-----------+-----+--------+---------+
| Name                                   | DSP | Pragma | Variable  | Op  | Impl   | Latency |
+----------------------------------------+-----+--------+-----------+-----+--------+---------+
| + vector_add                           | 0   |        |           |     |        |         |
|  + vector_add_Pipeline_VITIS_LOOP_13_1 | 0   |        |           |     |        |         |
|    add_ln13_fu_115_p2                  | -   |        | add_ln13  | add | fabric | 0       |
|    add_ln186_fu_137_p2                 | -   |        | add_ln186 | add | fabric | 0       |
+----------------------------------------+-----+--------+-----------+-----+--------+---------+


================================================================
== Bind Storage Report
================================================================
  No bind storage info in design

================================================================
== Pragma Report
================================================================
* Valid Pragma Syntax
+-----------+--------------------------------------------------+-------------------------------------------------+
| Type      | Options                                          | Location                                        |
+-----------+--------------------------------------------------+-------------------------------------------------+
| interface | m_axi port=a offset=slave bundle=gmem0 depth=256 | ../code/vector_add.cpp:6 in vector_add, a       |
| interface | m_axi port=c offset=slave bundle=gmem1 depth=256 | ../code/vector_add.cpp:7 in vector_add, c       |
| interface | s_axilite port=a bundle=control                  | ../code/vector_add.cpp:8 in vector_add, a       |
| interface | s_axilite port=c bundle=control                  | ../code/vector_add.cpp:9 in vector_add, c       |
| interface | s_axilite port=size bundle=control               | ../code/vector_add.cpp:10 in vector_add, size   |
| interface | s_axilite port=return bundle=control             | ../code/vector_add.cpp:11 in vector_add, return |
| pipeline  |                                                  | ../code/vector_add.cpp:14 in vector_add         |
+-----------+--------------------------------------------------+-------------------------------------------------+


