
****** Vitis HLS - High-Level Synthesis from C, C++ and OpenCL v2022.2.2 (64-bit)
  **** SW Build 3779808 on Feb 17 2023
  **** IP Build 3783773 on Tue Feb 21 23:41:56 MST 2023
    ** Copyright 1986-2023 Xilinx, Inc. All Rights Reserved.

source /opt/Xilinx/Vitis_HLS/2022.2/scripts/vitis_hls/hls.tcl -notrace
INFO: [HLS 200-10] Running '/opt/Xilinx/Vitis_HLS/2022.2/bin/unwrapped/lnx64.o/vitis_hls'
INFO: [HLS 200-10] For user 'fyt' on host 'fpgaserver-9950x' (Linux_x86_64 version 5.15.0-156-generic) on Tue Oct 28 07:47:30 UTC 2025
INFO: [HLS 200-10] On os Ubuntu 22.04.5 LTS
INFO: [HLS 200-10] In directory '/home/fyt/A/teach_bili/led/build'
Sourcing Tcl script 'run_hls.tcl'
INFO: [HLS 200-1510] Running: source run_hls.tcl
successful!!!  the start time is Tue Oct 28 07:47:30 UTC 2025
INFO: [HLS 200-1510] Running: open_project led_prj 
INFO: [HLS 200-10] Opening project '/home/fyt/A/teach_bili/led/build/led_prj'.
INFO: [HLS 200-1510] Running: set_top led 
INFO: [HLS 200-1510] Running: add_files ../code/led.cpp 
INFO: [HLS 200-10] Adding design file '../code/led.cpp' to the project
INFO: [HLS 200-1510] Running: open_solution -reset solution1 
INFO: [HLS 200-10] Opening and resetting solution '/home/fyt/A/teach_bili/led/build/led_prj/solution1'.
INFO: [HLS 200-10] Cleaning up the solution database.
INFO: [HLS 200-1505] Using default flow_target 'vivado'
Resolution: For help on HLS 200-1505 see www.xilinx.com/cgi-bin/docs/rdoc?v=2022.2;t=hls+guidance;d=200-1505.html
INFO: [HLS 200-435] Setting 'open_solution -flow_target vivado' configuration: config_interface -m_axi_latency=0
INFO: [HLS 200-1510] Running: set_part xc7s50csga324-1 
INFO: [HLS 200-1611] Setting target device to 'xc7s50-csga324-1'
INFO: [HLS 200-1510] Running: create_clock -period 10 -name default 
INFO: [SYN 201-201] Setting up clock 'default' with a period of 10ns.
INFO: [HLS 200-1510] Running: csynth_design 
/bin/bash: /home/fyt/.conda/envs/opencv_env/lib/libtinfo.so.6: no version information available (required by /bin/bash)
/bin/bash: /home/fyt/.conda/envs/opencv_env/lib/libtinfo.so.6: no version information available (required by /bin/bash)
/bin/bash: /home/fyt/.conda/envs/opencv_env/lib/libtinfo.so.6: no version information available (required by /bin/bash)
Running Dispatch Server on port: 38405
INFO: [HLS 200-111] Finished File checks and directory preparation: CPU user time: 0.01 seconds. CPU system time: 0.02 seconds. Elapsed time: 10.03 seconds; current allocated memory: 873.707 MB.
INFO: [HLS 200-10] Analyzing design file '../code/led.cpp' ... 
INFO: [HLS 200-111] Finished Source Code Analysis and Preprocessing: CPU user time: 1.26 seconds. CPU system time: 0.37 seconds. Elapsed time: 1.64 seconds; current allocated memory: 875.242 MB.
INFO: [HLS 200-777] Using interface defaults for 'Vivado' flow target.
INFO: [HLS 200-111] Finished Compiling Optimization and Transform: CPU user time: 1.67 seconds. CPU system time: 0.32 seconds. Elapsed time: 1.98 seconds; current allocated memory: 875.555 MB.
INFO: [HLS 200-111] Finished Checking Pragmas: CPU user time: 0 seconds. CPU system time: 0 seconds. Elapsed time: 0 seconds; current allocated memory: 875.555 MB.
INFO: [HLS 200-10] Starting code transformations ...
INFO: [HLS 200-111] Finished Standard Transforms: CPU user time: 0.01 seconds. CPU system time: 0 seconds. Elapsed time: 0.01 seconds; current allocated memory: 878.684 MB.
INFO: [HLS 200-10] Checking synthesizability ...
INFO: [HLS 200-111] Finished Checking Synthesizability: CPU user time: 0.01 seconds. CPU system time: 0.01 seconds. Elapsed time: 0.02 seconds; current allocated memory: 883.406 MB.
INFO: [HLS 200-111] Finished Loop, function and other optimizations: CPU user time: 0.02 seconds. CPU system time: 0 seconds. Elapsed time: 0.02 seconds; current allocated memory: 908.559 MB.
INFO: [HLS 200-111] Finished Architecture Synthesis: CPU user time: 0.01 seconds. CPU system time: 0 seconds. Elapsed time: 0.01 seconds; current allocated memory: 909.215 MB.
INFO: [HLS 200-10] Starting hardware synthesis ...
INFO: [HLS 200-10] Synthesizing 'led' ...
WARNING: [SYN 201-107] Renaming port name 'led/led' to 'led/led_r' to avoid the conflict with HDL keywords or other object names.
INFO: [HLS 200-10] ----------------------------------------------------------------
INFO: [HLS 200-42] -- Implementing module 'led' 
INFO: [HLS 200-10] ----------------------------------------------------------------
INFO: [SCHED 204-11] Starting scheduling ...
INFO: [SCHED 204-11] Finished scheduling.
INFO: [HLS 200-111] Finished Scheduling: CPU user time: 0.01 seconds. CPU system time: 0.02 seconds. Elapsed time: 0.04 seconds; current allocated memory: 909.215 MB.
INFO: [BIND 205-100] Starting micro-architecture generation ...
INFO: [BIND 205-101] Performing variable lifetime analysis.
INFO: [BIND 205-101] Exploring resource sharing.
INFO: [BIND 205-101] Binding ...
INFO: [BIND 205-100] Finished micro-architecture generation.
INFO: [HLS 200-111] Finished Binding: CPU user time: 0 seconds. CPU system time: 0 seconds. Elapsed time: 0 seconds; current allocated memory: 909.215 MB.
INFO: [HLS 200-10] ----------------------------------------------------------------
INFO: [HLS 200-10] -- Generating RTL for module 'led' 
INFO: [HLS 200-10] ----------------------------------------------------------------
INFO: [RTGEN 206-500] Setting interface mode on port 'led/key_t' to 'ap_none'.
INFO: [RTGEN 206-500] Setting interface mode on port 'led/led_r' to 'ap_none'.
WARNING: [RTGEN 206-101] Port 'led_r' with mode 'ap_none' may require an associated data valid signal to correctly communicate with other blocks or a test bench; automatic C/RTL co-simulation may not be able to verify such a port.
INFO: [RTGEN 206-500] Setting interface mode on function 'led' to 'ap_ctrl_none'.
INFO: [RTGEN 206-100] Finished creating RTL model for 'led'.
INFO: [HLS 200-111] Finished Creating RTL model: CPU user time: 0.01 seconds. CPU system time: 0 seconds. Elapsed time: 0.01 seconds; current allocated memory: 909.215 MB.
INFO: [HLS 200-111] Finished Generating all RTL models: CPU user time: 0.06 seconds. CPU system time: 0 seconds. Elapsed time: 0.06 seconds; current allocated memory: 909.215 MB.
INFO: [HLS 200-111] Finished Updating report files: CPU user time: 0.04 seconds. CPU system time: 0.01 seconds. Elapsed time: 0.05 seconds; current allocated memory: 909.215 MB.
INFO: [VHDL 208-304] Generating VHDL RTL for led.
INFO: [VLOG 209-307] Generating Verilog RTL for led.
INFO: [HLS 200-789] **** Estimated Fmax: 0.00 MHz
INFO: [HLS 200-111] Finished Command csynth_design CPU user time: 3.11 seconds. CPU system time: 0.73 seconds. Elapsed time: 3.84 seconds; current allocated memory: 35.508 MB.
INFO: [HLS 200-1510] Running: export_design -format ip_catalog -output /home/fyt/A/teach_bili/led/ip/led 
INFO: [IMPL 213-8] Exporting RTL as a Vivado IP.

****** Vivado v2022.2.2 (64-bit)
  **** SW Build 3788238 on Tue Feb 21 19:59:23 MST 2023
  **** IP Build 3783773 on Tue Feb 21 23:41:56 MST 2023
    ** Copyright 1986-2023 Xilinx, Inc. All Rights Reserved.

source run_ippack.tcl -notrace
INFO: [IP_Flow 19-234] Refreshing IP repositories
INFO: [IP_Flow 19-1704] No user IP repositories specified
INFO: [IP_Flow 19-2313] Loaded Vivado IP repository '/opt/Xilinx/Vivado/2022.2/data/ip'.
INFO: [Common 17-206] Exiting Vivado at Tue Oct 28 07:47:51 2025...
INFO: [HLS 200-802] Generated output file /home/fyt/A/teach_bili/led/ip/led/export.zip
INFO: [HLS 200-111] Finished Command export_design CPU user time: 6.21 seconds. CPU system time: 0.48 seconds. Elapsed time: 16.19 seconds; current allocated memory: 2.051 MB.
INFO: [HLS 200-112] Total CPU user time: 10.49 seconds. Total CPU system time: 1.48 seconds. Total elapsed time: 31.44 seconds; peak allocated memory: 911.266 MB.
INFO: [Common 17-206] Exiting vitis_hls at Tue Oct 28 07:48:01 2025...
