

================================================================
== Synthesis Summary Report of 'sobel_edge'
================================================================
+ General Information: 
    * Date:           Sat Aug  9 02:09:04 2025
    * Version:        2022.2.2 (Build 3779808 on Feb 17 2023)
    * Project:        sobel_edge_prj
    * Solution:       solution1 (Vivado IP Flow Target)
    * Product family: zynq
    * Target device:  xc7z020-clg400-1
    

+ Performance & Resource Estimates: 
    
    PS: '+' for module; 'o' for loop; '*' for dataflow
    +-----------------------------------------+------+------+---------+--------+----------+---------+------+----------+------+--------+-----------+------------+-----+
    |                 Modules                 | Issue|      | Latency | Latency| Iteration|         | Trip |          |      |        |           |            |     |
    |                 & Loops                 | Type | Slack| (cycles)|  (ns)  |  Latency | Interval| Count| Pipelined| BRAM |   DSP  |     FF    |     LUT    | URAM|
    +-----------------------------------------+------+------+---------+--------+----------+---------+------+----------+------+--------+-----------+------------+-----+
    |+ sobel_edge                             |     -|  0.00|        -|       -|         -|        -|     -|        no|     -|  6 (2%)|  4310 (4%)|  6164 (11%)|    -|
    | + sobel_edge_Pipeline_VITIS_LOOP_37_5   |     -|  0.00|        -|       -|         -|        -|     -|        no|     -|       -|  361 (~0%)|   382 (~0%)|    -|
    |  o VITIS_LOOP_37_5                      |    II|  7.30|        -|       -|         9|        2|     -|       yes|     -|       -|          -|           -|    -|
    | + sobel_edge_Pipeline_VITIS_LOOP_41_6   |     -|  0.00|        -|       -|         -|        -|     -|        no|     -|       -|  235 (~0%)|   380 (~0%)|    -|
    |  o VITIS_LOOP_41_6                      |    II|  7.30|        -|       -|         9|        2|     -|       yes|     -|       -|          -|           -|    -|
    | o VITIS_LOOP_16_1                       |     -|  7.30|        -|       -|         -|        -|     -|        no|     -|       -|          -|           -|    -|
    |  + sobel_edge_Pipeline_VITIS_LOOP_17_2  |     -|  0.00|        -|       -|         -|        -|     -|        no|     -|       -|  618 (~0%)|   1010 (1%)|    -|
    |   o VITIS_LOOP_17_2                     |    II|  7.30|        -|       -|        19|        8|     -|       yes|     -|       -|          -|           -|    -|
    +-----------------------------------------+------+------+---------+--------+----------+---------+------+----------+------+--------+-----------+------------+-----+


================================================================
== HW Interfaces
================================================================
* M_AXI
+-------------+------------+---------------+---------+--------+----------+-----------+--------------+--------------+-------------+-------------+
| Interface   | Data Width | Address Width | Latency | Offset | Register | Max Widen | Max Read     | Max Write    | Num Read    | Num Write   |
|             | (SW->HW)   |               |         |        |          | Bitwidth  | Burst Length | Burst Length | Outstanding | Outstanding |
+-------------+------------+---------------+---------+--------+----------+-----------+--------------+--------------+-------------+-------------+
| m_axi_gmem0 | 8 -> 8     | 64            | 0       | slave  | 0        | 0         | 16           | 16           | 16          | 16          |
| m_axi_gmem1 | 8 -> 8     | 64            | 0       | slave  | 0        | 0         | 16           | 16           | 16          | 16          |
+-------------+------------+---------------+---------+--------+----------+-----------+--------------+--------------+-------------+-------------+

* S_AXILITE Interfaces
+---------------+------------+---------------+--------+----------+
| Interface     | Data Width | Address Width | Offset | Register |
+---------------+------------+---------------+--------+----------+
| s_axi_control | 32         | 6             | 16     | 0        |
+---------------+------------+---------------+--------+----------+

* S_AXILITE Registers
+---------------+------------+--------+-------+--------+----------------------------------+----------------------------------------------------------------------+
| Interface     | Register   | Offset | Width | Access | Description                      | Bit Fields                                                           |
+---------------+------------+--------+-------+--------+----------------------------------+----------------------------------------------------------------------+
| s_axi_control | CTRL       | 0x00   | 32    | RW     | Control signals                  | 0=AP_START 1=AP_DONE 2=AP_IDLE 3=AP_READY 7=AUTO_RESTART 9=INTERRUPT |
| s_axi_control | GIER       | 0x04   | 32    | RW     | Global Interrupt Enable Register | 0=Enable                                                             |
| s_axi_control | IP_IER     | 0x08   | 32    | RW     | IP Interrupt Enable Register     | 0=CHAN0_INT_EN 1=CHAN1_INT_EN                                        |
| s_axi_control | IP_ISR     | 0x0c   | 32    | RW     | IP Interrupt Status Register     | 0=CHAN0_INT_ST 1=CHAN1_INT_ST                                        |
| s_axi_control | input_r_1  | 0x10   | 32    | W      | Data signal of input_r           |                                                                      |
| s_axi_control | input_r_2  | 0x14   | 32    | W      | Data signal of input_r           |                                                                      |
| s_axi_control | output_r_1 | 0x1c   | 32    | W      | Data signal of output_r          |                                                                      |
| s_axi_control | output_r_2 | 0x20   | 32    | W      | Data signal of output_r          |                                                                      |
| s_axi_control | rows       | 0x28   | 32    | W      | Data signal of rows              |                                                                      |
| s_axi_control | cols       | 0x30   | 32    | W      | Data signal of cols              |                                                                      |
+---------------+------------+--------+-------+--------+----------------------------------+----------------------------------------------------------------------+

* TOP LEVEL CONTROL
+-----------+------------+-----------+
| Interface | Type       | Ports     |
+-----------+------------+-----------+
| ap_clk    | clock      | ap_clk    |
| ap_rst_n  | reset      | ap_rst_n  |
| interrupt | interrupt  | interrupt |
| ap_ctrl   | ap_ctrl_hs |           |
+-----------+------------+-----------+


================================================================
== SW I/O Information
================================================================
* Top Function Arguments
+----------+-----------+--------------------+
| Argument | Direction | Datatype           |
+----------+-----------+--------------------+
| input    | in        | ap_uint<8> const * |
| output   | out       | ap_uint<8>*        |
| rows     | in        | int                |
| cols     | in        | int                |
+----------+-----------+--------------------+

* SW-to-HW Mapping
+----------+---------------+-----------+----------+--------------------------------+
| Argument | HW Interface  | HW Type   | HW Usage | HW Info                        |
+----------+---------------+-----------+----------+--------------------------------+
| input    | m_axi_gmem0   | interface |          |                                |
| input    | s_axi_control | interface | offset   |                                |
| output   | m_axi_gmem1   | interface |          |                                |
| output   | s_axi_control | interface | offset   |                                |
| rows     | s_axi_control | register  |          | name=rows offset=0x28 range=32 |
| cols     | s_axi_control | register  |          | name=cols offset=0x30 range=32 |
+----------+---------------+-----------+----------+--------------------------------+


================================================================
== M_AXI Burst Information
================================================================
 Note: All burst requests might be further partitioned into multiple requests during RTL generation based on max_read_burst_length or max_write_burst_length settings.

* Inferred Burst Summary
+--------------+-----------------+-----------+----------+-------+------------------------------+
| HW Interface | Loop            | Direction | Length   | Width | Location                     |
+--------------+-----------------+-----------+----------+-------+------------------------------+
| m_axi_gmem1  | VITIS_LOOP_17_2 | write     | variable | 8     | ../code/sobel_edge.cpp:17:26 |
| m_axi_gmem0  |                 | read      | 3        | 8     | ../code/sobel_edge.cpp:24:40 |
+--------------+-----------------+-----------+----------+-------+------------------------------+

* Inferred Bursts and Widening Missed
+--------------+----------+-----------------+------------------------------------------------------------------------------------------------------+------------+------------------------------+
| HW Interface | Variable | Loop            | Problem                                                                                              | Resolution | Location                     |
+--------------+----------+-----------------+------------------------------------------------------------------------------------------------------+------------+------------------------------+
| m_axi_gmem0  | input    |                 | Access is clobbered by load                                                                          | 214-231    | ../code/sobel_edge.cpp:24:40 |
| m_axi_gmem0  | input    |                 | Access is clobbered by load                                                                          | 214-231    | ../code/sobel_edge.cpp:24:40 |
| m_axi_gmem1  | output   | VITIS_LOOP_16_1 | Stride is incompatible                                                                               | 214-230    | ../code/sobel_edge.cpp:16:22 |
| m_axi_gmem1  | output   | VITIS_LOOP_37_5 | Stride is incompatible                                                                               | 214-230    | ../code/sobel_edge.cpp:37:22 |
| m_axi_gmem1  | output   | VITIS_LOOP_37_5 | Stride is incompatible                                                                               | 214-230    | ../code/sobel_edge.cpp:37:22 |
| m_axi_gmem1  | output   |                 | Access is clobbered by store                                                                         | 214-231    | ../code/sobel_edge.cpp:42:19 |
| m_axi_gmem1  | output   |                 | Access is clobbered by store                                                                         | 214-231    | ../code/sobel_edge.cpp:43:39 |
| m_axi_gmem0  | input    |                 | Could not widen since type i8 size is greater than or equal to the max_widen_bitwidth threshold of 0 | 214-353    | ../code/sobel_edge.cpp:24:40 |
| m_axi_gmem0  | input    |                 | Could not widen since type i8 size is greater than or equal to the max_widen_bitwidth threshold of 0 | 214-353    | ../code/sobel_edge.cpp:24:40 |
| m_axi_gmem1  | output   | VITIS_LOOP_17_2 | Could not widen since type i8 size is greater than or equal to the max_widen_bitwidth threshold of 0 | 214-353    | ../code/sobel_edge.cpp:17:26 |
+--------------+----------+-----------------+------------------------------------------------------------------------------------------------------+------------+------------------------------+

    * Resolution URL: www.xilinx.com/cgi-bin/docs/rdoc?v=2022.2;t=hls+guidance;d=XXX-YYY.html (replace XXX-YYY with column value)

================================================================
== Bind Op Report
================================================================
+----------------------------------------+-----+--------+------------+-----+--------+---------+
| Name                                   | DSP | Pragma | Variable   | Op  | Impl   | Latency |
+----------------------------------------+-----+--------+------------+-----+--------+---------+
| + sobel_edge                           | 6   |        |            |     |        |         |
|   sub_fu_168_p2                        | -   |        | sub        | add | fabric | 0       |
|   sub2_fu_174_p2                       | -   |        | sub2       | add | fabric | 0       |
|   add_ln17_fu_216_p2                   | -   |        | add_ln17   | add | fabric | 0       |
|   tmp5_fu_230_p2                       | -   |        | tmp5       | add | fabric | 0       |
|   add_ln24_fu_240_p2                   | -   |        | add_ln24   | add | fabric | 0       |
|   add_ln16_1_fu_262_p2                 | -   |        | add_ln16_1 | add | fabric | 0       |
|   mul_31ns_32s_63_2_1_U20              | 3   |        | empty_27   | mul | auto   | 1       |
|   add_ln16_fu_299_p2                   | -   |        | add_ln16   | add | fabric | 0       |
|   add_ln24_6_fu_334_p2                 | -   |        | add_ln24_6 | add | fabric | 0       |
|   add_ln39_fu_315_p2                   | -   |        | add_ln39   | add | fabric | 0       |
|   mul_32s_32s_32_2_1_U21               | 3   |        | mul90      | mul | auto   | 1       |
|   add_ln43_fu_343_p2                   | -   |        | add_ln43   | add | fabric | 0       |
|  + sobel_edge_Pipeline_VITIS_LOOP_37_5 | 0   |        |            |     |        |         |
|    add_ln37_fu_158_p2                  | -   |        | add_ln37   | add | fabric | 0       |
|    add_ln38_1_fu_167_p2                | -   |        | add_ln38_1 | add | fabric | 0       |
|    add_ln38_fu_176_p2                  | -   |        | add_ln38   | add | fabric | 0       |
|    add_ln39_fu_187_p2                  | -   |        | add_ln39   | add | fabric | 0       |
|  + sobel_edge_Pipeline_VITIS_LOOP_17_2 | 0   |        |            |     |        |         |
|    add_ln17_fu_250_p2                  | -   |        | add_ln17   | add | fabric | 0       |
|    add_ln24_2_fu_264_p2                | -   |        | add_ln24_2 | add | fabric | 0       |
|    add_ln24_1_fu_273_p2                | -   |        | add_ln24_1 | add | fabric | 0       |
|    add_ln24_4_fu_294_p2                | -   |        | add_ln24_4 | add | fabric | 0       |
|    add_ln24_8_fu_300_p2                | -   |        | add_ln24_8 | add | fabric | 0       |
|    add_ln24_7_fu_310_p2                | -   |        | add_ln24_7 | add | fabric | 0       |
|    tmp_fu_362_p2                       | -   |        | tmp        | sub | fabric | 0       |
|    tmp3_fu_392_p2                      | -   |        | tmp3       | sub | fabric | 0       |
|    gx_4_fu_398_p2                      | -   |        | gx_4       | sub | fabric | 0       |
|    gx_5_fu_408_p2                      | -   |        | gx_5       | add | fabric | 0       |
|    add_ln26_fu_414_p2                  | -   |        | add_ln26   | add | fabric | 0       |
|    gy_2_fu_455_p2                      | -   |        | gy_2       | sub | fabric | 0       |
|    sub_ln31_fu_493_p2                  | -   |        | sub_ln31   | sub | fabric | 0       |
|    sub_ln31_1_fu_508_p2                | -   |        | sub_ln31_1 | sub | fabric | 0       |
|    magnitude_fu_531_p2                 | -   |        | magnitude  | add | fabric | 0       |
|    add_ln214_fu_553_p2                 | -   |        | add_ln214  | add | fabric | 0       |
|  + sobel_edge_Pipeline_VITIS_LOOP_41_6 | 0   |        |            |     |        |         |
|    add_ln41_fu_130_p2                  | -   |        | add_ln41   | add | fabric | 0       |
|    add_ln42_fu_140_p2                  | -   |        | add_ln42   | add | fabric | 0       |
|    add_ln43_1_fu_152_p2                | -   |        | add_ln43_1 | add | fabric | 0       |
+----------------------------------------+-----+--------+------------+-----+--------+---------+


================================================================
== Bind Storage Report
================================================================
  No bind storage info in design

================================================================
== Pragma Report
================================================================
* Valid Pragma Syntax
+-----------+--------------------------------------------------------+-------------------------------------------------+
| Type      | Options                                                | Location                                        |
+-----------+--------------------------------------------------------+-------------------------------------------------+
| interface | m_axi port=input offset=slave bundle=gmem0 depth=4096  | ../code/sobel_edge.cpp:4 in sobel_edge, input   |
| interface | m_axi port=output offset=slave bundle=gmem1 depth=4096 | ../code/sobel_edge.cpp:5 in sobel_edge, output  |
| interface | s_axilite port=input bundle=control                    | ../code/sobel_edge.cpp:6 in sobel_edge, input   |
| interface | s_axilite port=output bundle=control                   | ../code/sobel_edge.cpp:7 in sobel_edge, output  |
| interface | s_axilite port=rows bundle=control                     | ../code/sobel_edge.cpp:8 in sobel_edge, rows    |
| interface | s_axilite port=cols bundle=control                     | ../code/sobel_edge.cpp:9 in sobel_edge, cols    |
| interface | s_axilite port=return bundle=control                   | ../code/sobel_edge.cpp:10 in sobel_edge, return |
| pipeline  |                                                        | ../code/sobel_edge.cpp:18 in sobel_edge         |
+-----------+--------------------------------------------------------+-------------------------------------------------+


