

================================================================
== Vitis HLS Report for 'sobel_edge_Pipeline_VITIS_LOOP_17_2'
================================================================
* Date:           Sun Jun  1 08:41:20 2025

* Version:        2022.2.2 (Build 3779808 on Feb 17 2023)
* Project:        sobel_edge_prj
* Solution:       solution1 (Vivado IP Flow Target)
* Product family: zynq
* Target device:  xc7z020-clg400-1


================================================================
== Performance Estimates
================================================================
+ Timing: 
    * Summary: 
    +--------+----------+----------+------------+
    |  Clock |  Target  | Estimated| Uncertainty|
    +--------+----------+----------+------------+
    |ap_clk  |  10.00 ns|  7.300 ns|     2.70 ns|
    +--------+----------+----------+------------+

+ Latency: 
    * Summary: 
    +---------+---------+----------+----------+-----+-----+---------+
    |  Latency (cycles) |  Latency (absolute) |  Interval | Pipeline|
    |   min   |   max   |    min   |    max   | min | max |   Type  |
    +---------+---------+----------+----------+-----+-----+---------+
    |        ?|        ?|         ?|         ?|    ?|    ?|       no|
    +---------+---------+----------+----------+-----+-----+---------+

    + Detail: 
        * Instance: 
        N/A

        * Loop: 
        +-------------------+---------+---------+----------+-----------+-----------+------+----------+
        |                   |  Latency (cycles) | Iteration|  Initiation Interval  | Trip |          |
        |     Loop Name     |   min   |   max   |  Latency |  achieved |   target  | Count| Pipelined|
        +-------------------+---------+---------+----------+-----------+-----------+------+----------+
        |- VITIS_LOOP_17_2  |        ?|        ?|        19|          8|          1|     ?|       yes|
        +-------------------+---------+---------+----------+-----------+-----------+------+----------+



================================================================
== Utilization Estimates
================================================================
* Summary: 
+-----------------+---------+-----+--------+-------+-----+
|       Name      | BRAM_18K| DSP |   FF   |  LUT  | URAM|
+-----------------+---------+-----+--------+-------+-----+
|DSP              |        -|    -|       -|      -|    -|
|Expression       |        -|    -|       0|    833|    -|
|FIFO             |        -|    -|       -|      -|    -|
|Instance         |        -|    -|       -|      -|    -|
|Memory           |        -|    -|       -|      -|    -|
|Multiplexer      |        -|    -|       -|    177|    -|
|Register         |        -|    -|     618|      -|    -|
+-----------------+---------+-----+--------+-------+-----+
|Total            |        0|    0|     618|   1010|    0|
+-----------------+---------+-----+--------+-------+-----+
|Available        |      280|  220|  106400|  53200|    0|
+-----------------+---------+-----+--------+-------+-----+
|Utilization (%)  |        0|    0|      ~0|      1|    0|
+-----------------+---------+-----+--------+-------+-----+

+ Detail: 
    * Instance: 
    N/A

    * DSP: 
    N/A

    * Memory: 
    N/A

    * FIFO: 
    N/A

    * Expression: 
    +---------------------------+----------+----+---+----+------------+------------+
    |       Variable Name       | Operation| DSP| FF| LUT| Bitwidth P0| Bitwidth P1|
    +---------------------------+----------+----+---+----+------------+------------+
    |add_ln17_fu_250_p2         |         +|   0|  0|  38|          31|           1|
    |add_ln214_fu_553_p2        |         +|   0|  0|  15|           8|           8|
    |add_ln24_10_fu_340_p2      |         +|   0|  0|  64|          64|          64|
    |add_ln24_1_fu_273_p2       |         +|   0|  0|  71|          64|          64|
    |add_ln24_2_fu_264_p2       |         +|   0|  0|  70|          63|          63|
    |add_ln24_3_fu_283_p2       |         +|   0|  0|  64|          64|          64|
    |add_ln24_4_fu_294_p2       |         +|   0|  0|  38|          31|           1|
    |add_ln24_5_fu_278_p2       |         +|   0|  0|  64|          64|          64|
    |add_ln24_7_fu_310_p2       |         +|   0|  0|  71|          64|          64|
    |add_ln24_8_fu_300_p2       |         +|   0|  0|  38|          31|           2|
    |add_ln24_9_fu_345_p2       |         +|   0|  0|  64|          64|          64|
    |add_ln26_1_fu_465_p2       |         +|   0|  0|  11|          11|          11|
    |add_ln26_fu_414_p2         |         +|   0|  0|  14|           9|           9|
    |gx_5_fu_408_p2             |         +|   0|  0|  12|          11|          11|
    |gx_fu_446_p2               |         +|   0|  0|  11|          11|          11|
    |gy_fu_471_p2               |         +|   0|  0|  11|          11|          11|
    |magnitude_fu_531_p2        |         +|   0|  0|  12|          12|          12|
    |gx_4_fu_398_p2             |         -|   0|  0|  14|           9|           9|
    |gx_6_fu_441_p2             |         -|   0|  0|  11|          11|          11|
    |gy_2_fu_455_p2             |         -|   0|  0|  13|          10|          10|
    |sub_ln31_1_fu_508_p2       |         -|   0|  0|  12|           1|          11|
    |sub_ln31_fu_493_p2         |         -|   0|  0|  12|           1|          11|
    |tmp3_fu_392_p2             |         -|   0|  0|  14|           9|           9|
    |tmp_fu_362_p2              |         -|   0|  0|  14|           9|           9|
    |ap_block_pp0_stage0_11001  |       and|   0|  0|   2|           1|           1|
    |ap_block_pp0_stage1_11001  |       and|   0|  0|   2|           1|           1|
    |ap_block_state3_io         |       and|   0|  0|   2|           1|           1|
    |icmp_ln17_fu_245_p2        |      icmp|   0|  0|  18|          32|          32|
    |icmp_ln32_fu_547_p2        |      icmp|   0|  0|   9|           4|           1|
    |ap_block_pp0_stage2_11001  |        or|   0|  0|   2|           1|           1|
    |ap_block_pp0_stage3_11001  |        or|   0|  0|   2|           1|           1|
    |ap_block_pp0_stage5_11001  |        or|   0|  0|   2|           1|           1|
    |ap_block_pp0_stage6_11001  |        or|   0|  0|   2|           1|           1|
    |ap_block_pp0_stage7_11001  |        or|   0|  0|   2|           1|           1|
    |select_ln214_fu_559_p3     |    select|   0|  0|   8|           1|           2|
    |select_ln31_1_fu_513_p3    |    select|   0|  0|  11|           1|          11|
    |select_ln31_fu_498_p3      |    select|   0|  0|  11|           1|          11|
    |ap_enable_pp0              |       xor|   0|  0|   2|           1|           2|
    +---------------------------+----------+----+---+----+------------+------------+
    |Total                      |          |   0|  0| 833|         711|         661|
    +---------------------------+----------+----+---+----+------------+------------+

    * Multiplexer: 
    +----------------------------------+----+-----------+-----+-----------+
    |               Name               | LUT| Input Size| Bits| Total Bits|
    +----------------------------------+----+-----------+-----+-----------+
    |ap_NS_fsm                         |  48|          9|    1|          9|
    |ap_done_int                       |   9|          2|    1|          2|
    |ap_enable_reg_pp0_iter0           |   9|          2|    1|          2|
    |ap_enable_reg_pp0_iter1           |   9|          2|    1|          2|
    |ap_enable_reg_pp0_iter2           |   9|          2|    1|          2|
    |ap_loop_exit_ready_pp0_iter1_reg  |   9|          2|    1|          2|
    |gmem0_blk_n_AR                    |   9|          2|    1|          2|
    |gmem0_blk_n_R                     |   9|          2|    1|          2|
    |gmem1_blk_n_W                     |   9|          2|    1|          2|
    |indvar84_fu_100                   |   9|          2|   31|         62|
    |j_fu_96                           |   9|          2|   31|         62|
    |m_axi_gmem0_ARADDR                |  25|          5|   64|        320|
    |m_axi_gmem0_ARLEN                 |  14|          3|   32|         96|
    +----------------------------------+----+-----------+-----+-----------+
    |Total                             | 177|         37|  167|        565|
    +----------------------------------+----+-----------+-----+-----------+

    * Register: 
    +----------------------------------+----+----+-----+-----------+
    |               Name               | FF | LUT| Bits| Const Bits|
    +----------------------------------+----+----+-----+-----------+
    |add_ln24_4_reg_637                |  31|   0|   31|          0|
    |add_ln26_reg_706                  |   9|   0|    9|          0|
    |ap_CS_fsm                         |   8|   0|    8|          0|
    |ap_done_reg                       |   1|   0|    1|          0|
    |ap_enable_reg_pp0_iter0_reg       |   1|   0|    1|          0|
    |ap_enable_reg_pp0_iter1           |   1|   0|    1|          0|
    |ap_enable_reg_pp0_iter2           |   1|   0|    1|          0|
    |ap_loop_exit_ready_pp0_iter1_reg  |   1|   0|    1|          0|
    |gmem0_addr_1_reg_642              |  64|   0|   64|          0|
    |gmem0_addr_2_reg_654              |  64|   0|   64|          0|
    |gmem0_addr_3_reg_648              |  64|   0|   64|          0|
    |gmem0_addr_reg_631                |  64|   0|   64|          0|
    |gx_5_reg_701                      |  11|   0|   11|          0|
    |gx_reg_711                        |  11|   0|   11|          0|
    |gy_reg_717                        |  11|   0|   11|          0|
    |icmp_ln17_reg_627                 |   1|   0|    1|          0|
    |icmp_ln17_reg_627_pp0_iter1_reg   |   1|   0|    1|          0|
    |indvar84_fu_100                   |  31|   0|   31|          0|
    |j_fu_96                           |  31|   0|   31|          0|
    |p_cast_cast_reg_617               |  64|   0|   64|          0|
    |pixel_V_1_reg_665                 |   8|   0|    8|          0|
    |pixel_V_2_reg_670                 |   8|   0|    8|          0|
    |pixel_V_3_reg_675                 |   8|   0|    8|          0|
    |pixel_V_4_reg_680                 |   8|   0|    8|          0|
    |pixel_V_5_reg_685                 |   8|   0|    8|          0|
    |pixel_V_reg_660                   |   8|   0|    8|          0|
    |reg_208                           |   8|   0|    8|          0|
    |select_ln214_reg_733              |   8|   0|    8|          0|
    |sext_ln16_2_cast_reg_612          |  64|   0|   64|          0|
    |tmp3_reg_696                      |   9|   0|    9|          0|
    |tmp_4_reg_723                     |   1|   0|    1|          0|
    |tmp_5_reg_728                     |   1|   0|    1|          0|
    |tmp_reg_691                       |   9|   0|    9|          0|
    +----------------------------------+----+----+-----+-----------+
    |Total                             | 618|   0|  618|          0|
    +----------------------------------+----+----+-----+-----------+



================================================================
== Interface
================================================================
* Summary: 
+----------------------+-----+-----+------------+-------------------------------------+--------------+
|       RTL Ports      | Dir | Bits|  Protocol  |            Source Object            |    C Type    |
+----------------------+-----+-----+------------+-------------------------------------+--------------+
|ap_clk                |   in|    1|  ap_ctrl_hs|  sobel_edge_Pipeline_VITIS_LOOP_17_2|  return value|
|ap_rst                |   in|    1|  ap_ctrl_hs|  sobel_edge_Pipeline_VITIS_LOOP_17_2|  return value|
|ap_start              |   in|    1|  ap_ctrl_hs|  sobel_edge_Pipeline_VITIS_LOOP_17_2|  return value|
|ap_done               |  out|    1|  ap_ctrl_hs|  sobel_edge_Pipeline_VITIS_LOOP_17_2|  return value|
|ap_idle               |  out|    1|  ap_ctrl_hs|  sobel_edge_Pipeline_VITIS_LOOP_17_2|  return value|
|ap_ready              |  out|    1|  ap_ctrl_hs|  sobel_edge_Pipeline_VITIS_LOOP_17_2|  return value|
|m_axi_gmem0_AWVALID   |  out|    1|       m_axi|                                gmem0|       pointer|
|m_axi_gmem0_AWREADY   |   in|    1|       m_axi|                                gmem0|       pointer|
|m_axi_gmem0_AWADDR    |  out|   64|       m_axi|                                gmem0|       pointer|
|m_axi_gmem0_AWID      |  out|    1|       m_axi|                                gmem0|       pointer|
|m_axi_gmem0_AWLEN     |  out|   32|       m_axi|                                gmem0|       pointer|
|m_axi_gmem0_AWSIZE    |  out|    3|       m_axi|                                gmem0|       pointer|
|m_axi_gmem0_AWBURST   |  out|    2|       m_axi|                                gmem0|       pointer|
|m_axi_gmem0_AWLOCK    |  out|    2|       m_axi|                                gmem0|       pointer|
|m_axi_gmem0_AWCACHE   |  out|    4|       m_axi|                                gmem0|       pointer|
|m_axi_gmem0_AWPROT    |  out|    3|       m_axi|                                gmem0|       pointer|
|m_axi_gmem0_AWQOS     |  out|    4|       m_axi|                                gmem0|       pointer|
|m_axi_gmem0_AWREGION  |  out|    4|       m_axi|                                gmem0|       pointer|
|m_axi_gmem0_AWUSER    |  out|    1|       m_axi|                                gmem0|       pointer|
|m_axi_gmem0_WVALID    |  out|    1|       m_axi|                                gmem0|       pointer|
|m_axi_gmem0_WREADY    |   in|    1|       m_axi|                                gmem0|       pointer|
|m_axi_gmem0_WDATA     |  out|    8|       m_axi|                                gmem0|       pointer|
|m_axi_gmem0_WSTRB     |  out|    1|       m_axi|                                gmem0|       pointer|
|m_axi_gmem0_WLAST     |  out|    1|       m_axi|                                gmem0|       pointer|
|m_axi_gmem0_WID       |  out|    1|       m_axi|                                gmem0|       pointer|
|m_axi_gmem0_WUSER     |  out|    1|       m_axi|                                gmem0|       pointer|
|m_axi_gmem0_ARVALID   |  out|    1|       m_axi|                                gmem0|       pointer|
|m_axi_gmem0_ARREADY   |   in|    1|       m_axi|                                gmem0|       pointer|
|m_axi_gmem0_ARADDR    |  out|   64|       m_axi|                                gmem0|       pointer|
|m_axi_gmem0_ARID      |  out|    1|       m_axi|                                gmem0|       pointer|
|m_axi_gmem0_ARLEN     |  out|   32|       m_axi|                                gmem0|       pointer|
|m_axi_gmem0_ARSIZE    |  out|    3|       m_axi|                                gmem0|       pointer|
|m_axi_gmem0_ARBURST   |  out|    2|       m_axi|                                gmem0|       pointer|
|m_axi_gmem0_ARLOCK    |  out|    2|       m_axi|                                gmem0|       pointer|
|m_axi_gmem0_ARCACHE   |  out|    4|       m_axi|                                gmem0|       pointer|
|m_axi_gmem0_ARPROT    |  out|    3|       m_axi|                                gmem0|       pointer|
|m_axi_gmem0_ARQOS     |  out|    4|       m_axi|                                gmem0|       pointer|
|m_axi_gmem0_ARREGION  |  out|    4|       m_axi|                                gmem0|       pointer|
|m_axi_gmem0_ARUSER    |  out|    1|       m_axi|                                gmem0|       pointer|
|m_axi_gmem0_RVALID    |   in|    1|       m_axi|                                gmem0|       pointer|
|m_axi_gmem0_RREADY    |  out|    1|       m_axi|                                gmem0|       pointer|
|m_axi_gmem0_RDATA     |   in|    8|       m_axi|                                gmem0|       pointer|
|m_axi_gmem0_RLAST     |   in|    1|       m_axi|                                gmem0|       pointer|
|m_axi_gmem0_RID       |   in|    1|       m_axi|                                gmem0|       pointer|
|m_axi_gmem0_RFIFONUM  |   in|   11|       m_axi|                                gmem0|       pointer|
|m_axi_gmem0_RUSER     |   in|    1|       m_axi|                                gmem0|       pointer|
|m_axi_gmem0_RRESP     |   in|    2|       m_axi|                                gmem0|       pointer|
|m_axi_gmem0_BVALID    |   in|    1|       m_axi|                                gmem0|       pointer|
|m_axi_gmem0_BREADY    |  out|    1|       m_axi|                                gmem0|       pointer|
|m_axi_gmem0_BRESP     |   in|    2|       m_axi|                                gmem0|       pointer|
|m_axi_gmem0_BID       |   in|    1|       m_axi|                                gmem0|       pointer|
|m_axi_gmem0_BUSER     |   in|    1|       m_axi|                                gmem0|       pointer|
|m_axi_gmem1_AWVALID   |  out|    1|       m_axi|                                gmem1|       pointer|
|m_axi_gmem1_AWREADY   |   in|    1|       m_axi|                                gmem1|       pointer|
|m_axi_gmem1_AWADDR    |  out|   64|       m_axi|                                gmem1|       pointer|
|m_axi_gmem1_AWID      |  out|    1|       m_axi|                                gmem1|       pointer|
|m_axi_gmem1_AWLEN     |  out|   32|       m_axi|                                gmem1|       pointer|
|m_axi_gmem1_AWSIZE    |  out|    3|       m_axi|                                gmem1|       pointer|
|m_axi_gmem1_AWBURST   |  out|    2|       m_axi|                                gmem1|       pointer|
|m_axi_gmem1_AWLOCK    |  out|    2|       m_axi|                                gmem1|       pointer|
|m_axi_gmem1_AWCACHE   |  out|    4|       m_axi|                                gmem1|       pointer|
|m_axi_gmem1_AWPROT    |  out|    3|       m_axi|                                gmem1|       pointer|
|m_axi_gmem1_AWQOS     |  out|    4|       m_axi|                                gmem1|       pointer|
|m_axi_gmem1_AWREGION  |  out|    4|       m_axi|                                gmem1|       pointer|
|m_axi_gmem1_AWUSER    |  out|    1|       m_axi|                                gmem1|       pointer|
|m_axi_gmem1_WVALID    |  out|    1|       m_axi|                                gmem1|       pointer|
|m_axi_gmem1_WREADY    |   in|    1|       m_axi|                                gmem1|       pointer|
|m_axi_gmem1_WDATA     |  out|    8|       m_axi|                                gmem1|       pointer|
|m_axi_gmem1_WSTRB     |  out|    1|       m_axi|                                gmem1|       pointer|
|m_axi_gmem1_WLAST     |  out|    1|       m_axi|                                gmem1|       pointer|
|m_axi_gmem1_WID       |  out|    1|       m_axi|                                gmem1|       pointer|
|m_axi_gmem1_WUSER     |  out|    1|       m_axi|                                gmem1|       pointer|
|m_axi_gmem1_ARVALID   |  out|    1|       m_axi|                                gmem1|       pointer|
|m_axi_gmem1_ARREADY   |   in|    1|       m_axi|                                gmem1|       pointer|
|m_axi_gmem1_ARADDR    |  out|   64|       m_axi|                                gmem1|       pointer|
|m_axi_gmem1_ARID      |  out|    1|       m_axi|                                gmem1|       pointer|
|m_axi_gmem1_ARLEN     |  out|   32|       m_axi|                                gmem1|       pointer|
|m_axi_gmem1_ARSIZE    |  out|    3|       m_axi|                                gmem1|       pointer|
|m_axi_gmem1_ARBURST   |  out|    2|       m_axi|                                gmem1|       pointer|
|m_axi_gmem1_ARLOCK    |  out|    2|       m_axi|                                gmem1|       pointer|
|m_axi_gmem1_ARCACHE   |  out|    4|       m_axi|                                gmem1|       pointer|
|m_axi_gmem1_ARPROT    |  out|    3|       m_axi|                                gmem1|       pointer|
|m_axi_gmem1_ARQOS     |  out|    4|       m_axi|                                gmem1|       pointer|
|m_axi_gmem1_ARREGION  |  out|    4|       m_axi|                                gmem1|       pointer|
|m_axi_gmem1_ARUSER    |  out|    1|       m_axi|                                gmem1|       pointer|
|m_axi_gmem1_RVALID    |   in|    1|       m_axi|                                gmem1|       pointer|
|m_axi_gmem1_RREADY    |  out|    1|       m_axi|                                gmem1|       pointer|
|m_axi_gmem1_RDATA     |   in|    8|       m_axi|                                gmem1|       pointer|
|m_axi_gmem1_RLAST     |   in|    1|       m_axi|                                gmem1|       pointer|
|m_axi_gmem1_RID       |   in|    1|       m_axi|                                gmem1|       pointer|
|m_axi_gmem1_RFIFONUM  |   in|   11|       m_axi|                                gmem1|       pointer|
|m_axi_gmem1_RUSER     |   in|    1|       m_axi|                                gmem1|       pointer|
|m_axi_gmem1_RRESP     |   in|    2|       m_axi|                                gmem1|       pointer|
|m_axi_gmem1_BVALID    |   in|    1|       m_axi|                                gmem1|       pointer|
|m_axi_gmem1_BREADY    |  out|    1|       m_axi|                                gmem1|       pointer|
|m_axi_gmem1_BRESP     |   in|    2|       m_axi|                                gmem1|       pointer|
|m_axi_gmem1_BID       |   in|    1|       m_axi|                                gmem1|       pointer|
|m_axi_gmem1_BUSER     |   in|    1|       m_axi|                                gmem1|       pointer|
|empty                 |   in|   64|     ap_none|                                empty|        scalar|
|sub2                  |   in|   32|     ap_none|                                 sub2|        scalar|
|phi_mul               |   in|   63|     ap_none|                              phi_mul|        scalar|
|add_ln24              |   in|   64|     ap_none|                             add_ln24|        scalar|
|input_r               |   in|   64|     ap_none|                              input_r|        scalar|
|p_cast                |   in|   63|     ap_none|                               p_cast|        scalar|
|add_ln24_6            |   in|   64|     ap_none|                           add_ln24_6|        scalar|
|sext_ln16_2           |   in|   63|     ap_none|                          sext_ln16_2|        scalar|
+----------------------+-----+-----+------------+-------------------------------------+--------------+

