remark: ../code/sobel_edge.cpp:22:30: Loop 'VITIS_LOOP_22_3' is marked as complete unroll implied by the pipeline pragma
remark: ../code/sobel_edge.cpp:23:34: Loop 'VITIS_LOOP_23_4' is marked as complete unroll implied by the pipeline pragma
remark: ../code/sobel_edge.cpp:3:0: Unrolling loop 'VITIS_LOOP_22_3' (../code/sobel_edge.cpp:22:30) in function 'sobel_edge' completely with a factor of 3
remark: ../code/sobel_edge.cpp:3:0: Unrolling loop 'VITIS_LOOP_23_4' (../code/sobel_edge.cpp:23:34) in function 'sobel_edge' completely with a factor of 3
remark: ../code/sobel_edge.cpp:3:0: Unrolling loop 'VITIS_LOOP_23_4' (../code/sobel_edge.cpp:23:34) in function 'sobel_edge' completely with a factor of 3
remark: ../code/sobel_edge.cpp:3:0: Unrolling loop 'VITIS_LOOP_23_4' (../code/sobel_edge.cpp:23:34) in function 'sobel_edge' completely with a factor of 3
remark: ../code/sobel_edge.cpp:24:40: Sequential read of length 3 has been inferred _XLX_SEP_ OldID=for.inc.2.load.28, for.inc.2.load.52, for.inc.2.load.77,  _XLX_SEP_ scevgepseq input gmem0 VITIS_LOOP_17_2 ../code/sobel_edge.cpp:17:26 sobel_edge(ap_uint<8> const*, ap_uint<8>*, int, int) 
remark: ../code/sobel_edge.cpp:24:40: Sequential read of length 3 has been inferred _XLX_SEP_ OldID=for.inc.2.load.194, for.inc.2.load.222, for.inc.2.load.246,  _XLX_SEP_ scevgep86seq input gmem0 VITIS_LOOP_17_2 ../code/sobel_edge.cpp:17:26 sobel_edge(ap_uint<8> const*, ap_uint<8>*, int, int) 
remark: ../code/sobel_edge.cpp:17:26: Sequential write of variable length has been inferred _XLX_SEP_ OldID=for.inc.2.store.284,  _XLX_SEP_ scevgep87seq output gmem1 VITIS_LOOP_17_2 ../code/sobel_edge.cpp:17:26 sobel_edge(ap_uint<8> const*, ap_uint<8>*, int, int) 
remark: ../code/sobel_edge.cpp:24:40: Access is clobbered by load _XLX_SEP_ for.inc.2.load.117 input gmem0 sobel_edge(ap_uint<8> const*, ap_uint<8>*, int, int) 
remark: ../code/sobel_edge.cpp:24:40: Access is clobbered by load _XLX_SEP_ for.inc.2.load.155 input gmem0 sobel_edge(ap_uint<8> const*, ap_uint<8>*, int, int) 
remark: ../code/sobel_edge.cpp:17:26: Stride is incompatible _XLX_SEP_ scevgep87seq output gmem1 VITIS_LOOP_16_1 ../code/sobel_edge.cpp:16:22 sobel_edge(ap_uint<8> const*, ap_uint<8>*, int, int) 
remark: ../code/sobel_edge.cpp:38:26: Stride is incompatible _XLX_SEP_ for.inc77.store.5 output gmem1 VITIS_LOOP_37_5 ../code/sobel_edge.cpp:37:22 sobel_edge(ap_uint<8> const*, ap_uint<8>*, int, int) 
remark: ../code/sobel_edge.cpp:39:37: Stride is incompatible _XLX_SEP_ for.inc77.store.10 output gmem1 VITIS_LOOP_37_5 ../code/sobel_edge.cpp:37:22 sobel_edge(ap_uint<8> const*, ap_uint<8>*, int, int) 
remark: ../code/sobel_edge.cpp:42:19: Access is clobbered by store _XLX_SEP_ for.inc94.store.4 output gmem1 sobel_edge(ap_uint<8> const*, ap_uint<8>*, int, int) 
remark: ../code/sobel_edge.cpp:43:39: Access is clobbered by store _XLX_SEP_ for.inc94.store.8 output gmem1 sobel_edge(ap_uint<8> const*, ap_uint<8>*, int, int) 
remark: ../code/sobel_edge.cpp:24:40: Could not widen since type i8 size is greater than or equal to the max_widen_bitwidth threshold of 0 _XLX_SEP_ scevgepseq input gmem0 sobel_edge(ap_uint<8> const*, ap_uint<8>*, int, int) 
remark: ../code/sobel_edge.cpp:24:40: Could not widen since type i8 size is greater than or equal to the max_widen_bitwidth threshold of 0 _XLX_SEP_ scevgep86seq input gmem0 sobel_edge(ap_uint<8> const*, ap_uint<8>*, int, int) 
remark: ../code/sobel_edge.cpp:17:26: Could not widen since type i8 size is greater than or equal to the max_widen_bitwidth threshold of 0 _XLX_SEP_ scevgep87seq output gmem1 VITIS_LOOP_17_2 ../code/sobel_edge.cpp:17:26 sobel_edge(ap_uint<8> const*, ap_uint<8>*, int, int) 
remark: ../code/sobel_edge.cpp:17:26: Multiple burst writes of variable length and bit width 8 has been inferred. These burst requests might be further partitioned into multiple requests during RTL generation, based on max_read_burst_length or max_write_burst_length settings. _XLX_SEP_ seq  gmem1 VITIS_LOOP_17_2 ../code/sobel_edge.cpp:17:26 sobel_edge(ap_uint<8> const*, ap_uint<8>*, int, int) 
remark: ../code/sobel_edge.cpp:17:26: Multiple burst writes of variable length and bit width 8 in loop 'VITIS_LOOP_17_2'(../code/sobel_edge.cpp:17:26) has been inferred on bundle 'gmem1'. These burst requests might be further partitioned into multiple requests during RTL generation, based on max_read_burst_length or max_write_burst_length settings.
remark: ../code/sobel_edge.cpp:24:40: Multiple burst reads of length 3 and bit width 8 has been inferred. These burst requests might be further partitioned into multiple requests during RTL generation, based on max_read_burst_length or max_write_burst_length settings. _XLX_SEP_ seq1  gmem0 sobel_edge(ap_uint<8> const*, ap_uint<8>*, int, int) 
remark: ../code/sobel_edge.cpp:24:40: Multiple burst reads of length 3 and bit width 8 has been inferred on bundle 'gmem0'. These burst requests might be further partitioned into multiple requests during RTL generation, based on max_read_burst_length or max_write_burst_length settings.
remark: ../code/sobel_edge.cpp:24:40: Multiple burst reads of length 3 and bit width 8 has been inferred. These burst requests might be further partitioned into multiple requests during RTL generation, based on max_read_burst_length or max_write_burst_length settings. _XLX_SEP_ seq2  gmem0 sobel_edge(ap_uint<8> const*, ap_uint<8>*, int, int) 
remark: ../code/sobel_edge.cpp:24:40: Multiple burst reads of length 3 and bit width 8 has been inferred on bundle 'gmem0'. These burst requests might be further partitioned into multiple requests during RTL generation, based on max_read_burst_length or max_write_burst_length settings.
