INFO-FLOW: Workspace /home/fyt/teach_bili/course_3/build/sobel_edge_prj/solution1 opened at Sun Jun 01 08:41:04 UTC 2025
Execute     send_msg_by_id INFO @200-1505@%s%s default  vivado 
INFO: [HLS 200-1505] Using default flow_target 'vivado'
Execute     send_msg_by_id INFO @200-435@%s%s 'open_solution -flow_target vivado' config_interface -m_axi_latency=0 
INFO: [HLS 200-435] Setting 'open_solution -flow_target vivado' configuration: config_interface -m_axi_latency=0
Execute     config_interface -m_axi_latency=0 
Execute   set_part xc7z020clg400-1 
INFO: [HLS 200-1510] Running: set_part xc7z020clg400-1 
Execute     create_platform xc7z020clg400-1 -board  
DBG:HLSDevice: Trying to load device library: /opt/Xilinx/Vitis_HLS/2022.2/lib/lnx64.o/libxv_hlsvwrap.so
DBG:HLSDevice: first parts/arch.xml in RDI_DATADIR: /opt/Xilinx/Vivado/2022.2/data/parts/arch.xml
DBG:HLSDevice: init success
INFO: [HLS 200-1611] Setting target device to 'xc7z020-clg400-1'
Command     create_platform done; 0.82 sec.
Execute     source /opt/Xilinx/Vitis_HLS/2022.2/common/technology/xilinx/common/xilinx.gen 
Execute       source /opt/Xilinx/Vitis_HLS/2022.2/common/technology/xilinx/interface/plb46.gen 
Execute       source /opt/Xilinx/Vitis_HLS/2022.2/common/technology/xilinx/interface/axi4.gen 
Execute       source /opt/Xilinx/Vitis_HLS/2022.2/common/technology/xilinx/interface/nativeAXI4.gen 
Execute         source /opt/Xilinx/Vitis_HLS/2022.2/common/technology/xilinx/interface/saxilite.gen 
Execute       source /opt/Xilinx/Vitis_HLS/2022.2/common/technology/xilinx/scripts/xilinxcoregen.gen 
Execute       source /opt/Xilinx/Vitis_HLS/2022.2/common/technology/xilinx/interface/XilEDKCoreGen.gen 
Execute       source /opt/Xilinx/Vitis_HLS/2022.2/common/technology/xilinx/ip/xfft.gen 
Execute       source /opt/Xilinx/Vitis_HLS/2022.2/common/technology/xilinx/ip/util.gen 
Execute       source /opt/Xilinx/Vitis_HLS/2022.2/common/technology/xilinx/ip/xfir.gen 
Execute       source /opt/Xilinx/Vitis_HLS/2022.2/common/technology/xilinx/ip/dds_compiler.gen 
Execute       source /opt/Xilinx/Vitis_HLS/2022.2/common/technology/xilinx/DSP48/dsp48.gen 
Execute     ap_part_info -name xc7z020-clg400-1 -data info 
Execute     config_compile -quiet -complex-mul-dsp=0 
Command   set_part done; 0.86 sec.
Execute   create_clock -period 10 -name default 
INFO: [HLS 200-1510] Running: create_clock -period 10 -name default 
Execute     ap_set_clock -name default -period 10 -default=false 
INFO: [SYN 201-201] Setting up clock 'default' with a period of 10ns.
Execute   csim_design -ldflags -L/home/fyt/.conda/envs/opencv_env/lib -Wl,-rpath,/home/fyt/.conda/envs/opencv_env/lib -lopencv_core -lopencv_imgproc -lopencv_imgcodecs 
INFO: [HLS 200-1510] Running: csim_design -ldflags -L/home/fyt/.conda/envs/opencv_env/lib -Wl,-rpath,/home/fyt/.conda/envs/opencv_env/lib -lopencv_core -lopencv_imgproc -lopencv_imgcodecs 
INFO: [SIM 211-2] *************** CSIM start ***************
INFO: [SIM 211-4] CSIM will launch GCC as the compiler.
Execute     ap_part_info -name xc7z020-clg400-1 -data info 
Execute     source run_sim.tcl 
INFO: [SIM 211-1] CSim done with 0 errors.
INFO: [SIM 211-3] *************** CSIM finish ***************
Command   csim_design done; 1.65 sec.
INFO: [HLS 200-111] Finished Command csim_design CPU user time: 1.6 seconds. CPU system time: 0.23 seconds. Elapsed time: 1.65 seconds; current allocated memory: 0.000 MB.
Execute   csynth_design 
INFO: [HLS 200-1510] Running: csynth_design 
Execute     elaborate -effort=medium -skip_syncheck=0 -keep_printf=0 -skip_cdt=0 -skip_transform=0 -ng=0 -g=0 -opt_fp=0 -from_csynth_design=1 
INFO: [HLS 200-111] Finished File checks and directory preparation: CPU user time: 0 seconds. CPU system time: 0 seconds. Elapsed time: 0 seconds; current allocated memory: 873.789 MB.
INFO: [HLS 200-10] Analyzing design file '../code/sobel_edge.cpp' ... 
INFO-FLOW: Compiling one TU...
INFO-FLOW: Handling ../code/sobel_edge.cpp as C++
Execute       ap_part_info -name xc7z020-clg400-1 -data info 
INFO-FLOW: Running: GCC PP 39
INFO-FLOW: Source preprocessing
Execute       ap_eval exec -ignorestderr /opt/Xilinx/Vitis_HLS/2022.2/lnx64/tools/clang-3.9-csynth/bin/clang ../code/sobel_edge.cpp -foptimization-record-file=/home/fyt/teach_bili/course_3/build/sobel_edge_prj/solution1/.autopilot/db/sobel_edge.cpp.clang.diag.yml -mllvm -pass-remarks-missed=reflow|pasta|unroll -mllvm -pass-remarks=reflow|pasta|unroll|inline -fno-limit-debug-info -gcc-toolchain /opt/Xilinx/Vitis_HLS/2022.2/tps/lnx64/gcc-8.3.0 -fhls -fno-exceptions -E -fno-math-errno -c -emit-llvm -mllvm -disable-llvm-optzns -Werror=implicit-function-declaration -Werror=implicit-hls-streams -Werror=return-type -Wpragmas -Wunused-parameter -Wdump-hls-pragmas -Wno-error=dump-hls-pragmas -fno-threadsafe-statics -fno-use-cxa-atexit -std=gnu++14 -target fpga64-xilinx-linux-gnu -fno-threadsafe-statics -fno-use-cxa-atexit -D__VITIS_HLS__ -DAESL_SYN -D__SYNTHESIS__ -D__HLS_SYN__ -I /opt/Xilinx/Vitis_HLS/2022.2/common/technology/autopilot -I /opt/Xilinx/Vitis_HLS/2022.2/common/technology/autopilot/ap_sysc -include etc/autopilot_ssdm_op.h -D__DSP48E1__ -I /usr/include/x86_64-linux-gnu -o /home/fyt/teach_bili/course_3/build/sobel_edge_prj/solution1/.autopilot/db/sobel_edge.pp.0.cpp -hls-platform-db-name=/opt/Xilinx/Vitis_HLS/2022.2/common/technology/xilinx/common/platform.db -hls-platform-name=zynq_slow -device-resource-info=BRAM_280.000000_DSP_220.000000_FF_106400.000000_LUT_53200.000000_SLICE_13300.000000_URAM_0.000000 -device-name-info=xc7z020clg400-1 > /home/fyt/teach_bili/course_3/build/sobel_edge_prj/solution1/.autopilot/db/sobel_edge.cpp.clang.out.log 2> /home/fyt/teach_bili/course_3/build/sobel_edge_prj/solution1/.autopilot/db/sobel_edge.cpp.clang.err.log 
INFO-FLOW: Done: GCC PP 39 time: 0.1 seconds per iteration
Execute       set_directive_top sobel_edge -name=sobel_edge 
Execute       source /opt/Xilinx/Vitis_HLS/2022.2/tps/tcl/tcllib1.11.1/yaml/huddle.tcl 
Execute       source /opt/Xilinx/Vitis_HLS/2022.2/tps/tcl/tcllib1.11.1/yaml/json2huddle.tcl 
INFO-FLOW: Source syntax check for synthesis
Execute       ap_eval exec -ignorestderr /opt/Xilinx/Vitis_HLS/2022.2/lnx64/tools/clang-3.9-csynth/bin/clang -foptimization-record-file=/home/fyt/teach_bili/course_3/build/sobel_edge_prj/solution1/.autopilot/db/clang.diag.yml -mllvm -pass-remarks-missed=reflow|pasta|unroll -mllvm -pass-remarks=reflow|pasta|unroll|inline -fsyntax-only -fhls -target fpga64-xilinx-linux-gnu /home/fyt/teach_bili/course_3/build/sobel_edge_prj/solution1/.autopilot/db/sobel_edge.pp.0.cpp -hls-platform-db-name=/opt/Xilinx/Vitis_HLS/2022.2/common/technology/xilinx/common/platform.db -hls-platform-name=zynq_slow -device-resource-info=BRAM_280.000000_DSP_220.000000_FF_106400.000000_LUT_53200.000000_SLICE_13300.000000_URAM_0.000000 -device-name-info=xc7z020clg400-1 > /home/fyt/teach_bili/course_3/build/sobel_edge_prj/solution1/.autopilot/db/clang.out.log 2> /home/fyt/teach_bili/course_3/build/sobel_edge_prj/solution1/.autopilot/db/clang.err.log 
Command       ap_eval done; 0.15 sec.
Execute       clang_tidy xilinx-systemc-detector -desc systemc-detector /home/fyt/teach_bili/course_3/build/sobel_edge_prj/solution1/.autopilot/db/sobel_edge.pp.0.cpp std=gnu++14 -target fpga  -directive=/home/fyt/teach_bili/course_3/build/sobel_edge_prj/solution1/.autopilot/db/.systemc_flag 
INFO-FLOW: exec /opt/Xilinx/Vitis_HLS/2022.2/lnx64/tools/clang-3.9-csynth/bin/clang-tidy -header-filter=.* --checks=-*,xilinx-systemc-detector -import-directive=/home/fyt/teach_bili/course_3/build/sobel_edge_prj/solution1/.autopilot/db/.systemc_flag -fix-errors /home/fyt/teach_bili/course_3/build/sobel_edge_prj/solution1/.autopilot/db/sobel_edge.pp.0.cpp -- -std=gnu++14 -target fpga -fhls -ferror-limit=0
Command       clang_tidy done; 0.14 sec.
INFO-FLOW: Running: clang-tidy CDT preprocess 39
Execute       clang_tidy xilinx-directive2pragma -desc directive2pragma /home/fyt/teach_bili/course_3/build/sobel_edge_prj/solution1/.autopilot/db/sobel_edge.pp.0.cpp std=gnu++14 -target fpga  -directive=/home/fyt/teach_bili/course_3/build/sobel_edge_prj/solution1/.autopilot/db/all.directive.json 
INFO-FLOW: exec /opt/Xilinx/Vitis_HLS/2022.2/lnx64/tools/clang-3.9-csynth/bin/clang-tidy -header-filter=.* --checks=-*,xilinx-directive2pragma -import-directive=/home/fyt/teach_bili/course_3/build/sobel_edge_prj/solution1/.autopilot/db/all.directive.json -fix-errors /home/fyt/teach_bili/course_3/build/sobel_edge_prj/solution1/.autopilot/db/sobel_edge.pp.0.cpp -- -std=gnu++14 -target fpga -fhls -ferror-limit=0
Command       clang_tidy done; 0.22 sec.
Execute       clang_tidy xilinx-remove-assert -desc remove-assert /home/fyt/teach_bili/course_3/build/sobel_edge_prj/solution1/.autopilot/db/sobel_edge.pp.0.cpp std=gnu++14 -target fpga  
INFO-FLOW: exec /opt/Xilinx/Vitis_HLS/2022.2/lnx64/tools/clang-3.9-csynth/bin/clang-tidy -header-filter=.* --checks=-*,xilinx-remove-assert -fix-errors /home/fyt/teach_bili/course_3/build/sobel_edge_prj/solution1/.autopilot/db/sobel_edge.pp.0.cpp -- -std=gnu++14 -target fpga -fhls -ferror-limit=0
Command       clang_tidy done; 0.13 sec.
INFO-FLOW: Done: clang-tidy CDT preprocess 39 time: 0.4 seconds per iteration
INFO-FLOW: Calling xilinx-label-all-loops ... 
INFO-FLOW: Calling xilinx-aggregate-on-hls-vector ... 
Execute       clang_tidy -errorcheck -desc loop-label xilinx-label-all-loops,xilinx-aggregate-on-hls-vector,,xilinx-warn-mayneed-no-ctor-attribute /home/fyt/teach_bili/course_3/build/sobel_edge_prj/solution1/.autopilot/db/sobel_edge.pp.0.cpp std=gnu++14 -target fpga  
Execute         ap_eval exec -ignorestderr /opt/Xilinx/Vitis_HLS/2022.2/lnx64/tools/clang-3.9-csynth/bin/clang-tidy -export-fixes=/home/fyt/teach_bili/course_3/build/sobel_edge_prj/solution1/.autopilot/db/sobel_edge.pp.0.cpp.clang-tidy.loop-label.diag.yml -header-filter=.* --checks=-*,xilinx-label-all-loops,xilinx-aggregate-on-hls-vector,,xilinx-warn-mayneed-no-ctor-attribute -fix-errors /home/fyt/teach_bili/course_3/build/sobel_edge_prj/solution1/.autopilot/db/sobel_edge.pp.0.cpp -- -std=gnu++14 -target fpga -fhls -ferror-limit=0 > /home/fyt/teach_bili/course_3/build/sobel_edge_prj/solution1/.autopilot/db/sobel_edge.pp.0.cpp.clang-tidy.loop-label.out.log 2> /home/fyt/teach_bili/course_3/build/sobel_edge_prj/solution1/.autopilot/db/sobel_edge.pp.0.cpp.clang-tidy.loop-label.err.log 
Command         ap_eval done; 0.28 sec.
Execute         source /opt/Xilinx/Vitis_HLS/2022.2/tps/tcl/tcllib1.11.1/yaml/yaml.tcl 
Command       clang_tidy done; 0.31 sec.
Execute       ap_eval exec -ignorestderr /opt/Xilinx/Vitis_HLS/2022.2/lnx64/tools/clang-3.9-csynth/bin/xilinx-dataflow-lawyer -export-fixes=/home/fyt/teach_bili/course_3/build/sobel_edge_prj/solution1/.autopilot/db/sobel_edge.pp.0.cpp.xilinx-dataflow-lawyer.diag.yml /home/fyt/teach_bili/course_3/build/sobel_edge_prj/solution1/.autopilot/db/sobel_edge.pp.0.cpp -- -std=gnu++14 -target fpga -fhls -ferror-limit=0 -fstrict-dataflow > /home/fyt/teach_bili/course_3/build/sobel_edge_prj/solution1/.autopilot/db/sobel_edge.pp.0.cpp.xilinx-dataflow-lawyer.out.log 2> /home/fyt/teach_bili/course_3/build/sobel_edge_prj/solution1/.autopilot/db/sobel_edge.pp.0.cpp.xilinx-dataflow-lawyer.err.log 
Command       ap_eval done; 0.13 sec.
Execute       ap_part_info -name xc7z020-clg400-1 -data info 
INFO-FLOW: compiling source code to llvm bc
Execute       ap_eval exec -ignorestderr /opt/Xilinx/Vitis_HLS/2022.2/lnx64/tools/clang-3.9-csynth/bin/clang -foptimization-record-file=/home/fyt/teach_bili/course_3/build/sobel_edge_prj/solution1/.autopilot/db/sobel_edge.pp.0.cpp.clang.diag.yml -mllvm -pass-remarks-missed=reflow|pasta|unroll -mllvm -pass-remarks=reflow|pasta|unroll|inline -fno-limit-debug-info -fhls -flto -fno-exceptions -Wno-error=c++11-narrowing /home/fyt/teach_bili/course_3/build/sobel_edge_prj/solution1/.autopilot/db/sobel_edge.pp.0.cpp -fno-math-errno -c -emit-llvm -mllvm -disable-llvm-optzns -Werror=implicit-function-declaration -Werror=implicit-hls-streams -Werror=return-type -Wpragmas -Wunused-parameter -Wdump-hls-pragmas -Wno-error=dump-hls-pragmas -fno-threadsafe-statics -fno-use-cxa-atexit -std=gnu++14 -target fpga64-xilinx-linux-gnu -D__VITIS_HLS__ -DAESL_SYN -D__SYNTHESIS__ -D__HLS_SYN__ -I /opt/Xilinx/Vitis_HLS/2022.2/common/technology/autopilot -I /opt/Xilinx/Vitis_HLS/2022.2/common/technology/autopilot/ap_sysc -include etc/autopilot_ssdm_op.h -D__DSP48E1__ -g -o /home/fyt/teach_bili/course_3/build/sobel_edge_prj/solution1/.autopilot/db/sobel_edge.bc -hls-platform-db-name=/opt/Xilinx/Vitis_HLS/2022.2/common/technology/xilinx/common/platform.db -hls-platform-name=zynq_slow -device-resource-info=BRAM_280.000000_DSP_220.000000_FF_106400.000000_LUT_53200.000000_SLICE_13300.000000_URAM_0.000000 -device-name-info=xc7z020clg400-1 > /home/fyt/teach_bili/course_3/build/sobel_edge_prj/solution1/.autopilot/db/sobel_edge.pp.0.cpp.clang.out.log 2> /home/fyt/teach_bili/course_3/build/sobel_edge_prj/solution1/.autopilot/db/sobel_edge.pp.0.cpp.clang.err.log 
Command       ap_eval done; 0.17 sec.
INFO: [HLS 200-111] Finished Source Code Analysis and Preprocessing: CPU user time: 1.1 seconds. CPU system time: 0.28 seconds. Elapsed time: 1.37 seconds; current allocated memory: 876.023 MB.
INFO-FLOW: Linking Debug ...
INFO-FLOW: Linking dut bc code.
Execute       run_link_or_opt -out /home/fyt/teach_bili/course_3/build/sobel_edge_prj/solution1/.autopilot/db/a.g.ld.0.bc -args  "/home/fyt/teach_bili/course_3/build/sobel_edge_prj/solution1/.autopilot/db/sobel_edge.g.bc"  
Execute         ap_eval exec -ignorestderr /opt/Xilinx/Vitis_HLS/2022.2/lnx64/tools/clang-3.9-csynth/bin/llvm-link /home/fyt/teach_bili/course_3/build/sobel_edge_prj/solution1/.autopilot/db/sobel_edge.g.bc -o /home/fyt/teach_bili/course_3/build/sobel_edge_prj/solution1/.autopilot/db/a.g.ld.0.bc > /home/fyt/teach_bili/course_3/build/sobel_edge_prj/solution1/.autopilot/db/a.g.ld.0.bc.llvm-link.out.log 2> /home/fyt/teach_bili/course_3/build/sobel_edge_prj/solution1/.autopilot/db/a.g.ld.0.bc.llvm-link.err.log 
INFO-FLOW: 
Execute       run_link_or_opt -opt -out /home/fyt/teach_bili/course_3/build/sobel_edge_prj/solution1/.autopilot/db/a.g.ld.1.lower.bc -args /home/fyt/teach_bili/course_3/build/sobel_edge_prj/solution1/.autopilot/db/a.g.ld.0.bc -reflow-lower-math-intrinsics 
Execute         ap_eval exec -ignorestderr /opt/Xilinx/Vitis_HLS/2022.2/lnx64/tools/clang-3.9-csynth/bin/opt -pass-remarks-missed=reflow|pasta|unroll -pass-remarks=reflow|pasta|unroll|inline -pass-remarks-output=/home/fyt/teach_bili/course_3/build/sobel_edge_prj/solution1/.autopilot/db/a.g.ld.1.lower.bc.opt.diag.yml /home/fyt/teach_bili/course_3/build/sobel_edge_prj/solution1/.autopilot/db/a.g.ld.0.bc -reflow-lower-math-intrinsics -o /home/fyt/teach_bili/course_3/build/sobel_edge_prj/solution1/.autopilot/db/a.g.ld.1.lower.bc > /home/fyt/teach_bili/course_3/build/sobel_edge_prj/solution1/.autopilot/db/a.g.ld.1.lower.bc.opt.out.log 2> /home/fyt/teach_bili/course_3/build/sobel_edge_prj/solution1/.autopilot/db/a.g.ld.1.lower.bc.opt.err.log 
INFO-FLOW: 
INFO-FLOW: Linking math bc lib
Execute       run_link_or_opt -out /home/fyt/teach_bili/course_3/build/sobel_edge_prj/solution1/.autopilot/db/a.g.ld.2.m1.bc -args /home/fyt/teach_bili/course_3/build/sobel_edge_prj/solution1/.autopilot/db/a.g.ld.1.lower.bc -only-needed /opt/Xilinx/Vitis_HLS/2022.2/lnx64/lib/libhlsm_39.bc /opt/Xilinx/Vitis_HLS/2022.2/lnx64/lib/libhlsmc++_39.bc 
Execute         ap_eval exec -ignorestderr /opt/Xilinx/Vitis_HLS/2022.2/lnx64/tools/clang-3.9-csynth/bin/llvm-link /home/fyt/teach_bili/course_3/build/sobel_edge_prj/solution1/.autopilot/db/a.g.ld.1.lower.bc -only-needed /opt/Xilinx/Vitis_HLS/2022.2/lnx64/lib/libhlsm_39.bc /opt/Xilinx/Vitis_HLS/2022.2/lnx64/lib/libhlsmc++_39.bc -o /home/fyt/teach_bili/course_3/build/sobel_edge_prj/solution1/.autopilot/db/a.g.ld.2.m1.bc > /home/fyt/teach_bili/course_3/build/sobel_edge_prj/solution1/.autopilot/db/a.g.ld.2.m1.bc.llvm-link.out.log 2> /home/fyt/teach_bili/course_3/build/sobel_edge_prj/solution1/.autopilot/db/a.g.ld.2.m1.bc.llvm-link.err.log 
Command         ap_eval done; 1.12 sec.
INFO-FLOW: 
Command       run_link_or_opt done; 1.12 sec.
Execute       run_link_or_opt -opt -out /home/fyt/teach_bili/course_3/build/sobel_edge_prj/solution1/.autopilot/db/a.g.ld.3.fpc.bc -args /home/fyt/teach_bili/course_3/build/sobel_edge_prj/solution1/.autopilot/db/a.g.ld.2.m1.bc -reflow-globaldce -hls-top-function-name=sobel_edge -reflow-float-conversion 
Execute         ap_eval exec -ignorestderr /opt/Xilinx/Vitis_HLS/2022.2/lnx64/tools/clang-3.9-csynth/bin/opt -pass-remarks-missed=reflow|pasta|unroll -pass-remarks=reflow|pasta|unroll|inline -pass-remarks-output=/home/fyt/teach_bili/course_3/build/sobel_edge_prj/solution1/.autopilot/db/a.g.ld.3.fpc.bc.opt.diag.yml /home/fyt/teach_bili/course_3/build/sobel_edge_prj/solution1/.autopilot/db/a.g.ld.2.m1.bc -reflow-globaldce -hls-top-function-name=sobel_edge -reflow-float-conversion -o /home/fyt/teach_bili/course_3/build/sobel_edge_prj/solution1/.autopilot/db/a.g.ld.3.fpc.bc > /home/fyt/teach_bili/course_3/build/sobel_edge_prj/solution1/.autopilot/db/a.g.ld.3.fpc.bc.opt.out.log 2> /home/fyt/teach_bili/course_3/build/sobel_edge_prj/solution1/.autopilot/db/a.g.ld.3.fpc.bc.opt.err.log 
Command         ap_eval done; 0.39 sec.
INFO-FLOW: 
Command       run_link_or_opt done; 0.39 sec.
Execute       run_link_or_opt -out /home/fyt/teach_bili/course_3/build/sobel_edge_prj/solution1/.autopilot/db/a.g.ld.4.m2.bc -args /home/fyt/teach_bili/course_3/build/sobel_edge_prj/solution1/.autopilot/db/a.g.ld.3.fpc.bc -only-needed /opt/Xilinx/Vitis_HLS/2022.2/lnx64/lib/libfloatconversion_39.bc 
Execute         ap_eval exec -ignorestderr /opt/Xilinx/Vitis_HLS/2022.2/lnx64/tools/clang-3.9-csynth/bin/llvm-link /home/fyt/teach_bili/course_3/build/sobel_edge_prj/solution1/.autopilot/db/a.g.ld.3.fpc.bc -only-needed /opt/Xilinx/Vitis_HLS/2022.2/lnx64/lib/libfloatconversion_39.bc -o /home/fyt/teach_bili/course_3/build/sobel_edge_prj/solution1/.autopilot/db/a.g.ld.4.m2.bc > /home/fyt/teach_bili/course_3/build/sobel_edge_prj/solution1/.autopilot/db/a.g.ld.4.m2.bc.llvm-link.out.log 2> /home/fyt/teach_bili/course_3/build/sobel_edge_prj/solution1/.autopilot/db/a.g.ld.4.m2.bc.llvm-link.err.log 
INFO-FLOW: 
Execute       run_link_or_opt -opt -out /home/fyt/teach_bili/course_3/build/sobel_edge_prj/solution1/.autopilot/db/a.g.ld.5.gdce.bc -args /home/fyt/teach_bili/course_3/build/sobel_edge_prj/solution1/.autopilot/db/a.g.ld.4.m2.bc -reflow-globaldce -hls-top-function-name=sobel_edge 
Execute         ap_eval exec -ignorestderr /opt/Xilinx/Vitis_HLS/2022.2/lnx64/tools/clang-3.9-csynth/bin/opt -pass-remarks-missed=reflow|pasta|unroll -pass-remarks=reflow|pasta|unroll|inline -pass-remarks-output=/home/fyt/teach_bili/course_3/build/sobel_edge_prj/solution1/.autopilot/db/a.g.ld.5.gdce.bc.opt.diag.yml /home/fyt/teach_bili/course_3/build/sobel_edge_prj/solution1/.autopilot/db/a.g.ld.4.m2.bc -reflow-globaldce -hls-top-function-name=sobel_edge -o /home/fyt/teach_bili/course_3/build/sobel_edge_prj/solution1/.autopilot/db/a.g.ld.5.gdce.bc > /home/fyt/teach_bili/course_3/build/sobel_edge_prj/solution1/.autopilot/db/a.g.ld.5.gdce.bc.opt.out.log 2> /home/fyt/teach_bili/course_3/build/sobel_edge_prj/solution1/.autopilot/db/a.g.ld.5.gdce.bc.opt.err.log 
INFO-FLOW: 
Execute       send_msg_by_id INFO @200-777@%s Vivado 
INFO: [HLS 200-777] Using interface defaults for 'Vivado' flow target.
Execute       is_m_axi_addr64 
INFO-FLOW: Doing LTO.
Execute       ap_eval exec -ignorestderr /opt/Xilinx/Vitis_HLS/2022.2/lnx64/tools/clang-3.9-csynth/bin/clang -foptimization-record-file=/home/fyt/teach_bili/course_3/build/sobel_edge_prj/solution1/.autopilot/db/a.g.ld.0.bc.clang.diag.yml -mllvm -pass-remarks-missed=reflow|pasta|unroll -mllvm -pass-remarks=reflow|pasta|unroll|inline -fhls -mllvm -hls-top-function-name=sobel_edge -mllvm -hls-db-dir -mllvm /home/fyt/teach_bili/course_3/build/sobel_edge_prj/solution1/.autopilot/db -emit-llvm -c -target fpga64-xilinx-none -mllvm -xcl-xmlinfo=/home/fyt/teach_bili/course_3/build/sobel_edge_prj/solution1/.autopilot/db/kernel.internal.xml -mllvm -top-io-mapping-info=/home/fyt/teach_bili/course_3/build/sobel_edge_prj/solution1/.autopilot/db/top-io-fe.xml -mllvm -hls-bitcode-version=3.1 -mllvm -reflow-enable-slave-interface-default-setting=true -mllvm -gen-kernel-xml=false -mllvm -default-maxi-offset=slave -mllvm -maxi-latency=0 -mllvm -hls-maxi-data-size-in-bits=8 -mllvm -hls-maxi-max-data-size-in-bits=1024 -mllvm -hls-max-widen-size-in-bits=0 -mllvm -xcl-kernel-max-mem-ports=0 -mllvm -maxi-read-trans=16 -mllvm -maxi-write-trans=16 -mllvm -maxi-read-burst-len=16 -mllvm -maxi-write-burst-len=16 -mllvm -reflow-enable-saxi-64bits=0 -mllvm -reflow-basic-block-instr-threshold=200000 -mllvm -reflow-auto-pipeline-threshold=64 -mllvm -reflow-enable-maxi-auto-id-channel=0 -mllvm -assume-maxi-align=1 -mllvm -reflow-pipeline-style-llvm-setting=2 -mllvm -reflow-enable-dataflow-strict-mode-checking=1 -mllvm -reflow-auto-array-partition-mode=default -mllvm -reflow-enable-auto-array-partition=true -mllvm -reflow-enable-auto-parallel-performance-driven=true -mllvm -reflow-enable-partition-for-automation=true -mllvm -reflow-aggregate-bitwidth-threshold=4096 -mllvm -reflow-assume-no-address-wrap=true -mllvm -hls -mllvm -disable-inlined-alloca-merging=true -mllvm -default-clock-period=10 -x ir /home/fyt/teach_bili/course_3/build/sobel_edge_prj/solution1/.autopilot/db/a.g.ld.5.gdce.bc -o /home/fyt/teach_bili/course_3/build/sobel_edge_prj/solution1/.autopilot/db/a.g.lto.bc -hls-platform-db-name=/opt/Xilinx/Vitis_HLS/2022.2/common/technology/xilinx/common/platform.db -hls-platform-name=zynq_slow -device-resource-info=BRAM_280.000000_DSP_220.000000_FF_106400.000000_LUT_53200.000000_SLICE_13300.000000_URAM_0.000000 -device-name-info=xc7z020clg400-1 > /home/fyt/teach_bili/course_3/build/sobel_edge_prj/solution1/.autopilot/db/a.g.ld.0.bc.clang.out.log 2> /home/fyt/teach_bili/course_3/build/sobel_edge_prj/solution1/.autopilot/db/a.g.ld.0.bc.clang.err.log 
Command       ap_eval done; 0.13 sec.
INFO: [HLS 214-291] Loop 'VITIS_LOOP_22_3' is marked as complete unroll implied by the pipeline pragma (../code/sobel_edge.cpp:22:30)
INFO: [HLS 214-291] Loop 'VITIS_LOOP_23_4' is marked as complete unroll implied by the pipeline pragma (../code/sobel_edge.cpp:23:34)
INFO: [HLS 214-186] Unrolling loop 'VITIS_LOOP_22_3' (../code/sobel_edge.cpp:22:30) in function 'sobel_edge' completely with a factor of 3 (../code/sobel_edge.cpp:3:0)
INFO: [HLS 214-186] Unrolling loop 'VITIS_LOOP_23_4' (../code/sobel_edge.cpp:23:34) in function 'sobel_edge' completely with a factor of 3 (../code/sobel_edge.cpp:3:0)
INFO: [HLS 214-115] Multiple burst writes of variable length and bit width 8 in loop 'VITIS_LOOP_17_2'(../code/sobel_edge.cpp:17:26) has been inferred on bundle 'gmem1'. These burst requests might be further partitioned into multiple requests during RTL generation, based on max_read_burst_length or max_write_burst_length settings. (../code/sobel_edge.cpp:17:26)
INFO: [HLS 214-115] Multiple burst reads of length 3 and bit width 8 has been inferred on bundle 'gmem0'. These burst requests might be further partitioned into multiple requests during RTL generation, based on max_read_burst_length or max_write_burst_length settings. (../code/sobel_edge.cpp:24:40)
INFO-FLOW: DBG:PUTS: copy_raw_kernel_xml ap_link_39: kernel.xml not generated: /home/fyt/teach_bili/course_3/build/sobel_edge_prj/solution1/.autopilot/db/kernel.internal.xml
INFO: [HLS 200-111] Finished Compiling Optimization and Transform: CPU user time: 1.57 seconds. CPU system time: 0.25 seconds. Elapsed time: 1.83 seconds; current allocated memory: 876.816 MB.
INFO: [HLS 200-111] Finished Checking Pragmas: CPU user time: 0 seconds. CPU system time: 0 seconds. Elapsed time: 0 seconds; current allocated memory: 876.816 MB.
Execute       opt_and_import_c a -opt_level=2 -skip_syncheck=0 -ng=0 -keep_printf=0 
Execute         cleanup_all_models 
INFO: [HLS 200-10] Starting code transformations ...
INFO-FLOW: Running Standard Transforms...
Execute         transform -hls -share-std-xform -demangle-name -inline-byval-memcpy -always-inline -promote-dbg-pointer -interface-preproc -mem2reg -scalarrepl -mem2reg -keep-read-access -instcombine -dce -promote-dbg-pointer -bitop-raise -loop-simplify -indvarspre -indvars -loop-simplify -xunroll -constprop -instcombine -simplifycfg -indvars -simplifycfg -dce -globaldce -basicaa -simplifycfg -mem2reg -globalopt -global-constprop -deadargelim -instcombine -simplifycfg -scalarrepl -instcombine -reassociate -licm -simplifycfg -loop-simplify -indvars -instcombine -simplifycfg -mem2reg -loop-simplify -indvars -instcombine -gvn -gvn -instcombine -adce -break-crit-edges -simplifycfg -loop-delete -global-array-opt -dce -dse -adce -find-syn-modules -top sobel_edge -deadargelim -mem2reg -instcombine -dce -presyn-prepare -auto-rom-infer -interface-preproc -syn-check -check-rec-only -find-region -simplifycfg -func-extr -function-inline -globaldce -mem2reg -instcombine -dce -gvn -globaldce -adce -adse -constprop -instcombine -bit-constprop -instcombine -dce -simplifycfg -bitop-raise -simplifycfg -dce -loop-delete -reassociate -globalopt -global-privatize -mem2reg -dce -global-constprop -pointer-simplify -constprop -dce -auto-shift-reg-idiom -promote-dbg-pointer -norm-name /home/fyt/teach_bili/course_3/build/sobel_edge_prj/solution1/.autopilot/db/a.g.0.bc -o /home/fyt/teach_bili/course_3/build/sobel_edge_prj/solution1/.autopilot/db/a.g.1.bc -f -phase std-opt 
INFO: [HLS 200-111] Finished Standard Transforms: CPU user time: 0.01 seconds. CPU system time: 0 seconds. Elapsed time: 0.01 seconds; current allocated memory: 881.707 MB.
INFO: [HLS 200-10] Checking synthesizability ...
INFO-FLOW: Checking Synthesizability 1/2..
Execute         transform -hls -syn-check -check-rec-only -scalarrepl -norm-name -dce -mem2reg -instcombine -directive-preproc -mem2reg -dse -dce -auto-rom-infer -dce -pag -array-normalize -instcombine -dce -array-seg-normalize -instcombine -dce -data-pack -instcombine -dce -inst-simplify -array-flatten -instcombine -dce -array-burst -dce -deadargelim -promote-global-argument -simplifycfg -mem2reg -globaldce -dce -deadargelim -dce -instcombine -function-inline -globaldce -dce -doublePtrSimplify -doublePtrElim -dce -doublePtrSimplify -promote-dbg-pointer -dce -scalarrepl -dse -adse -instcombine -ptrLegalization -simplifycfg -dce -instcombine -pointer-simplify -ptrArgReplace -dce -instcombine -resolve-double-ptr -scalarrepl -norm-name -dce -mem2reg -instcombine -ptrLegalization -simplifycfg -deadargelim -instcombine -dce -inst-simplify -directive-preproc -mem2reg -dse -dce -globaldce /home/fyt/teach_bili/course_3/build/sobel_edge_prj/solution1/.autopilot/db/a.g.1.bc -o /home/fyt/teach_bili/course_3/build/sobel_edge_prj/solution1/.autopilot/db/a.g.2.prechk.bc -f 
INFO-FLOW: Checking Synthesizability 2/2..
Execute         transform -syn-check /home/fyt/teach_bili/course_3/build/sobel_edge_prj/solution1/.autopilot/db/a.g.2.prechk.bc -o /home/fyt/teach_bili/course_3/build/sobel_edge_prj/solution1/.autopilot/db/a.g.2.bc -f -phase syn-check 
INFO: [HLS 200-111] Finished Checking Synthesizability: CPU user time: 0.02 seconds. CPU system time: 0 seconds. Elapsed time: 0.02 seconds; current allocated memory: 887.473 MB.
INFO-FLOW: Compiler optimizing ...
INFO-FLOW: Share syncheck's 1.bc for syn flow: copy /home/fyt/teach_bili/course_3/build/sobel_edge_prj/solution1/.autopilot/db/a.g.1.bc to /home/fyt/teach_bili/course_3/build/sobel_edge_prj/solution1/.autopilot/db/a.o.1.bc
INFO-FLOW: Presyn 1...
Execute         transform -hls -tmp /home/fyt/teach_bili/course_3/build/sobel_edge_prj/solution1/.autopilot/db -interface-port-rename -directive-preproc -mem2reg -dse -dce -scalarrepl -norm-name -deadargelim -mem2reg -instcombine -dce -simplifycfg -auto-rom-infer -dce -resource-proc -clib-intrinsic-prepare -dce -func-buffer -dce -pag -array-normalize -func-legal -instcombine -gvn -constprop -dce -simplifycfg -mem2reg -globaldce -resolve-double-ptr -dce -deadargelim -dce -instcombine -ptrArgReplace -mem2reg -dce -array-seg-normalize -deadargelim -instcombine -dce -directive-preproc -mem2reg -dse -dce -pointer-simplify -dce -port-alignment -dce -interface-preproc -data-pack -instcombine -dce -basicaa -aggr-aa -aggrmodref-aa -aggr-aa -gvn -gvn -basicaa -aggr-aa -aggrmodref-aa -aggr-aa -dse -adse -adce -loop-simplify -indvars -instcombine -gvn -loop-simplify -mem2reg -dce -find-region -instcombine -auto-loop-pipeline -inst-simplify -interface-preproc -cfgopt -instcombine -indvars -auto-loop-unroll -loop-simplify -loop-bound -xunroll -constprop -instcombine -simplifycfg -indvars -simplifycfg -dce -globaldce -clean-region -attach-range -gvn -inst-simplify -constprop -simplifycfg -dce -pointer-simplify -dce -globalopt -constprop -dce -array-promote -scalar-auto-dep-elim -constprop -dce -ptrArgReplace -mem2reg -simplifycfg -dce -instcombine -dce -array-transform-check -array-reshape -instcombine -simplifycfg -dce -ptrArgReplace -deadargelim -mem2reg -instcombine -simplifycfg -dce -indvars -loop-simplify -loop-bound -xunroll -constprop -instcombine -simplifycfg -indvars -simplifycfg -dce -globaldce -basicaa -aggr-aa -aggrmodref-aa -aggr-aa -dse -duplicate-dataflow-processes -globaldce -instcombine -array-partition -prepare-dynamic-array-partition -instcombine -simplifycfg -dce -ptrArgReplace -global-constprop -deadargelim -mem2reg -func-legal -dce -global-constprop -deadargelim -mem2reg -simplifycfg -dce -merge-param -deadargelim -globalopt -constprop -dce -array-promote -scalar-auto-dep-elim -constprop -dce -ptrArgReplace -mem2reg -simplifycfg -dce -mem-intrinsic-preproc -dce -global-internalize -global-privatize -mem2reg -globaldce -promote-global-argument -ptrArgReplace -mem2reg -dce -globalopt -mergereturn -simplify-global-access -mem2reg -dce -pointer-simplify -dce -functionattrs -basicaa -aggr-aa -aggrmodref-aa -aggr-aa -gvn -gvn -basicaa -aggr-aa -aggrmodref-aa -aggr-aa -dse -adse -adce -dce -norm-name -basicaa -aggr-aa -aggrmodref-aa -aggr-aa -accesses-merge -function-inline -complex-op-raise -inst-simplify -globaldce -func-legal -dce -loop-bound -arraycheck -bitwidthmin2 -bitwidthmin2 -on-by-dataflow -loop-delete -instcombine -simplifycfg -globaldce -dce -gvn -deadargelim -dce -loop-simplify -clean-region -simplifycfg -propagate-stable-arguments -loop-stream -instcombine -simplifycfg -dce -globaldce -duplicate-dataflow-processes -stream-intrinsic-preproc -dce -check-ap-stream -loop-simplify -eliminate-keepreads -extract-dataflow-in-loop -loop-simplify -dce -gvn -deadargelim -dse -duplicate-dataflow-processes -check-dataflow-syntax -legalize-stream-variable -globaldce -legalize-global -extract-subproc -dce -dead-channel-elimination -canonicalize-gep -globaldce -dce -gvn -hls-dead-arg-elim -deadargelim -directive-preproc -canonicalize-dataflow -dce -globaldce -scalar-preprocessing -scalar-propagation2 -deadargelim -globaldce -mem2reg -check-dataflow-channels -function-stream -dce -globaldce -prop-fifo-spec -internal-stream-gen -canonicalize-gep -globaldce -dce -gvn -deadargelim -mergereturn -indvars -loop-simplify -instcombine -array-stream -array-seg-normalize -array-partition -func-legal -instcombine -simplifycfg -dce -bundle-memfifo-ops -deadargelim -directive-preproc -mem2reg -dse -dce -group-axi-access -licm -simplifycfg -dce -loop-delete -hls-display -norm-name /home/fyt/teach_bili/course_3/build/sobel_edge_prj/solution1/.autopilot/db/a.o.1.bc -o /home/fyt/teach_bili/course_3/build/sobel_edge_prj/solution1/.autopilot/db/a.o.1.tmp.bc -f 
INFO: [XFORM 203-510] Pipelining loop 'VITIS_LOOP_37_5' (../code/sobel_edge.cpp:37) in function 'sobel_edge' automatically.
INFO: [XFORM 203-510] Pipelining loop 'VITIS_LOOP_41_6' (../code/sobel_edge.cpp:41) in function 'sobel_edge' automatically.
INFO-FLOW: Presyn 2...
Execute         transform -hls -keep-callgraph -scalarrepl -mem2reg -port-alignment -attach-range -dce -pipe-mux-gen -indvars -loop-bound -inst-simplify -instcombine -dce -merge-array-access -mem2reg -dce -clean-region -mergereturn -if-conv -instcombine -dce -constprop -basicaa -aggr-aa -aggrmodref-aa -aggr-aa -gvn -gvn -basicaa -aggr-aa -aggrmodref-aa -aggr-aa -dse -adse -adce -scalarrepl -mem2reg -global-constprop -deadargelim -deadargelim -instcombine -dce -simplifycfg -ptrArgReplace -mem2reg -function-inline -globaldce -mem2reg -instcombine -dce -expr-balance -instcombine -dce -bitwidthmin2 -bitwidthmin2 -interface-preproc -directive-preproc -inst-rectify -instcombine -dce -functionattrs -constprop -instcombine -bit-constprop -simplify-global-access -globalopt -globaldce -inst-simplify -instcombine -elimdeaddata -dce -loop-delete -simplifycfg -loop-simplify -barrier -norm-name /home/fyt/teach_bili/course_3/build/sobel_edge_prj/solution1/.autopilot/db/a.o.1.tmp.bc -o /home/fyt/teach_bili/course_3/build/sobel_edge_prj/solution1/.autopilot/db/a.o.2.bc -f -phase presyn 
INFO: [XFORM 203-11] Balancing expressions in function 'sobel_edge' (../code/sobel_edge.cpp:3:1)...12 expression(s) balanced.
INFO: [HLS 200-111] Finished Loop, function and other optimizations: CPU user time: 0.04 seconds. CPU system time: 0.01 seconds. Elapsed time: 0.04 seconds; current allocated memory: 915.473 MB.
INFO-FLOW: Building ssdm...
Execute         transform -hls -auto-function-inline -globaldce -ptrArgReplace -mem2reg -dce -reset-lda -loop-simplify -indvars -aggr-aa -licm -loop-dep -loop-bound -licm -loop-simplify -loop-sink-hoist -flattenloopnest -array-flatten -gvn -instcombine -dce -array-map -dce -func-legal -gvn -adce -instcombine -cfgopt -simplifycfg -loop-simplify -array-burst -promote-global-argument -dce -array-seg-normalize -basicaa -aggrmodref-aa -globalsmodref-aa -aggr-aa -gvn -gvn -basicaa -aggrmodref-aa -globalsmodref-aa -aggr-aa -dse -adse -adce -licm -inst-simplify -dce -globaldce -instcombine -array-stream -eliminate-keepreads -instcombine -dce -deadargelim -doublePtrSimplify -doublePtrElim -dce -doublePtrSimplify -promote-dbg-pointer -dce -scalarrepl -mem2reg -norm-name -mem2reg -instcombine -dse -adse -adce -ptrLegalization -dce -auto-rom-infer -array-flatten -dce -instcombine -check-doubleptr -loop-rot -constprop -cfgopt -simplifycfg -loop-simplify -indvars -pointer-simplify -dce -loop-bound -loop-simplify -loop-preproc -constprop -global-constprop -gvn -mem2reg -instcombine -dce -loop-bound -loop-merge -dce -deadargelim -dce -canonicalize-dataflow -dce -deadargelim -globaldce -mem2reg -bram-byte-enable -load-elim -read-loop-dep -loop-simplify -loop-extract-inner -directive-preproc -bitwidthmin2 -bitwidthmin2 -read-loop-dep -interface-preproc -directive-preproc -interface-gen -bram-byte-enable-spec-prop -deadargelim -inst-simplify -dce -gvn -mem2reg -instcombine -dce -adse -loop-bound -instcombine -cfgopt -simplifycfg -loop-simplify -clean-region -io-protocol -find-region -mem2reg -bitop-raise -complex-op-raise -inst-simplify -inst-rectify -instcombine -adce -deadargelim -float-op-raise -loop-simplify -phi-opt -bitop-raise -cfgopt -simplifycfg -strip-dead-prototypes -interface-lower -bitop-lower -intrinsic-lower -auto-function-inline -basicaa -aggrmodref-aa -globalsmodref-aa -aggr-aa -inst-simplify -simplifycfg -loop-simplify -mergereturn -inst-simplify -inst-rectify -dce -load-elim -bitop-lower -float-op-raise -fma-raise -loop-rewind -pointer-simplify -dce -cfgopt -dce -loop-bound -loop-dep -read-loop-dep -dce -dyn-mem-reuse -dce -recurrence-min -dce -share-scalar-alloca -deadargelim -dce -check-stream -norm-name -legalize -validate-dataflow -inst-clarity -bitwidth -dump-loop-dep-to-ir -check-all-ssdm -cdfg-build /home/fyt/teach_bili/course_3/build/sobel_edge_prj/solution1/.autopilot/db/a.o.2.bc -o /home/fyt/teach_bili/course_3/build/sobel_edge_prj/solution1/.autopilot/db/a.o.3.bc -f -phase build-ssdm 
WARNING: [HLS 200-960] Cannot flatten loop 'VITIS_LOOP_16_1' (../code/sobel_edge.cpp:16:31) in function 'sobel_edge' the outer loop is not a perfect loop because there is nontrivial logic in the loop latch.
INFO: [HLS 200-111] Finished Architecture Synthesis: CPU user time: 0.03 seconds. CPU system time: 0 seconds. Elapsed time: 0.04 seconds; current allocated memory: 939.219 MB.
INFO-FLOW: Finish building internal data model.
Command       opt_and_import_c done; 0.11 sec.
Command     elaborate done; 3.31 sec.
Execute     ap_eval exec zip -j /home/fyt/teach_bili/course_3/build/sobel_edge_prj/solution1/.autopilot/db/dut.hcp $dbDir/a.o.3.bc $dbDir/${topname}.rtl_wrap.cfg.tcl $dbDir/apatb_${topname}.cpp $dbDir/apatb_${topname}_util.cpp $dbDir/apatb_${topname}_ir.ll $dbDir/mapper_${topname}.cpp $dbDir/top-io-fe.xml $dbDir/kernel.internal.xml $workdir/../hls.app 
Execute     autosyn -from_csynth_design=1 
INFO: [HLS 200-10] Starting hardware synthesis ...
INFO-FLOW: Synthesizing C/C++ design ...
INFO: [HLS 200-10] Synthesizing 'sobel_edge' ...
Execute       ap_set_top_model sobel_edge 
Execute       get_model_list sobel_edge -filter all-wo-channel -topdown 
Execute       preproc_iomode -model sobel_edge 
Execute       preproc_iomode -model sobel_edge_Pipeline_VITIS_LOOP_41_6 
Execute       preproc_iomode -model sobel_edge_Pipeline_VITIS_LOOP_37_5 
Execute       preproc_iomode -model sobel_edge_Pipeline_VITIS_LOOP_17_2 
Execute       get_model_list sobel_edge -filter all-wo-channel 
INFO-FLOW: Model list for configure: sobel_edge_Pipeline_VITIS_LOOP_17_2 sobel_edge_Pipeline_VITIS_LOOP_37_5 sobel_edge_Pipeline_VITIS_LOOP_41_6 sobel_edge
INFO-FLOW: Configuring Module : sobel_edge_Pipeline_VITIS_LOOP_17_2 ...
Execute       set_default_model sobel_edge_Pipeline_VITIS_LOOP_17_2 
Execute       apply_spec_resource_limit sobel_edge_Pipeline_VITIS_LOOP_17_2 
INFO-FLOW: Configuring Module : sobel_edge_Pipeline_VITIS_LOOP_37_5 ...
Execute       set_default_model sobel_edge_Pipeline_VITIS_LOOP_37_5 
Execute       apply_spec_resource_limit sobel_edge_Pipeline_VITIS_LOOP_37_5 
INFO-FLOW: Configuring Module : sobel_edge_Pipeline_VITIS_LOOP_41_6 ...
Execute       set_default_model sobel_edge_Pipeline_VITIS_LOOP_41_6 
Execute       apply_spec_resource_limit sobel_edge_Pipeline_VITIS_LOOP_41_6 
INFO-FLOW: Configuring Module : sobel_edge ...
Execute       set_default_model sobel_edge 
Execute       apply_spec_resource_limit sobel_edge 
INFO-FLOW: Model list for preprocess: sobel_edge_Pipeline_VITIS_LOOP_17_2 sobel_edge_Pipeline_VITIS_LOOP_37_5 sobel_edge_Pipeline_VITIS_LOOP_41_6 sobel_edge
INFO-FLOW: Preprocessing Module: sobel_edge_Pipeline_VITIS_LOOP_17_2 ...
Execute       set_default_model sobel_edge_Pipeline_VITIS_LOOP_17_2 
Execute       cdfg_preprocess -model sobel_edge_Pipeline_VITIS_LOOP_17_2 
Execute       rtl_gen_preprocess sobel_edge_Pipeline_VITIS_LOOP_17_2 
INFO-FLOW: Preprocessing Module: sobel_edge_Pipeline_VITIS_LOOP_37_5 ...
Execute       set_default_model sobel_edge_Pipeline_VITIS_LOOP_37_5 
Execute       cdfg_preprocess -model sobel_edge_Pipeline_VITIS_LOOP_37_5 
Execute       rtl_gen_preprocess sobel_edge_Pipeline_VITIS_LOOP_37_5 
INFO-FLOW: Preprocessing Module: sobel_edge_Pipeline_VITIS_LOOP_41_6 ...
Execute       set_default_model sobel_edge_Pipeline_VITIS_LOOP_41_6 
Execute       cdfg_preprocess -model sobel_edge_Pipeline_VITIS_LOOP_41_6 
Execute       rtl_gen_preprocess sobel_edge_Pipeline_VITIS_LOOP_41_6 
INFO-FLOW: Preprocessing Module: sobel_edge ...
Execute       set_default_model sobel_edge 
Execute       cdfg_preprocess -model sobel_edge 
Execute       rtl_gen_preprocess sobel_edge 
INFO-FLOW: Model list for synthesis: sobel_edge_Pipeline_VITIS_LOOP_17_2 sobel_edge_Pipeline_VITIS_LOOP_37_5 sobel_edge_Pipeline_VITIS_LOOP_41_6 sobel_edge
INFO: [HLS 200-10] ----------------------------------------------------------------
INFO: [HLS 200-42] -- Implementing module 'sobel_edge_Pipeline_VITIS_LOOP_17_2' 
INFO: [HLS 200-10] ----------------------------------------------------------------
Execute       set_default_model sobel_edge_Pipeline_VITIS_LOOP_17_2 
Execute       schedule -model sobel_edge_Pipeline_VITIS_LOOP_17_2 
INFO: [SCHED 204-11] Starting scheduling ...
INFO: [SCHED 204-61] Pipelining loop 'VITIS_LOOP_17_2'.
WARNING: [HLS 200-880] The II Violation in module 'sobel_edge_Pipeline_VITIS_LOOP_17_2' (loop 'VITIS_LOOP_17_2'): Unable to enforce a carried dependence constraint (II = 1, distance = 1, offset = 1) between bus read operation ('pixel.V', ../code/sobel_edge.cpp:24) on port 'gmem0' (../code/sobel_edge.cpp:24) and bus read operation ('pixel.V', ../code/sobel_edge.cpp:24) on port 'gmem0' (../code/sobel_edge.cpp:24).
WARNING: [HLS 200-880] The II Violation in module 'sobel_edge_Pipeline_VITIS_LOOP_17_2' (loop 'VITIS_LOOP_17_2'): Unable to enforce a carried dependence constraint (II = 2, distance = 1, offset = 1) between bus read operation ('pixel.V', ../code/sobel_edge.cpp:24) on port 'gmem0' (../code/sobel_edge.cpp:24) and bus read operation ('pixel.V', ../code/sobel_edge.cpp:24) on port 'gmem0' (../code/sobel_edge.cpp:24).
WARNING: [HLS 200-885] The II Violation in module 'sobel_edge_Pipeline_VITIS_LOOP_17_2' (loop 'VITIS_LOOP_17_2'): Unable to schedule bus request operation ('empty_25', ../code/sobel_edge.cpp:24) on port 'gmem0' (../code/sobel_edge.cpp:24) due to limited memory ports (II = 3). Please consider using a memory core with more ports or partitioning the array.
WARNING: [HLS 200-885] The II Violation in module 'sobel_edge_Pipeline_VITIS_LOOP_17_2' (loop 'VITIS_LOOP_17_2'): Unable to schedule bus read operation ('pixel.V', ../code/sobel_edge.cpp:24) on port 'gmem0' (../code/sobel_edge.cpp:24) due to limited memory ports (II = 4). Please consider using a memory core with more ports or partitioning the array.
WARNING: [HLS 200-885] The II Violation in module 'sobel_edge_Pipeline_VITIS_LOOP_17_2' (loop 'VITIS_LOOP_17_2'): Unable to schedule bus read operation ('pixel.V', ../code/sobel_edge.cpp:24) on port 'gmem0' (../code/sobel_edge.cpp:24) due to limited memory ports (II = 7). Please consider using a memory core with more ports or partitioning the array.
INFO: [HLS 200-1470] Pipelining result : Target II = NA, Final II = 8, Depth = 20, loop 'VITIS_LOOP_17_2'
INFO: [SCHED 204-11] Finished scheduling.
INFO: [HLS 200-111] Finished Scheduling: CPU user time: 0.06 seconds. CPU system time: 0.02 seconds. Elapsed time: 0.08 seconds; current allocated memory: 939.562 MB.
Execute       syn_report -verbosereport -o /home/fyt/teach_bili/course_3/build/sobel_edge_prj/solution1/.autopilot/db/sobel_edge_Pipeline_VITIS_LOOP_17_2.verbose.sched.rpt 
Execute         AP::get_flow_target_display_name
Execute       db_write -o /home/fyt/teach_bili/course_3/build/sobel_edge_prj/solution1/.autopilot/db/sobel_edge_Pipeline_VITIS_LOOP_17_2.sched.adb -f 
INFO-FLOW: Finish scheduling sobel_edge_Pipeline_VITIS_LOOP_17_2.
Execute       set_default_model sobel_edge_Pipeline_VITIS_LOOP_17_2 
Execute       bind -model sobel_edge_Pipeline_VITIS_LOOP_17_2 
INFO: [BIND 205-100] Starting micro-architecture generation ...
INFO: [BIND 205-101] Performing variable lifetime analysis.
INFO: [BIND 205-101] Exploring resource sharing.
INFO: [BIND 205-101] Binding ...
INFO: [BIND 205-100] Finished micro-architecture generation.
INFO: [HLS 200-111] Finished Binding: CPU user time: 0.05 seconds. CPU system time: 0 seconds. Elapsed time: 0.04 seconds; current allocated memory: 939.562 MB.
Execute       syn_report -verbosereport -o /home/fyt/teach_bili/course_3/build/sobel_edge_prj/solution1/.autopilot/db/sobel_edge_Pipeline_VITIS_LOOP_17_2.verbose.bind.rpt 
Execute         AP::get_flow_target_display_name
Execute       db_write -o /home/fyt/teach_bili/course_3/build/sobel_edge_prj/solution1/.autopilot/db/sobel_edge_Pipeline_VITIS_LOOP_17_2.bind.adb -f 
INFO-FLOW: Finish binding sobel_edge_Pipeline_VITIS_LOOP_17_2.
INFO: [HLS 200-10] ----------------------------------------------------------------
INFO: [HLS 200-42] -- Implementing module 'sobel_edge_Pipeline_VITIS_LOOP_37_5' 
INFO: [HLS 200-10] ----------------------------------------------------------------
Execute       set_default_model sobel_edge_Pipeline_VITIS_LOOP_37_5 
Execute       schedule -model sobel_edge_Pipeline_VITIS_LOOP_37_5 
INFO: [SCHED 204-11] Starting scheduling ...
INFO: [SCHED 204-61] Pipelining loop 'VITIS_LOOP_37_5'.
WARNING: [HLS 200-885] The II Violation in module 'sobel_edge_Pipeline_VITIS_LOOP_37_5' (loop 'VITIS_LOOP_37_5'): Unable to schedule bus request operation ('gmem1_addr_2_req', ../code/sobel_edge.cpp:39) on port 'gmem1' (../code/sobel_edge.cpp:39) due to limited memory ports (II = 1). Please consider using a memory core with more ports or partitioning the array.
INFO: [HLS 200-1470] Pipelining result : Target II = NA, Final II = 2, Depth = 10, loop 'VITIS_LOOP_37_5'
INFO: [SCHED 204-11] Finished scheduling.
INFO: [HLS 200-111] Finished Scheduling: CPU user time: 0.05 seconds. CPU system time: 0.01 seconds. Elapsed time: 0.06 seconds; current allocated memory: 939.695 MB.
Execute       syn_report -verbosereport -o /home/fyt/teach_bili/course_3/build/sobel_edge_prj/solution1/.autopilot/db/sobel_edge_Pipeline_VITIS_LOOP_37_5.verbose.sched.rpt 
Execute         AP::get_flow_target_display_name
Execute       db_write -o /home/fyt/teach_bili/course_3/build/sobel_edge_prj/solution1/.autopilot/db/sobel_edge_Pipeline_VITIS_LOOP_37_5.sched.adb -f 
INFO-FLOW: Finish scheduling sobel_edge_Pipeline_VITIS_LOOP_37_5.
Execute       set_default_model sobel_edge_Pipeline_VITIS_LOOP_37_5 
Execute       bind -model sobel_edge_Pipeline_VITIS_LOOP_37_5 
INFO: [BIND 205-100] Starting micro-architecture generation ...
INFO: [BIND 205-101] Performing variable lifetime analysis.
INFO: [BIND 205-101] Exploring resource sharing.
INFO: [BIND 205-101] Binding ...
INFO: [BIND 205-100] Finished micro-architecture generation.
INFO: [HLS 200-111] Finished Binding: CPU user time: 0.02 seconds. CPU system time: 0 seconds. Elapsed time: 0.02 seconds; current allocated memory: 939.695 MB.
Execute       syn_report -verbosereport -o /home/fyt/teach_bili/course_3/build/sobel_edge_prj/solution1/.autopilot/db/sobel_edge_Pipeline_VITIS_LOOP_37_5.verbose.bind.rpt 
Execute         AP::get_flow_target_display_name
Execute       db_write -o /home/fyt/teach_bili/course_3/build/sobel_edge_prj/solution1/.autopilot/db/sobel_edge_Pipeline_VITIS_LOOP_37_5.bind.adb -f 
INFO-FLOW: Finish binding sobel_edge_Pipeline_VITIS_LOOP_37_5.
INFO: [HLS 200-10] ----------------------------------------------------------------
INFO: [HLS 200-42] -- Implementing module 'sobel_edge_Pipeline_VITIS_LOOP_41_6' 
INFO: [HLS 200-10] ----------------------------------------------------------------
Execute       set_default_model sobel_edge_Pipeline_VITIS_LOOP_41_6 
Execute       schedule -model sobel_edge_Pipeline_VITIS_LOOP_41_6 
INFO: [SCHED 204-11] Starting scheduling ...
INFO: [SCHED 204-61] Pipelining loop 'VITIS_LOOP_41_6'.
WARNING: [HLS 200-885] The II Violation in module 'sobel_edge_Pipeline_VITIS_LOOP_41_6' (loop 'VITIS_LOOP_41_6'): Unable to schedule bus request operation ('gmem1_addr_4_req', ../code/sobel_edge.cpp:43) on port 'gmem1' (../code/sobel_edge.cpp:43) due to limited memory ports (II = 1). Please consider using a memory core with more ports or partitioning the array.
INFO: [HLS 200-1470] Pipelining result : Target II = NA, Final II = 2, Depth = 9, loop 'VITIS_LOOP_41_6'
INFO: [SCHED 204-11] Finished scheduling.
INFO: [HLS 200-111] Finished Scheduling: CPU user time: 0.02 seconds. CPU system time: 0 seconds. Elapsed time: 0.02 seconds; current allocated memory: 940.008 MB.
Execute       syn_report -verbosereport -o /home/fyt/teach_bili/course_3/build/sobel_edge_prj/solution1/.autopilot/db/sobel_edge_Pipeline_VITIS_LOOP_41_6.verbose.sched.rpt 
Execute         AP::get_flow_target_display_name
Execute       db_write -o /home/fyt/teach_bili/course_3/build/sobel_edge_prj/solution1/.autopilot/db/sobel_edge_Pipeline_VITIS_LOOP_41_6.sched.adb -f 
INFO-FLOW: Finish scheduling sobel_edge_Pipeline_VITIS_LOOP_41_6.
Execute       set_default_model sobel_edge_Pipeline_VITIS_LOOP_41_6 
Execute       bind -model sobel_edge_Pipeline_VITIS_LOOP_41_6 
INFO: [BIND 205-100] Starting micro-architecture generation ...
INFO: [BIND 205-101] Performing variable lifetime analysis.
INFO: [BIND 205-101] Exploring resource sharing.
INFO: [BIND 205-101] Binding ...
INFO: [BIND 205-100] Finished micro-architecture generation.
INFO: [HLS 200-111] Finished Binding: CPU user time: 0.02 seconds. CPU system time: 0 seconds. Elapsed time: 0.02 seconds; current allocated memory: 940.008 MB.
Execute       syn_report -verbosereport -o /home/fyt/teach_bili/course_3/build/sobel_edge_prj/solution1/.autopilot/db/sobel_edge_Pipeline_VITIS_LOOP_41_6.verbose.bind.rpt 
Execute         AP::get_flow_target_display_name
Execute       db_write -o /home/fyt/teach_bili/course_3/build/sobel_edge_prj/solution1/.autopilot/db/sobel_edge_Pipeline_VITIS_LOOP_41_6.bind.adb -f 
INFO-FLOW: Finish binding sobel_edge_Pipeline_VITIS_LOOP_41_6.
INFO: [HLS 200-10] ----------------------------------------------------------------
INFO: [HLS 200-42] -- Implementing module 'sobel_edge' 
INFO: [HLS 200-10] ----------------------------------------------------------------
Execute       set_default_model sobel_edge 
Execute       schedule -model sobel_edge 
INFO: [SCHED 204-11] Starting scheduling ...
INFO: [SCHED 204-11] Finished scheduling.
INFO: [HLS 200-111] Finished Scheduling: CPU user time: 0.03 seconds. CPU system time: 0 seconds. Elapsed time: 0.03 seconds; current allocated memory: 940.484 MB.
Execute       syn_report -verbosereport -o /home/fyt/teach_bili/course_3/build/sobel_edge_prj/solution1/.autopilot/db/sobel_edge.verbose.sched.rpt 
Execute         AP::get_flow_target_display_name
Execute       db_write -o /home/fyt/teach_bili/course_3/build/sobel_edge_prj/solution1/.autopilot/db/sobel_edge.sched.adb -f 
INFO-FLOW: Finish scheduling sobel_edge.
Execute       set_default_model sobel_edge 
Execute       bind -model sobel_edge 
INFO: [BIND 205-100] Starting micro-architecture generation ...
INFO: [BIND 205-101] Performing variable lifetime analysis.
INFO: [BIND 205-101] Exploring resource sharing.
INFO: [BIND 205-101] Binding ...
INFO: [BIND 205-100] Finished micro-architecture generation.
INFO: [HLS 200-111] Finished Binding: CPU user time: 0.05 seconds. CPU system time: 0 seconds. Elapsed time: 0.05 seconds; current allocated memory: 940.484 MB.
Execute       syn_report -verbosereport -o /home/fyt/teach_bili/course_3/build/sobel_edge_prj/solution1/.autopilot/db/sobel_edge.verbose.bind.rpt 
Execute         AP::get_flow_target_display_name
Execute       db_write -o /home/fyt/teach_bili/course_3/build/sobel_edge_prj/solution1/.autopilot/db/sobel_edge.bind.adb -f 
INFO-FLOW: Finish binding sobel_edge.
Execute       get_model_list sobel_edge -filter all-wo-channel 
INFO-FLOW: Preprocessing for RTLGen ...
Execute       rtl_gen_preprocess sobel_edge_Pipeline_VITIS_LOOP_17_2 
Execute       rtl_gen_preprocess sobel_edge_Pipeline_VITIS_LOOP_37_5 
Execute       rtl_gen_preprocess sobel_edge_Pipeline_VITIS_LOOP_41_6 
Execute       rtl_gen_preprocess sobel_edge 
INFO-FLOW: Model list for RTL generation: sobel_edge_Pipeline_VITIS_LOOP_17_2 sobel_edge_Pipeline_VITIS_LOOP_37_5 sobel_edge_Pipeline_VITIS_LOOP_41_6 sobel_edge
INFO: [HLS 200-10] ----------------------------------------------------------------
INFO: [HLS 200-10] -- Generating RTL for module 'sobel_edge_Pipeline_VITIS_LOOP_17_2' 
INFO: [HLS 200-10] ----------------------------------------------------------------
Execute       create_rtl_model sobel_edge_Pipeline_VITIS_LOOP_17_2 -top_prefix sobel_edge_ -sub_prefix sobel_edge_ -mg_file /home/fyt/teach_bili/course_3/build/sobel_edge_prj/solution1/.autopilot/db/sobel_edge_Pipeline_VITIS_LOOP_17_2.compgen.tcl 
INFO: [HLS 200-1030] Apply Unified Pipeline Control on module 'sobel_edge_Pipeline_VITIS_LOOP_17_2' pipeline 'VITIS_LOOP_17_2' pipeline type 'loop pipeline'
WARNING: [RTGEN 206-101] Setting dangling out port 'sobel_edge_Pipeline_VITIS_LOOP_17_2/m_axi_gmem1_AWVALID' to 0.
WARNING: [RTGEN 206-101] Setting dangling out port 'sobel_edge_Pipeline_VITIS_LOOP_17_2/m_axi_gmem1_AWADDR' to 0.
WARNING: [RTGEN 206-101] Setting dangling out port 'sobel_edge_Pipeline_VITIS_LOOP_17_2/m_axi_gmem1_AWID' to 0.
WARNING: [RTGEN 206-101] Setting dangling out port 'sobel_edge_Pipeline_VITIS_LOOP_17_2/m_axi_gmem1_AWLEN' to 0.
WARNING: [RTGEN 206-101] Setting dangling out port 'sobel_edge_Pipeline_VITIS_LOOP_17_2/m_axi_gmem1_AWSIZE' to 0.
WARNING: [RTGEN 206-101] Setting dangling out port 'sobel_edge_Pipeline_VITIS_LOOP_17_2/m_axi_gmem1_AWBURST' to 0.
WARNING: [RTGEN 206-101] Setting dangling out port 'sobel_edge_Pipeline_VITIS_LOOP_17_2/m_axi_gmem1_AWLOCK' to 0.
WARNING: [RTGEN 206-101] Setting dangling out port 'sobel_edge_Pipeline_VITIS_LOOP_17_2/m_axi_gmem1_AWCACHE' to 0.
WARNING: [RTGEN 206-101] Setting dangling out port 'sobel_edge_Pipeline_VITIS_LOOP_17_2/m_axi_gmem1_AWPROT' to 0.
WARNING: [RTGEN 206-101] Setting dangling out port 'sobel_edge_Pipeline_VITIS_LOOP_17_2/m_axi_gmem1_AWQOS' to 0.
WARNING: [RTGEN 206-101] Setting dangling out port 'sobel_edge_Pipeline_VITIS_LOOP_17_2/m_axi_gmem1_AWREGION' to 0.
WARNING: [RTGEN 206-101] Setting dangling out port 'sobel_edge_Pipeline_VITIS_LOOP_17_2/m_axi_gmem1_AWUSER' to 0.
WARNING: [RTGEN 206-101] Setting dangling out port 'sobel_edge_Pipeline_VITIS_LOOP_17_2/m_axi_gmem1_BREADY' to 0.
INFO: [RTGEN 206-100] Finished creating RTL model for 'sobel_edge_Pipeline_VITIS_LOOP_17_2'.
INFO: [HLS 200-111] Finished Creating RTL model: CPU user time: 0.07 seconds. CPU system time: 0 seconds. Elapsed time: 0.07 seconds; current allocated memory: 940.953 MB.
Execute       source /home/fyt/teach_bili/course_3/build/sobel_edge_prj/solution1/.autopilot/db/sobel_edge.rtl_wrap.cfg.tcl 
Execute       gen_rtl sobel_edge_Pipeline_VITIS_LOOP_17_2 -style xilinx -f -lang vhdl -o /home/fyt/teach_bili/course_3/build/sobel_edge_prj/solution1/syn/vhdl/sobel_edge_sobel_edge_Pipeline_VITIS_LOOP_17_2 
Execute       gen_rtl sobel_edge_Pipeline_VITIS_LOOP_17_2 -style xilinx -f -lang vlog -o /home/fyt/teach_bili/course_3/build/sobel_edge_prj/solution1/syn/verilog/sobel_edge_sobel_edge_Pipeline_VITIS_LOOP_17_2 
Execute       syn_report -csynth -model sobel_edge_Pipeline_VITIS_LOOP_17_2 -o /home/fyt/teach_bili/course_3/build/sobel_edge_prj/solution1/syn/report/sobel_edge_Pipeline_VITIS_LOOP_17_2_csynth.rpt 
Execute         AP::get_flow_target_display_name
Execute       syn_report -rtlxml -model sobel_edge_Pipeline_VITIS_LOOP_17_2 -o /home/fyt/teach_bili/course_3/build/sobel_edge_prj/solution1/syn/report/sobel_edge_Pipeline_VITIS_LOOP_17_2_csynth.xml 
Execute       syn_report -verbosereport -model sobel_edge_Pipeline_VITIS_LOOP_17_2 -o /home/fyt/teach_bili/course_3/build/sobel_edge_prj/solution1/.autopilot/db/sobel_edge_Pipeline_VITIS_LOOP_17_2.verbose.rpt 
Execute         AP::get_flow_target_display_name
Execute       db_write -model sobel_edge_Pipeline_VITIS_LOOP_17_2 -f -o /home/fyt/teach_bili/course_3/build/sobel_edge_prj/solution1/.autopilot/db/sobel_edge_Pipeline_VITIS_LOOP_17_2.adb 
Execute       db_write -model sobel_edge_Pipeline_VITIS_LOOP_17_2 -bindview -o /home/fyt/teach_bili/course_3/build/sobel_edge_prj/solution1/.autopilot/db/design.bindinfo.xml 
Execute       gen_tb_info sobel_edge_Pipeline_VITIS_LOOP_17_2 -p /home/fyt/teach_bili/course_3/build/sobel_edge_prj/solution1/.autopilot/db -o /home/fyt/teach_bili/course_3/build/sobel_edge_prj/solution1/.autopilot/db/sobel_edge_Pipeline_VITIS_LOOP_17_2 
INFO: [HLS 200-10] ----------------------------------------------------------------
INFO: [HLS 200-10] -- Generating RTL for module 'sobel_edge_Pipeline_VITIS_LOOP_37_5' 
INFO: [HLS 200-10] ----------------------------------------------------------------
Execute       create_rtl_model sobel_edge_Pipeline_VITIS_LOOP_37_5 -top_prefix sobel_edge_ -sub_prefix sobel_edge_ -mg_file /home/fyt/teach_bili/course_3/build/sobel_edge_prj/solution1/.autopilot/db/sobel_edge_Pipeline_VITIS_LOOP_37_5.compgen.tcl 
INFO: [HLS 200-1030] Apply Unified Pipeline Control on module 'sobel_edge_Pipeline_VITIS_LOOP_37_5' pipeline 'VITIS_LOOP_37_5' pipeline type 'loop pipeline'
INFO: [RTGEN 206-100] Finished creating RTL model for 'sobel_edge_Pipeline_VITIS_LOOP_37_5'.
INFO: [HLS 200-111] Finished Creating RTL model: CPU user time: 0.12 seconds. CPU system time: 0 seconds. Elapsed time: 0.13 seconds; current allocated memory: 943.289 MB.
Execute       source /home/fyt/teach_bili/course_3/build/sobel_edge_prj/solution1/.autopilot/db/sobel_edge.rtl_wrap.cfg.tcl 
Execute       gen_rtl sobel_edge_Pipeline_VITIS_LOOP_37_5 -style xilinx -f -lang vhdl -o /home/fyt/teach_bili/course_3/build/sobel_edge_prj/solution1/syn/vhdl/sobel_edge_sobel_edge_Pipeline_VITIS_LOOP_37_5 
Execute       gen_rtl sobel_edge_Pipeline_VITIS_LOOP_37_5 -style xilinx -f -lang vlog -o /home/fyt/teach_bili/course_3/build/sobel_edge_prj/solution1/syn/verilog/sobel_edge_sobel_edge_Pipeline_VITIS_LOOP_37_5 
Execute       syn_report -csynth -model sobel_edge_Pipeline_VITIS_LOOP_37_5 -o /home/fyt/teach_bili/course_3/build/sobel_edge_prj/solution1/syn/report/sobel_edge_Pipeline_VITIS_LOOP_37_5_csynth.rpt 
Execute         AP::get_flow_target_display_name
Execute       syn_report -rtlxml -model sobel_edge_Pipeline_VITIS_LOOP_37_5 -o /home/fyt/teach_bili/course_3/build/sobel_edge_prj/solution1/syn/report/sobel_edge_Pipeline_VITIS_LOOP_37_5_csynth.xml 
Execute       syn_report -verbosereport -model sobel_edge_Pipeline_VITIS_LOOP_37_5 -o /home/fyt/teach_bili/course_3/build/sobel_edge_prj/solution1/.autopilot/db/sobel_edge_Pipeline_VITIS_LOOP_37_5.verbose.rpt 
Execute         AP::get_flow_target_display_name
Execute       db_write -model sobel_edge_Pipeline_VITIS_LOOP_37_5 -f -o /home/fyt/teach_bili/course_3/build/sobel_edge_prj/solution1/.autopilot/db/sobel_edge_Pipeline_VITIS_LOOP_37_5.adb 
Execute       db_write -model sobel_edge_Pipeline_VITIS_LOOP_37_5 -bindview -o /home/fyt/teach_bili/course_3/build/sobel_edge_prj/solution1/.autopilot/db/design.bindinfo.xml 
Execute       gen_tb_info sobel_edge_Pipeline_VITIS_LOOP_37_5 -p /home/fyt/teach_bili/course_3/build/sobel_edge_prj/solution1/.autopilot/db -o /home/fyt/teach_bili/course_3/build/sobel_edge_prj/solution1/.autopilot/db/sobel_edge_Pipeline_VITIS_LOOP_37_5 
INFO: [HLS 200-10] ----------------------------------------------------------------
INFO: [HLS 200-10] -- Generating RTL for module 'sobel_edge_Pipeline_VITIS_LOOP_41_6' 
INFO: [HLS 200-10] ----------------------------------------------------------------
Execute       create_rtl_model sobel_edge_Pipeline_VITIS_LOOP_41_6 -top_prefix sobel_edge_ -sub_prefix sobel_edge_ -mg_file /home/fyt/teach_bili/course_3/build/sobel_edge_prj/solution1/.autopilot/db/sobel_edge_Pipeline_VITIS_LOOP_41_6.compgen.tcl 
INFO: [HLS 200-1030] Apply Unified Pipeline Control on module 'sobel_edge_Pipeline_VITIS_LOOP_41_6' pipeline 'VITIS_LOOP_41_6' pipeline type 'loop pipeline'
INFO: [RTGEN 206-100] Finished creating RTL model for 'sobel_edge_Pipeline_VITIS_LOOP_41_6'.
INFO: [HLS 200-111] Finished Creating RTL model: CPU user time: 0.04 seconds. CPU system time: 0 seconds. Elapsed time: 0.04 seconds; current allocated memory: 944.559 MB.
Execute       source /home/fyt/teach_bili/course_3/build/sobel_edge_prj/solution1/.autopilot/db/sobel_edge.rtl_wrap.cfg.tcl 
Execute       gen_rtl sobel_edge_Pipeline_VITIS_LOOP_41_6 -style xilinx -f -lang vhdl -o /home/fyt/teach_bili/course_3/build/sobel_edge_prj/solution1/syn/vhdl/sobel_edge_sobel_edge_Pipeline_VITIS_LOOP_41_6 
Execute       gen_rtl sobel_edge_Pipeline_VITIS_LOOP_41_6 -style xilinx -f -lang vlog -o /home/fyt/teach_bili/course_3/build/sobel_edge_prj/solution1/syn/verilog/sobel_edge_sobel_edge_Pipeline_VITIS_LOOP_41_6 
Execute       syn_report -csynth -model sobel_edge_Pipeline_VITIS_LOOP_41_6 -o /home/fyt/teach_bili/course_3/build/sobel_edge_prj/solution1/syn/report/sobel_edge_Pipeline_VITIS_LOOP_41_6_csynth.rpt 
Execute         AP::get_flow_target_display_name
Execute       syn_report -rtlxml -model sobel_edge_Pipeline_VITIS_LOOP_41_6 -o /home/fyt/teach_bili/course_3/build/sobel_edge_prj/solution1/syn/report/sobel_edge_Pipeline_VITIS_LOOP_41_6_csynth.xml 
Execute       syn_report -verbosereport -model sobel_edge_Pipeline_VITIS_LOOP_41_6 -o /home/fyt/teach_bili/course_3/build/sobel_edge_prj/solution1/.autopilot/db/sobel_edge_Pipeline_VITIS_LOOP_41_6.verbose.rpt 
Execute         AP::get_flow_target_display_name
Execute       db_write -model sobel_edge_Pipeline_VITIS_LOOP_41_6 -f -o /home/fyt/teach_bili/course_3/build/sobel_edge_prj/solution1/.autopilot/db/sobel_edge_Pipeline_VITIS_LOOP_41_6.adb 
Execute       db_write -model sobel_edge_Pipeline_VITIS_LOOP_41_6 -bindview -o /home/fyt/teach_bili/course_3/build/sobel_edge_prj/solution1/.autopilot/db/design.bindinfo.xml 
Execute       gen_tb_info sobel_edge_Pipeline_VITIS_LOOP_41_6 -p /home/fyt/teach_bili/course_3/build/sobel_edge_prj/solution1/.autopilot/db -o /home/fyt/teach_bili/course_3/build/sobel_edge_prj/solution1/.autopilot/db/sobel_edge_Pipeline_VITIS_LOOP_41_6 
INFO: [HLS 200-10] ----------------------------------------------------------------
INFO: [HLS 200-10] -- Generating RTL for module 'sobel_edge' 
INFO: [HLS 200-10] ----------------------------------------------------------------
Execute       create_rtl_model sobel_edge -top_prefix  -sub_prefix sobel_edge_ -mg_file /home/fyt/teach_bili/course_3/build/sobel_edge_prj/solution1/.autopilot/db/sobel_edge.compgen.tcl 
WARNING: [RTGEN 206-101] Design contains AXI ports. Reset is fixed to synchronous and active low.
INFO: [RTGEN 206-500] Setting interface mode on port 'sobel_edge/gmem0' to 'm_axi'.
INFO: [RTGEN 206-500] Setting interface mode on port 'sobel_edge/gmem1' to 'm_axi'.
INFO: [RTGEN 206-500] Setting interface mode on port 'sobel_edge/input_r' to 's_axilite & ap_none'.
INFO: [RTGEN 206-500] Setting interface mode on port 'sobel_edge/output_r' to 's_axilite & ap_none'.
INFO: [RTGEN 206-500] Setting interface mode on port 'sobel_edge/rows' to 's_axilite & ap_none'.
INFO: [RTGEN 206-500] Setting interface mode on port 'sobel_edge/cols' to 's_axilite & ap_none'.
INFO: [RTGEN 206-500] Setting interface mode on function 'sobel_edge' to 's_axilite & ap_ctrl_hs'.
INFO: [RTGEN 206-100] Bundling port 'input_r', 'output_r', 'rows', 'cols' to AXI-Lite port control.
INFO: [RTGEN 206-100] Generating core module 'mul_31ns_32s_63_2_1': 1 instance(s).
INFO: [RTGEN 206-100] Generating core module 'mul_32s_32s_32_2_1': 1 instance(s).
INFO: [RTGEN 206-100] Finished creating RTL model for 'sobel_edge'.
INFO: [HLS 200-111] Finished Creating RTL model: CPU user time: 0.05 seconds. CPU system time: 0.01 seconds. Elapsed time: 0.05 seconds; current allocated memory: 947.215 MB.
Execute       source /home/fyt/teach_bili/course_3/build/sobel_edge_prj/solution1/.autopilot/db/sobel_edge.rtl_wrap.cfg.tcl 
Execute       gen_rtl sobel_edge -istop -style xilinx -f -lang vhdl -o /home/fyt/teach_bili/course_3/build/sobel_edge_prj/solution1/syn/vhdl/sobel_edge 
Execute       gen_rtl sobel_edge -istop -style xilinx -f -lang vlog -o /home/fyt/teach_bili/course_3/build/sobel_edge_prj/solution1/syn/verilog/sobel_edge 
Execute       syn_report -csynth -model sobel_edge -o /home/fyt/teach_bili/course_3/build/sobel_edge_prj/solution1/syn/report/sobel_edge_csynth.rpt 
Execute         AP::get_flow_target_display_name
Execute       syn_report -rtlxml -model sobel_edge -o /home/fyt/teach_bili/course_3/build/sobel_edge_prj/solution1/syn/report/sobel_edge_csynth.xml 
Execute       syn_report -verbosereport -model sobel_edge -o /home/fyt/teach_bili/course_3/build/sobel_edge_prj/solution1/.autopilot/db/sobel_edge.verbose.rpt 
Execute         AP::get_flow_target_display_name
Execute       db_write -model sobel_edge -f -o /home/fyt/teach_bili/course_3/build/sobel_edge_prj/solution1/.autopilot/db/sobel_edge.adb 
Execute       db_write -model sobel_edge -bindview -o /home/fyt/teach_bili/course_3/build/sobel_edge_prj/solution1/.autopilot/db/design.bindinfo.xml 
Execute       gen_tb_info sobel_edge -p /home/fyt/teach_bili/course_3/build/sobel_edge_prj/solution1/.autopilot/db -o /home/fyt/teach_bili/course_3/build/sobel_edge_prj/solution1/.autopilot/db/sobel_edge 
Execute       export_constraint_db -f -tool general -o /home/fyt/teach_bili/course_3/build/sobel_edge_prj/solution1/.autopilot/db/sobel_edge.constraint.tcl 
Execute       syn_report -designview -model sobel_edge -o /home/fyt/teach_bili/course_3/build/sobel_edge_prj/solution1/.autopilot/db/sobel_edge.design.xml 
Execute       syn_report -csynthDesign -model sobel_edge -o /home/fyt/teach_bili/course_3/build/sobel_edge_prj/solution1/syn/report/csynth.rpt 
Execute         AP::get_flow_target_display_name
Execute       syn_report -wcfg -model sobel_edge -o /home/fyt/teach_bili/course_3/build/sobel_edge_prj/solution1/.autopilot/db/sobel_edge_dataflow_ana.wcfg 
Execute       syn_report -protoinst -model sobel_edge -o /home/fyt/teach_bili/course_3/build/sobel_edge_prj/solution1/.autopilot/db/sobel_edge.protoinst 
Execute       sc_get_clocks sobel_edge 
Execute       sc_get_portdomain sobel_edge 
INFO-FLOW: Model list for RTL component generation: sobel_edge_Pipeline_VITIS_LOOP_17_2 sobel_edge_Pipeline_VITIS_LOOP_37_5 sobel_edge_Pipeline_VITIS_LOOP_41_6 sobel_edge
INFO-FLOW: Handling components in module [sobel_edge_Pipeline_VITIS_LOOP_17_2] ... 
Execute       source /home/fyt/teach_bili/course_3/build/sobel_edge_prj/solution1/.autopilot/db/sobel_edge_Pipeline_VITIS_LOOP_17_2.compgen.tcl 
INFO-FLOW: Found component sobel_edge_flow_control_loop_pipe_sequential_init.
INFO-FLOW: Append model sobel_edge_flow_control_loop_pipe_sequential_init
INFO-FLOW: Handling components in module [sobel_edge_Pipeline_VITIS_LOOP_37_5] ... 
Execute       source /home/fyt/teach_bili/course_3/build/sobel_edge_prj/solution1/.autopilot/db/sobel_edge_Pipeline_VITIS_LOOP_37_5.compgen.tcl 
INFO-FLOW: Found component sobel_edge_flow_control_loop_pipe_sequential_init.
INFO-FLOW: Append model sobel_edge_flow_control_loop_pipe_sequential_init
INFO-FLOW: Handling components in module [sobel_edge_Pipeline_VITIS_LOOP_41_6] ... 
Execute       source /home/fyt/teach_bili/course_3/build/sobel_edge_prj/solution1/.autopilot/db/sobel_edge_Pipeline_VITIS_LOOP_41_6.compgen.tcl 
INFO-FLOW: Found component sobel_edge_flow_control_loop_pipe_sequential_init.
INFO-FLOW: Append model sobel_edge_flow_control_loop_pipe_sequential_init
INFO-FLOW: Handling components in module [sobel_edge] ... 
Execute       source /home/fyt/teach_bili/course_3/build/sobel_edge_prj/solution1/.autopilot/db/sobel_edge.compgen.tcl 
INFO-FLOW: Found component sobel_edge_mul_31ns_32s_63_2_1.
INFO-FLOW: Append model sobel_edge_mul_31ns_32s_63_2_1
INFO-FLOW: Found component sobel_edge_mul_32s_32s_32_2_1.
INFO-FLOW: Append model sobel_edge_mul_32s_32s_32_2_1
INFO-FLOW: Found component sobel_edge_gmem0_m_axi.
INFO-FLOW: Append model sobel_edge_gmem0_m_axi
INFO-FLOW: Found component sobel_edge_gmem1_m_axi.
INFO-FLOW: Append model sobel_edge_gmem1_m_axi
INFO-FLOW: Found component sobel_edge_control_s_axi.
INFO-FLOW: Append model sobel_edge_control_s_axi
INFO-FLOW: Append model sobel_edge_Pipeline_VITIS_LOOP_17_2
INFO-FLOW: Append model sobel_edge_Pipeline_VITIS_LOOP_37_5
INFO-FLOW: Append model sobel_edge_Pipeline_VITIS_LOOP_41_6
INFO-FLOW: Append model sobel_edge
INFO-FLOW: Generating RTL model list ...
INFO-FLOW: All models in this session: sobel_edge_flow_control_loop_pipe_sequential_init sobel_edge_flow_control_loop_pipe_sequential_init sobel_edge_flow_control_loop_pipe_sequential_init sobel_edge_mul_31ns_32s_63_2_1 sobel_edge_mul_32s_32s_32_2_1 sobel_edge_gmem0_m_axi sobel_edge_gmem1_m_axi sobel_edge_control_s_axi sobel_edge_Pipeline_VITIS_LOOP_17_2 sobel_edge_Pipeline_VITIS_LOOP_37_5 sobel_edge_Pipeline_VITIS_LOOP_41_6 sobel_edge
INFO-FLOW: Generating /home/fyt/teach_bili/course_3/build/sobel_edge_prj/solution1/.autopilot/db/autopilot.rtl.models.txt file...
INFO-FLOW: To file: write model sobel_edge_flow_control_loop_pipe_sequential_init
INFO-FLOW: To file: write model sobel_edge_flow_control_loop_pipe_sequential_init
INFO-FLOW: To file: write model sobel_edge_flow_control_loop_pipe_sequential_init
INFO-FLOW: To file: write model sobel_edge_mul_31ns_32s_63_2_1
INFO-FLOW: To file: write model sobel_edge_mul_32s_32s_32_2_1
INFO-FLOW: To file: write model sobel_edge_gmem0_m_axi
INFO-FLOW: To file: write model sobel_edge_gmem1_m_axi
INFO-FLOW: To file: write model sobel_edge_control_s_axi
INFO-FLOW: To file: write model sobel_edge_Pipeline_VITIS_LOOP_17_2
INFO-FLOW: To file: write model sobel_edge_Pipeline_VITIS_LOOP_37_5
INFO-FLOW: To file: write model sobel_edge_Pipeline_VITIS_LOOP_41_6
INFO-FLOW: To file: write model sobel_edge
INFO-FLOW: Generating /home/fyt/teach_bili/course_3/build/sobel_edge_prj/solution1/.autopilot/db/autopilot.rtl.models.tcl file...
INFO-FLOW: Finished generating RTL model list.


INFO-FLOW: RTL Generation done.
INFO-FLOW: CAS Generation done.
INFO-FLOW: CBC Generation done.
INFO-FLOW: DBG:PROC: ::AESL_AUTOMG::auto_generate_csynth_design
INFO-FLOW: DBG:PUTS: read_platform_lib /home/fyt/teach_bili/course_3/build/sobel_edge_prj/solution1/.autopilot/db/global.setting.tcl
Execute       source /opt/Xilinx/Vitis_HLS/2022.2/common/technology/generic/autopilot/common.gen 
Execute         source /opt/Xilinx/Vitis_HLS/2022.2/common/technology/generic/autopilot/APCoreGen.gen 
Execute       source /opt/Xilinx/Vitis_HLS/2022.2/common/technology/generic/autopilot/op.gen 
Execute       source /opt/Xilinx/Vitis_HLS/2022.2/common/technology/generic/autopilot/op_simcore.gen 
Execute       source /opt/Xilinx/Vitis_HLS/2022.2/common/technology/generic/autopilot/interface.gen 
Execute       source /home/fyt/teach_bili/course_3/build/sobel_edge_prj/solution1/.autopilot/db/global.setting.tcl 
Execute       source /opt/Xilinx/Vitis_HLS/2022.2/common/technology/xilinx/common/xilinx.gen 
Execute         source /opt/Xilinx/Vitis_HLS/2022.2/common/technology/xilinx/interface/plb46.gen 
Execute         source /opt/Xilinx/Vitis_HLS/2022.2/common/technology/xilinx/interface/axi4.gen 
Execute         source /opt/Xilinx/Vitis_HLS/2022.2/common/technology/xilinx/interface/nativeAXI4.gen 
Execute           source /opt/Xilinx/Vitis_HLS/2022.2/common/technology/xilinx/interface/saxilite.gen 
Execute         source /opt/Xilinx/Vitis_HLS/2022.2/common/technology/xilinx/scripts/xilinxcoregen.gen 
Execute         source /opt/Xilinx/Vitis_HLS/2022.2/common/technology/xilinx/interface/XilEDKCoreGen.gen 
Execute         source /opt/Xilinx/Vitis_HLS/2022.2/common/technology/xilinx/ip/xfft.gen 
Execute         source /opt/Xilinx/Vitis_HLS/2022.2/common/technology/xilinx/ip/util.gen 
Execute         source /opt/Xilinx/Vitis_HLS/2022.2/common/technology/xilinx/ip/xfir.gen 
Execute         source /opt/Xilinx/Vitis_HLS/2022.2/common/technology/xilinx/ip/dds_compiler.gen 
Execute         source /opt/Xilinx/Vitis_HLS/2022.2/common/technology/xilinx/DSP48/dsp48.gen 
INFO-FLOW: DBG:PUTS:   using AESL_AUTOCG::g_clock_period=10.000 (was NA)
INFO-FLOW: DBG:PROC: ::AESL_AUTOMG::generate_ip_cores gen_sim_model='1' gen_fp_models='0' gen_for_export='0' dstSCDir='' dstVhdlDir='/home/fyt/teach_bili/course_3/build/sobel_edge_prj/solution1/.autopilot/db/vhdl' dstVlogDir='/home/fyt/teach_bili/course_3/build/sobel_edge_prj/solution1/.autopilot/db/vlog' tclDir='/home/fyt/teach_bili/course_3/build/sobel_edge_prj/solution1/.autopilot/db' modelList='sobel_edge_flow_control_loop_pipe_sequential_init
sobel_edge_flow_control_loop_pipe_sequential_init
sobel_edge_flow_control_loop_pipe_sequential_init
sobel_edge_mul_31ns_32s_63_2_1
sobel_edge_mul_32s_32s_32_2_1
sobel_edge_gmem0_m_axi
sobel_edge_gmem1_m_axi
sobel_edge_control_s_axi
sobel_edge_Pipeline_VITIS_LOOP_17_2
sobel_edge_Pipeline_VITIS_LOOP_37_5
sobel_edge_Pipeline_VITIS_LOOP_41_6
sobel_edge
' expOnly='0'
Execute       source /home/fyt/teach_bili/course_3/build/sobel_edge_prj/solution1/.autopilot/db/global.setting.tcl 
Execute       ap_part_info -name xc7z020-clg400-1 -data names -quiet 
Execute       ap_part_info -name xc7z020-clg400-1 -data info -quiet 
Execute       source /home/fyt/teach_bili/course_3/build/sobel_edge_prj/solution1/.autopilot/db/global.setting.tcl 
Execute       source /home/fyt/teach_bili/course_3/build/sobel_edge_prj/solution1/.autopilot/db/global.setting.tcl 
Execute       source /home/fyt/teach_bili/course_3/build/sobel_edge_prj/solution1/.autopilot/db/sobel_edge_Pipeline_VITIS_LOOP_17_2.compgen.tcl 
Execute       source /home/fyt/teach_bili/course_3/build/sobel_edge_prj/solution1/.autopilot/db/sobel_edge_Pipeline_VITIS_LOOP_37_5.compgen.tcl 
Execute       source /home/fyt/teach_bili/course_3/build/sobel_edge_prj/solution1/.autopilot/db/sobel_edge_Pipeline_VITIS_LOOP_41_6.compgen.tcl 
Execute       source /home/fyt/teach_bili/course_3/build/sobel_edge_prj/solution1/.autopilot/db/sobel_edge.compgen.tcl 
Execute         source ./control.slave.tcl 
INFO: [HLS 200-111] Finished Generating all RTL models: CPU user time: 0.22 seconds. CPU system time: 0 seconds. Elapsed time: 0.22 seconds; current allocated memory: 951.203 MB.
INFO-FLOW: DBG:PROC: ::HLSREPORTS::create_csynth_xml bind_info_var='bind_info' RtlSubPrefix='sobel_edge_' outfile=''
INFO-FLOW: Running: create_csynth_xml read xml data
INFO-FLOW: Done: create_csynth_xml read xml data time: 0 seconds per iteration
INFO-FLOW: Running: create_csynth_xml bind info
INFO-FLOW: Done: create_csynth_xml bind info time: 0 seconds per iteration
INFO-FLOW: Running: create_csynth_xml config info
INFO-FLOW: Done: create_csynth_xml config info time: 0 seconds per iteration
INFO-FLOW: Running: create_csynth_xml write xml
INFO-FLOW: Done: create_csynth_xml write xml time: 0 seconds per iteration
INFO-FLOW: DBG:PUTS:      create_csynth_xml wrote csynth_xml=/home/fyt/teach_bili/course_3/build/sobel_edge_prj/solution1/syn/report/csynth.xml
INFO-FLOW: DBG:PROC: ::AP::DESIGN_DATA::generate_json generate_bd_files='0' generate_xo_files='0' modelList='sobel_edge_flow_control_loop_pipe_sequential_init
sobel_edge_flow_control_loop_pipe_sequential_init
sobel_edge_flow_control_loop_pipe_sequential_init
sobel_edge_mul_31ns_32s_63_2_1
sobel_edge_mul_32s_32s_32_2_1
sobel_edge_gmem0_m_axi
sobel_edge_gmem1_m_axi
sobel_edge_control_s_axi
sobel_edge_Pipeline_VITIS_LOOP_17_2
sobel_edge_Pipeline_VITIS_LOOP_37_5
sobel_edge_Pipeline_VITIS_LOOP_41_6
sobel_edge
' rtl_lang='both' bootstrap_tcl='false' outdir='' outfilename=''
Execute       source /home/fyt/teach_bili/course_3/build/sobel_edge_prj/solution1/.autopilot/db/global.setting.tcl 
Execute       source /home/fyt/teach_bili/course_3/build/sobel_edge_prj/solution1/.autopilot/db/global.setting.tcl 
Execute       source /home/fyt/teach_bili/course_3/build/sobel_edge_prj/solution1/.autopilot/db/top-io-be.tcl 
Execute       source /home/fyt/teach_bili/course_3/build/sobel_edge_prj/solution1/.autopilot/db/sobel_edge.tbgen.tcl 
Execute       source /home/fyt/teach_bili/course_3/build/sobel_edge_prj/solution1/.autopilot/db/sobel_edge.compgen.dataonly.tcl 
Execute       source /home/fyt/teach_bili/course_3/build/sobel_edge_prj/solution1/.autopilot/db/sobel_edge.compgen.dataonly.tcl 
Execute       source /home/fyt/teach_bili/course_3/build/sobel_edge_prj/solution1/.autopilot/db/sobel_edge.rtl_wrap.cfg.tcl 
Execute       source /home/fyt/teach_bili/course_3/build/sobel_edge_prj/solution1/.autopilot/db/sobel_edge.compgen.dataonly.tcl 
Execute       source /home/fyt/teach_bili/course_3/build/sobel_edge_prj/solution1/.autopilot/db/sobel_edge_Pipeline_VITIS_LOOP_17_2.tbgen.tcl 
Execute       source /home/fyt/teach_bili/course_3/build/sobel_edge_prj/solution1/.autopilot/db/sobel_edge_Pipeline_VITIS_LOOP_37_5.tbgen.tcl 
Execute       source /home/fyt/teach_bili/course_3/build/sobel_edge_prj/solution1/.autopilot/db/sobel_edge_Pipeline_VITIS_LOOP_41_6.tbgen.tcl 
Execute       source /home/fyt/teach_bili/course_3/build/sobel_edge_prj/solution1/.autopilot/db/sobel_edge.tbgen.tcl 
Execute       source /home/fyt/teach_bili/course_3/build/sobel_edge_prj/solution1/.autopilot/db/global.setting.tcl 
Execute       ap_part_info -name xc7z020-clg400-1 -data names -quiet 
Execute       ap_part_info -name xc7z020-clg400-1 -data info -quiet 
Execute       source /home/fyt/teach_bili/course_3/build/sobel_edge_prj/solution1/.autopilot/db/sobel_edge.constraint.tcl 
Execute       sc_get_clocks sobel_edge 
Execute       source /home/fyt/teach_bili/course_3/build/sobel_edge_prj/solution1/.autopilot/db/global.setting.tcl 
INFO-FLOW: DBG:PROC: ::HLSREPORTS::add_csynth_report_sections bind_info_dict='adapter_nodes {{BINDTYPE adapter DISPLAY {bind_adapter axilite} ID {} IMPL {} LATENCY {} OPTYPE {} PRAGMA yes RTLNAME control_s_axi_U SOURCE {} VARIABLE {} MODULE sobel_edge LOOP {} BUNDLEDNAME control DSP 0 BRAM 0 URAM 0} {BINDTYPE adapter DISPLAY {bind_adapter axi_master} ID {} IMPL {} LATENCY {} OPTYPE {} PRAGMA yes RTLNAME gmem0_m_axi_U SOURCE {} VARIABLE {} MODULE sobel_edge LOOP {} BUNDLEDNAME gmem0 DSP 0 BRAM 0 URAM 0} {BINDTYPE adapter DISPLAY {bind_adapter axi_master} ID {} IMPL {} LATENCY {} OPTYPE {} PRAGMA yes RTLNAME gmem1_m_axi_U SOURCE {} VARIABLE {} MODULE sobel_edge LOOP {} BUNDLEDNAME gmem1 DSP 0 BRAM 0 URAM 0}} report_dict {TOPINST sobel_edge MODULE2INSTS {sobel_edge sobel_edge sobel_edge_Pipeline_VITIS_LOOP_37_5 grp_sobel_edge_Pipeline_VITIS_LOOP_37_5_fu_133 sobel_edge_Pipeline_VITIS_LOOP_17_2 grp_sobel_edge_Pipeline_VITIS_LOOP_17_2_fu_143 sobel_edge_Pipeline_VITIS_LOOP_41_6 grp_sobel_edge_Pipeline_VITIS_LOOP_41_6_fu_159} INST2MODULE {sobel_edge sobel_edge grp_sobel_edge_Pipeline_VITIS_LOOP_37_5_fu_133 sobel_edge_Pipeline_VITIS_LOOP_37_5 grp_sobel_edge_Pipeline_VITIS_LOOP_17_2_fu_143 sobel_edge_Pipeline_VITIS_LOOP_17_2 grp_sobel_edge_Pipeline_VITIS_LOOP_41_6_fu_159 sobel_edge_Pipeline_VITIS_LOOP_41_6} INSTDATA {sobel_edge {DEPTH 1 CHILDREN {grp_sobel_edge_Pipeline_VITIS_LOOP_37_5_fu_133 grp_sobel_edge_Pipeline_VITIS_LOOP_17_2_fu_143 grp_sobel_edge_Pipeline_VITIS_LOOP_41_6_fu_159}} grp_sobel_edge_Pipeline_VITIS_LOOP_37_5_fu_133 {DEPTH 2 CHILDREN {}} grp_sobel_edge_Pipeline_VITIS_LOOP_17_2_fu_143 {DEPTH 2 CHILDREN {}} grp_sobel_edge_Pipeline_VITIS_LOOP_41_6_fu_159 {DEPTH 2 CHILDREN {}}} MODULEDATA {sobel_edge_Pipeline_VITIS_LOOP_17_2 {BINDINFO {{BINDTYPE op ID {} IMPL fabric LATENCY 0 OPTYPE add PRAGMA {} RTLNAME add_ln17_fu_250_p2 SOURCE ../code/sobel_edge.cpp:17 VARIABLE add_ln17 LOOP VITIS_LOOP_17_2 BUNDLEDNAME {} DSP 0 BRAM 0 URAM 0 DISPNAME {bind_op add}} {BINDTYPE op ID {} IMPL fabric LATENCY 0 OPTYPE add PRAGMA {} RTLNAME add_ln24_2_fu_264_p2 SOURCE ../code/sobel_edge.cpp:24 VARIABLE add_ln24_2 LOOP VITIS_LOOP_17_2 BUNDLEDNAME {} DSP 0 BRAM 0 URAM 0 DISPNAME {bind_op add}} {BINDTYPE op ID {} IMPL fabric LATENCY 0 OPTYPE add PRAGMA {} RTLNAME add_ln24_1_fu_273_p2 SOURCE ../code/sobel_edge.cpp:24 VARIABLE add_ln24_1 LOOP VITIS_LOOP_17_2 BUNDLEDNAME {} DSP 0 BRAM 0 URAM 0 DISPNAME {bind_op add}} {BINDTYPE op ID {} IMPL fabric LATENCY 0 OPTYPE add PRAGMA {} RTLNAME add_ln24_4_fu_294_p2 SOURCE ../code/sobel_edge.cpp:24 VARIABLE add_ln24_4 LOOP VITIS_LOOP_17_2 BUNDLEDNAME {} DSP 0 BRAM 0 URAM 0 DISPNAME {bind_op add}} {BINDTYPE op ID {} IMPL fabric LATENCY 0 OPTYPE add PRAGMA {} RTLNAME add_ln24_8_fu_300_p2 SOURCE ../code/sobel_edge.cpp:24 VARIABLE add_ln24_8 LOOP VITIS_LOOP_17_2 BUNDLEDNAME {} DSP 0 BRAM 0 URAM 0 DISPNAME {bind_op add}} {BINDTYPE op ID {} IMPL fabric LATENCY 0 OPTYPE add PRAGMA {} RTLNAME add_ln24_7_fu_310_p2 SOURCE ../code/sobel_edge.cpp:24 VARIABLE add_ln24_7 LOOP VITIS_LOOP_17_2 BUNDLEDNAME {} DSP 0 BRAM 0 URAM 0 DISPNAME {bind_op add}} {BINDTYPE op ID {} IMPL fabric LATENCY 0 OPTYPE sub PRAGMA {} RTLNAME tmp_fu_362_p2 SOURCE ../code/sobel_edge.cpp:19 VARIABLE tmp LOOP VITIS_LOOP_17_2 BUNDLEDNAME {} DSP 0 BRAM 0 URAM 0 DISPNAME {bind_op sub}} {BINDTYPE op ID {} IMPL fabric LATENCY 0 OPTYPE sub PRAGMA {} RTLNAME tmp3_fu_392_p2 SOURCE ../code/sobel_edge.cpp:24 VARIABLE tmp3 LOOP VITIS_LOOP_17_2 BUNDLEDNAME {} DSP 0 BRAM 0 URAM 0 DISPNAME {bind_op sub}} {BINDTYPE op ID {} IMPL fabric LATENCY 0 OPTYPE sub PRAGMA {} RTLNAME gx_4_fu_398_p2 SOURCE ../code/sobel_edge.cpp:25 VARIABLE gx_4 LOOP VITIS_LOOP_17_2 BUNDLEDNAME {} DSP 0 BRAM 0 URAM 0 DISPNAME {bind_op sub}} {BINDTYPE op ID {} IMPL fabric LATENCY 0 OPTYPE add PRAGMA {} RTLNAME gx_5_fu_408_p2 SOURCE ../code/sobel_edge.cpp:25 VARIABLE gx_5 LOOP VITIS_LOOP_17_2 BUNDLEDNAME {} DSP 0 BRAM 0 URAM 0 DISPNAME {bind_op add}} {BINDTYPE op ID {} IMPL fabric LATENCY 0 OPTYPE add PRAGMA {} RTLNAME add_ln26_fu_414_p2 SOURCE ../code/sobel_edge.cpp:26 VARIABLE add_ln26 LOOP VITIS_LOOP_17_2 BUNDLEDNAME {} DSP 0 BRAM 0 URAM 0 DISPNAME {bind_op add}} {BINDTYPE op ID {} IMPL fabric LATENCY 0 OPTYPE sub PRAGMA {} RTLNAME gy_2_fu_455_p2 SOURCE ../code/sobel_edge.cpp:26 VARIABLE gy_2 LOOP VITIS_LOOP_17_2 BUNDLEDNAME {} DSP 0 BRAM 0 URAM 0 DISPNAME {bind_op sub}} {BINDTYPE op ID {} IMPL fabric LATENCY 0 OPTYPE sub PRAGMA {} RTLNAME sub_ln31_fu_493_p2 SOURCE ../code/sobel_edge.cpp:31 VARIABLE sub_ln31 LOOP VITIS_LOOP_17_2 BUNDLEDNAME {} DSP 0 BRAM 0 URAM 0 DISPNAME {bind_op sub}} {BINDTYPE op ID {} IMPL fabric LATENCY 0 OPTYPE sub PRAGMA {} RTLNAME sub_ln31_1_fu_508_p2 SOURCE ../code/sobel_edge.cpp:31 VARIABLE sub_ln31_1 LOOP VITIS_LOOP_17_2 BUNDLEDNAME {} DSP 0 BRAM 0 URAM 0 DISPNAME {bind_op sub}} {BINDTYPE op ID {} IMPL fabric LATENCY 0 OPTYPE add PRAGMA {} RTLNAME magnitude_fu_531_p2 SOURCE ../code/sobel_edge.cpp:31 VARIABLE magnitude LOOP VITIS_LOOP_17_2 BUNDLEDNAME {} DSP 0 BRAM 0 URAM 0 DISPNAME {bind_op add}} {BINDTYPE op ID {} IMPL fabric LATENCY 0 OPTYPE add PRAGMA {} RTLNAME add_ln214_fu_553_p2 SOURCE /opt/Xilinx/Vitis_HLS/2022.2/common/technology/autopilot/ap_int_base.h:214 VARIABLE add_ln214 LOOP VITIS_LOOP_17_2 BUNDLEDNAME {} DSP 0 BRAM 0 URAM 0 DISPNAME {bind_op add}}} AREA {DSP 0 BRAM 0 URAM 0}} sobel_edge_Pipeline_VITIS_LOOP_37_5 {BINDINFO {{BINDTYPE op ID {} IMPL fabric LATENCY 0 OPTYPE add PRAGMA {} RTLNAME add_ln37_fu_158_p2 SOURCE ../code/sobel_edge.cpp:37 VARIABLE add_ln37 LOOP VITIS_LOOP_37_5 BUNDLEDNAME {} DSP 0 BRAM 0 URAM 0 DISPNAME {bind_op add}} {BINDTYPE op ID {} IMPL fabric LATENCY 0 OPTYPE add PRAGMA {} RTLNAME add_ln38_1_fu_167_p2 SOURCE ../code/sobel_edge.cpp:38 VARIABLE add_ln38_1 LOOP VITIS_LOOP_37_5 BUNDLEDNAME {} DSP 0 BRAM 0 URAM 0 DISPNAME {bind_op add}} {BINDTYPE op ID {} IMPL fabric LATENCY 0 OPTYPE add PRAGMA {} RTLNAME add_ln38_fu_176_p2 SOURCE ../code/sobel_edge.cpp:38 VARIABLE add_ln38 LOOP VITIS_LOOP_37_5 BUNDLEDNAME {} DSP 0 BRAM 0 URAM 0 DISPNAME {bind_op add}} {BINDTYPE op ID {} IMPL fabric LATENCY 0 OPTYPE add PRAGMA {} RTLNAME add_ln39_fu_187_p2 SOURCE ../code/sobel_edge.cpp:39 VARIABLE add_ln39 LOOP VITIS_LOOP_37_5 BUNDLEDNAME {} DSP 0 BRAM 0 URAM 0 DISPNAME {bind_op add}}} AREA {DSP 0 BRAM 0 URAM 0}} sobel_edge_Pipeline_VITIS_LOOP_41_6 {BINDINFO {{BINDTYPE op ID {} IMPL fabric LATENCY 0 OPTYPE add PRAGMA {} RTLNAME add_ln41_fu_130_p2 SOURCE ../code/sobel_edge.cpp:41 VARIABLE add_ln41 LOOP VITIS_LOOP_41_6 BUNDLEDNAME {} DSP 0 BRAM 0 URAM 0 DISPNAME {bind_op add}} {BINDTYPE op ID {} IMPL fabric LATENCY 0 OPTYPE add PRAGMA {} RTLNAME add_ln42_fu_140_p2 SOURCE ../code/sobel_edge.cpp:42 VARIABLE add_ln42 LOOP VITIS_LOOP_41_6 BUNDLEDNAME {} DSP 0 BRAM 0 URAM 0 DISPNAME {bind_op add}} {BINDTYPE op ID {} IMPL fabric LATENCY 0 OPTYPE add PRAGMA {} RTLNAME add_ln43_1_fu_152_p2 SOURCE ../code/sobel_edge.cpp:43 VARIABLE add_ln43_1 LOOP VITIS_LOOP_41_6 BUNDLEDNAME {} DSP 0 BRAM 0 URAM 0 DISPNAME {bind_op add}}} AREA {DSP 0 BRAM 0 URAM 0}} sobel_edge {BINDINFO {{BINDTYPE op ID {} IMPL fabric LATENCY 0 OPTYPE add PRAGMA {} RTLNAME sub_fu_168_p2 SOURCE ../code/sobel_edge.cpp:3 VARIABLE sub LOOP {} BUNDLEDNAME {} DSP 0 BRAM 0 URAM 0 DISPNAME {bind_op add}} {BINDTYPE op ID {} IMPL fabric LATENCY 0 OPTYPE add PRAGMA {} RTLNAME sub2_fu_174_p2 SOURCE ../code/sobel_edge.cpp:3 VARIABLE sub2 LOOP {} BUNDLEDNAME {} DSP 0 BRAM 0 URAM 0 DISPNAME {bind_op add}} {BINDTYPE op ID {} IMPL fabric LATENCY 0 OPTYPE add PRAGMA {} RTLNAME add_ln17_fu_216_p2 SOURCE ../code/sobel_edge.cpp:17 VARIABLE add_ln17 LOOP {} BUNDLEDNAME {} DSP 0 BRAM 0 URAM 0 DISPNAME {bind_op add}} {BINDTYPE op ID {} IMPL fabric LATENCY 0 OPTYPE add PRAGMA {} RTLNAME tmp5_fu_230_p2 SOURCE ../code/sobel_edge.cpp:16 VARIABLE tmp5 LOOP {} BUNDLEDNAME {} DSP 0 BRAM 0 URAM 0 DISPNAME {bind_op add}} {BINDTYPE op ID {} IMPL fabric LATENCY 0 OPTYPE add PRAGMA {} RTLNAME add_ln24_fu_240_p2 SOURCE ../code/sobel_edge.cpp:24 VARIABLE add_ln24 LOOP {} BUNDLEDNAME {} DSP 0 BRAM 0 URAM 0 DISPNAME {bind_op add}} {BINDTYPE op ID {} IMPL fabric LATENCY 0 OPTYPE add PRAGMA {} RTLNAME add_ln16_1_fu_262_p2 SOURCE ../code/sobel_edge.cpp:16 VARIABLE add_ln16_1 LOOP VITIS_LOOP_16_1 BUNDLEDNAME {} DSP 0 BRAM 0 URAM 0 DISPNAME {bind_op add}} {BINDTYPE op ID {} IMPL auto LATENCY 1 OPTYPE mul PRAGMA {} RTLNAME mul_31ns_32s_63_2_1_U20 SOURCE ../code/sobel_edge.cpp:16 VARIABLE empty_27 LOOP VITIS_LOOP_16_1 BUNDLEDNAME {} DSP 3 BRAM 0 URAM 0 DISPNAME {bind_op mul}} {BINDTYPE op ID {} IMPL fabric LATENCY 0 OPTYPE add PRAGMA {} RTLNAME add_ln16_fu_299_p2 SOURCE ../code/sobel_edge.cpp:16 VARIABLE add_ln16 LOOP VITIS_LOOP_16_1 BUNDLEDNAME {} DSP 0 BRAM 0 URAM 0 DISPNAME {bind_op add}} {BINDTYPE op ID {} IMPL fabric LATENCY 0 OPTYPE add PRAGMA {} RTLNAME add_ln24_6_fu_334_p2 SOURCE ../code/sobel_edge.cpp:24 VARIABLE add_ln24_6 LOOP VITIS_LOOP_16_1 BUNDLEDNAME {} DSP 0 BRAM 0 URAM 0 DISPNAME {bind_op add}} {BINDTYPE op ID {} IMPL fabric LATENCY 0 OPTYPE add PRAGMA {} RTLNAME add_ln39_fu_315_p2 SOURCE ../code/sobel_edge.cpp:39 VARIABLE add_ln39 LOOP {} BUNDLEDNAME {} DSP 0 BRAM 0 URAM 0 DISPNAME {bind_op add}} {BINDTYPE op ID {} IMPL auto LATENCY 1 OPTYPE mul PRAGMA {} RTLNAME mul_32s_32s_32_2_1_U21 SOURCE ../code/sobel_edge.cpp:3 VARIABLE mul90 LOOP {} BUNDLEDNAME {} DSP 3 BRAM 0 URAM 0 DISPNAME {bind_op mul}} {BINDTYPE op ID {} IMPL fabric LATENCY 0 OPTYPE add PRAGMA {} RTLNAME add_ln43_fu_343_p2 SOURCE ../code/sobel_edge.cpp:43 VARIABLE add_ln43 LOOP {} BUNDLEDNAME {} DSP 0 BRAM 0 URAM 0 DISPNAME {bind_op add}}} AREA {DSP 6 BRAM 0 URAM 0}}}}'
INFO-FLOW: DBG:PUTS:      update_csynth_reports json2rpt_hw_sw_interfaces
Execute       send_msg_by_id INFO @200-1603@%s  and missed bursts 
INFO: [HLS 200-1603] Design has inferred MAXI bursts and missed bursts, see Vitis HLS GUI synthesis summary report for detailed information.
INFO-FLOW: Running: gen_csynth_sec_pragma
INFO-FLOW: Done: gen_csynth_sec_pragma time: 0 seconds per iteration
INFO-FLOW: DBG:PUTS:      update_csynth_reports wrote xml
INFO-FLOW: DBG:PUTS:      update_csynth_reports appended to csynth rpt file
INFO: [HLS 200-111] Finished Updating report files: CPU user time: 0.24 seconds. CPU system time: 0.01 seconds. Elapsed time: 0.25 seconds; current allocated memory: 957.215 MB.
INFO: [VHDL 208-304] Generating VHDL RTL for sobel_edge.
INFO: [VLOG 209-307] Generating Verilog RTL for sobel_edge.
Execute       syn_report -model sobel_edge -printsummary 
INFO: [HLS 200-790] **** Loop Constraint Status: All loop constraints were NOT satisfied.
INFO: [HLS 200-789] **** Estimated Fmax: 136.99 MHz
Command     autosyn done; 1.06 sec.
Command   csynth_design done; 4.39 sec.
INFO: [HLS 200-111] Finished Command csynth_design CPU user time: 3.81 seconds. CPU system time: 0.59 seconds. Elapsed time: 4.39 seconds; current allocated memory: 83.520 MB.
Execute   cosim_design -ldflags -L/home/fyt/.conda/envs/opencv_env/lib -Wl,-rpath,/home/fyt/.conda/envs/opencv_env/lib -lopencv_core -lopencv_imgproc -lopencv_imgcodecs 
INFO: [HLS 200-1510] Running: cosim_design -ldflags -L/home/fyt/.conda/envs/opencv_env/lib -Wl,-rpath,/home/fyt/.conda/envs/opencv_env/lib -lopencv_core -lopencv_imgproc -lopencv_imgcodecs 
Execute     source /home/fyt/teach_bili/course_3/build/sobel_edge_prj/solution1/.autopilot/db/global.setting.tcl 
Execute     source /home/fyt/teach_bili/course_3/build/sobel_edge_prj/solution1/.autopilot/db/global.setting.tcl 
Execute     source /home/fyt/teach_bili/course_3/build/sobel_edge_prj/solution1/.autopilot/db/global.setting.tcl 
INFO-FLOW: DBG:PUTS: read_platform_lib /home/fyt/teach_bili/course_3/build/sobel_edge_prj/solution1/.autopilot/db/global.setting.tcl
Execute     source /opt/Xilinx/Vitis_HLS/2022.2/common/technology/generic/autopilot/common.gen 
Execute       source /opt/Xilinx/Vitis_HLS/2022.2/common/technology/generic/autopilot/APCoreGen.gen 
Execute     source /opt/Xilinx/Vitis_HLS/2022.2/common/technology/generic/autopilot/op.gen 
Execute     source /opt/Xilinx/Vitis_HLS/2022.2/common/technology/generic/autopilot/op_simcore.gen 
Execute     source /opt/Xilinx/Vitis_HLS/2022.2/common/technology/generic/autopilot/interface.gen 
Execute     source /home/fyt/teach_bili/course_3/build/sobel_edge_prj/solution1/.autopilot/db/global.setting.tcl 
Execute     source /opt/Xilinx/Vitis_HLS/2022.2/common/technology/xilinx/common/xilinx.gen 
Execute       source /opt/Xilinx/Vitis_HLS/2022.2/common/technology/xilinx/interface/plb46.gen 
Execute       source /opt/Xilinx/Vitis_HLS/2022.2/common/technology/xilinx/interface/axi4.gen 
Execute       source /opt/Xilinx/Vitis_HLS/2022.2/common/technology/xilinx/interface/nativeAXI4.gen 
Execute         source /opt/Xilinx/Vitis_HLS/2022.2/common/technology/xilinx/interface/saxilite.gen 
Execute       source /opt/Xilinx/Vitis_HLS/2022.2/common/technology/xilinx/scripts/xilinxcoregen.gen 
Execute       source /opt/Xilinx/Vitis_HLS/2022.2/common/technology/xilinx/interface/XilEDKCoreGen.gen 
Execute       source /opt/Xilinx/Vitis_HLS/2022.2/common/technology/xilinx/ip/xfft.gen 
Execute       source /opt/Xilinx/Vitis_HLS/2022.2/common/technology/xilinx/ip/util.gen 
Execute       source /opt/Xilinx/Vitis_HLS/2022.2/common/technology/xilinx/ip/xfir.gen 
Execute       source /opt/Xilinx/Vitis_HLS/2022.2/common/technology/xilinx/ip/dds_compiler.gen 
Execute       source /opt/Xilinx/Vitis_HLS/2022.2/common/technology/xilinx/DSP48/dsp48.gen 
Execute     ap_part_info -name xc7z020-clg400-1 -data names -quiet 
Execute     ap_part_info -name xc7z020-clg400-1 -data info -quiet 
Execute     source /home/fyt/teach_bili/course_3/build/sobel_edge_prj/solution1/.autopilot/db/global.setting.tcl 
Execute     source /home/fyt/teach_bili/course_3/build/sobel_edge_prj/solution1/.autopilot/db/sobel_edge.rtl_wrap.cfg.tcl 
Execute     source /home/fyt/teach_bili/course_3/build/sobel_edge_prj/solution1/.autopilot/db/sobel_edge.tbgen.tcl 
Execute     source /home/fyt/teach_bili/course_3/build/sobel_edge_prj/solution1/.autopilot/db/sobel_edge.tbgen.tcl 
Execute     source /home/fyt/teach_bili/course_3/build/sobel_edge_prj/solution1/.autopilot/db/sobel_edge.tbgen.tcl 
Execute     source /home/fyt/teach_bili/course_3/build/sobel_edge_prj/solution1/.autopilot/db/sobel_edge.tbgen.tcl 
INFO: [COSIM 212-47] Using XSIM for RTL simulation.
INFO: [COSIM 212-14] Instrumenting C test bench ...
Execute     ap_part_info -name xc7z020-clg400-1 -data info 
INFO-FLOW: TB processing: /home/fyt/teach_bili/course_3/code/main.cpp /home/fyt/teach_bili/course_3/build/sobel_edge_prj/solution1/./sim/autowrap/testbench/main.cpp_pre.cpp
Execute     clang_tidy xilinx-tb-process -desc tb-process /home/fyt/teach_bili/course_3/build/sobel_edge_prj/solution1/./sim/autowrap/testbench/main.cpp_pre.cpp.tb.cpp std=c++14 
INFO-FLOW: exec /opt/Xilinx/Vitis_HLS/2022.2/lnx64/tools/clang-3.9-csynth/bin/clang-tidy -header-filter=.* --checks=-*,xilinx-tb-process -fix-errors /home/fyt/teach_bili/course_3/build/sobel_edge_prj/solution1/./sim/autowrap/testbench/main.cpp_pre.cpp.tb.cpp -- -std=c++14 -fhls -ferror-limit=0
Command     clang_tidy done; 1.22 sec.
Execute     ap_part_info -name xc7z020-clg400-1 -data info 
INFO-FLOW: TB processing: /home/fyt/teach_bili/course_3/code/sobel_edge.cpp /home/fyt/teach_bili/course_3/build/sobel_edge_prj/solution1/./sim/autowrap/testbench/sobel_edge.cpp_pre.cpp
Execute     clang_tidy xilinx-tb-process -desc tb-process /home/fyt/teach_bili/course_3/build/sobel_edge_prj/solution1/./sim/autowrap/testbench/sobel_edge.cpp_pre.cpp.tb.cpp std=c++14 
INFO-FLOW: exec /opt/Xilinx/Vitis_HLS/2022.2/lnx64/tools/clang-3.9-csynth/bin/clang-tidy -header-filter=.* --checks=-*,xilinx-tb-process -fix-errors /home/fyt/teach_bili/course_3/build/sobel_edge_prj/solution1/./sim/autowrap/testbench/sobel_edge.cpp_pre.cpp.tb.cpp -- -std=c++14 -fhls -ferror-limit=0
Command     clang_tidy done; 0.58 sec.
Execute     source /home/fyt/teach_bili/course_3/build/sobel_edge_prj/solution1/./sim/autowrap/testbench/tb.status.tcl 
Execute     source /home/fyt/teach_bili/course_3/build/sobel_edge_prj/solution1/.autopilot/db/global.setting.tcl 
Execute     source /home/fyt/teach_bili/course_3/build/sobel_edge_prj/solution1/.autopilot/db/sobel_edge.rtl_wrap.cfg.tcl 
Execute     source /home/fyt/teach_bili/course_3/build/sobel_edge_prj/solution1/.autopilot/db/sobel_edge.rtl_wrap.cfg.tcl 
Execute     source /home/fyt/teach_bili/course_3/build/sobel_edge_prj/solution1/.autopilot/db/sobel_edge.rtl_wrap.cfg.tcl 
Execute     source /home/fyt/teach_bili/course_3/build/sobel_edge_prj/solution1/.autopilot/db/sobel_edge.tbgen.tcl 
Execute     source /home/fyt/teach_bili/course_3/build/sobel_edge_prj/solution1/.autopilot/db/sobel_edge.tbgen.tcl 
Execute     ap_part_info -name xc7z020-clg400-1 -data info 
Execute     source .run_sim.tcl 
INFO: [COSIM 212-302] Starting C TB testing ... 
INFO: [COSIM 212-333] Generating C post check test bench ...
INFO: [COSIM 212-12] Generating RTL test bench ...
Execute     source ../tv/cdatafile/ref.tcl 
Execute     source /home/fyt/teach_bili/course_3/build/sobel_edge_prj/solution1/.autopilot/db/sobel_edge.tbgen.tcl 
Execute     source /home/fyt/teach_bili/course_3/build/sobel_edge_prj/solution1/.autopilot/db/sobel_edge.tbgen.tcl 
Execute     source /home/fyt/teach_bili/course_3/build/sobel_edge_prj/solution1/.autopilot/db/sobel_edge.tbgen.tcl 
Execute     source /home/fyt/teach_bili/course_3/build/sobel_edge_prj/solution1/.autopilot/db/sobel_edge.tbgen.tcl 
Execute     source ../tv/cdatafile/ref.tcl 
Execute     source /home/fyt/teach_bili/course_3/build/sobel_edge_prj/solution1/.autopilot/db/sobel_edge.tbgen.tcl 
Execute     source /home/fyt/teach_bili/course_3/build/sobel_edge_prj/solution1/.autopilot/db/sobel_edge.tbgen.tcl 
Execute     source /home/fyt/teach_bili/course_3/build/sobel_edge_prj/solution1/.autopilot/db/sobel_edge.tbgen.tcl 
Execute     source /home/fyt/teach_bili/course_3/build/sobel_edge_prj/solution1/.autopilot/db/sobel_edge.tbgen.tcl 
Execute     source /home/fyt/teach_bili/course_3/build/sobel_edge_prj/solution1/.autopilot/db/sobel_edge.tbgen.tcl 
Execute     source /home/fyt/teach_bili/course_3/build/sobel_edge_prj/solution1/.autopilot/db/sobel_edge.tbgen.tcl 
Execute     source /home/fyt/teach_bili/course_3/build/sobel_edge_prj/solution1/.autopilot/db/sobel_edge.tbgen.tcl 
Execute     source /home/fyt/teach_bili/course_3/build/sobel_edge_prj/solution1/.autopilot/db/sobel_edge.tbgen.tcl 
Execute     source /home/fyt/teach_bili/course_3/build/sobel_edge_prj/solution1/.autopilot/db/sobel_edge.tbgen.tcl 
Execute     source /home/fyt/teach_bili/course_3/build/sobel_edge_prj/solution1/.autopilot/db/sobel_edge.tbgen.tcl 
Execute     source /home/fyt/teach_bili/course_3/build/sobel_edge_prj/solution1/.autopilot/db/sobel_edge.tbgen.tcl 
Execute     source /home/fyt/teach_bili/course_3/build/sobel_edge_prj/solution1/.autopilot/db/sobel_edge.tbgen.tcl 
INFO: [COSIM 212-1] *** C/RTL co-simulation file generation completed. ***
Execute     source .run_sim.tcl 
Execute       source check_sim.tcl 
Execute       source dataflow_monitor_API.tcl 
Execute       source .sim.status.tcl 
INFO: [COSIM 212-323] Starting verilog simulation. 
INFO: [COSIM 212-15] Starting XSIM ...
INFO: [COSIM 212-316] Starting C post checking ...
Command     ap_source done; 6.4 sec.
INFO: [COSIM 212-1000] *** C/RTL co-simulation finished: PASS ***
INFO: [COSIM 212-211] II is measurable only when transaction number is greater than 1 in RTL simulation. Otherwise, they will be marked as all NA. If user wants to calculate them, please make sure there are at least 2 transactions in RTL simulation.
Command   cosim_design done; 12.05 sec.
INFO: [HLS 200-111] Finished Command cosim_design CPU user time: 14.44 seconds. CPU system time: 1.32 seconds. Elapsed time: 12.05 seconds; current allocated memory: 22.305 MB.
Execute   cleanup_all 
