

================================================================
== Vitis HLS Report for 'sobel_edge_Pipeline_VITIS_LOOP_17_2'
================================================================
* Date:           Sat Aug  9 02:09:03 2025

* Version:        2022.2.2 (Build 3779808 on Feb 17 2023)
* Project:        sobel_edge_prj
* Solution:       solution1 (Vivado IP Flow Target)
* Product family: zynq
* Target device:  xc7z020-clg400-1


================================================================
== Performance Estimates
================================================================
+ Timing: 
    * Summary: 
    +--------+----------+----------+------------+
    |  Clock |  Target  | Estimated| Uncertainty|
    +--------+----------+----------+------------+
    |ap_clk  |  10.00 ns|  7.300 ns|     2.70 ns|
    +--------+----------+----------+------------+

+ Latency: 
    * Summary: 
    +---------+---------+----------+----------+-----+-----+---------+
    |  Latency (cycles) |  Latency (absolute) |  Interval | Pipeline|
    |   min   |   max   |    min   |    max   | min | max |   Type  |
    +---------+---------+----------+----------+-----+-----+---------+
    |        ?|        ?|         ?|         ?|    ?|    ?|       no|
    +---------+---------+----------+----------+-----+-----+---------+

    + Detail: 
        * Instance: 
        N/A

        * Loop: 
        +-------------------+---------+---------+----------+-----------+-----------+------+----------+
        |                   |  Latency (cycles) | Iteration|  Initiation Interval  | Trip |          |
        |     Loop Name     |   min   |   max   |  Latency |  achieved |   target  | Count| Pipelined|
        +-------------------+---------+---------+----------+-----------+-----------+------+----------+
        |- VITIS_LOOP_17_2  |        ?|        ?|        19|          8|          1|     ?|       yes|
        +-------------------+---------+---------+----------+-----------+-----------+------+----------+

============================================================
+ Verbose Summary: Synthesis Manager
============================================================
InlineROM: 1
ExposeGlobal: 0
============================================================
+ Verbose Summary: CDFG Model
============================================================
IsTopModel: 0
ResetActiveHigh: 1
IsCombinational: 0
IsDatapathOnly: 0
HasWiredReturn: 1
HasMFsm: 2
HasVarLatency: 1
IsPipeline: 0
IsRtlPipelined: 0
IsInstanceOverlapped: 0
IsDontTouch: 0
HasImplIP: 0
IsGatedGlobalClock: 0

+ Individual pipeline summary: 
  * Pipeline-0: initiation interval (II) = 8, depth = 20


============================================================
+ Verbose Summary: Schedule
============================================================
* Number of FSM states : 20
* Pipeline : 1
  Pipeline-0 : II = 8, D = 20, States = { 1 2 3 4 5 6 7 8 9 10 11 12 13 14 15 16 17 18 19 20 }
* Dataflow Pipeline: 0

* FSM state transitions: 
1 --> 2 
2 --> 3 
3 --> 4 
4 --> 5 
5 --> 6 
6 --> 7 
7 --> 8 
8 --> 9 
9 --> 10 
10 --> 11 
11 --> 12 
12 --> 13 
13 --> 14 
14 --> 15 
15 --> 16 
16 --> 17 
17 --> 18 
18 --> 19 
19 --> 20 
20 --> 

* FSM state operations: 

State 1 <SV = 0> <Delay = 1.58>
ST_1 : Operation 22 [1/1] (0.00ns)   --->   "%j = alloca i32 1"   --->   Operation 22 'alloca' 'j' <Predicate = true> <Delay = 0.00>
ST_1 : Operation 23 [1/1] (0.00ns)   --->   "%indvar84 = alloca i32 1"   --->   Operation 23 'alloca' 'indvar84' <Predicate = true> <Delay = 0.00>
ST_1 : Operation 24 [1/1] (0.00ns)   --->   "%sext_ln16_2_read = read i63 @_ssdm_op_Read.ap_auto.i63, i63 %sext_ln16_2"   --->   Operation 24 'read' 'sext_ln16_2_read' <Predicate = true> <Delay = 0.00>
ST_1 : Operation 25 [1/1] (0.00ns)   --->   "%add_ln24_6_read = read i64 @_ssdm_op_Read.ap_auto.i64, i64 %add_ln24_6"   --->   Operation 25 'read' 'add_ln24_6_read' <Predicate = true> <Delay = 0.00>
ST_1 : Operation 26 [1/1] (0.00ns)   --->   "%p_cast_read = read i63 @_ssdm_op_Read.ap_auto.i63, i63 %p_cast"   --->   Operation 26 'read' 'p_cast_read' <Predicate = true> <Delay = 0.00>
ST_1 : Operation 27 [1/1] (0.00ns)   --->   "%input_r_read = read i64 @_ssdm_op_Read.ap_auto.i64, i64 %input_r"   --->   Operation 27 'read' 'input_r_read' <Predicate = true> <Delay = 0.00>
ST_1 : Operation 28 [1/1] (0.00ns)   --->   "%add_ln24_read = read i64 @_ssdm_op_Read.ap_auto.i64, i64 %add_ln24"   --->   Operation 28 'read' 'add_ln24_read' <Predicate = true> <Delay = 0.00>
ST_1 : Operation 29 [1/1] (0.00ns)   --->   "%phi_mul_read = read i63 @_ssdm_op_Read.ap_auto.i63, i63 %phi_mul"   --->   Operation 29 'read' 'phi_mul_read' <Predicate = true> <Delay = 0.00>
ST_1 : Operation 30 [1/1] (0.00ns)   --->   "%sub2_read = read i32 @_ssdm_op_Read.ap_auto.i32, i32 %sub2"   --->   Operation 30 'read' 'sub2_read' <Predicate = true> <Delay = 0.00>
ST_1 : Operation 31 [1/1] (0.00ns)   --->   "%tmp_3 = read i64 @_ssdm_op_Read.ap_auto.i64, i64 %empty"   --->   Operation 31 'read' 'tmp_3' <Predicate = true> <Delay = 0.00>
ST_1 : Operation 32 [1/1] (0.00ns)   --->   "%sext_ln16_2_cast = sext i63 %sext_ln16_2_read"   --->   Operation 32 'sext' 'sext_ln16_2_cast' <Predicate = true> <Delay = 0.00>
ST_1 : Operation 33 [1/1] (0.00ns)   --->   "%p_cast_cast = sext i63 %p_cast_read"   --->   Operation 33 'sext' 'p_cast_cast' <Predicate = true> <Delay = 0.00>
ST_1 : Operation 34 [1/1] (0.00ns)   --->   "%specinterface_ln0 = specinterface void @_ssdm_op_SpecInterface, i8 %gmem1, void @empty_2, i32 0, i32 0, void @empty_3, i32 0, i32 4096, void @empty_9, void @empty_5, void @empty_3, i32 16, i32 16, i32 16, i32 16, void @empty_3, void @empty_3, i32 4294967295, i32 0"   --->   Operation 34 'specinterface' 'specinterface_ln0' <Predicate = true> <Delay = 0.00>
ST_1 : Operation 35 [1/1] (0.00ns)   --->   "%specinterface_ln0 = specinterface void @_ssdm_op_SpecInterface, i8 %gmem0, void @empty_2, i32 0, i32 0, void @empty_3, i32 0, i32 4096, void @empty_4, void @empty_5, void @empty_3, i32 16, i32 16, i32 16, i32 16, void @empty_3, void @empty_3, i32 4294967295, i32 0"   --->   Operation 35 'specinterface' 'specinterface_ln0' <Predicate = true> <Delay = 0.00>
ST_1 : Operation 36 [1/1] (1.58ns)   --->   "%store_ln0 = store i31 0, i31 %indvar84"   --->   Operation 36 'store' 'store_ln0' <Predicate = true> <Delay = 1.58>
ST_1 : Operation 37 [1/1] (1.58ns)   --->   "%store_ln0 = store i31 1, i31 %j"   --->   Operation 37 'store' 'store_ln0' <Predicate = true> <Delay = 1.58>
ST_1 : Operation 38 [1/1] (0.00ns)   --->   "%br_ln0 = br void %for.inc.2"   --->   Operation 38 'br' 'br_ln0' <Predicate = true> <Delay = 0.00>

State 2 <SV = 1> <Delay = 7.01>
ST_2 : Operation 39 [1/1] (0.00ns)   --->   "%j_2 = load i31 %j" [../code/sobel_edge.cpp:24]   --->   Operation 39 'load' 'j_2' <Predicate = true> <Delay = 0.00>
ST_2 : Operation 40 [1/1] (0.00ns)   --->   "%indvar84_load = load i31 %indvar84" [../code/sobel_edge.cpp:17]   --->   Operation 40 'load' 'indvar84_load' <Predicate = true> <Delay = 0.00>
ST_2 : Operation 41 [1/1] (0.00ns)   --->   "%specbitsmap_ln0 = specbitsmap void @_ssdm_op_SpecBitsMap, i8 %gmem1"   --->   Operation 41 'specbitsmap' 'specbitsmap_ln0' <Predicate = true> <Delay = 0.00>
ST_2 : Operation 42 [1/1] (0.00ns)   --->   "%specbitsmap_ln0 = specbitsmap void @_ssdm_op_SpecBitsMap, i8 %gmem0"   --->   Operation 42 'specbitsmap' 'specbitsmap_ln0' <Predicate = true> <Delay = 0.00>
ST_2 : Operation 43 [1/1] (0.00ns)   --->   "%gmem1_addr = getelementptr i8 %gmem1, i64 %tmp_3" [../code/sobel_edge.cpp:17]   --->   Operation 43 'getelementptr' 'gmem1_addr' <Predicate = true> <Delay = 0.00>
ST_2 : Operation 44 [1/1] (0.00ns)   --->   "%zext_ln17_2 = zext i31 %j_2" [../code/sobel_edge.cpp:17]   --->   Operation 44 'zext' 'zext_ln17_2' <Predicate = true> <Delay = 0.00>
ST_2 : Operation 45 [1/1] (2.47ns)   --->   "%icmp_ln17 = icmp_slt  i32 %zext_ln17_2, i32 %sub2_read" [../code/sobel_edge.cpp:17]   --->   Operation 45 'icmp' 'icmp_ln17' <Predicate = true> <Delay = 2.47> <CoreInst = "Cmp">   --->   Core 9 'Cmp' <Latency = 0> <II = 1> <Delay = 2.47> <FuncUnit> <Opcode : 'icmp'> <InPorts = 2> <OutPorts = 1>
ST_2 : Operation 46 [1/1] (2.52ns)   --->   "%add_ln17 = add i31 %indvar84_load, i31 1" [../code/sobel_edge.cpp:17]   --->   Operation 46 'add' 'add_ln17' <Predicate = true> <Delay = 2.52> <CoreInst = "Adder">   --->   Core 1 'Adder' <Latency = 0> <II = 1> <Delay = 2.52> <FuncUnit> <Opcode : 'add' 'sub'> <InPorts = 2> <OutPorts = 1>
ST_2 : Operation 47 [1/1] (0.00ns)   --->   "%br_ln17 = br i1 %icmp_ln17, void %for.inc59.loopexit.exitStub, void %for.inc.2.split" [../code/sobel_edge.cpp:17]   --->   Operation 47 'br' 'br_ln17' <Predicate = true> <Delay = 0.00>
ST_2 : Operation 48 [1/1] (0.00ns)   --->   "%zext_ln17 = zext i31 %indvar84_load" [../code/sobel_edge.cpp:17]   --->   Operation 48 'zext' 'zext_ln17' <Predicate = (icmp_ln17)> <Delay = 0.00>
ST_2 : Operation 49 [1/1] (0.00ns)   --->   "%zext_ln17_1 = zext i31 %indvar84_load" [../code/sobel_edge.cpp:17]   --->   Operation 49 'zext' 'zext_ln17_1' <Predicate = (icmp_ln17)> <Delay = 0.00>
ST_2 : Operation 50 [1/1] (3.49ns)   --->   "%add_ln24_2 = add i63 %phi_mul_read, i63 %zext_ln17_1" [../code/sobel_edge.cpp:24]   --->   Operation 50 'add' 'add_ln24_2' <Predicate = (icmp_ln17)> <Delay = 3.49> <CoreInst = "Adder">   --->   Core 1 'Adder' <Latency = 0> <II = 1> <Delay = 3.49> <FuncUnit> <Opcode : 'add' 'sub'> <InPorts = 2> <OutPorts = 1>
ST_2 : Operation 51 [1/1] (0.00ns)   --->   "%sext_ln24 = sext i63 %add_ln24_2" [../code/sobel_edge.cpp:24]   --->   Operation 51 'sext' 'sext_ln24' <Predicate = (icmp_ln17)> <Delay = 0.00>
ST_2 : Operation 52 [1/1] (3.52ns)   --->   "%add_ln24_1 = add i64 %sext_ln24, i64 %add_ln24_read" [../code/sobel_edge.cpp:24]   --->   Operation 52 'add' 'add_ln24_1' <Predicate = (icmp_ln17)> <Delay = 3.52> <CoreInst = "Adder">   --->   Core 1 'Adder' <Latency = 0> <II = 1> <Delay = 3.52> <FuncUnit> <Opcode : 'add' 'sub'> <InPorts = 2> <OutPorts = 1>
ST_2 : Operation 53 [1/1] (0.00ns) (grouped into TernaryAdder)   --->   "%add_ln24_5 = add i64 %zext_ln17, i64 %input_r_read" [../code/sobel_edge.cpp:24]   --->   Operation 53 'add' 'add_ln24_5' <Predicate = (icmp_ln17)> <Delay = 0.00> <CoreInst = "TAddSub">   --->   Core 10 'TAddSub' <Latency = 0> <II = 1> <Delay = 1.87> <IPBlock> <Opcode : 'add' 'sub'> <InPorts = 3> <OutPorts = 1> <Sync> <CReg>
ST_2 : Operation 54 [1/1] (5.30ns) (root node of TernaryAdder)   --->   "%add_ln24_3 = add i64 %add_ln24_5, i64 %p_cast_cast" [../code/sobel_edge.cpp:24]   --->   Operation 54 'add' 'add_ln24_3' <Predicate = (icmp_ln17)> <Delay = 5.30> <CoreInst = "TAddSub">   --->   Core 10 'TAddSub' <Latency = 0> <II = 1> <Delay = 1.87> <IPBlock> <Opcode : 'add' 'sub'> <InPorts = 3> <OutPorts = 1> <Sync> <CReg>
ST_2 : Operation 55 [1/1] (0.00ns)   --->   "%gmem0_addr = getelementptr i8 %gmem0, i64 %add_ln24_3" [../code/sobel_edge.cpp:24]   --->   Operation 55 'getelementptr' 'gmem0_addr' <Predicate = (icmp_ln17)> <Delay = 0.00>
ST_2 : Operation 56 [1/1] (2.52ns)   --->   "%add_ln24_4 = add i31 %j_2, i31 1" [../code/sobel_edge.cpp:24]   --->   Operation 56 'add' 'add_ln24_4' <Predicate = (icmp_ln17)> <Delay = 2.52> <CoreInst = "Adder">   --->   Core 1 'Adder' <Latency = 0> <II = 1> <Delay = 2.52> <FuncUnit> <Opcode : 'add' 'sub'> <InPorts = 2> <OutPorts = 1>
ST_2 : Operation 57 [1/1] (2.52ns)   --->   "%add_ln24_8 = add i31 %j_2, i31 2147483647" [../code/sobel_edge.cpp:24]   --->   Operation 57 'add' 'add_ln24_8' <Predicate = (icmp_ln17)> <Delay = 2.52> <CoreInst = "Adder">   --->   Core 1 'Adder' <Latency = 0> <II = 1> <Delay = 2.52> <FuncUnit> <Opcode : 'add' 'sub'> <InPorts = 2> <OutPorts = 1>
ST_2 : Operation 58 [1/1] (0.00ns)   --->   "%zext_ln24_4 = zext i31 %add_ln24_8" [../code/sobel_edge.cpp:24]   --->   Operation 58 'zext' 'zext_ln24_4' <Predicate = (icmp_ln17)> <Delay = 0.00>
ST_2 : Operation 59 [1/1] (3.52ns)   --->   "%add_ln24_7 = add i64 %zext_ln24_4, i64 %add_ln24_6_read" [../code/sobel_edge.cpp:24]   --->   Operation 59 'add' 'add_ln24_7' <Predicate = (icmp_ln17)> <Delay = 3.52> <CoreInst = "Adder">   --->   Core 1 'Adder' <Latency = 0> <II = 1> <Delay = 3.52> <FuncUnit> <Opcode : 'add' 'sub'> <InPorts = 2> <OutPorts = 1>
ST_2 : Operation 60 [1/1] (0.00ns)   --->   "%gmem0_addr_1 = getelementptr i8 %gmem0, i64 %add_ln24_7" [../code/sobel_edge.cpp:24]   --->   Operation 60 'getelementptr' 'gmem0_addr_1' <Predicate = (icmp_ln17)> <Delay = 0.00>
ST_2 : Operation 61 [1/1] (0.00ns)   --->   "%gmem0_addr_3 = getelementptr i8 %gmem0, i64 %add_ln24_1" [../code/sobel_edge.cpp:24]   --->   Operation 61 'getelementptr' 'gmem0_addr_3' <Predicate = (icmp_ln17)> <Delay = 0.00>
ST_2 : Operation 62 [1/1] (1.58ns)   --->   "%store_ln17 = store i31 %add_ln17, i31 %indvar84" [../code/sobel_edge.cpp:17]   --->   Operation 62 'store' 'store_ln17' <Predicate = (icmp_ln17)> <Delay = 1.58>
ST_2 : Operation 63 [1/1] (1.58ns)   --->   "%store_ln17 = store i31 %add_ln24_4, i31 %j" [../code/sobel_edge.cpp:17]   --->   Operation 63 'store' 'store_ln17' <Predicate = (icmp_ln17)> <Delay = 1.58>

State 3 <SV = 2> <Delay = 7.30>
ST_3 : Operation 64 [7/7] (7.30ns)   --->   "%empty_24 = readreq i1 @_ssdm_op_ReadReq.m_axi.p1i8, i8 %gmem0_addr, i32 3" [../code/sobel_edge.cpp:24]   --->   Operation 64 'readreq' 'empty_24' <Predicate = (icmp_ln17)> <Delay = 7.30> <CoreInst = "m_axi">   --->   Core 113 'm_axi' <Latency = 0> <II = 1> <Delay = 1.00> <Adapter> <Opcode : 'read' 'write' 'readreq' 'writereq' 'writeresp'>
ST_3 : Operation 65 [1/1] (0.00ns)   --->   "%zext_ln24_2 = zext i31 %add_ln24_4" [../code/sobel_edge.cpp:24]   --->   Operation 65 'zext' 'zext_ln24_2' <Predicate = (icmp_ln17)> <Delay = 0.00>
ST_3 : Operation 66 [1/1] (0.00ns) (grouped into TernaryAdder)   --->   "%add_ln24_10 = add i64 %zext_ln24_2, i64 %input_r_read" [../code/sobel_edge.cpp:24]   --->   Operation 66 'add' 'add_ln24_10' <Predicate = (icmp_ln17)> <Delay = 0.00> <CoreInst = "TAddSub">   --->   Core 10 'TAddSub' <Latency = 0> <II = 1> <Delay = 1.87> <IPBlock> <Opcode : 'add' 'sub'> <InPorts = 3> <OutPorts = 1> <Sync> <CReg>
ST_3 : Operation 67 [1/1] (5.30ns) (root node of TernaryAdder)   --->   "%add_ln24_9 = add i64 %add_ln24_10, i64 %sext_ln16_2_cast" [../code/sobel_edge.cpp:24]   --->   Operation 67 'add' 'add_ln24_9' <Predicate = (icmp_ln17)> <Delay = 5.30> <CoreInst = "TAddSub">   --->   Core 10 'TAddSub' <Latency = 0> <II = 1> <Delay = 1.87> <IPBlock> <Opcode : 'add' 'sub'> <InPorts = 3> <OutPorts = 1> <Sync> <CReg>
ST_3 : Operation 68 [1/1] (0.00ns)   --->   "%gmem0_addr_2 = getelementptr i8 %gmem0, i64 %add_ln24_9" [../code/sobel_edge.cpp:24]   --->   Operation 68 'getelementptr' 'gmem0_addr_2' <Predicate = (icmp_ln17)> <Delay = 0.00>

State 4 <SV = 3> <Delay = 7.30>
ST_4 : Operation 69 [6/7] (7.30ns)   --->   "%empty_24 = readreq i1 @_ssdm_op_ReadReq.m_axi.p1i8, i8 %gmem0_addr, i32 3" [../code/sobel_edge.cpp:24]   --->   Operation 69 'readreq' 'empty_24' <Predicate = (icmp_ln17)> <Delay = 7.30> <CoreInst = "m_axi">   --->   Core 113 'm_axi' <Latency = 0> <II = 1> <Delay = 1.00> <Adapter> <Opcode : 'read' 'write' 'readreq' 'writereq' 'writeresp'>

State 5 <SV = 4> <Delay = 7.30>
ST_5 : Operation 70 [5/7] (7.30ns)   --->   "%empty_24 = readreq i1 @_ssdm_op_ReadReq.m_axi.p1i8, i8 %gmem0_addr, i32 3" [../code/sobel_edge.cpp:24]   --->   Operation 70 'readreq' 'empty_24' <Predicate = (icmp_ln17)> <Delay = 7.30> <CoreInst = "m_axi">   --->   Core 113 'm_axi' <Latency = 0> <II = 1> <Delay = 1.00> <Adapter> <Opcode : 'read' 'write' 'readreq' 'writereq' 'writeresp'>

State 6 <SV = 5> <Delay = 7.30>
ST_6 : Operation 71 [4/7] (7.30ns)   --->   "%empty_24 = readreq i1 @_ssdm_op_ReadReq.m_axi.p1i8, i8 %gmem0_addr, i32 3" [../code/sobel_edge.cpp:24]   --->   Operation 71 'readreq' 'empty_24' <Predicate = (icmp_ln17)> <Delay = 7.30> <CoreInst = "m_axi">   --->   Core 113 'm_axi' <Latency = 0> <II = 1> <Delay = 1.00> <Adapter> <Opcode : 'read' 'write' 'readreq' 'writereq' 'writeresp'>
ST_6 : Operation 72 [7/7] (7.30ns)   --->   "%pixel_V_3_req = readreq i1 @_ssdm_op_ReadReq.m_axi.i8P1A, i8 %gmem0_addr_1, i32 1" [../code/sobel_edge.cpp:24]   --->   Operation 72 'readreq' 'pixel_V_3_req' <Predicate = (icmp_ln17)> <Delay = 7.30> <CoreInst = "m_axi">   --->   Core 113 'm_axi' <Latency = 0> <II = 1> <Delay = 1.00> <Adapter> <Opcode : 'read' 'write' 'readreq' 'writereq' 'writeresp'>

State 7 <SV = 6> <Delay = 7.30>
ST_7 : Operation 73 [3/7] (7.30ns)   --->   "%empty_24 = readreq i1 @_ssdm_op_ReadReq.m_axi.p1i8, i8 %gmem0_addr, i32 3" [../code/sobel_edge.cpp:24]   --->   Operation 73 'readreq' 'empty_24' <Predicate = (icmp_ln17)> <Delay = 7.30> <CoreInst = "m_axi">   --->   Core 113 'm_axi' <Latency = 0> <II = 1> <Delay = 1.00> <Adapter> <Opcode : 'read' 'write' 'readreq' 'writereq' 'writeresp'>
ST_7 : Operation 74 [6/7] (7.30ns)   --->   "%pixel_V_3_req = readreq i1 @_ssdm_op_ReadReq.m_axi.i8P1A, i8 %gmem0_addr_1, i32 1" [../code/sobel_edge.cpp:24]   --->   Operation 74 'readreq' 'pixel_V_3_req' <Predicate = (icmp_ln17)> <Delay = 7.30> <CoreInst = "m_axi">   --->   Core 113 'm_axi' <Latency = 0> <II = 1> <Delay = 1.00> <Adapter> <Opcode : 'read' 'write' 'readreq' 'writereq' 'writeresp'>
ST_7 : Operation 75 [7/7] (7.30ns)   --->   "%pixel_V_4_req = readreq i1 @_ssdm_op_ReadReq.m_axi.i8P1A, i8 %gmem0_addr_2, i32 1" [../code/sobel_edge.cpp:24]   --->   Operation 75 'readreq' 'pixel_V_4_req' <Predicate = (icmp_ln17)> <Delay = 7.30> <CoreInst = "m_axi">   --->   Core 113 'm_axi' <Latency = 0> <II = 1> <Delay = 1.00> <Adapter> <Opcode : 'read' 'write' 'readreq' 'writereq' 'writeresp'>

State 8 <SV = 7> <Delay = 7.30>
ST_8 : Operation 76 [2/7] (7.30ns)   --->   "%empty_24 = readreq i1 @_ssdm_op_ReadReq.m_axi.p1i8, i8 %gmem0_addr, i32 3" [../code/sobel_edge.cpp:24]   --->   Operation 76 'readreq' 'empty_24' <Predicate = (icmp_ln17)> <Delay = 7.30> <CoreInst = "m_axi">   --->   Core 113 'm_axi' <Latency = 0> <II = 1> <Delay = 1.00> <Adapter> <Opcode : 'read' 'write' 'readreq' 'writereq' 'writeresp'>
ST_8 : Operation 77 [5/7] (7.30ns)   --->   "%pixel_V_3_req = readreq i1 @_ssdm_op_ReadReq.m_axi.i8P1A, i8 %gmem0_addr_1, i32 1" [../code/sobel_edge.cpp:24]   --->   Operation 77 'readreq' 'pixel_V_3_req' <Predicate = (icmp_ln17)> <Delay = 7.30> <CoreInst = "m_axi">   --->   Core 113 'm_axi' <Latency = 0> <II = 1> <Delay = 1.00> <Adapter> <Opcode : 'read' 'write' 'readreq' 'writereq' 'writeresp'>
ST_8 : Operation 78 [6/7] (7.30ns)   --->   "%pixel_V_4_req = readreq i1 @_ssdm_op_ReadReq.m_axi.i8P1A, i8 %gmem0_addr_2, i32 1" [../code/sobel_edge.cpp:24]   --->   Operation 78 'readreq' 'pixel_V_4_req' <Predicate = (icmp_ln17)> <Delay = 7.30> <CoreInst = "m_axi">   --->   Core 113 'm_axi' <Latency = 0> <II = 1> <Delay = 1.00> <Adapter> <Opcode : 'read' 'write' 'readreq' 'writereq' 'writeresp'>
ST_8 : Operation 79 [7/7] (7.30ns)   --->   "%empty_25 = readreq i1 @_ssdm_op_ReadReq.m_axi.p1i8, i8 %gmem0_addr_3, i32 3" [../code/sobel_edge.cpp:24]   --->   Operation 79 'readreq' 'empty_25' <Predicate = (icmp_ln17)> <Delay = 7.30> <CoreInst = "m_axi">   --->   Core 113 'm_axi' <Latency = 0> <II = 1> <Delay = 1.00> <Adapter> <Opcode : 'read' 'write' 'readreq' 'writereq' 'writeresp'>

State 9 <SV = 8> <Delay = 7.30>
ST_9 : Operation 80 [1/7] (7.30ns)   --->   "%empty_24 = readreq i1 @_ssdm_op_ReadReq.m_axi.p1i8, i8 %gmem0_addr, i32 3" [../code/sobel_edge.cpp:24]   --->   Operation 80 'readreq' 'empty_24' <Predicate = (icmp_ln17)> <Delay = 7.30> <CoreInst = "m_axi">   --->   Core 113 'm_axi' <Latency = 0> <II = 1> <Delay = 1.00> <Adapter> <Opcode : 'read' 'write' 'readreq' 'writereq' 'writeresp'>
ST_9 : Operation 81 [4/7] (7.30ns)   --->   "%pixel_V_3_req = readreq i1 @_ssdm_op_ReadReq.m_axi.i8P1A, i8 %gmem0_addr_1, i32 1" [../code/sobel_edge.cpp:24]   --->   Operation 81 'readreq' 'pixel_V_3_req' <Predicate = (icmp_ln17)> <Delay = 7.30> <CoreInst = "m_axi">   --->   Core 113 'm_axi' <Latency = 0> <II = 1> <Delay = 1.00> <Adapter> <Opcode : 'read' 'write' 'readreq' 'writereq' 'writeresp'>
ST_9 : Operation 82 [5/7] (7.30ns)   --->   "%pixel_V_4_req = readreq i1 @_ssdm_op_ReadReq.m_axi.i8P1A, i8 %gmem0_addr_2, i32 1" [../code/sobel_edge.cpp:24]   --->   Operation 82 'readreq' 'pixel_V_4_req' <Predicate = (icmp_ln17)> <Delay = 7.30> <CoreInst = "m_axi">   --->   Core 113 'm_axi' <Latency = 0> <II = 1> <Delay = 1.00> <Adapter> <Opcode : 'read' 'write' 'readreq' 'writereq' 'writeresp'>
ST_9 : Operation 83 [6/7] (7.30ns)   --->   "%empty_25 = readreq i1 @_ssdm_op_ReadReq.m_axi.p1i8, i8 %gmem0_addr_3, i32 3" [../code/sobel_edge.cpp:24]   --->   Operation 83 'readreq' 'empty_25' <Predicate = (icmp_ln17)> <Delay = 7.30> <CoreInst = "m_axi">   --->   Core 113 'm_axi' <Latency = 0> <II = 1> <Delay = 1.00> <Adapter> <Opcode : 'read' 'write' 'readreq' 'writereq' 'writeresp'>

State 10 <SV = 9> <Delay = 7.30>
ST_10 : Operation 84 [1/1] (7.30ns)   --->   "%pixel_V = read i8 @_ssdm_op_Read.m_axi.p1i8, i8 %gmem0_addr" [../code/sobel_edge.cpp:24]   --->   Operation 84 'read' 'pixel_V' <Predicate = true> <Delay = 7.30> <CoreInst = "m_axi">   --->   Core 113 'm_axi' <Latency = 0> <II = 1> <Delay = 1.00> <Adapter> <Opcode : 'read' 'write' 'readreq' 'writereq' 'writeresp'>
ST_10 : Operation 85 [3/7] (7.30ns)   --->   "%pixel_V_3_req = readreq i1 @_ssdm_op_ReadReq.m_axi.i8P1A, i8 %gmem0_addr_1, i32 1" [../code/sobel_edge.cpp:24]   --->   Operation 85 'readreq' 'pixel_V_3_req' <Predicate = true> <Delay = 7.30> <CoreInst = "m_axi">   --->   Core 113 'm_axi' <Latency = 0> <II = 1> <Delay = 1.00> <Adapter> <Opcode : 'read' 'write' 'readreq' 'writereq' 'writeresp'>
ST_10 : Operation 86 [4/7] (7.30ns)   --->   "%pixel_V_4_req = readreq i1 @_ssdm_op_ReadReq.m_axi.i8P1A, i8 %gmem0_addr_2, i32 1" [../code/sobel_edge.cpp:24]   --->   Operation 86 'readreq' 'pixel_V_4_req' <Predicate = true> <Delay = 7.30> <CoreInst = "m_axi">   --->   Core 113 'm_axi' <Latency = 0> <II = 1> <Delay = 1.00> <Adapter> <Opcode : 'read' 'write' 'readreq' 'writereq' 'writeresp'>
ST_10 : Operation 87 [5/7] (7.30ns)   --->   "%empty_25 = readreq i1 @_ssdm_op_ReadReq.m_axi.p1i8, i8 %gmem0_addr_3, i32 3" [../code/sobel_edge.cpp:24]   --->   Operation 87 'readreq' 'empty_25' <Predicate = true> <Delay = 7.30> <CoreInst = "m_axi">   --->   Core 113 'm_axi' <Latency = 0> <II = 1> <Delay = 1.00> <Adapter> <Opcode : 'read' 'write' 'readreq' 'writereq' 'writeresp'>

State 11 <SV = 10> <Delay = 7.30>
ST_11 : Operation 88 [1/1] (7.30ns)   --->   "%pixel_V_1 = read i8 @_ssdm_op_Read.m_axi.p1i8, i8 %gmem0_addr" [../code/sobel_edge.cpp:24]   --->   Operation 88 'read' 'pixel_V_1' <Predicate = true> <Delay = 7.30> <CoreInst = "m_axi">   --->   Core 113 'm_axi' <Latency = 0> <II = 1> <Delay = 1.00> <Adapter> <Opcode : 'read' 'write' 'readreq' 'writereq' 'writeresp'>
ST_11 : Operation 89 [2/7] (7.30ns)   --->   "%pixel_V_3_req = readreq i1 @_ssdm_op_ReadReq.m_axi.i8P1A, i8 %gmem0_addr_1, i32 1" [../code/sobel_edge.cpp:24]   --->   Operation 89 'readreq' 'pixel_V_3_req' <Predicate = true> <Delay = 7.30> <CoreInst = "m_axi">   --->   Core 113 'm_axi' <Latency = 0> <II = 1> <Delay = 1.00> <Adapter> <Opcode : 'read' 'write' 'readreq' 'writereq' 'writeresp'>
ST_11 : Operation 90 [3/7] (7.30ns)   --->   "%pixel_V_4_req = readreq i1 @_ssdm_op_ReadReq.m_axi.i8P1A, i8 %gmem0_addr_2, i32 1" [../code/sobel_edge.cpp:24]   --->   Operation 90 'readreq' 'pixel_V_4_req' <Predicate = true> <Delay = 7.30> <CoreInst = "m_axi">   --->   Core 113 'm_axi' <Latency = 0> <II = 1> <Delay = 1.00> <Adapter> <Opcode : 'read' 'write' 'readreq' 'writereq' 'writeresp'>
ST_11 : Operation 91 [4/7] (7.30ns)   --->   "%empty_25 = readreq i1 @_ssdm_op_ReadReq.m_axi.p1i8, i8 %gmem0_addr_3, i32 3" [../code/sobel_edge.cpp:24]   --->   Operation 91 'readreq' 'empty_25' <Predicate = true> <Delay = 7.30> <CoreInst = "m_axi">   --->   Core 113 'm_axi' <Latency = 0> <II = 1> <Delay = 1.00> <Adapter> <Opcode : 'read' 'write' 'readreq' 'writereq' 'writeresp'>

State 12 <SV = 11> <Delay = 7.30>
ST_12 : Operation 92 [1/1] (7.30ns)   --->   "%pixel_V_2 = read i8 @_ssdm_op_Read.m_axi.p1i8, i8 %gmem0_addr" [../code/sobel_edge.cpp:24]   --->   Operation 92 'read' 'pixel_V_2' <Predicate = true> <Delay = 7.30> <CoreInst = "m_axi">   --->   Core 113 'm_axi' <Latency = 0> <II = 1> <Delay = 1.00> <Adapter> <Opcode : 'read' 'write' 'readreq' 'writereq' 'writeresp'>
ST_12 : Operation 93 [1/7] (7.30ns)   --->   "%pixel_V_3_req = readreq i1 @_ssdm_op_ReadReq.m_axi.i8P1A, i8 %gmem0_addr_1, i32 1" [../code/sobel_edge.cpp:24]   --->   Operation 93 'readreq' 'pixel_V_3_req' <Predicate = true> <Delay = 7.30> <CoreInst = "m_axi">   --->   Core 113 'm_axi' <Latency = 0> <II = 1> <Delay = 1.00> <Adapter> <Opcode : 'read' 'write' 'readreq' 'writereq' 'writeresp'>
ST_12 : Operation 94 [2/7] (7.30ns)   --->   "%pixel_V_4_req = readreq i1 @_ssdm_op_ReadReq.m_axi.i8P1A, i8 %gmem0_addr_2, i32 1" [../code/sobel_edge.cpp:24]   --->   Operation 94 'readreq' 'pixel_V_4_req' <Predicate = true> <Delay = 7.30> <CoreInst = "m_axi">   --->   Core 113 'm_axi' <Latency = 0> <II = 1> <Delay = 1.00> <Adapter> <Opcode : 'read' 'write' 'readreq' 'writereq' 'writeresp'>
ST_12 : Operation 95 [3/7] (7.30ns)   --->   "%empty_25 = readreq i1 @_ssdm_op_ReadReq.m_axi.p1i8, i8 %gmem0_addr_3, i32 3" [../code/sobel_edge.cpp:24]   --->   Operation 95 'readreq' 'empty_25' <Predicate = true> <Delay = 7.30> <CoreInst = "m_axi">   --->   Core 113 'm_axi' <Latency = 0> <II = 1> <Delay = 1.00> <Adapter> <Opcode : 'read' 'write' 'readreq' 'writereq' 'writeresp'>
ST_12 : Operation 149 [1/1] (0.00ns)   --->   "%ret_ln0 = ret"   --->   Operation 149 'ret' 'ret_ln0' <Predicate = (!icmp_ln17)> <Delay = 0.00>

State 13 <SV = 12> <Delay = 7.30>
ST_13 : Operation 96 [1/1] (7.30ns)   --->   "%pixel_V_3 = read i8 @_ssdm_op_Read.m_axi.i8P1A, i8 %gmem0_addr_1" [../code/sobel_edge.cpp:24]   --->   Operation 96 'read' 'pixel_V_3' <Predicate = true> <Delay = 7.30> <CoreInst = "m_axi">   --->   Core 113 'm_axi' <Latency = 0> <II = 1> <Delay = 1.00> <Adapter> <Opcode : 'read' 'write' 'readreq' 'writereq' 'writeresp'>
ST_13 : Operation 97 [1/7] (7.30ns)   --->   "%pixel_V_4_req = readreq i1 @_ssdm_op_ReadReq.m_axi.i8P1A, i8 %gmem0_addr_2, i32 1" [../code/sobel_edge.cpp:24]   --->   Operation 97 'readreq' 'pixel_V_4_req' <Predicate = true> <Delay = 7.30> <CoreInst = "m_axi">   --->   Core 113 'm_axi' <Latency = 0> <II = 1> <Delay = 1.00> <Adapter> <Opcode : 'read' 'write' 'readreq' 'writereq' 'writeresp'>
ST_13 : Operation 98 [2/7] (7.30ns)   --->   "%empty_25 = readreq i1 @_ssdm_op_ReadReq.m_axi.p1i8, i8 %gmem0_addr_3, i32 3" [../code/sobel_edge.cpp:24]   --->   Operation 98 'readreq' 'empty_25' <Predicate = true> <Delay = 7.30> <CoreInst = "m_axi">   --->   Core 113 'm_axi' <Latency = 0> <II = 1> <Delay = 1.00> <Adapter> <Opcode : 'read' 'write' 'readreq' 'writereq' 'writeresp'>

State 14 <SV = 13> <Delay = 7.30>
ST_14 : Operation 99 [1/1] (7.30ns)   --->   "%pixel_V_4 = read i8 @_ssdm_op_Read.m_axi.i8P1A, i8 %gmem0_addr_2" [../code/sobel_edge.cpp:24]   --->   Operation 99 'read' 'pixel_V_4' <Predicate = true> <Delay = 7.30> <CoreInst = "m_axi">   --->   Core 113 'm_axi' <Latency = 0> <II = 1> <Delay = 1.00> <Adapter> <Opcode : 'read' 'write' 'readreq' 'writereq' 'writeresp'>
ST_14 : Operation 100 [1/7] (7.30ns)   --->   "%empty_25 = readreq i1 @_ssdm_op_ReadReq.m_axi.p1i8, i8 %gmem0_addr_3, i32 3" [../code/sobel_edge.cpp:24]   --->   Operation 100 'readreq' 'empty_25' <Predicate = true> <Delay = 7.30> <CoreInst = "m_axi">   --->   Core 113 'm_axi' <Latency = 0> <II = 1> <Delay = 1.00> <Adapter> <Opcode : 'read' 'write' 'readreq' 'writereq' 'writeresp'>

State 15 <SV = 14> <Delay = 7.30>
ST_15 : Operation 101 [1/1] (0.00ns)   --->   "%zext_ln19 = zext i8 %pixel_V_3" [../code/sobel_edge.cpp:19]   --->   Operation 101 'zext' 'zext_ln19' <Predicate = true> <Delay = 0.00>
ST_15 : Operation 102 [1/1] (0.00ns)   --->   "%zext_ln19_1 = zext i8 %pixel_V_4" [../code/sobel_edge.cpp:19]   --->   Operation 102 'zext' 'zext_ln19_1' <Predicate = true> <Delay = 0.00>
ST_15 : Operation 103 [1/1] (7.30ns)   --->   "%pixel_V_5 = read i8 @_ssdm_op_Read.m_axi.p1i8, i8 %gmem0_addr_3" [../code/sobel_edge.cpp:24]   --->   Operation 103 'read' 'pixel_V_5' <Predicate = true> <Delay = 7.30> <CoreInst = "m_axi">   --->   Core 113 'm_axi' <Latency = 0> <II = 1> <Delay = 1.00> <Adapter> <Opcode : 'read' 'write' 'readreq' 'writereq' 'writeresp'>
ST_15 : Operation 104 [1/1] (1.91ns)   --->   "%tmp = sub i9 %zext_ln19_1, i9 %zext_ln19" [../code/sobel_edge.cpp:19]   --->   Operation 104 'sub' 'tmp' <Predicate = true> <Delay = 1.91> <CoreInst = "Adder">   --->   Core 1 'Adder' <Latency = 0> <II = 1> <Delay = 1.91> <FuncUnit> <Opcode : 'add' 'sub'> <InPorts = 2> <OutPorts = 1>

State 16 <SV = 15> <Delay = 7.30>
ST_16 : Operation 105 [1/1] (7.30ns)   --->   "%pixel_V_6 = read i8 @_ssdm_op_Read.m_axi.p1i8, i8 %gmem0_addr_3" [../code/sobel_edge.cpp:24]   --->   Operation 105 'read' 'pixel_V_6' <Predicate = true> <Delay = 7.30> <CoreInst = "m_axi">   --->   Core 113 'm_axi' <Latency = 0> <II = 1> <Delay = 1.00> <Adapter> <Opcode : 'read' 'write' 'readreq' 'writereq' 'writeresp'>

State 17 <SV = 16> <Delay = 7.30>
ST_17 : Operation 106 [1/1] (0.00ns)   --->   "%zext_ln24 = zext i8 %pixel_V" [../code/sobel_edge.cpp:24]   --->   Operation 106 'zext' 'zext_ln24' <Predicate = true> <Delay = 0.00>
ST_17 : Operation 107 [1/1] (0.00ns)   --->   "%zext_ln24_1 = zext i8 %pixel_V_1" [../code/sobel_edge.cpp:24]   --->   Operation 107 'zext' 'zext_ln24_1' <Predicate = true> <Delay = 0.00>
ST_17 : Operation 108 [1/1] (0.00ns)   --->   "%zext_ln24_3 = zext i8 %pixel_V_2" [../code/sobel_edge.cpp:24]   --->   Operation 108 'zext' 'zext_ln24_3' <Predicate = true> <Delay = 0.00>
ST_17 : Operation 109 [1/1] (7.30ns)   --->   "%pixel_V_7 = read i8 @_ssdm_op_Read.m_axi.p1i8, i8 %gmem0_addr_3" [../code/sobel_edge.cpp:24]   --->   Operation 109 'read' 'pixel_V_7' <Predicate = true> <Delay = 7.30> <CoreInst = "m_axi">   --->   Core 113 'm_axi' <Latency = 0> <II = 1> <Delay = 1.00> <Adapter> <Opcode : 'read' 'write' 'readreq' 'writereq' 'writeresp'>
ST_17 : Operation 110 [1/1] (0.00ns)   --->   "%tmp_1 = bitconcatenate i10 @_ssdm_op_BitConcatenate.i10.i9.i1, i9 %tmp, i1 0" [../code/sobel_edge.cpp:19]   --->   Operation 110 'bitconcatenate' 'tmp_1' <Predicate = true> <Delay = 0.00>
ST_17 : Operation 111 [1/1] (0.00ns)   --->   "%sext_ln19 = sext i10 %tmp_1" [../code/sobel_edge.cpp:19]   --->   Operation 111 'sext' 'sext_ln19' <Predicate = true> <Delay = 0.00>
ST_17 : Operation 112 [1/1] (0.00ns)   --->   "%pixel_V_6_cast = zext i8 %pixel_V_6" [../code/sobel_edge.cpp:24]   --->   Operation 112 'zext' 'pixel_V_6_cast' <Predicate = true> <Delay = 0.00>
ST_17 : Operation 113 [1/1] (1.91ns)   --->   "%tmp3 = sub i9 %pixel_V_6_cast, i9 %zext_ln24_1" [../code/sobel_edge.cpp:24]   --->   Operation 113 'sub' 'tmp3' <Predicate = true> <Delay = 1.91> <CoreInst = "Adder">   --->   Core 1 'Adder' <Latency = 0> <II = 1> <Delay = 1.91> <FuncUnit> <Opcode : 'add' 'sub'> <InPorts = 2> <OutPorts = 1>
ST_17 : Operation 114 [1/1] (1.91ns)   --->   "%gx_4 = sub i9 %zext_ln24_3, i9 %zext_ln24" [../code/sobel_edge.cpp:25]   --->   Operation 114 'sub' 'gx_4' <Predicate = true> <Delay = 1.91> <CoreInst = "Adder">   --->   Core 1 'Adder' <Latency = 0> <II = 1> <Delay = 1.91> <FuncUnit> <Opcode : 'add' 'sub'> <InPorts = 2> <OutPorts = 1>
ST_17 : Operation 115 [1/1] (0.00ns)   --->   "%sext_ln25 = sext i9 %gx_4" [../code/sobel_edge.cpp:25]   --->   Operation 115 'sext' 'sext_ln25' <Predicate = true> <Delay = 0.00>
ST_17 : Operation 116 [1/1] (1.73ns)   --->   "%gx_5 = add i11 %sext_ln25, i11 %sext_ln19" [../code/sobel_edge.cpp:25]   --->   Operation 116 'add' 'gx_5' <Predicate = true> <Delay = 1.73> <CoreInst = "Adder">   --->   Core 1 'Adder' <Latency = 0> <II = 1> <Delay = 1.73> <FuncUnit> <Opcode : 'add' 'sub'> <InPorts = 2> <OutPorts = 1>
ST_17 : Operation 117 [1/1] (1.91ns)   --->   "%add_ln26 = add i9 %zext_ln24_3, i9 %zext_ln24" [../code/sobel_edge.cpp:26]   --->   Operation 117 'add' 'add_ln26' <Predicate = true> <Delay = 1.91> <CoreInst = "Adder">   --->   Core 1 'Adder' <Latency = 0> <II = 1> <Delay = 1.91> <FuncUnit> <Opcode : 'add' 'sub'> <InPorts = 2> <OutPorts = 1>

State 18 <SV = 17> <Delay = 5.57>
ST_18 : Operation 118 [1/1] (0.00ns)   --->   "%pixel_V_5_cast1 = zext i8 %pixel_V_5" [../code/sobel_edge.cpp:24]   --->   Operation 118 'zext' 'pixel_V_5_cast1' <Predicate = true> <Delay = 0.00>
ST_18 : Operation 119 [1/1] (0.00ns)   --->   "%pixel_V_5_cast = zext i8 %pixel_V_5" [../code/sobel_edge.cpp:24]   --->   Operation 119 'zext' 'pixel_V_5_cast' <Predicate = true> <Delay = 0.00>
ST_18 : Operation 120 [1/1] (0.00ns)   --->   "%tmp_2 = bitconcatenate i10 @_ssdm_op_BitConcatenate.i10.i9.i1, i9 %tmp3, i1 0" [../code/sobel_edge.cpp:24]   --->   Operation 120 'bitconcatenate' 'tmp_2' <Predicate = true> <Delay = 0.00>
ST_18 : Operation 121 [1/1] (0.00ns)   --->   "%sext_ln24_1 = sext i10 %tmp_2" [../code/sobel_edge.cpp:24]   --->   Operation 121 'sext' 'sext_ln24_1' <Predicate = true> <Delay = 0.00>
ST_18 : Operation 122 [1/1] (0.00ns)   --->   "%zext_ln25 = zext i8 %pixel_V_7" [../code/sobel_edge.cpp:25]   --->   Operation 122 'zext' 'zext_ln25' <Predicate = true> <Delay = 0.00>
ST_18 : Operation 123 [1/1] (0.00ns) (grouped into TernaryAdder)   --->   "%gx_6 = sub i11 %gx_5, i11 %pixel_V_5_cast1" [../code/sobel_edge.cpp:25]   --->   Operation 123 'sub' 'gx_6' <Predicate = true> <Delay = 0.00> <CoreInst = "TAddSub">   --->   Core 10 'TAddSub' <Latency = 0> <II = 1> <Delay = 1.87> <IPBlock> <Opcode : 'add' 'sub'> <InPorts = 3> <OutPorts = 1> <Sync> <CReg>
ST_18 : Operation 124 [1/1] (3.75ns) (root node of TernaryAdder)   --->   "%gx = add i11 %gx_6, i11 %zext_ln25" [../code/sobel_edge.cpp:25]   --->   Operation 124 'add' 'gx' <Predicate = true> <Delay = 3.75> <CoreInst = "TAddSub">   --->   Core 10 'TAddSub' <Latency = 0> <II = 1> <Delay = 1.87> <IPBlock> <Opcode : 'add' 'sub'> <InPorts = 3> <OutPorts = 1> <Sync> <CReg>
ST_18 : Operation 125 [1/1] (0.00ns)   --->   "%zext_ln26 = zext i9 %add_ln26" [../code/sobel_edge.cpp:26]   --->   Operation 125 'zext' 'zext_ln26' <Predicate = true> <Delay = 0.00>
ST_18 : Operation 126 [1/1] (1.82ns)   --->   "%gy_2 = sub i10 %pixel_V_5_cast, i10 %zext_ln26" [../code/sobel_edge.cpp:26]   --->   Operation 126 'sub' 'gy_2' <Predicate = true> <Delay = 1.82> <CoreInst = "Adder">   --->   Core 1 'Adder' <Latency = 0> <II = 1> <Delay = 1.82> <FuncUnit> <Opcode : 'add' 'sub'> <InPorts = 2> <OutPorts = 1>
ST_18 : Operation 127 [1/1] (0.00ns)   --->   "%sext_ln26 = sext i10 %gy_2" [../code/sobel_edge.cpp:26]   --->   Operation 127 'sext' 'sext_ln26' <Predicate = true> <Delay = 0.00>
ST_18 : Operation 128 [1/1] (0.00ns) (grouped into TernaryAdder)   --->   "%add_ln26_1 = add i11 %sext_ln24_1, i11 %zext_ln25" [../code/sobel_edge.cpp:26]   --->   Operation 128 'add' 'add_ln26_1' <Predicate = true> <Delay = 0.00> <CoreInst = "TAddSub">   --->   Core 10 'TAddSub' <Latency = 0> <II = 1> <Delay = 1.87> <IPBlock> <Opcode : 'add' 'sub'> <InPorts = 3> <OutPorts = 1> <Sync> <CReg>
ST_18 : Operation 129 [1/1] (3.75ns) (root node of TernaryAdder)   --->   "%gy = add i11 %add_ln26_1, i11 %sext_ln26" [../code/sobel_edge.cpp:26]   --->   Operation 129 'add' 'gy' <Predicate = true> <Delay = 3.75> <CoreInst = "TAddSub">   --->   Core 10 'TAddSub' <Latency = 0> <II = 1> <Delay = 1.87> <IPBlock> <Opcode : 'add' 'sub'> <InPorts = 3> <OutPorts = 1> <Sync> <CReg>
ST_18 : Operation 130 [1/1] (0.00ns)   --->   "%tmp_4 = bitselect i1 @_ssdm_op_BitSelect.i1.i11.i32, i11 %gx, i32 10" [../code/sobel_edge.cpp:31]   --->   Operation 130 'bitselect' 'tmp_4' <Predicate = true> <Delay = 0.00>
ST_18 : Operation 131 [1/1] (0.00ns)   --->   "%tmp_5 = bitselect i1 @_ssdm_op_BitSelect.i1.i11.i32, i11 %gy, i32 10" [../code/sobel_edge.cpp:31]   --->   Operation 131 'bitselect' 'tmp_5' <Predicate = true> <Delay = 0.00>

State 19 <SV = 18> <Delay = 6.52>
ST_19 : Operation 132 [1/1] (1.63ns)   --->   "%sub_ln31 = sub i11 0, i11 %gx" [../code/sobel_edge.cpp:31]   --->   Operation 132 'sub' 'sub_ln31' <Predicate = (tmp_4)> <Delay = 1.63> <CoreInst = "Adder">   --->   Core 1 'Adder' <Latency = 0> <II = 1> <Delay = 1.63> <FuncUnit> <Opcode : 'add' 'sub'> <InPorts = 2> <OutPorts = 1>
ST_19 : Operation 133 [1/1] (0.69ns)   --->   "%select_ln31 = select i1 %tmp_4, i11 %sub_ln31, i11 %gx" [../code/sobel_edge.cpp:31]   --->   Operation 133 'select' 'select_ln31' <Predicate = true> <Delay = 0.69> <CoreInst = "Sel">   --->   Core 73 'Sel' <Latency = 0> <II = 1> <Delay = 0.69> <FuncUnit> <Opcode : 'select'> <InPorts = 3> <OutPorts = 1>
ST_19 : Operation 134 [1/1] (0.00ns)   --->   "%sext_ln31 = sext i11 %select_ln31" [../code/sobel_edge.cpp:31]   --->   Operation 134 'sext' 'sext_ln31' <Predicate = true> <Delay = 0.00>
ST_19 : Operation 135 [1/1] (1.63ns)   --->   "%sub_ln31_1 = sub i11 0, i11 %gy" [../code/sobel_edge.cpp:31]   --->   Operation 135 'sub' 'sub_ln31_1' <Predicate = (tmp_5)> <Delay = 1.63> <CoreInst = "Adder">   --->   Core 1 'Adder' <Latency = 0> <II = 1> <Delay = 1.63> <FuncUnit> <Opcode : 'add' 'sub'> <InPorts = 2> <OutPorts = 1>
ST_19 : Operation 136 [1/1] (0.69ns)   --->   "%select_ln31_1 = select i1 %tmp_5, i11 %sub_ln31_1, i11 %gy" [../code/sobel_edge.cpp:31]   --->   Operation 136 'select' 'select_ln31_1' <Predicate = true> <Delay = 0.69> <CoreInst = "Sel">   --->   Core 73 'Sel' <Latency = 0> <II = 1> <Delay = 0.69> <FuncUnit> <Opcode : 'select'> <InPorts = 3> <OutPorts = 1>
ST_19 : Operation 137 [1/1] (0.00ns)   --->   "%sext_ln31_1 = sext i11 %select_ln31_1" [../code/sobel_edge.cpp:31]   --->   Operation 137 'sext' 'sext_ln31_1' <Predicate = true> <Delay = 0.00>
ST_19 : Operation 138 [1/1] (0.00ns)   --->   "%trunc_ln31 = trunc i11 %select_ln31" [../code/sobel_edge.cpp:31]   --->   Operation 138 'trunc' 'trunc_ln31' <Predicate = true> <Delay = 0.00>
ST_19 : Operation 139 [1/1] (0.00ns)   --->   "%trunc_ln31_1 = trunc i11 %select_ln31_1" [../code/sobel_edge.cpp:31]   --->   Operation 139 'trunc' 'trunc_ln31_1' <Predicate = true> <Delay = 0.00>
ST_19 : Operation 140 [1/1] (1.63ns)   --->   "%magnitude = add i12 %sext_ln31_1, i12 %sext_ln31" [../code/sobel_edge.cpp:31]   --->   Operation 140 'add' 'magnitude' <Predicate = true> <Delay = 1.63> <CoreInst = "Adder">   --->   Core 1 'Adder' <Latency = 0> <II = 1> <Delay = 1.63> <FuncUnit> <Opcode : 'add' 'sub'> <InPorts = 2> <OutPorts = 1>
ST_19 : Operation 141 [1/1] (0.00ns)   --->   "%tmp_6 = partselect i4 @_ssdm_op_PartSelect.i4.i12.i32.i32, i12 %magnitude, i32 8, i32 11" [../code/sobel_edge.cpp:32]   --->   Operation 141 'partselect' 'tmp_6' <Predicate = true> <Delay = 0.00>
ST_19 : Operation 142 [1/1] (1.30ns)   --->   "%icmp_ln32 = icmp_sgt  i4 %tmp_6, i4 0" [../code/sobel_edge.cpp:32]   --->   Operation 142 'icmp' 'icmp_ln32' <Predicate = true> <Delay = 1.30> <CoreInst = "Cmp">   --->   Core 9 'Cmp' <Latency = 0> <II = 1> <Delay = 1.30> <FuncUnit> <Opcode : 'icmp'> <InPorts = 2> <OutPorts = 1>
ST_19 : Operation 143 [1/1] (1.91ns)   --->   "%add_ln214 = add i8 %trunc_ln31_1, i8 %trunc_ln31"   --->   Operation 143 'add' 'add_ln214' <Predicate = true> <Delay = 1.91> <CoreInst = "Adder">   --->   Core 1 'Adder' <Latency = 0> <II = 1> <Delay = 1.91> <FuncUnit> <Opcode : 'add' 'sub'> <InPorts = 2> <OutPorts = 1>
ST_19 : Operation 144 [1/1] (1.24ns)   --->   "%select_ln214 = select i1 %icmp_ln32, i8 255, i8 %add_ln214"   --->   Operation 144 'select' 'select_ln214' <Predicate = true> <Delay = 1.24> <CoreInst = "Sel">   --->   Core 73 'Sel' <Latency = 0> <II = 1> <Delay = 1.24> <FuncUnit> <Opcode : 'select'> <InPorts = 3> <OutPorts = 1>

State 20 <SV = 19> <Delay = 7.30>
ST_20 : Operation 145 [1/1] (0.00ns)   --->   "%specpipeline_ln18 = specpipeline void @_ssdm_op_SpecPipeline, i32 4294967295, i32 0, i32 0, i32 0, void @empty_3" [../code/sobel_edge.cpp:18]   --->   Operation 145 'specpipeline' 'specpipeline_ln18' <Predicate = true> <Delay = 0.00>
ST_20 : Operation 146 [1/1] (0.00ns)   --->   "%specloopname_ln17 = specloopname void @_ssdm_op_SpecLoopName, void @empty_11" [../code/sobel_edge.cpp:17]   --->   Operation 146 'specloopname' 'specloopname_ln17' <Predicate = true> <Delay = 0.00>
ST_20 : Operation 147 [1/1] (7.30ns)   --->   "%write_ln32 = write void @_ssdm_op_Write.m_axi.p1i8, i8 %gmem1_addr, i8 %select_ln214, i1 1" [../code/sobel_edge.cpp:32]   --->   Operation 147 'write' 'write_ln32' <Predicate = true> <Delay = 7.30> <CoreInst = "m_axi">   --->   Core 113 'm_axi' <Latency = 0> <II = 1> <Delay = 1.00> <Adapter> <Opcode : 'read' 'write' 'readreq' 'writereq' 'writeresp'>
ST_20 : Operation 148 [1/1] (0.00ns)   --->   "%br_ln17 = br void %for.inc.2" [../code/sobel_edge.cpp:17]   --->   Operation 148 'br' 'br_ln17' <Predicate = true> <Delay = 0.00>


============================================================
+ Verbose Summary: Timing violations
============================================================
Target clock period: 10ns, clock uncertainty: 2.7ns.

 <State 1>: 1.59ns
The critical path consists of the following:
	'alloca' operation ('indvar84') [12]  (0 ns)
	'store' operation ('store_ln0') of constant 0 on local variable 'indvar84' [25]  (1.59 ns)

 <State 2>: 7.01ns
The critical path consists of the following:
	'load' operation ('indvar84_load', ../code/sobel_edge.cpp:17) on local variable 'indvar84' [30]  (0 ns)
	'add' operation ('add_ln24_2', ../code/sobel_edge.cpp:24) [43]  (3.49 ns)
	'add' operation ('add_ln24_1', ../code/sobel_edge.cpp:24) [45]  (3.52 ns)

 <State 3>: 7.3ns
The critical path consists of the following:
	bus request operation ('empty_24', ../code/sobel_edge.cpp:24) on port 'gmem0' (../code/sobel_edge.cpp:24) [49]  (7.3 ns)

 <State 4>: 7.3ns
The critical path consists of the following:
	bus request operation ('empty_24', ../code/sobel_edge.cpp:24) on port 'gmem0' (../code/sobel_edge.cpp:24) [49]  (7.3 ns)

 <State 5>: 7.3ns
The critical path consists of the following:
	bus request operation ('empty_24', ../code/sobel_edge.cpp:24) on port 'gmem0' (../code/sobel_edge.cpp:24) [49]  (7.3 ns)

 <State 6>: 7.3ns
The critical path consists of the following:
	bus request operation ('empty_24', ../code/sobel_edge.cpp:24) on port 'gmem0' (../code/sobel_edge.cpp:24) [49]  (7.3 ns)

 <State 7>: 7.3ns
The critical path consists of the following:
	bus request operation ('empty_24', ../code/sobel_edge.cpp:24) on port 'gmem0' (../code/sobel_edge.cpp:24) [49]  (7.3 ns)

 <State 8>: 7.3ns
The critical path consists of the following:
	bus request operation ('empty_24', ../code/sobel_edge.cpp:24) on port 'gmem0' (../code/sobel_edge.cpp:24) [49]  (7.3 ns)

 <State 9>: 7.3ns
The critical path consists of the following:
	bus request operation ('empty_24', ../code/sobel_edge.cpp:24) on port 'gmem0' (../code/sobel_edge.cpp:24) [49]  (7.3 ns)

 <State 10>: 7.3ns
The critical path consists of the following:
	bus read operation ('pixel.V', ../code/sobel_edge.cpp:24) on port 'gmem0' (../code/sobel_edge.cpp:24) [50]  (7.3 ns)

 <State 11>: 7.3ns
The critical path consists of the following:
	bus read operation ('pixel.V', ../code/sobel_edge.cpp:24) on port 'gmem0' (../code/sobel_edge.cpp:24) [51]  (7.3 ns)

 <State 12>: 7.3ns
The critical path consists of the following:
	bus read operation ('pixel.V', ../code/sobel_edge.cpp:24) on port 'gmem0' (../code/sobel_edge.cpp:24) [52]  (7.3 ns)

 <State 13>: 7.3ns
The critical path consists of the following:
	bus read operation ('pixel.V', ../code/sobel_edge.cpp:24) on port 'gmem0' (../code/sobel_edge.cpp:24) [63]  (7.3 ns)

 <State 14>: 7.3ns
The critical path consists of the following:
	bus read operation ('pixel.V', ../code/sobel_edge.cpp:24) on port 'gmem0' (../code/sobel_edge.cpp:24) [69]  (7.3 ns)

 <State 15>: 7.3ns
The critical path consists of the following:
	bus read operation ('pixel.V', ../code/sobel_edge.cpp:24) on port 'gmem0' (../code/sobel_edge.cpp:24) [73]  (7.3 ns)

 <State 16>: 7.3ns
The critical path consists of the following:
	bus read operation ('pixel.V', ../code/sobel_edge.cpp:24) on port 'gmem0' (../code/sobel_edge.cpp:24) [74]  (7.3 ns)

 <State 17>: 7.3ns
The critical path consists of the following:
	bus read operation ('pixel.V', ../code/sobel_edge.cpp:24) on port 'gmem0' (../code/sobel_edge.cpp:24) [75]  (7.3 ns)

 <State 18>: 5.58ns
The critical path consists of the following:
	'sub' operation ('gy_2', ../code/sobel_edge.cpp:26) [93]  (1.82 ns)
	'add' operation ('gy', ../code/sobel_edge.cpp:26) [96]  (3.76 ns)

 <State 19>: 6.52ns
The critical path consists of the following:
	'sub' operation ('sub_ln31', ../code/sobel_edge.cpp:31) [98]  (1.64 ns)
	'select' operation ('select_ln31', ../code/sobel_edge.cpp:31) [99]  (0.692 ns)
	'add' operation ('magnitude', ../code/sobel_edge.cpp:31) [107]  (1.64 ns)
	'icmp' operation ('icmp_ln32', ../code/sobel_edge.cpp:32) [109]  (1.3 ns)
	'select' operation ('select_ln214') [111]  (1.25 ns)

 <State 20>: 7.3ns
The critical path consists of the following:
	bus write operation ('write_ln32', ../code/sobel_edge.cpp:32) on port 'gmem1' (../code/sobel_edge.cpp:32) [112]  (7.3 ns)


============================================================
+ Verbose Summary: Binding
============================================================
N/A
* FSMD analyzer results:
  - Output states:
 - Input state : 
  - Chain level:
	State 1
	State 2
	State 3
	State 4
	State 5
	State 6
	State 7
	State 8
	State 9
	State 10
	State 11
	State 12
	State 13
	State 14
	State 15
	State 16
	State 17
	State 18
	State 19
	State 20


============================================================
+ Verbose Summary: Datapath Resource usage 
============================================================
N/A
