

================================================================
== Vitis HLS Report for 'sobel_edge'
================================================================
* Date:           Sat Aug  9 02:09:04 2025

* Version:        2022.2.2 (Build 3779808 on Feb 17 2023)
* Project:        sobel_edge_prj
* Solution:       solution1 (Vivado IP Flow Target)
* Product family: zynq
* Target device:  xc7z020-clg400-1


================================================================
== Performance Estimates
================================================================
+ Timing: 
    * Summary: 
    +--------+----------+----------+------------+
    |  Clock |  Target  | Estimated| Uncertainty|
    +--------+----------+----------+------------+
    |ap_clk  |  10.00 ns|  7.300 ns|     2.70 ns|
    +--------+----------+----------+------------+

+ Latency: 
    * Summary: 
    +---------+---------+----------+----------+-----+-----+---------+
    |  Latency (cycles) |  Latency (absolute) |  Interval | Pipeline|
    |   min   |   max   |    min   |    max   | min | max |   Type  |
    +---------+---------+----------+----------+-----+-----+---------+
    |        ?|        ?|         ?|         ?|    ?|    ?|       no|
    +---------+---------+----------+----------+-----+-----+---------+

    + Detail: 
        * Instance: 
        N/A

        * Loop: 
        +-------------------+---------+---------+----------+-----------+-----------+------+----------+
        |                   |  Latency (cycles) | Iteration|  Initiation Interval  | Trip |          |
        |     Loop Name     |   min   |   max   |  Latency |  achieved |   target  | Count| Pipelined|
        +-------------------+---------+---------+----------+-----------+-----------+------+----------+
        |- VITIS_LOOP_16_1  |        ?|        ?|         ?|          -|          -|     ?|        no|
        +-------------------+---------+---------+----------+-----------+-----------+------+----------+

============================================================
+ Verbose Summary: Synthesis Manager
============================================================
InlineROM: 1
ExposeGlobal: 0
============================================================
+ Verbose Summary: CDFG Model
============================================================
IsTopModel: 1
ResetActiveHigh: 1
IsCombinational: 0
IsDatapathOnly: 0
HasWiredReturn: 1
HasMFsm: 0
HasVarLatency: 1
IsPipeline: 0
IsRtlPipelined: 0
IsInstanceOverlapped: 0
IsDontTouch: 0
HasImplIP: 0
IsGatedGlobalClock: 0


============================================================
+ Verbose Summary: Schedule
============================================================
* Number of FSM states : 14
* Pipeline : 0
* Dataflow Pipeline: 0

* FSM state transitions: 
1 --> 2 
2 --> 3 11 
3 --> 4 
4 --> 5 
5 --> 6 
6 --> 7 
7 --> 8 
8 --> 9 
9 --> 10 
10 --> 2 
11 --> 12 
12 --> 13 
13 --> 14 
14 --> 

* FSM state operations: 

State 1 <SV = 0> <Delay = 6.72>
ST_1 : Operation 15 [1/1] (0.00ns)   --->   "%phi_mul = alloca i32 1"   --->   Operation 15 'alloca' 'phi_mul' <Predicate = true> <Delay = 0.00>
ST_1 : Operation 16 [1/1] (0.00ns)   --->   "%i = alloca i32 1"   --->   Operation 16 'alloca' 'i' <Predicate = true> <Delay = 0.00>
ST_1 : Operation 17 [1/1] (0.00ns)   --->   "%spectopmodule_ln3 = spectopmodule void @_ssdm_op_SpecTopModule, void @empty_8" [../code/sobel_edge.cpp:3]   --->   Operation 17 'spectopmodule' 'spectopmodule_ln3' <Predicate = true> <Delay = 0.00>
ST_1 : Operation 18 [1/1] (0.00ns)   --->   "%specinterface_ln0 = specinterface void @_ssdm_op_SpecInterface, i8 %gmem0, void @empty_2, i32 0, i32 0, void @empty_3, i32 0, i32 4096, void @empty_4, void @empty_5, void @empty_3, i32 16, i32 16, i32 16, i32 16, void @empty_3, void @empty_3, i32 4294967295, i32 0"   --->   Operation 18 'specinterface' 'specinterface_ln0' <Predicate = true> <Delay = 0.00>
ST_1 : Operation 19 [1/1] (0.00ns)   --->   "%specbitsmap_ln0 = specbitsmap void @_ssdm_op_SpecBitsMap, i8 %gmem0"   --->   Operation 19 'specbitsmap' 'specbitsmap_ln0' <Predicate = true> <Delay = 0.00>
ST_1 : Operation 20 [1/1] (0.00ns)   --->   "%specinterface_ln0 = specinterface void @_ssdm_op_SpecInterface, i8 %gmem1, void @empty_2, i32 0, i32 0, void @empty_3, i32 0, i32 4096, void @empty_9, void @empty_5, void @empty_3, i32 16, i32 16, i32 16, i32 16, void @empty_3, void @empty_3, i32 4294967295, i32 0"   --->   Operation 20 'specinterface' 'specinterface_ln0' <Predicate = true> <Delay = 0.00>
ST_1 : Operation 21 [1/1] (0.00ns)   --->   "%specbitsmap_ln0 = specbitsmap void @_ssdm_op_SpecBitsMap, i8 %gmem1"   --->   Operation 21 'specbitsmap' 'specbitsmap_ln0' <Predicate = true> <Delay = 0.00>
ST_1 : Operation 22 [1/1] (0.00ns)   --->   "%specinterface_ln0 = specinterface void @_ssdm_op_SpecInterface, i64 %input_r, void @empty_7, i32 0, i32 0, void @empty_3, i32 0, i32 0, void @empty, void @empty_0, void @empty_3, i32 0, i32 0, i32 0, i32 0, void @empty_3, void @empty_1, i32 4294967295, i32 0"   --->   Operation 22 'specinterface' 'specinterface_ln0' <Predicate = true> <Delay = 0.00>
ST_1 : Operation 23 [1/1] (0.00ns)   --->   "%specinterface_ln0 = specinterface void @_ssdm_op_SpecInterface, i64 %input_r, void @empty_13, i32 0, i32 0, void @empty_3, i32 0, i32 0, void @empty_3, void @empty_3, void @empty_3, i32 0, i32 0, i32 0, i32 0, void @empty_3, void @empty_1, i32 4294967295, i32 0"   --->   Operation 23 'specinterface' 'specinterface_ln0' <Predicate = true> <Delay = 0.00>
ST_1 : Operation 24 [1/1] (0.00ns)   --->   "%specinterface_ln0 = specinterface void @_ssdm_op_SpecInterface, i64 %output_r, void @empty_7, i32 0, i32 0, void @empty_3, i32 0, i32 0, void @empty, void @empty_14, void @empty_3, i32 0, i32 0, i32 0, i32 0, void @empty_3, void @empty_1, i32 4294967295, i32 0"   --->   Operation 24 'specinterface' 'specinterface_ln0' <Predicate = true> <Delay = 0.00>
ST_1 : Operation 25 [1/1] (0.00ns)   --->   "%specinterface_ln0 = specinterface void @_ssdm_op_SpecInterface, i64 %output_r, void @empty_13, i32 0, i32 0, void @empty_3, i32 0, i32 0, void @empty_3, void @empty_3, void @empty_3, i32 0, i32 0, i32 0, i32 0, void @empty_3, void @empty_1, i32 4294967295, i32 0"   --->   Operation 25 'specinterface' 'specinterface_ln0' <Predicate = true> <Delay = 0.00>
ST_1 : Operation 26 [1/1] (0.00ns)   --->   "%specbitsmap_ln0 = specbitsmap void @_ssdm_op_SpecBitsMap, i32 %rows"   --->   Operation 26 'specbitsmap' 'specbitsmap_ln0' <Predicate = true> <Delay = 0.00>
ST_1 : Operation 27 [1/1] (0.00ns)   --->   "%specinterface_ln0 = specinterface void @_ssdm_op_SpecInterface, i32 %rows, void @empty_7, i32 0, i32 0, void @empty_3, i32 0, i32 0, void @empty, void @empty_15, void @empty_3, i32 0, i32 0, i32 0, i32 0, void @empty_3, void @empty_3, i32 4294967295, i32 0"   --->   Operation 27 'specinterface' 'specinterface_ln0' <Predicate = true> <Delay = 0.00>
ST_1 : Operation 28 [1/1] (0.00ns)   --->   "%specinterface_ln0 = specinterface void @_ssdm_op_SpecInterface, i32 %rows, void @empty_13, i32 0, i32 0, void @empty_3, i32 0, i32 0, void @empty_3, void @empty_3, void @empty_3, i32 0, i32 0, i32 0, i32 0, void @empty_3, void @empty_3, i32 4294967295, i32 0"   --->   Operation 28 'specinterface' 'specinterface_ln0' <Predicate = true> <Delay = 0.00>
ST_1 : Operation 29 [1/1] (0.00ns)   --->   "%specbitsmap_ln0 = specbitsmap void @_ssdm_op_SpecBitsMap, i32 %cols"   --->   Operation 29 'specbitsmap' 'specbitsmap_ln0' <Predicate = true> <Delay = 0.00>
ST_1 : Operation 30 [1/1] (0.00ns)   --->   "%specinterface_ln0 = specinterface void @_ssdm_op_SpecInterface, i32 %cols, void @empty_7, i32 0, i32 0, void @empty_3, i32 0, i32 0, void @empty, void @empty_16, void @empty_3, i32 0, i32 0, i32 0, i32 0, void @empty_3, void @empty_3, i32 4294967295, i32 0"   --->   Operation 30 'specinterface' 'specinterface_ln0' <Predicate = true> <Delay = 0.00>
ST_1 : Operation 31 [1/1] (0.00ns)   --->   "%specinterface_ln0 = specinterface void @_ssdm_op_SpecInterface, i32 %cols, void @empty_13, i32 0, i32 0, void @empty_3, i32 0, i32 0, void @empty_3, void @empty_3, void @empty_3, i32 0, i32 0, i32 0, i32 0, void @empty_3, void @empty_3, i32 4294967295, i32 0"   --->   Operation 31 'specinterface' 'specinterface_ln0' <Predicate = true> <Delay = 0.00>
ST_1 : Operation 32 [1/1] (0.00ns)   --->   "%specinterface_ln0 = specinterface void @_ssdm_op_SpecInterface, i32 0, void @empty_7, i32 0, i32 0, void @empty_3, i32 0, i32 0, void @empty, void @empty_3, void @empty_3, i32 0, i32 0, i32 0, i32 0, void @empty_3, void @empty_3, i32 4294967295, i32 0"   --->   Operation 32 'specinterface' 'specinterface_ln0' <Predicate = true> <Delay = 0.00>
ST_1 : Operation 33 [1/1] (1.00ns)   --->   "%cols_read = read i32 @_ssdm_op_Read.s_axilite.i32, i32 %cols" [../code/sobel_edge.cpp:3]   --->   Operation 33 'read' 'cols_read' <Predicate = true> <Delay = 1.00> <CoreInst = "s_axilite">   --->   Core 114 's_axilite' <Latency = 0> <II = 1> <Delay = 1.00> <Adapter> <Opcode : 'read' 'write'>
ST_1 : Operation 34 [1/1] (1.00ns)   --->   "%rows_read = read i32 @_ssdm_op_Read.s_axilite.i32, i32 %rows" [../code/sobel_edge.cpp:3]   --->   Operation 34 'read' 'rows_read' <Predicate = true> <Delay = 1.00> <CoreInst = "s_axilite">   --->   Core 114 's_axilite' <Latency = 0> <II = 1> <Delay = 1.00> <Adapter> <Opcode : 'read' 'write'>
ST_1 : Operation 35 [1/1] (1.00ns)   --->   "%output_r_read = read i64 @_ssdm_op_Read.s_axilite.i64, i64 %output_r" [../code/sobel_edge.cpp:3]   --->   Operation 35 'read' 'output_r_read' <Predicate = true> <Delay = 1.00> <CoreInst = "s_axilite">   --->   Core 114 's_axilite' <Latency = 0> <II = 1> <Delay = 1.00> <Adapter> <Opcode : 'read' 'write'>
ST_1 : Operation 36 [1/1] (1.00ns)   --->   "%input_r_read = read i64 @_ssdm_op_Read.s_axilite.i64, i64 %input_r" [../code/sobel_edge.cpp:3]   --->   Operation 36 'read' 'input_r_read' <Predicate = true> <Delay = 1.00> <CoreInst = "s_axilite">   --->   Core 114 's_axilite' <Latency = 0> <II = 1> <Delay = 1.00> <Adapter> <Opcode : 'read' 'write'>
ST_1 : Operation 37 [1/1] (2.55ns)   --->   "%sub = add i32 %rows_read, i32 4294967295" [../code/sobel_edge.cpp:3]   --->   Operation 37 'add' 'sub' <Predicate = true> <Delay = 2.55> <CoreInst = "Adder">   --->   Core 1 'Adder' <Latency = 0> <II = 1> <Delay = 2.55> <FuncUnit> <Opcode : 'add' 'sub'> <InPorts = 2> <OutPorts = 1>
ST_1 : Operation 38 [1/1] (2.55ns)   --->   "%sub2 = add i32 %cols_read, i32 4294967295" [../code/sobel_edge.cpp:3]   --->   Operation 38 'add' 'sub2' <Predicate = true> <Delay = 2.55> <CoreInst = "Adder">   --->   Core 1 'Adder' <Latency = 0> <II = 1> <Delay = 2.55> <FuncUnit> <Opcode : 'add' 'sub'> <InPorts = 2> <OutPorts = 1>
ST_1 : Operation 39 [1/1] (0.00ns)   --->   "%tmp = partselect i31 @_ssdm_op_PartSelect.i31.i32.i32.i32, i32 %sub2, i32 1, i32 31" [../code/sobel_edge.cpp:3]   --->   Operation 39 'partselect' 'tmp' <Predicate = true> <Delay = 0.00>
ST_1 : Operation 40 [1/1] (2.47ns)   --->   "%icmp = icmp_sgt  i31 %tmp, i31 0" [../code/sobel_edge.cpp:3]   --->   Operation 40 'icmp' 'icmp' <Predicate = true> <Delay = 2.47> <CoreInst = "Cmp">   --->   Core 9 'Cmp' <Latency = 0> <II = 1> <Delay = 2.47> <FuncUnit> <Opcode : 'icmp'> <InPorts = 2> <OutPorts = 1>
ST_1 : Operation 41 [1/1] (0.00ns)   --->   "%sext_ln16 = sext i32 %cols_read" [../code/sobel_edge.cpp:16]   --->   Operation 41 'sext' 'sext_ln16' <Predicate = true> <Delay = 0.00>
ST_1 : Operation 42 [1/1] (0.00ns)   --->   "%sext_ln16_1 = sext i32 %cols_read" [../code/sobel_edge.cpp:16]   --->   Operation 42 'sext' 'sext_ln16_1' <Predicate = true> <Delay = 0.00>
ST_1 : Operation 43 [1/1] (0.00ns)   --->   "%shl_ln = bitconcatenate i33 @_ssdm_op_BitConcatenate.i33.i32.i1, i32 %cols_read, i1 0" [../code/sobel_edge.cpp:16]   --->   Operation 43 'bitconcatenate' 'shl_ln' <Predicate = true> <Delay = 0.00>
ST_1 : Operation 44 [1/1] (0.00ns)   --->   "%sext_ln17 = sext i33 %shl_ln" [../code/sobel_edge.cpp:17]   --->   Operation 44 'sext' 'sext_ln17' <Predicate = true> <Delay = 0.00>
ST_1 : Operation 45 [1/1] (2.55ns)   --->   "%add_ln17 = add i32 %cols_read, i32 4294967294" [../code/sobel_edge.cpp:17]   --->   Operation 45 'add' 'add_ln17' <Predicate = true> <Delay = 2.55> <CoreInst = "Adder">   --->   Core 1 'Adder' <Latency = 0> <II = 1> <Delay = 2.55> <FuncUnit> <Opcode : 'add' 'sub'> <InPorts = 2> <OutPorts = 1>
ST_1 : Operation 46 [1/1] (0.69ns)   --->   "%empty = select i1 %icmp, i32 %add_ln17, i32 0" [../code/sobel_edge.cpp:3]   --->   Operation 46 'select' 'empty' <Predicate = true> <Delay = 0.69> <CoreInst = "Sel">   --->   Core 73 'Sel' <Latency = 0> <II = 1> <Delay = 0.69> <FuncUnit> <Opcode : 'select'> <InPorts = 3> <OutPorts = 1>
ST_1 : Operation 47 [1/1] (2.55ns)   --->   "%tmp5 = add i33 %sext_ln16_1, i33 1" [../code/sobel_edge.cpp:16]   --->   Operation 47 'add' 'tmp5' <Predicate = true> <Delay = 2.55> <CoreInst = "Adder">   --->   Core 1 'Adder' <Latency = 0> <II = 1> <Delay = 2.55> <FuncUnit> <Opcode : 'add' 'sub'> <InPorts = 2> <OutPorts = 1>
ST_1 : Operation 48 [1/1] (0.00ns)   --->   "%tmp5_cast = sext i33 %tmp5" [../code/sobel_edge.cpp:16]   --->   Operation 48 'sext' 'tmp5_cast' <Predicate = true> <Delay = 0.00>
ST_1 : Operation 49 [1/1] (3.52ns)   --->   "%add_ln24 = add i64 %sext_ln17, i64 %input_r_read" [../code/sobel_edge.cpp:24]   --->   Operation 49 'add' 'add_ln24' <Predicate = true> <Delay = 3.52> <CoreInst = "Adder">   --->   Core 1 'Adder' <Latency = 0> <II = 1> <Delay = 3.52> <FuncUnit> <Opcode : 'add' 'sub'> <InPorts = 2> <OutPorts = 1>
ST_1 : Operation 50 [1/1] (1.58ns)   --->   "%store_ln16 = store i31 1, i31 %i" [../code/sobel_edge.cpp:16]   --->   Operation 50 'store' 'store_ln16' <Predicate = true> <Delay = 1.58>
ST_1 : Operation 51 [1/1] (1.58ns)   --->   "%store_ln16 = store i63 0, i63 %phi_mul" [../code/sobel_edge.cpp:16]   --->   Operation 51 'store' 'store_ln16' <Predicate = true> <Delay = 1.58>
ST_1 : Operation 52 [1/1] (0.00ns)   --->   "%br_ln16 = br void %VITIS_LOOP_17_2" [../code/sobel_edge.cpp:16]   --->   Operation 52 'br' 'br_ln16' <Predicate = true> <Delay = 0.00>

State 2 <SV = 1> <Delay = 6.91>
ST_2 : Operation 53 [1/1] (0.00ns)   --->   "%phi_mul_load = load i63 %phi_mul" [../code/sobel_edge.cpp:16]   --->   Operation 53 'load' 'phi_mul_load' <Predicate = true> <Delay = 0.00>
ST_2 : Operation 54 [1/1] (0.00ns)   --->   "%i_2 = load i31 %i" [../code/sobel_edge.cpp:16]   --->   Operation 54 'load' 'i_2' <Predicate = true> <Delay = 0.00>
ST_2 : Operation 55 [1/1] (3.49ns)   --->   "%add_ln16_1 = add i63 %phi_mul_load, i63 %sext_ln16" [../code/sobel_edge.cpp:16]   --->   Operation 55 'add' 'add_ln16_1' <Predicate = true> <Delay = 3.49> <CoreInst = "Adder">   --->   Core 1 'Adder' <Latency = 0> <II = 1> <Delay = 3.49> <FuncUnit> <Opcode : 'add' 'sub'> <InPorts = 2> <OutPorts = 1>
ST_2 : Operation 56 [1/1] (0.00ns)   --->   "%zext_ln16_1 = zext i31 %i_2" [../code/sobel_edge.cpp:16]   --->   Operation 56 'zext' 'zext_ln16_1' <Predicate = true> <Delay = 0.00>
ST_2 : Operation 57 [1/1] (2.47ns)   --->   "%icmp_ln16 = icmp_slt  i32 %zext_ln16_1, i32 %sub" [../code/sobel_edge.cpp:16]   --->   Operation 57 'icmp' 'icmp_ln16' <Predicate = true> <Delay = 2.47> <CoreInst = "Cmp">   --->   Core 9 'Cmp' <Latency = 0> <II = 1> <Delay = 2.47> <FuncUnit> <Opcode : 'icmp'> <InPorts = 2> <OutPorts = 1>
ST_2 : Operation 58 [1/1] (0.00ns)   --->   "%br_ln16 = br i1 %icmp_ln16, void %for.inc77.preheader, void %VITIS_LOOP_17_2.split" [../code/sobel_edge.cpp:16]   --->   Operation 58 'br' 'br_ln16' <Predicate = true> <Delay = 0.00>
ST_2 : Operation 59 [1/1] (0.00ns)   --->   "%zext_ln16 = zext i31 %i_2" [../code/sobel_edge.cpp:16]   --->   Operation 59 'zext' 'zext_ln16' <Predicate = (icmp_ln16)> <Delay = 0.00>
ST_2 : Operation 60 [1/1] (0.00ns)   --->   "%p_cast = sext i63 %phi_mul_load" [../code/sobel_edge.cpp:16]   --->   Operation 60 'sext' 'p_cast' <Predicate = (icmp_ln16)> <Delay = 0.00>
ST_2 : Operation 61 [1/1] (0.00ns) (grouped into TernaryAdder)   --->   "%tmp2 = add i64 %p_cast, i64 %output_r_read" [../code/sobel_edge.cpp:16]   --->   Operation 61 'add' 'tmp2' <Predicate = (icmp_ln16)> <Delay = 0.00> <CoreInst = "TAddSub">   --->   Core 10 'TAddSub' <Latency = 0> <II = 1> <Delay = 2.65> <IPBlock> <Opcode : 'add' 'sub'> <InPorts = 3> <OutPorts = 1> <Sync> <CReg>
ST_2 : Operation 62 [1/1] (5.30ns) (root node of TernaryAdder)   --->   "%empty_26 = add i64 %tmp5_cast, i64 %tmp2" [../code/sobel_edge.cpp:16]   --->   Operation 62 'add' 'empty_26' <Predicate = (icmp_ln16)> <Delay = 5.30> <CoreInst = "TAddSub">   --->   Core 10 'TAddSub' <Latency = 0> <II = 1> <Delay = 2.65> <IPBlock> <Opcode : 'add' 'sub'> <InPorts = 3> <OutPorts = 1> <Sync> <CReg>
ST_2 : Operation 63 [2/2] (6.91ns)   --->   "%empty_27 = mul i63 %zext_ln16, i63 %sext_ln16" [../code/sobel_edge.cpp:16]   --->   Operation 63 'mul' 'empty_27' <Predicate = (icmp_ln16)> <Delay = 6.91> <CoreInst = "Multiplier">   --->   Core 3 'Multiplier' <Latency = 1> <II = 1> <Delay = 6.91> <FuncUnit> <Opcode : 'mul'> <InPorts = 2> <OutPorts = 1>
ST_2 : Operation 64 [1/1] (2.52ns)   --->   "%add_ln16 = add i31 %i_2, i31 1" [../code/sobel_edge.cpp:16]   --->   Operation 64 'add' 'add_ln16' <Predicate = (icmp_ln16)> <Delay = 2.52> <CoreInst = "Adder">   --->   Core 1 'Adder' <Latency = 0> <II = 1> <Delay = 2.52> <FuncUnit> <Opcode : 'add' 'sub'> <InPorts = 2> <OutPorts = 1>
ST_2 : Operation 65 [1/1] (1.58ns)   --->   "%store_ln16 = store i31 %add_ln16, i31 %i" [../code/sobel_edge.cpp:16]   --->   Operation 65 'store' 'store_ln16' <Predicate = (icmp_ln16)> <Delay = 1.58>
ST_2 : Operation 66 [1/1] (1.58ns)   --->   "%store_ln16 = store i63 %add_ln16_1, i63 %phi_mul" [../code/sobel_edge.cpp:16]   --->   Operation 66 'store' 'store_ln16' <Predicate = (icmp_ln16)> <Delay = 1.58>
ST_2 : Operation 67 [1/1] (2.55ns)   --->   "%add_ln39 = add i33 %sext_ln16_1, i33 8589934591" [../code/sobel_edge.cpp:39]   --->   Operation 67 'add' 'add_ln39' <Predicate = (!icmp_ln16)> <Delay = 2.55> <CoreInst = "Adder">   --->   Core 1 'Adder' <Latency = 0> <II = 1> <Delay = 2.55> <FuncUnit> <Opcode : 'add' 'sub'> <InPorts = 2> <OutPorts = 1>
ST_2 : Operation 68 [2/2] (0.00ns)   --->   "%call_ln3 = call void @sobel_edge_Pipeline_VITIS_LOOP_37_5, i8 %gmem1, i32 %rows_read, i32 %cols_read, i64 %output_r_read, i33 %add_ln39" [../code/sobel_edge.cpp:3]   --->   Operation 68 'call' 'call_ln3' <Predicate = (!icmp_ln16)> <Delay = 0.00> <CoreType = "Generic">   --->   Core 0 '' <Latency = 0> <II = 1> <Delay = 1.00> <Generic> <Opcode : >
ST_2 : Operation 69 [2/2] (6.91ns)   --->   "%mul90 = mul i32 %sub, i32 %cols_read" [../code/sobel_edge.cpp:3]   --->   Operation 69 'mul' 'mul90' <Predicate = (!icmp_ln16)> <Delay = 6.91> <CoreInst = "Multiplier">   --->   Core 3 'Multiplier' <Latency = 1> <II = 1> <Delay = 6.91> <FuncUnit> <Opcode : 'mul'> <InPorts = 2> <OutPorts = 1>

State 3 <SV = 2> <Delay = 7.30>
ST_3 : Operation 70 [1/2] (6.91ns)   --->   "%empty_27 = mul i63 %zext_ln16, i63 %sext_ln16" [../code/sobel_edge.cpp:16]   --->   Operation 70 'mul' 'empty_27' <Predicate = true> <Delay = 6.91> <CoreInst = "Multiplier">   --->   Core 3 'Multiplier' <Latency = 1> <II = 1> <Delay = 6.91> <FuncUnit> <Opcode : 'mul'> <InPorts = 2> <OutPorts = 1>
ST_3 : Operation 71 [1/1] (0.00ns)   --->   "%gmem1_addr = getelementptr i8 %gmem1, i64 %empty_26" [../code/sobel_edge.cpp:17]   --->   Operation 71 'getelementptr' 'gmem1_addr' <Predicate = true> <Delay = 0.00>
ST_3 : Operation 72 [1/1] (7.30ns)   --->   "%empty_28 = writereq i1 @_ssdm_op_WriteReq.m_axi.p1i8, i8 %gmem1_addr, i32 %empty" [../code/sobel_edge.cpp:17]   --->   Operation 72 'writereq' 'empty_28' <Predicate = true> <Delay = 7.30> <CoreInst = "m_axi">   --->   Core 113 'm_axi' <Latency = 0> <II = 1> <Delay = 1.00> <Adapter> <Opcode : 'read' 'write' 'readreq' 'writereq' 'writeresp'>

State 4 <SV = 3> <Delay = 3.52>
ST_4 : Operation 73 [1/1] (0.00ns)   --->   "%sext_ln16_2 = sext i63 %empty_27" [../code/sobel_edge.cpp:16]   --->   Operation 73 'sext' 'sext_ln16_2' <Predicate = true> <Delay = 0.00>
ST_4 : Operation 74 [1/1] (3.52ns)   --->   "%add_ln24_6 = add i64 %sext_ln16_2, i64 %input_r_read" [../code/sobel_edge.cpp:24]   --->   Operation 74 'add' 'add_ln24_6' <Predicate = true> <Delay = 3.52> <CoreInst = "Adder">   --->   Core 1 'Adder' <Latency = 0> <II = 1> <Delay = 3.52> <FuncUnit> <Opcode : 'add' 'sub'> <InPorts = 2> <OutPorts = 1>
ST_4 : Operation 75 [2/2] (0.00ns)   --->   "%call_ln16 = call void @sobel_edge_Pipeline_VITIS_LOOP_17_2, i8 %gmem1, i8 %gmem0, i64 %empty_26, i32 %sub2, i63 %phi_mul_load, i64 %add_ln24, i64 %input_r_read, i63 %phi_mul_load, i64 %add_ln24_6, i63 %empty_27" [../code/sobel_edge.cpp:16]   --->   Operation 75 'call' 'call_ln16' <Predicate = true> <Delay = 0.00> <CoreType = "Generic">   --->   Core 0 '' <Latency = 0> <II = 1> <Delay = 1.00> <Generic> <Opcode : >

State 5 <SV = 4> <Delay = 0.00>
ST_5 : Operation 76 [1/2] (0.00ns)   --->   "%call_ln16 = call void @sobel_edge_Pipeline_VITIS_LOOP_17_2, i8 %gmem1, i8 %gmem0, i64 %empty_26, i32 %sub2, i63 %phi_mul_load, i64 %add_ln24, i64 %input_r_read, i63 %phi_mul_load, i64 %add_ln24_6, i63 %empty_27" [../code/sobel_edge.cpp:16]   --->   Operation 76 'call' 'call_ln16' <Predicate = true> <Delay = 0.00> <CoreType = "Generic">   --->   Core 0 '' <Latency = 0> <II = 1> <Delay = 1.00> <Generic> <Opcode : >

State 6 <SV = 5> <Delay = 7.30>
ST_6 : Operation 77 [5/5] (7.30ns)   --->   "%empty_29 = writeresp i1 @_ssdm_op_WriteResp.m_axi.p1i8, i8 %gmem1_addr" [../code/sobel_edge.cpp:16]   --->   Operation 77 'writeresp' 'empty_29' <Predicate = true> <Delay = 7.30> <CoreInst = "m_axi">   --->   Core 113 'm_axi' <Latency = 0> <II = 1> <Delay = 1.00> <Adapter> <Opcode : 'read' 'write' 'readreq' 'writereq' 'writeresp'>

State 7 <SV = 6> <Delay = 7.30>
ST_7 : Operation 78 [4/5] (7.30ns)   --->   "%empty_29 = writeresp i1 @_ssdm_op_WriteResp.m_axi.p1i8, i8 %gmem1_addr" [../code/sobel_edge.cpp:16]   --->   Operation 78 'writeresp' 'empty_29' <Predicate = true> <Delay = 7.30> <CoreInst = "m_axi">   --->   Core 113 'm_axi' <Latency = 0> <II = 1> <Delay = 1.00> <Adapter> <Opcode : 'read' 'write' 'readreq' 'writereq' 'writeresp'>

State 8 <SV = 7> <Delay = 7.30>
ST_8 : Operation 79 [3/5] (7.30ns)   --->   "%empty_29 = writeresp i1 @_ssdm_op_WriteResp.m_axi.p1i8, i8 %gmem1_addr" [../code/sobel_edge.cpp:16]   --->   Operation 79 'writeresp' 'empty_29' <Predicate = true> <Delay = 7.30> <CoreInst = "m_axi">   --->   Core 113 'm_axi' <Latency = 0> <II = 1> <Delay = 1.00> <Adapter> <Opcode : 'read' 'write' 'readreq' 'writereq' 'writeresp'>

State 9 <SV = 8> <Delay = 7.30>
ST_9 : Operation 80 [2/5] (7.30ns)   --->   "%empty_29 = writeresp i1 @_ssdm_op_WriteResp.m_axi.p1i8, i8 %gmem1_addr" [../code/sobel_edge.cpp:16]   --->   Operation 80 'writeresp' 'empty_29' <Predicate = true> <Delay = 7.30> <CoreInst = "m_axi">   --->   Core 113 'm_axi' <Latency = 0> <II = 1> <Delay = 1.00> <Adapter> <Opcode : 'read' 'write' 'readreq' 'writereq' 'writeresp'>

State 10 <SV = 9> <Delay = 7.30>
ST_10 : Operation 81 [1/1] (0.00ns)   --->   "%specloopname_ln16 = specloopname void @_ssdm_op_SpecLoopName, void @empty_12" [../code/sobel_edge.cpp:16]   --->   Operation 81 'specloopname' 'specloopname_ln16' <Predicate = true> <Delay = 0.00>
ST_10 : Operation 82 [1/5] (7.30ns)   --->   "%empty_29 = writeresp i1 @_ssdm_op_WriteResp.m_axi.p1i8, i8 %gmem1_addr" [../code/sobel_edge.cpp:16]   --->   Operation 82 'writeresp' 'empty_29' <Predicate = true> <Delay = 7.30> <CoreInst = "m_axi">   --->   Core 113 'm_axi' <Latency = 0> <II = 1> <Delay = 1.00> <Adapter> <Opcode : 'read' 'write' 'readreq' 'writereq' 'writeresp'>
ST_10 : Operation 83 [1/1] (0.00ns)   --->   "%br_ln16 = br void %VITIS_LOOP_17_2" [../code/sobel_edge.cpp:16]   --->   Operation 83 'br' 'br_ln16' <Predicate = true> <Delay = 0.00>

State 11 <SV = 2> <Delay = 6.91>
ST_11 : Operation 84 [1/2] (0.00ns)   --->   "%call_ln3 = call void @sobel_edge_Pipeline_VITIS_LOOP_37_5, i8 %gmem1, i32 %rows_read, i32 %cols_read, i64 %output_r_read, i33 %add_ln39" [../code/sobel_edge.cpp:3]   --->   Operation 84 'call' 'call_ln3' <Predicate = true> <Delay = 0.00> <CoreType = "Generic">   --->   Core 0 '' <Latency = 0> <II = 1> <Delay = 1.00> <Generic> <Opcode : >
ST_11 : Operation 85 [1/2] (6.91ns)   --->   "%mul90 = mul i32 %sub, i32 %cols_read" [../code/sobel_edge.cpp:3]   --->   Operation 85 'mul' 'mul90' <Predicate = true> <Delay = 6.91> <CoreInst = "Multiplier">   --->   Core 3 'Multiplier' <Latency = 1> <II = 1> <Delay = 6.91> <FuncUnit> <Opcode : 'mul'> <InPorts = 2> <OutPorts = 1>

State 12 <SV = 3> <Delay = 3.52>
ST_12 : Operation 86 [1/1] (0.00ns)   --->   "%sext_ln41 = sext i32 %mul90" [../code/sobel_edge.cpp:41]   --->   Operation 86 'sext' 'sext_ln41' <Predicate = true> <Delay = 0.00>
ST_12 : Operation 87 [1/1] (3.52ns)   --->   "%add_ln43 = add i64 %sext_ln41, i64 %output_r_read" [../code/sobel_edge.cpp:43]   --->   Operation 87 'add' 'add_ln43' <Predicate = true> <Delay = 3.52> <CoreInst = "Adder">   --->   Core 1 'Adder' <Latency = 0> <II = 1> <Delay = 3.52> <FuncUnit> <Opcode : 'add' 'sub'> <InPorts = 2> <OutPorts = 1>

State 13 <SV = 4> <Delay = 4.06>
ST_13 : Operation 88 [2/2] (4.06ns)   --->   "%call_ln3 = call void @sobel_edge_Pipeline_VITIS_LOOP_41_6, i8 %gmem1, i32 %cols_read, i64 %output_r_read, i64 %add_ln43" [../code/sobel_edge.cpp:3]   --->   Operation 88 'call' 'call_ln3' <Predicate = true> <Delay = 4.06> <CoreType = "Generic">   --->   Core 0 '' <Latency = 0> <II = 1> <Delay = 1.00> <Generic> <Opcode : >

State 14 <SV = 5> <Delay = 0.00>
ST_14 : Operation 89 [1/2] (0.00ns)   --->   "%call_ln3 = call void @sobel_edge_Pipeline_VITIS_LOOP_41_6, i8 %gmem1, i32 %cols_read, i64 %output_r_read, i64 %add_ln43" [../code/sobel_edge.cpp:3]   --->   Operation 89 'call' 'call_ln3' <Predicate = true> <Delay = 0.00> <CoreType = "Generic">   --->   Core 0 '' <Latency = 0> <II = 1> <Delay = 1.00> <Generic> <Opcode : >
ST_14 : Operation 90 [1/1] (0.00ns)   --->   "%ret_ln45 = ret" [../code/sobel_edge.cpp:45]   --->   Operation 90 'ret' 'ret_ln45' <Predicate = true> <Delay = 0.00>


============================================================
+ Verbose Summary: Timing violations
============================================================
Target clock period: 10ns, clock uncertainty: 2.7ns.

 <State 1>: 6.72ns
The critical path consists of the following:
	s_axi read operation ('cols_read', ../code/sobel_edge.cpp:3) on port 'cols' (../code/sobel_edge.cpp:3) [25]  (1 ns)
	'add' operation ('sub2', ../code/sobel_edge.cpp:3) [30]  (2.55 ns)
	'icmp' operation ('icmp', ../code/sobel_edge.cpp:3) [32]  (2.47 ns)
	'select' operation ('empty', ../code/sobel_edge.cpp:3) [38]  (0.698 ns)

 <State 2>: 6.91ns
The critical path consists of the following:
	'mul' operation ('mul90', ../code/sobel_edge.cpp:3) [72]  (6.91 ns)

 <State 3>: 7.3ns
The critical path consists of the following:
	'getelementptr' operation ('gmem1_addr', ../code/sobel_edge.cpp:17) [61]  (0 ns)
	bus request operation ('empty_28', ../code/sobel_edge.cpp:17) on port 'gmem1' (../code/sobel_edge.cpp:17) [62]  (7.3 ns)

 <State 4>: 3.52ns
The critical path consists of the following:
	'add' operation ('add_ln24_6', ../code/sobel_edge.cpp:24) [63]  (3.52 ns)

 <State 5>: 0ns
The critical path consists of the following:

 <State 6>: 7.3ns
The critical path consists of the following:
	bus response operation ('empty_29', ../code/sobel_edge.cpp:16) on port 'gmem1' (../code/sobel_edge.cpp:16) [65]  (7.3 ns)

 <State 7>: 7.3ns
The critical path consists of the following:
	bus response operation ('empty_29', ../code/sobel_edge.cpp:16) on port 'gmem1' (../code/sobel_edge.cpp:16) [65]  (7.3 ns)

 <State 8>: 7.3ns
The critical path consists of the following:
	bus response operation ('empty_29', ../code/sobel_edge.cpp:16) on port 'gmem1' (../code/sobel_edge.cpp:16) [65]  (7.3 ns)

 <State 9>: 7.3ns
The critical path consists of the following:
	bus response operation ('empty_29', ../code/sobel_edge.cpp:16) on port 'gmem1' (../code/sobel_edge.cpp:16) [65]  (7.3 ns)

 <State 10>: 7.3ns
The critical path consists of the following:
	bus response operation ('empty_29', ../code/sobel_edge.cpp:16) on port 'gmem1' (../code/sobel_edge.cpp:16) [65]  (7.3 ns)

 <State 11>: 6.91ns
The critical path consists of the following:
	'mul' operation ('mul90', ../code/sobel_edge.cpp:3) [72]  (6.91 ns)

 <State 12>: 3.52ns
The critical path consists of the following:
	'add' operation ('add_ln43', ../code/sobel_edge.cpp:43) [74]  (3.52 ns)

 <State 13>: 4.06ns
The critical path consists of the following:
	'call' operation ('call_ln3', ../code/sobel_edge.cpp:3) to 'sobel_edge_Pipeline_VITIS_LOOP_41_6' [75]  (4.06 ns)

 <State 14>: 0ns
The critical path consists of the following:


============================================================
+ Verbose Summary: Binding
============================================================
N/A
* FSMD analyzer results:
  - Output states:
 - Input state : 
  - Chain level:
	State 1
	State 2
	State 3
	State 4
	State 5
	State 6
	State 7
	State 8
	State 9
	State 10
	State 11
	State 12
	State 13
	State 14


============================================================
+ Verbose Summary: Datapath Resource usage 
============================================================
N/A
