

================================================================
== Vitis HLS Report for 'sobel_edge'
================================================================
* Date:           Sat Aug  9 02:09:04 2025

* Version:        2022.2.2 (Build 3779808 on Feb 17 2023)
* Project:        sobel_edge_prj
* Solution:       solution1 (Vivado IP Flow Target)
* Product family: zynq
* Target device:  xc7z020-clg400-1


================================================================
== Performance Estimates
================================================================
+ Timing: 
    * Summary: 
    +--------+----------+----------+------------+
    |  Clock |  Target  | Estimated| Uncertainty|
    +--------+----------+----------+------------+
    |ap_clk  |  10.00 ns|  7.300 ns|     2.70 ns|
    +--------+----------+----------+------------+

+ Latency: 
    * Summary: 
    +---------+---------+----------+----------+-----+-----+---------+
    |  Latency (cycles) |  Latency (absolute) |  Interval | Pipeline|
    |   min   |   max   |    min   |    max   | min | max |   Type  |
    +---------+---------+----------+----------+-----+-----+---------+
    |        ?|        ?|         ?|         ?|    ?|    ?|       no|
    +---------+---------+----------+----------+-----+-----+---------+

    + Detail: 
        * Instance: 
        +------------------------------------------------+-------------------------------------+---------+---------+----------+----------+-----+-----+---------+
        |                                                |                                     |  Latency (cycles) |  Latency (absolute) |  Interval | Pipeline|
        |                    Instance                    |                Module               |   min   |   max   |    min   |    max   | min | max |   Type  |
        +------------------------------------------------+-------------------------------------+---------+---------+----------+----------+-----+-----+---------+
        |grp_sobel_edge_Pipeline_VITIS_LOOP_37_5_fu_133  |sobel_edge_Pipeline_VITIS_LOOP_37_5  |        ?|        ?|         ?|         ?|    ?|    ?|       no|
        |grp_sobel_edge_Pipeline_VITIS_LOOP_17_2_fu_143  |sobel_edge_Pipeline_VITIS_LOOP_17_2  |        ?|        ?|         ?|         ?|    ?|    ?|       no|
        |grp_sobel_edge_Pipeline_VITIS_LOOP_41_6_fu_159  |sobel_edge_Pipeline_VITIS_LOOP_41_6  |        ?|        ?|         ?|         ?|    ?|    ?|       no|
        +------------------------------------------------+-------------------------------------+---------+---------+----------+----------+-----+-----+---------+

        * Loop: 
        +-------------------+---------+---------+----------+-----------+-----------+------+----------+
        |                   |  Latency (cycles) | Iteration|  Initiation Interval  | Trip |          |
        |     Loop Name     |   min   |   max   |  Latency |  achieved |   target  | Count| Pipelined|
        +-------------------+---------+---------+----------+-----------+-----------+------+----------+
        |- VITIS_LOOP_16_1  |        ?|        ?|         ?|          -|          -|     ?|        no|
        +-------------------+---------+---------+----------+-----------+-----------+------+----------+



================================================================
== Utilization Estimates
================================================================
* Summary: 
+-----------------+---------+-----+--------+-------+-----+
|       Name      | BRAM_18K| DSP |   FF   |  LUT  | URAM|
+-----------------+---------+-----+--------+-------+-----+
|DSP              |        -|    -|       -|      -|    -|
|Expression       |        -|    -|       0|    713|    -|
|FIFO             |        -|    -|       -|      -|    -|
|Instance         |        0|    6|    3304|   5172|    -|
|Memory           |        -|    -|       -|      -|    -|
|Multiplexer      |        -|    -|       -|    279|    -|
|Register         |        -|    -|    1006|      -|    -|
+-----------------+---------+-----+--------+-------+-----+
|Total            |        0|    6|    4310|   6164|    0|
+-----------------+---------+-----+--------+-------+-----+
|Available        |      280|  220|  106400|  53200|    0|
+-----------------+---------+-----+--------+-------+-----+
|Utilization (%)  |        0|    2|       4|     11|    0|
+-----------------+---------+-----+--------+-------+-----+

+ Detail: 
    * Instance: 
    +------------------------------------------------+-------------------------------------+---------+----+-----+------+-----+
    |                    Instance                    |                Module               | BRAM_18K| DSP|  FF |  LUT | URAM|
    +------------------------------------------------+-------------------------------------+---------+----+-----+------+-----+
    |control_s_axi_U                                 |control_s_axi                        |        0|   0|  252|   424|    0|
    |gmem0_m_axi_U                                   |gmem0_m_axi                          |        0|   0|  754|  1438|    0|
    |gmem1_m_axi_U                                   |gmem1_m_axi                          |        0|   0|  754|  1438|    0|
    |mul_31ns_32s_63_2_1_U20                         |mul_31ns_32s_63_2_1                  |        0|   3|  165|    50|    0|
    |mul_32s_32s_32_2_1_U21                          |mul_32s_32s_32_2_1                   |        0|   3|  165|    50|    0|
    |grp_sobel_edge_Pipeline_VITIS_LOOP_17_2_fu_143  |sobel_edge_Pipeline_VITIS_LOOP_17_2  |        0|   0|  618|  1010|    0|
    |grp_sobel_edge_Pipeline_VITIS_LOOP_37_5_fu_133  |sobel_edge_Pipeline_VITIS_LOOP_37_5  |        0|   0|  361|   382|    0|
    |grp_sobel_edge_Pipeline_VITIS_LOOP_41_6_fu_159  |sobel_edge_Pipeline_VITIS_LOOP_41_6  |        0|   0|  235|   380|    0|
    +------------------------------------------------+-------------------------------------+---------+----+-----+------+-----+
    |Total                                           |                                     |        0|   6| 3304|  5172|    0|
    +------------------------------------------------+-------------------------------------+---------+----+-----+------+-----+

    * DSP: 
    N/A

    * Memory: 
    N/A

    * FIFO: 
    N/A

    * Expression: 
    +----------------------+----------+----+---+----+------------+------------+
    |     Variable Name    | Operation| DSP| FF| LUT| Bitwidth P0| Bitwidth P1|
    +----------------------+----------+----+---+----+------------+------------+
    |add_ln16_1_fu_262_p2  |         +|   0|  0|  70|          63|          63|
    |add_ln16_fu_299_p2    |         +|   0|  0|  38|          31|           1|
    |add_ln17_fu_216_p2    |         +|   0|  0|  39|          32|           3|
    |add_ln24_6_fu_334_p2  |         +|   0|  0|  71|          64|          64|
    |add_ln24_fu_240_p2    |         +|   0|  0|  71|          64|          64|
    |add_ln39_fu_315_p2    |         +|   0|  0|  40|          33|           2|
    |add_ln43_fu_343_p2    |         +|   0|  0|  71|          64|          64|
    |empty_26_fu_289_p2    |         +|   0|  0|  64|          64|          64|
    |sub2_fu_174_p2        |         +|   0|  0|  39|          32|           2|
    |sub_fu_168_p2         |         +|   0|  0|  39|          32|           2|
    |tmp2_fu_284_p2        |         +|   0|  0|  64|          64|          64|
    |tmp5_fu_230_p2        |         +|   0|  0|  40|          33|           1|
    |icmp_fu_190_p2        |      icmp|   0|  0|  17|          31|           1|
    |icmp_ln16_fu_271_p2   |      icmp|   0|  0|  18|          32|          32|
    |empty_fu_222_p3       |    select|   0|  0|  32|           1|          32|
    +----------------------+----------+----+---+----+------------+------------+
    |Total                 |          |   0|  0| 713|         640|         459|
    +----------------------+----------+----+---+----+------------+------------+

    * Multiplexer: 
    +----------------+----+-----------+-----+-----------+
    |      Name      | LUT| Input Size| Bits| Total Bits|
    +----------------+----+-----------+-----+-----------+
    |ap_NS_fsm       |  65|         15|    1|         15|
    |gmem0_ARVALID   |   9|          2|    1|          2|
    |gmem0_RREADY    |   9|          2|    1|          2|
    |gmem1_AWADDR    |  25|          5|   64|        320|
    |gmem1_AWLEN     |  25|          5|   32|        160|
    |gmem1_AWVALID   |  25|          5|    1|          5|
    |gmem1_BREADY    |  25|          5|    1|          5|
    |gmem1_WDATA     |  20|          4|    8|         32|
    |gmem1_WSTRB     |  20|          4|    1|          4|
    |gmem1_WVALID    |  20|          4|    1|          4|
    |gmem1_blk_n_AW  |   9|          2|    1|          2|
    |gmem1_blk_n_B   |   9|          2|    1|          2|
    |i_fu_98         |   9|          2|   31|         62|
    |phi_mul_fu_94   |   9|          2|   63|        126|
    +----------------+----+-----------+-----+-----------+
    |Total           | 279|         59|  207|        741|
    +----------------+----+-----------+-----+-----------+

    * Register: 
    +-------------------------------------------------------------+----+----+-----+-----------+
    |                             Name                            | FF | LUT| Bits| Const Bits|
    +-------------------------------------------------------------+----+----+-----+-----------+
    |add_ln24_6_reg_461                                           |  64|   0|   64|          0|
    |add_ln24_reg_420                                             |  64|   0|   64|          0|
    |add_ln39_reg_445                                             |  33|   0|   33|          0|
    |add_ln43_reg_471                                             |  64|   0|   64|          0|
    |ap_CS_fsm                                                    |  14|   0|   14|          0|
    |cols_read_reg_362                                            |  32|   0|   32|          0|
    |empty_26_reg_439                                             |  64|   0|   64|          0|
    |empty_27_reg_450                                             |  63|   0|   63|          0|
    |empty_reg_410                                                |  32|   0|   32|          0|
    |grp_sobel_edge_Pipeline_VITIS_LOOP_17_2_fu_143_ap_start_reg  |   1|   0|    1|          0|
    |grp_sobel_edge_Pipeline_VITIS_LOOP_37_5_fu_133_ap_start_reg  |   1|   0|    1|          0|
    |grp_sobel_edge_Pipeline_VITIS_LOOP_41_6_fu_159_ap_start_reg  |   1|   0|    1|          0|
    |i_fu_98                                                      |  31|   0|   31|          0|
    |input_r_read_reg_382                                         |  64|   0|   64|          0|
    |mul90_reg_466                                                |  32|   0|   32|          0|
    |output_r_read_reg_374                                        |  64|   0|   64|          0|
    |phi_mul_fu_94                                                |  63|   0|   63|          0|
    |phi_mul_load_reg_425                                         |  63|   0|   63|          0|
    |rows_read_reg_369                                            |  32|   0|   32|          0|
    |sext_ln16_1_reg_405                                          |  33|   0|   33|          0|
    |sext_ln16_reg_399                                            |  63|   0|   63|          0|
    |sub2_reg_394                                                 |  32|   0|   32|          0|
    |sub_reg_388                                                  |  32|   0|   32|          0|
    |tmp5_cast_reg_415                                            |  64|   0|   64|          0|
    +-------------------------------------------------------------+----+----+-----+-----------+
    |Total                                                        |1006|   0| 1006|          0|
    +-------------------------------------------------------------+----+----+-----+-----------+



================================================================
== Interface
================================================================
* Summary: 
+-----------------------+-----+-----+------------+--------------+--------------+
|       RTL Ports       | Dir | Bits|  Protocol  | Source Object|    C Type    |
+-----------------------+-----+-----+------------+--------------+--------------+
|s_axi_control_AWVALID  |   in|    1|       s_axi|       control|        scalar|
|s_axi_control_AWREADY  |  out|    1|       s_axi|       control|        scalar|
|s_axi_control_AWADDR   |   in|    6|       s_axi|       control|        scalar|
|s_axi_control_WVALID   |   in|    1|       s_axi|       control|        scalar|
|s_axi_control_WREADY   |  out|    1|       s_axi|       control|        scalar|
|s_axi_control_WDATA    |   in|   32|       s_axi|       control|        scalar|
|s_axi_control_WSTRB    |   in|    4|       s_axi|       control|        scalar|
|s_axi_control_ARVALID  |   in|    1|       s_axi|       control|        scalar|
|s_axi_control_ARREADY  |  out|    1|       s_axi|       control|        scalar|
|s_axi_control_ARADDR   |   in|    6|       s_axi|       control|        scalar|
|s_axi_control_RVALID   |  out|    1|       s_axi|       control|        scalar|
|s_axi_control_RREADY   |   in|    1|       s_axi|       control|        scalar|
|s_axi_control_RDATA    |  out|   32|       s_axi|       control|        scalar|
|s_axi_control_RRESP    |  out|    2|       s_axi|       control|        scalar|
|s_axi_control_BVALID   |  out|    1|       s_axi|       control|        scalar|
|s_axi_control_BREADY   |   in|    1|       s_axi|       control|        scalar|
|s_axi_control_BRESP    |  out|    2|       s_axi|       control|        scalar|
|ap_clk                 |   in|    1|  ap_ctrl_hs|    sobel_edge|  return value|
|ap_rst_n               |   in|    1|  ap_ctrl_hs|    sobel_edge|  return value|
|interrupt              |  out|    1|  ap_ctrl_hs|    sobel_edge|  return value|
|m_axi_gmem0_AWVALID    |  out|    1|       m_axi|         gmem0|       pointer|
|m_axi_gmem0_AWREADY    |   in|    1|       m_axi|         gmem0|       pointer|
|m_axi_gmem0_AWADDR     |  out|   64|       m_axi|         gmem0|       pointer|
|m_axi_gmem0_AWID       |  out|    1|       m_axi|         gmem0|       pointer|
|m_axi_gmem0_AWLEN      |  out|    8|       m_axi|         gmem0|       pointer|
|m_axi_gmem0_AWSIZE     |  out|    3|       m_axi|         gmem0|       pointer|
|m_axi_gmem0_AWBURST    |  out|    2|       m_axi|         gmem0|       pointer|
|m_axi_gmem0_AWLOCK     |  out|    2|       m_axi|         gmem0|       pointer|
|m_axi_gmem0_AWCACHE    |  out|    4|       m_axi|         gmem0|       pointer|
|m_axi_gmem0_AWPROT     |  out|    3|       m_axi|         gmem0|       pointer|
|m_axi_gmem0_AWQOS      |  out|    4|       m_axi|         gmem0|       pointer|
|m_axi_gmem0_AWREGION   |  out|    4|       m_axi|         gmem0|       pointer|
|m_axi_gmem0_AWUSER     |  out|    1|       m_axi|         gmem0|       pointer|
|m_axi_gmem0_WVALID     |  out|    1|       m_axi|         gmem0|       pointer|
|m_axi_gmem0_WREADY     |   in|    1|       m_axi|         gmem0|       pointer|
|m_axi_gmem0_WDATA      |  out|   32|       m_axi|         gmem0|       pointer|
|m_axi_gmem0_WSTRB      |  out|    4|       m_axi|         gmem0|       pointer|
|m_axi_gmem0_WLAST      |  out|    1|       m_axi|         gmem0|       pointer|
|m_axi_gmem0_WID        |  out|    1|       m_axi|         gmem0|       pointer|
|m_axi_gmem0_WUSER      |  out|    1|       m_axi|         gmem0|       pointer|
|m_axi_gmem0_ARVALID    |  out|    1|       m_axi|         gmem0|       pointer|
|m_axi_gmem0_ARREADY    |   in|    1|       m_axi|         gmem0|       pointer|
|m_axi_gmem0_ARADDR     |  out|   64|       m_axi|         gmem0|       pointer|
|m_axi_gmem0_ARID       |  out|    1|       m_axi|         gmem0|       pointer|
|m_axi_gmem0_ARLEN      |  out|    8|       m_axi|         gmem0|       pointer|
|m_axi_gmem0_ARSIZE     |  out|    3|       m_axi|         gmem0|       pointer|
|m_axi_gmem0_ARBURST    |  out|    2|       m_axi|         gmem0|       pointer|
|m_axi_gmem0_ARLOCK     |  out|    2|       m_axi|         gmem0|       pointer|
|m_axi_gmem0_ARCACHE    |  out|    4|       m_axi|         gmem0|       pointer|
|m_axi_gmem0_ARPROT     |  out|    3|       m_axi|         gmem0|       pointer|
|m_axi_gmem0_ARQOS      |  out|    4|       m_axi|         gmem0|       pointer|
|m_axi_gmem0_ARREGION   |  out|    4|       m_axi|         gmem0|       pointer|
|m_axi_gmem0_ARUSER     |  out|    1|       m_axi|         gmem0|       pointer|
|m_axi_gmem0_RVALID     |   in|    1|       m_axi|         gmem0|       pointer|
|m_axi_gmem0_RREADY     |  out|    1|       m_axi|         gmem0|       pointer|
|m_axi_gmem0_RDATA      |   in|   32|       m_axi|         gmem0|       pointer|
|m_axi_gmem0_RLAST      |   in|    1|       m_axi|         gmem0|       pointer|
|m_axi_gmem0_RID        |   in|    1|       m_axi|         gmem0|       pointer|
|m_axi_gmem0_RUSER      |   in|    1|       m_axi|         gmem0|       pointer|
|m_axi_gmem0_RRESP      |   in|    2|       m_axi|         gmem0|       pointer|
|m_axi_gmem0_BVALID     |   in|    1|       m_axi|         gmem0|       pointer|
|m_axi_gmem0_BREADY     |  out|    1|       m_axi|         gmem0|       pointer|
|m_axi_gmem0_BRESP      |   in|    2|       m_axi|         gmem0|       pointer|
|m_axi_gmem0_BID        |   in|    1|       m_axi|         gmem0|       pointer|
|m_axi_gmem0_BUSER      |   in|    1|       m_axi|         gmem0|       pointer|
|m_axi_gmem1_AWVALID    |  out|    1|       m_axi|         gmem1|       pointer|
|m_axi_gmem1_AWREADY    |   in|    1|       m_axi|         gmem1|       pointer|
|m_axi_gmem1_AWADDR     |  out|   64|       m_axi|         gmem1|       pointer|
|m_axi_gmem1_AWID       |  out|    1|       m_axi|         gmem1|       pointer|
|m_axi_gmem1_AWLEN      |  out|    8|       m_axi|         gmem1|       pointer|
|m_axi_gmem1_AWSIZE     |  out|    3|       m_axi|         gmem1|       pointer|
|m_axi_gmem1_AWBURST    |  out|    2|       m_axi|         gmem1|       pointer|
|m_axi_gmem1_AWLOCK     |  out|    2|       m_axi|         gmem1|       pointer|
|m_axi_gmem1_AWCACHE    |  out|    4|       m_axi|         gmem1|       pointer|
|m_axi_gmem1_AWPROT     |  out|    3|       m_axi|         gmem1|       pointer|
|m_axi_gmem1_AWQOS      |  out|    4|       m_axi|         gmem1|       pointer|
|m_axi_gmem1_AWREGION   |  out|    4|       m_axi|         gmem1|       pointer|
|m_axi_gmem1_AWUSER     |  out|    1|       m_axi|         gmem1|       pointer|
|m_axi_gmem1_WVALID     |  out|    1|       m_axi|         gmem1|       pointer|
|m_axi_gmem1_WREADY     |   in|    1|       m_axi|         gmem1|       pointer|
|m_axi_gmem1_WDATA      |  out|   32|       m_axi|         gmem1|       pointer|
|m_axi_gmem1_WSTRB      |  out|    4|       m_axi|         gmem1|       pointer|
|m_axi_gmem1_WLAST      |  out|    1|       m_axi|         gmem1|       pointer|
|m_axi_gmem1_WID        |  out|    1|       m_axi|         gmem1|       pointer|
|m_axi_gmem1_WUSER      |  out|    1|       m_axi|         gmem1|       pointer|
|m_axi_gmem1_ARVALID    |  out|    1|       m_axi|         gmem1|       pointer|
|m_axi_gmem1_ARREADY    |   in|    1|       m_axi|         gmem1|       pointer|
|m_axi_gmem1_ARADDR     |  out|   64|       m_axi|         gmem1|       pointer|
|m_axi_gmem1_ARID       |  out|    1|       m_axi|         gmem1|       pointer|
|m_axi_gmem1_ARLEN      |  out|    8|       m_axi|         gmem1|       pointer|
|m_axi_gmem1_ARSIZE     |  out|    3|       m_axi|         gmem1|       pointer|
|m_axi_gmem1_ARBURST    |  out|    2|       m_axi|         gmem1|       pointer|
|m_axi_gmem1_ARLOCK     |  out|    2|       m_axi|         gmem1|       pointer|
|m_axi_gmem1_ARCACHE    |  out|    4|       m_axi|         gmem1|       pointer|
|m_axi_gmem1_ARPROT     |  out|    3|       m_axi|         gmem1|       pointer|
|m_axi_gmem1_ARQOS      |  out|    4|       m_axi|         gmem1|       pointer|
|m_axi_gmem1_ARREGION   |  out|    4|       m_axi|         gmem1|       pointer|
|m_axi_gmem1_ARUSER     |  out|    1|       m_axi|         gmem1|       pointer|
|m_axi_gmem1_RVALID     |   in|    1|       m_axi|         gmem1|       pointer|
|m_axi_gmem1_RREADY     |  out|    1|       m_axi|         gmem1|       pointer|
|m_axi_gmem1_RDATA      |   in|   32|       m_axi|         gmem1|       pointer|
|m_axi_gmem1_RLAST      |   in|    1|       m_axi|         gmem1|       pointer|
|m_axi_gmem1_RID        |   in|    1|       m_axi|         gmem1|       pointer|
|m_axi_gmem1_RUSER      |   in|    1|       m_axi|         gmem1|       pointer|
|m_axi_gmem1_RRESP      |   in|    2|       m_axi|         gmem1|       pointer|
|m_axi_gmem1_BVALID     |   in|    1|       m_axi|         gmem1|       pointer|
|m_axi_gmem1_BREADY     |  out|    1|       m_axi|         gmem1|       pointer|
|m_axi_gmem1_BRESP      |   in|    2|       m_axi|         gmem1|       pointer|
|m_axi_gmem1_BID        |   in|    1|       m_axi|         gmem1|       pointer|
|m_axi_gmem1_BUSER      |   in|    1|       m_axi|         gmem1|       pointer|
+-----------------------+-----+-----+------------+--------------+--------------+

============================================================
+ Verbose Summary: Synthesis Manager
============================================================
InlineROM: 1
ExposeGlobal: 0
============================================================
+ Verbose Summary: CDFG Model
============================================================
IsTopModel: 1
ResetActiveHigh: 1
IsCombinational: 2
IsDatapathOnly: 2
HasWiredReturn: 1
HasMFsm: 0
HasVarLatency: 1
IsPipeline: 0
IsRtlPipelined: 0
IsInstanceOverlapped: 0
IsDontTouch: 0
HasImplIP: 0
IsGatedGlobalClock: 0


============================================================
+ Verbose Summary: Schedule
============================================================
* Number of FSM states : 14
* Pipeline : 0
* Dataflow Pipeline: 0

* FSM state transitions: 
1 --> 2 
2 --> 3 11 
3 --> 4 
4 --> 5 
5 --> 6 
6 --> 7 
7 --> 8 
8 --> 9 
9 --> 10 
10 --> 2 
11 --> 12 
12 --> 13 
13 --> 14 
14 --> 

* FSM state operations: 

State 1 <SV = 0> <Delay = 6.72>
ST_1 : Operation 15 [1/1] (0.00ns)   --->   "%phi_mul = alloca i32 1"   --->   Operation 15 'alloca' 'phi_mul' <Predicate = true> <Delay = 0.00>
ST_1 : Operation 16 [1/1] (0.00ns)   --->   "%i = alloca i32 1"   --->   Operation 16 'alloca' 'i' <Predicate = true> <Delay = 0.00>
ST_1 : Operation 17 [1/1] (0.00ns)   --->   "%spectopmodule_ln3 = spectopmodule void @_ssdm_op_SpecTopModule, void @empty_8" [../code/sobel_edge.cpp:3]   --->   Operation 17 'spectopmodule' 'spectopmodule_ln3' <Predicate = true> <Delay = 0.00>
ST_1 : Operation 18 [1/1] (0.00ns)   --->   "%specinterface_ln0 = specinterface void @_ssdm_op_SpecInterface, i8 %gmem0, void @empty_2, i32 0, i32 0, void @empty_3, i32 0, i32 4096, void @empty_4, void @empty_5, void @empty_3, i32 16, i32 16, i32 16, i32 16, void @empty_3, void @empty_3, i32 4294967295, i32 0"   --->   Operation 18 'specinterface' 'specinterface_ln0' <Predicate = true> <Delay = 0.00>
ST_1 : Operation 19 [1/1] (0.00ns)   --->   "%specbitsmap_ln0 = specbitsmap void @_ssdm_op_SpecBitsMap, i8 %gmem0"   --->   Operation 19 'specbitsmap' 'specbitsmap_ln0' <Predicate = true> <Delay = 0.00>
ST_1 : Operation 20 [1/1] (0.00ns)   --->   "%specinterface_ln0 = specinterface void @_ssdm_op_SpecInterface, i8 %gmem1, void @empty_2, i32 0, i32 0, void @empty_3, i32 0, i32 4096, void @empty_9, void @empty_5, void @empty_3, i32 16, i32 16, i32 16, i32 16, void @empty_3, void @empty_3, i32 4294967295, i32 0"   --->   Operation 20 'specinterface' 'specinterface_ln0' <Predicate = true> <Delay = 0.00>
ST_1 : Operation 21 [1/1] (0.00ns)   --->   "%specbitsmap_ln0 = specbitsmap void @_ssdm_op_SpecBitsMap, i8 %gmem1"   --->   Operation 21 'specbitsmap' 'specbitsmap_ln0' <Predicate = true> <Delay = 0.00>
ST_1 : Operation 22 [1/1] (0.00ns)   --->   "%specinterface_ln0 = specinterface void @_ssdm_op_SpecInterface, i64 %input_r, void @empty_7, i32 0, i32 0, void @empty_3, i32 0, i32 0, void @empty, void @empty_0, void @empty_3, i32 0, i32 0, i32 0, i32 0, void @empty_3, void @empty_1, i32 4294967295, i32 0"   --->   Operation 22 'specinterface' 'specinterface_ln0' <Predicate = true> <Delay = 0.00>
ST_1 : Operation 23 [1/1] (0.00ns)   --->   "%specinterface_ln0 = specinterface void @_ssdm_op_SpecInterface, i64 %input_r, void @empty_13, i32 0, i32 0, void @empty_3, i32 0, i32 0, void @empty_3, void @empty_3, void @empty_3, i32 0, i32 0, i32 0, i32 0, void @empty_3, void @empty_1, i32 4294967295, i32 0"   --->   Operation 23 'specinterface' 'specinterface_ln0' <Predicate = true> <Delay = 0.00>
ST_1 : Operation 24 [1/1] (0.00ns)   --->   "%specinterface_ln0 = specinterface void @_ssdm_op_SpecInterface, i64 %output_r, void @empty_7, i32 0, i32 0, void @empty_3, i32 0, i32 0, void @empty, void @empty_14, void @empty_3, i32 0, i32 0, i32 0, i32 0, void @empty_3, void @empty_1, i32 4294967295, i32 0"   --->   Operation 24 'specinterface' 'specinterface_ln0' <Predicate = true> <Delay = 0.00>
ST_1 : Operation 25 [1/1] (0.00ns)   --->   "%specinterface_ln0 = specinterface void @_ssdm_op_SpecInterface, i64 %output_r, void @empty_13, i32 0, i32 0, void @empty_3, i32 0, i32 0, void @empty_3, void @empty_3, void @empty_3, i32 0, i32 0, i32 0, i32 0, void @empty_3, void @empty_1, i32 4294967295, i32 0"   --->   Operation 25 'specinterface' 'specinterface_ln0' <Predicate = true> <Delay = 0.00>
ST_1 : Operation 26 [1/1] (0.00ns)   --->   "%specbitsmap_ln0 = specbitsmap void @_ssdm_op_SpecBitsMap, i32 %rows"   --->   Operation 26 'specbitsmap' 'specbitsmap_ln0' <Predicate = true> <Delay = 0.00>
ST_1 : Operation 27 [1/1] (0.00ns)   --->   "%specinterface_ln0 = specinterface void @_ssdm_op_SpecInterface, i32 %rows, void @empty_7, i32 0, i32 0, void @empty_3, i32 0, i32 0, void @empty, void @empty_15, void @empty_3, i32 0, i32 0, i32 0, i32 0, void @empty_3, void @empty_3, i32 4294967295, i32 0"   --->   Operation 27 'specinterface' 'specinterface_ln0' <Predicate = true> <Delay = 0.00>
ST_1 : Operation 28 [1/1] (0.00ns)   --->   "%specinterface_ln0 = specinterface void @_ssdm_op_SpecInterface, i32 %rows, void @empty_13, i32 0, i32 0, void @empty_3, i32 0, i32 0, void @empty_3, void @empty_3, void @empty_3, i32 0, i32 0, i32 0, i32 0, void @empty_3, void @empty_3, i32 4294967295, i32 0"   --->   Operation 28 'specinterface' 'specinterface_ln0' <Predicate = true> <Delay = 0.00>
ST_1 : Operation 29 [1/1] (0.00ns)   --->   "%specbitsmap_ln0 = specbitsmap void @_ssdm_op_SpecBitsMap, i32 %cols"   --->   Operation 29 'specbitsmap' 'specbitsmap_ln0' <Predicate = true> <Delay = 0.00>
ST_1 : Operation 30 [1/1] (0.00ns)   --->   "%specinterface_ln0 = specinterface void @_ssdm_op_SpecInterface, i32 %cols, void @empty_7, i32 0, i32 0, void @empty_3, i32 0, i32 0, void @empty, void @empty_16, void @empty_3, i32 0, i32 0, i32 0, i32 0, void @empty_3, void @empty_3, i32 4294967295, i32 0"   --->   Operation 30 'specinterface' 'specinterface_ln0' <Predicate = true> <Delay = 0.00>
ST_1 : Operation 31 [1/1] (0.00ns)   --->   "%specinterface_ln0 = specinterface void @_ssdm_op_SpecInterface, i32 %cols, void @empty_13, i32 0, i32 0, void @empty_3, i32 0, i32 0, void @empty_3, void @empty_3, void @empty_3, i32 0, i32 0, i32 0, i32 0, void @empty_3, void @empty_3, i32 4294967295, i32 0"   --->   Operation 31 'specinterface' 'specinterface_ln0' <Predicate = true> <Delay = 0.00>
ST_1 : Operation 32 [1/1] (0.00ns)   --->   "%specinterface_ln0 = specinterface void @_ssdm_op_SpecInterface, i32 0, void @empty_7, i32 0, i32 0, void @empty_3, i32 0, i32 0, void @empty, void @empty_3, void @empty_3, i32 0, i32 0, i32 0, i32 0, void @empty_3, void @empty_3, i32 4294967295, i32 0"   --->   Operation 32 'specinterface' 'specinterface_ln0' <Predicate = true> <Delay = 0.00>
ST_1 : Operation 33 [1/1] (1.00ns)   --->   "%cols_read = read i32 @_ssdm_op_Read.s_axilite.i32, i32 %cols" [../code/sobel_edge.cpp:3]   --->   Operation 33 'read' 'cols_read' <Predicate = true> <Delay = 1.00> <CoreInst = "s_axilite">   --->   Core 114 's_axilite' <Latency = 0> <II = 1> <Delay = 1.00> <Adapter> <Opcode : 'read' 'write'>
ST_1 : Operation 34 [1/1] (1.00ns)   --->   "%rows_read = read i32 @_ssdm_op_Read.s_axilite.i32, i32 %rows" [../code/sobel_edge.cpp:3]   --->   Operation 34 'read' 'rows_read' <Predicate = true> <Delay = 1.00> <CoreInst = "s_axilite">   --->   Core 114 's_axilite' <Latency = 0> <II = 1> <Delay = 1.00> <Adapter> <Opcode : 'read' 'write'>
ST_1 : Operation 35 [1/1] (1.00ns)   --->   "%output_r_read = read i64 @_ssdm_op_Read.s_axilite.i64, i64 %output_r" [../code/sobel_edge.cpp:3]   --->   Operation 35 'read' 'output_r_read' <Predicate = true> <Delay = 1.00> <CoreInst = "s_axilite">   --->   Core 114 's_axilite' <Latency = 0> <II = 1> <Delay = 1.00> <Adapter> <Opcode : 'read' 'write'>
ST_1 : Operation 36 [1/1] (1.00ns)   --->   "%input_r_read = read i64 @_ssdm_op_Read.s_axilite.i64, i64 %input_r" [../code/sobel_edge.cpp:3]   --->   Operation 36 'read' 'input_r_read' <Predicate = true> <Delay = 1.00> <CoreInst = "s_axilite">   --->   Core 114 's_axilite' <Latency = 0> <II = 1> <Delay = 1.00> <Adapter> <Opcode : 'read' 'write'>
ST_1 : Operation 37 [1/1] (2.55ns)   --->   "%sub = add i32 %rows_read, i32 4294967295" [../code/sobel_edge.cpp:3]   --->   Operation 37 'add' 'sub' <Predicate = true> <Delay = 2.55> <CoreInst = "Adder">   --->   Core 1 'Adder' <Latency = 0> <II = 1> <Delay = 2.55> <FuncUnit> <Opcode : 'add' 'sub'> <InPorts = 2> <OutPorts = 1>
ST_1 : Operation 38 [1/1] (2.55ns)   --->   "%sub2 = add i32 %cols_read, i32 4294967295" [../code/sobel_edge.cpp:3]   --->   Operation 38 'add' 'sub2' <Predicate = true> <Delay = 2.55> <CoreInst = "Adder">   --->   Core 1 'Adder' <Latency = 0> <II = 1> <Delay = 2.55> <FuncUnit> <Opcode : 'add' 'sub'> <InPorts = 2> <OutPorts = 1>
ST_1 : Operation 39 [1/1] (0.00ns)   --->   "%tmp = partselect i31 @_ssdm_op_PartSelect.i31.i32.i32.i32, i32 %sub2, i32 1, i32 31" [../code/sobel_edge.cpp:3]   --->   Operation 39 'partselect' 'tmp' <Predicate = true> <Delay = 0.00>
ST_1 : Operation 40 [1/1] (2.47ns)   --->   "%icmp = icmp_sgt  i31 %tmp, i31 0" [../code/sobel_edge.cpp:3]   --->   Operation 40 'icmp' 'icmp' <Predicate = true> <Delay = 2.47> <CoreInst = "Cmp">   --->   Core 9 'Cmp' <Latency = 0> <II = 1> <Delay = 2.47> <FuncUnit> <Opcode : 'icmp'> <InPorts = 2> <OutPorts = 1>
ST_1 : Operation 41 [1/1] (0.00ns)   --->   "%sext_ln16 = sext i32 %cols_read" [../code/sobel_edge.cpp:16]   --->   Operation 41 'sext' 'sext_ln16' <Predicate = true> <Delay = 0.00>
ST_1 : Operation 42 [1/1] (0.00ns)   --->   "%sext_ln16_1 = sext i32 %cols_read" [../code/sobel_edge.cpp:16]   --->   Operation 42 'sext' 'sext_ln16_1' <Predicate = true> <Delay = 0.00>
ST_1 : Operation 43 [1/1] (0.00ns)   --->   "%shl_ln = bitconcatenate i33 @_ssdm_op_BitConcatenate.i33.i32.i1, i32 %cols_read, i1 0" [../code/sobel_edge.cpp:16]   --->   Operation 43 'bitconcatenate' 'shl_ln' <Predicate = true> <Delay = 0.00>
ST_1 : Operation 44 [1/1] (0.00ns)   --->   "%sext_ln17 = sext i33 %shl_ln" [../code/sobel_edge.cpp:17]   --->   Operation 44 'sext' 'sext_ln17' <Predicate = true> <Delay = 0.00>
ST_1 : Operation 45 [1/1] (2.55ns)   --->   "%add_ln17 = add i32 %cols_read, i32 4294967294" [../code/sobel_edge.cpp:17]   --->   Operation 45 'add' 'add_ln17' <Predicate = true> <Delay = 2.55> <CoreInst = "Adder">   --->   Core 1 'Adder' <Latency = 0> <II = 1> <Delay = 2.55> <FuncUnit> <Opcode : 'add' 'sub'> <InPorts = 2> <OutPorts = 1>
ST_1 : Operation 46 [1/1] (0.69ns)   --->   "%empty = select i1 %icmp, i32 %add_ln17, i32 0" [../code/sobel_edge.cpp:3]   --->   Operation 46 'select' 'empty' <Predicate = true> <Delay = 0.69> <CoreInst = "Sel">   --->   Core 73 'Sel' <Latency = 0> <II = 1> <Delay = 0.69> <FuncUnit> <Opcode : 'select'> <InPorts = 3> <OutPorts = 1>
ST_1 : Operation 47 [1/1] (2.55ns)   --->   "%tmp5 = add i33 %sext_ln16_1, i33 1" [../code/sobel_edge.cpp:16]   --->   Operation 47 'add' 'tmp5' <Predicate = true> <Delay = 2.55> <CoreInst = "Adder">   --->   Core 1 'Adder' <Latency = 0> <II = 1> <Delay = 2.59> <FuncUnit> <Opcode : 'add' 'sub'> <InPorts = 2> <OutPorts = 1>
ST_1 : Operation 48 [1/1] (0.00ns)   --->   "%tmp5_cast = sext i33 %tmp5" [../code/sobel_edge.cpp:16]   --->   Operation 48 'sext' 'tmp5_cast' <Predicate = true> <Delay = 0.00>
ST_1 : Operation 49 [1/1] (3.52ns)   --->   "%add_ln24 = add i64 %sext_ln17, i64 %input_r_read" [../code/sobel_edge.cpp:24]   --->   Operation 49 'add' 'add_ln24' <Predicate = true> <Delay = 3.52> <CoreInst = "Adder">   --->   Core 1 'Adder' <Latency = 0> <II = 1> <Delay = 3.52> <FuncUnit> <Opcode : 'add' 'sub'> <InPorts = 2> <OutPorts = 1>
ST_1 : Operation 50 [1/1] (1.58ns)   --->   "%store_ln16 = store i31 1, i31 %i" [../code/sobel_edge.cpp:16]   --->   Operation 50 'store' 'store_ln16' <Predicate = true> <Delay = 1.58>
ST_1 : Operation 51 [1/1] (1.58ns)   --->   "%store_ln16 = store i63 0, i63 %phi_mul" [../code/sobel_edge.cpp:16]   --->   Operation 51 'store' 'store_ln16' <Predicate = true> <Delay = 1.58>
ST_1 : Operation 52 [1/1] (0.00ns)   --->   "%br_ln16 = br void %VITIS_LOOP_17_2" [../code/sobel_edge.cpp:16]   --->   Operation 52 'br' 'br_ln16' <Predicate = true> <Delay = 0.00>

State 2 <SV = 1> <Delay = 6.91>
ST_2 : Operation 53 [1/1] (0.00ns)   --->   "%phi_mul_load = load i63 %phi_mul" [../code/sobel_edge.cpp:16]   --->   Operation 53 'load' 'phi_mul_load' <Predicate = true> <Delay = 0.00>
ST_2 : Operation 54 [1/1] (0.00ns)   --->   "%i_2 = load i31 %i" [../code/sobel_edge.cpp:16]   --->   Operation 54 'load' 'i_2' <Predicate = true> <Delay = 0.00>
ST_2 : Operation 55 [1/1] (3.49ns)   --->   "%add_ln16_1 = add i63 %phi_mul_load, i63 %sext_ln16" [../code/sobel_edge.cpp:16]   --->   Operation 55 'add' 'add_ln16_1' <Predicate = true> <Delay = 3.49> <CoreInst = "Adder">   --->   Core 1 'Adder' <Latency = 0> <II = 1> <Delay = 3.49> <FuncUnit> <Opcode : 'add' 'sub'> <InPorts = 2> <OutPorts = 1>
ST_2 : Operation 56 [1/1] (0.00ns)   --->   "%zext_ln16_1 = zext i31 %i_2" [../code/sobel_edge.cpp:16]   --->   Operation 56 'zext' 'zext_ln16_1' <Predicate = true> <Delay = 0.00>
ST_2 : Operation 57 [1/1] (2.47ns)   --->   "%icmp_ln16 = icmp_slt  i32 %zext_ln16_1, i32 %sub" [../code/sobel_edge.cpp:16]   --->   Operation 57 'icmp' 'icmp_ln16' <Predicate = true> <Delay = 2.47> <CoreInst = "Cmp">   --->   Core 9 'Cmp' <Latency = 0> <II = 1> <Delay = 2.47> <FuncUnit> <Opcode : 'icmp'> <InPorts = 2> <OutPorts = 1>
ST_2 : Operation 58 [1/1] (0.00ns)   --->   "%br_ln16 = br i1 %icmp_ln16, void %for.inc77.preheader, void %VITIS_LOOP_17_2.split" [../code/sobel_edge.cpp:16]   --->   Operation 58 'br' 'br_ln16' <Predicate = true> <Delay = 0.00>
ST_2 : Operation 59 [1/1] (0.00ns)   --->   "%zext_ln16 = zext i31 %i_2" [../code/sobel_edge.cpp:16]   --->   Operation 59 'zext' 'zext_ln16' <Predicate = (icmp_ln16)> <Delay = 0.00>
ST_2 : Operation 60 [1/1] (0.00ns)   --->   "%p_cast = sext i63 %phi_mul_load" [../code/sobel_edge.cpp:16]   --->   Operation 60 'sext' 'p_cast' <Predicate = (icmp_ln16)> <Delay = 0.00>
ST_2 : Operation 61 [1/1] (0.00ns) (grouped into TernaryAdder)   --->   "%tmp2 = add i64 %p_cast, i64 %output_r_read" [../code/sobel_edge.cpp:16]   --->   Operation 61 'add' 'tmp2' <Predicate = (icmp_ln16)> <Delay = 0.00> <CoreInst = "TAddSub">   --->   Core 10 'TAddSub' <Latency = 0> <II = 1> <Delay = 2.65> <IPBlock> <Opcode : 'add' 'sub'> <InPorts = 3> <OutPorts = 1> <Sync> <CReg>
ST_2 : Operation 62 [1/1] (5.30ns) (root node of TernaryAdder)   --->   "%empty_26 = add i64 %tmp5_cast, i64 %tmp2" [../code/sobel_edge.cpp:16]   --->   Operation 62 'add' 'empty_26' <Predicate = (icmp_ln16)> <Delay = 5.30> <CoreInst = "TAddSub">   --->   Core 10 'TAddSub' <Latency = 0> <II = 1> <Delay = 2.65> <IPBlock> <Opcode : 'add' 'sub'> <InPorts = 3> <OutPorts = 1> <Sync> <CReg>
ST_2 : Operation 63 [2/2] (6.91ns)   --->   "%empty_27 = mul i63 %zext_ln16, i63 %sext_ln16" [../code/sobel_edge.cpp:16]   --->   Operation 63 'mul' 'empty_27' <Predicate = (icmp_ln16)> <Delay = 6.91> <CoreInst = "Multiplier">   --->   Core 3 'Multiplier' <Latency = 1> <II = 1> <Delay = 6.91> <FuncUnit> <Opcode : 'mul'> <InPorts = 2> <OutPorts = 1>
ST_2 : Operation 64 [1/1] (2.52ns)   --->   "%add_ln16 = add i31 %i_2, i31 1" [../code/sobel_edge.cpp:16]   --->   Operation 64 'add' 'add_ln16' <Predicate = (icmp_ln16)> <Delay = 2.52> <CoreInst = "Adder">   --->   Core 1 'Adder' <Latency = 0> <II = 1> <Delay = 2.52> <FuncUnit> <Opcode : 'add' 'sub'> <InPorts = 2> <OutPorts = 1>
ST_2 : Operation 65 [1/1] (1.58ns)   --->   "%store_ln16 = store i31 %add_ln16, i31 %i" [../code/sobel_edge.cpp:16]   --->   Operation 65 'store' 'store_ln16' <Predicate = (icmp_ln16)> <Delay = 1.58>
ST_2 : Operation 66 [1/1] (1.58ns)   --->   "%store_ln16 = store i63 %add_ln16_1, i63 %phi_mul" [../code/sobel_edge.cpp:16]   --->   Operation 66 'store' 'store_ln16' <Predicate = (icmp_ln16)> <Delay = 1.58>
ST_2 : Operation 67 [1/1] (2.55ns)   --->   "%add_ln39 = add i33 %sext_ln16_1, i33 8589934591" [../code/sobel_edge.cpp:39]   --->   Operation 67 'add' 'add_ln39' <Predicate = (!icmp_ln16)> <Delay = 2.55> <CoreInst = "Adder">   --->   Core 1 'Adder' <Latency = 0> <II = 1> <Delay = 2.59> <FuncUnit> <Opcode : 'add' 'sub'> <InPorts = 2> <OutPorts = 1>
ST_2 : Operation 68 [2/2] (0.00ns)   --->   "%call_ln3 = call void @sobel_edge_Pipeline_VITIS_LOOP_37_5, i8 %gmem1, i32 %rows_read, i32 %cols_read, i64 %output_r_read, i33 %add_ln39" [../code/sobel_edge.cpp:3]   --->   Operation 68 'call' 'call_ln3' <Predicate = (!icmp_ln16)> <Delay = 0.00> <CoreType = "Generic">   --->   Core 0 '' <Latency = 0> <II = 1> <Delay = 1.00> <Generic> <Opcode : >
ST_2 : Operation 69 [2/2] (6.91ns)   --->   "%mul90 = mul i32 %sub, i32 %cols_read" [../code/sobel_edge.cpp:3]   --->   Operation 69 'mul' 'mul90' <Predicate = (!icmp_ln16)> <Delay = 6.91> <CoreInst = "Multiplier">   --->   Core 3 'Multiplier' <Latency = 1> <II = 1> <Delay = 6.91> <FuncUnit> <Opcode : 'mul'> <InPorts = 2> <OutPorts = 1>

State 3 <SV = 2> <Delay = 7.30>
ST_3 : Operation 70 [1/2] (6.91ns)   --->   "%empty_27 = mul i63 %zext_ln16, i63 %sext_ln16" [../code/sobel_edge.cpp:16]   --->   Operation 70 'mul' 'empty_27' <Predicate = true> <Delay = 6.91> <CoreInst = "Multiplier">   --->   Core 3 'Multiplier' <Latency = 1> <II = 1> <Delay = 6.91> <FuncUnit> <Opcode : 'mul'> <InPorts = 2> <OutPorts = 1>
ST_3 : Operation 71 [1/1] (0.00ns)   --->   "%gmem1_addr = getelementptr i8 %gmem1, i64 %empty_26" [../code/sobel_edge.cpp:17]   --->   Operation 71 'getelementptr' 'gmem1_addr' <Predicate = true> <Delay = 0.00>
ST_3 : Operation 72 [1/1] (7.30ns)   --->   "%empty_28 = writereq i1 @_ssdm_op_WriteReq.m_axi.p1i8, i64 %gmem1_addr, i32 %empty" [../code/sobel_edge.cpp:17]   --->   Operation 72 'writereq' 'empty_28' <Predicate = true> <Delay = 7.30> <CoreInst = "m_axi">   --->   Core 113 'm_axi' <Latency = 0> <II = 1> <Delay = 1.00> <Adapter> <Opcode : 'read' 'write' 'readreq' 'writereq' 'writeresp'>

State 4 <SV = 3> <Delay = 3.52>
ST_4 : Operation 73 [1/1] (0.00ns)   --->   "%sext_ln16_2 = sext i63 %empty_27" [../code/sobel_edge.cpp:16]   --->   Operation 73 'sext' 'sext_ln16_2' <Predicate = true> <Delay = 0.00>
ST_4 : Operation 74 [1/1] (3.52ns)   --->   "%add_ln24_6 = add i64 %sext_ln16_2, i64 %input_r_read" [../code/sobel_edge.cpp:24]   --->   Operation 74 'add' 'add_ln24_6' <Predicate = true> <Delay = 3.52> <CoreInst = "Adder">   --->   Core 1 'Adder' <Latency = 0> <II = 1> <Delay = 3.52> <FuncUnit> <Opcode : 'add' 'sub'> <InPorts = 2> <OutPorts = 1>
ST_4 : Operation 75 [2/2] (0.00ns)   --->   "%call_ln16 = call void @sobel_edge_Pipeline_VITIS_LOOP_17_2, i8 %gmem1, i8 %gmem0, i64 %empty_26, i32 %sub2, i63 %phi_mul_load, i64 %add_ln24, i64 %input_r_read, i63 %phi_mul_load, i64 %add_ln24_6, i63 %empty_27" [../code/sobel_edge.cpp:16]   --->   Operation 75 'call' 'call_ln16' <Predicate = true> <Delay = 0.00> <CoreType = "Generic">   --->   Core 0 '' <Latency = 0> <II = 1> <Delay = 1.00> <Generic> <Opcode : >

State 5 <SV = 4> <Delay = 0.00>
ST_5 : Operation 76 [1/2] (0.00ns)   --->   "%call_ln16 = call void @sobel_edge_Pipeline_VITIS_LOOP_17_2, i8 %gmem1, i8 %gmem0, i64 %empty_26, i32 %sub2, i63 %phi_mul_load, i64 %add_ln24, i64 %input_r_read, i63 %phi_mul_load, i64 %add_ln24_6, i63 %empty_27" [../code/sobel_edge.cpp:16]   --->   Operation 76 'call' 'call_ln16' <Predicate = true> <Delay = 0.00> <CoreType = "Generic">   --->   Core 0 '' <Latency = 0> <II = 1> <Delay = 1.00> <Generic> <Opcode : >

State 6 <SV = 5> <Delay = 7.30>
ST_6 : Operation 77 [5/5] (7.30ns)   --->   "%empty_29 = writeresp i1 @_ssdm_op_WriteResp.m_axi.p1i8, i64 %gmem1_addr" [../code/sobel_edge.cpp:16]   --->   Operation 77 'writeresp' 'empty_29' <Predicate = true> <Delay = 7.30> <CoreInst = "m_axi">   --->   Core 113 'm_axi' <Latency = 0> <II = 1> <Delay = 1.00> <Adapter> <Opcode : 'read' 'write' 'readreq' 'writereq' 'writeresp'>

State 7 <SV = 6> <Delay = 7.30>
ST_7 : Operation 78 [4/5] (7.30ns)   --->   "%empty_29 = writeresp i1 @_ssdm_op_WriteResp.m_axi.p1i8, i64 %gmem1_addr" [../code/sobel_edge.cpp:16]   --->   Operation 78 'writeresp' 'empty_29' <Predicate = true> <Delay = 7.30> <CoreInst = "m_axi">   --->   Core 113 'm_axi' <Latency = 0> <II = 1> <Delay = 1.00> <Adapter> <Opcode : 'read' 'write' 'readreq' 'writereq' 'writeresp'>

State 8 <SV = 7> <Delay = 7.30>
ST_8 : Operation 79 [3/5] (7.30ns)   --->   "%empty_29 = writeresp i1 @_ssdm_op_WriteResp.m_axi.p1i8, i64 %gmem1_addr" [../code/sobel_edge.cpp:16]   --->   Operation 79 'writeresp' 'empty_29' <Predicate = true> <Delay = 7.30> <CoreInst = "m_axi">   --->   Core 113 'm_axi' <Latency = 0> <II = 1> <Delay = 1.00> <Adapter> <Opcode : 'read' 'write' 'readreq' 'writereq' 'writeresp'>

State 9 <SV = 8> <Delay = 7.30>
ST_9 : Operation 80 [2/5] (7.30ns)   --->   "%empty_29 = writeresp i1 @_ssdm_op_WriteResp.m_axi.p1i8, i64 %gmem1_addr" [../code/sobel_edge.cpp:16]   --->   Operation 80 'writeresp' 'empty_29' <Predicate = true> <Delay = 7.30> <CoreInst = "m_axi">   --->   Core 113 'm_axi' <Latency = 0> <II = 1> <Delay = 1.00> <Adapter> <Opcode : 'read' 'write' 'readreq' 'writereq' 'writeresp'>

State 10 <SV = 9> <Delay = 7.30>
ST_10 : Operation 81 [1/1] (0.00ns)   --->   "%specloopname_ln16 = specloopname void @_ssdm_op_SpecLoopName, void @empty_12" [../code/sobel_edge.cpp:16]   --->   Operation 81 'specloopname' 'specloopname_ln16' <Predicate = true> <Delay = 0.00>
ST_10 : Operation 82 [1/5] (7.30ns)   --->   "%empty_29 = writeresp i1 @_ssdm_op_WriteResp.m_axi.p1i8, i64 %gmem1_addr" [../code/sobel_edge.cpp:16]   --->   Operation 82 'writeresp' 'empty_29' <Predicate = true> <Delay = 7.30> <CoreInst = "m_axi">   --->   Core 113 'm_axi' <Latency = 0> <II = 1> <Delay = 1.00> <Adapter> <Opcode : 'read' 'write' 'readreq' 'writereq' 'writeresp'>
ST_10 : Operation 83 [1/1] (0.00ns)   --->   "%br_ln16 = br void %VITIS_LOOP_17_2" [../code/sobel_edge.cpp:16]   --->   Operation 83 'br' 'br_ln16' <Predicate = true> <Delay = 0.00>

State 11 <SV = 2> <Delay = 6.91>
ST_11 : Operation 84 [1/2] (0.00ns)   --->   "%call_ln3 = call void @sobel_edge_Pipeline_VITIS_LOOP_37_5, i8 %gmem1, i32 %rows_read, i32 %cols_read, i64 %output_r_read, i33 %add_ln39" [../code/sobel_edge.cpp:3]   --->   Operation 84 'call' 'call_ln3' <Predicate = true> <Delay = 0.00> <CoreType = "Generic">   --->   Core 0 '' <Latency = 0> <II = 1> <Delay = 1.00> <Generic> <Opcode : >
ST_11 : Operation 85 [1/2] (6.91ns)   --->   "%mul90 = mul i32 %sub, i32 %cols_read" [../code/sobel_edge.cpp:3]   --->   Operation 85 'mul' 'mul90' <Predicate = true> <Delay = 6.91> <CoreInst = "Multiplier">   --->   Core 3 'Multiplier' <Latency = 1> <II = 1> <Delay = 6.91> <FuncUnit> <Opcode : 'mul'> <InPorts = 2> <OutPorts = 1>

State 12 <SV = 3> <Delay = 3.52>
ST_12 : Operation 86 [1/1] (0.00ns)   --->   "%sext_ln41 = sext i32 %mul90" [../code/sobel_edge.cpp:41]   --->   Operation 86 'sext' 'sext_ln41' <Predicate = true> <Delay = 0.00>
ST_12 : Operation 87 [1/1] (3.52ns)   --->   "%add_ln43 = add i64 %sext_ln41, i64 %output_r_read" [../code/sobel_edge.cpp:43]   --->   Operation 87 'add' 'add_ln43' <Predicate = true> <Delay = 3.52> <CoreInst = "Adder">   --->   Core 1 'Adder' <Latency = 0> <II = 1> <Delay = 3.52> <FuncUnit> <Opcode : 'add' 'sub'> <InPorts = 2> <OutPorts = 1>

State 13 <SV = 4> <Delay = 4.06>
ST_13 : Operation 88 [2/2] (4.06ns)   --->   "%call_ln3 = call void @sobel_edge_Pipeline_VITIS_LOOP_41_6, i8 %gmem1, i32 %cols_read, i64 %output_r_read, i64 %add_ln43" [../code/sobel_edge.cpp:3]   --->   Operation 88 'call' 'call_ln3' <Predicate = true> <Delay = 4.06> <CoreType = "Generic">   --->   Core 0 '' <Latency = 0> <II = 1> <Delay = 1.00> <Generic> <Opcode : >

State 14 <SV = 5> <Delay = 0.00>
ST_14 : Operation 89 [1/2] (0.00ns)   --->   "%call_ln3 = call void @sobel_edge_Pipeline_VITIS_LOOP_41_6, i8 %gmem1, i32 %cols_read, i64 %output_r_read, i64 %add_ln43" [../code/sobel_edge.cpp:3]   --->   Operation 89 'call' 'call_ln3' <Predicate = true> <Delay = 0.00> <CoreType = "Generic">   --->   Core 0 '' <Latency = 0> <II = 1> <Delay = 1.00> <Generic> <Opcode : >
ST_14 : Operation 90 [1/1] (0.00ns)   --->   "%ret_ln45 = ret" [../code/sobel_edge.cpp:45]   --->   Operation 90 'ret' 'ret_ln45' <Predicate = true> <Delay = 0.00>


============================================================
+ Verbose Summary: Binding
============================================================
STG Binding: 
---------------- STG Properties BEGIN ----------------
- Is combinational: 0
- Is one-state seq: 0
- Is datapath-only: 0
- Is pipelined: 0
- Is top level: 1
Port [ Return ] is wired: 1; IO mode=ap_ctrl_hs:ce=0
Port [ gmem0]:  wired=1; compound=1; hidden=0; nouse=0; global=0; static=0; extern=0; dir=0; type=4; pingpong=0; private_global=0; IO mode=m_axi:ce=0
Port [ gmem1]:  wired=1; compound=1; hidden=0; nouse=0; global=0; static=0; extern=0; dir=1; type=4; pingpong=0; private_global=0; IO mode=m_axi:ce=0
Port [ input_r]:  wired=1; compound=0; hidden=0; nouse=0; global=0; static=0; extern=0; dir=0; type=0; pingpong=0; private_global=0; IO mode=ap_none:ce=0
Port [ output_r]:  wired=1; compound=0; hidden=0; nouse=0; global=0; static=0; extern=0; dir=0; type=0; pingpong=0; private_global=0; IO mode=ap_none:ce=0
Port [ rows]:  wired=1; compound=0; hidden=0; nouse=0; global=0; static=0; extern=0; dir=0; type=0; pingpong=0; private_global=0; IO mode=ap_none:ce=0
Port [ cols]:  wired=1; compound=0; hidden=0; nouse=0; global=0; static=0; extern=0; dir=0; type=0; pingpong=0; private_global=0; IO mode=ap_none:ce=0
---------------- STG Properties END ------------------

---------------- Datapath Model BEGIN ----------------

<LifeTime>
<method=bitvector/>
phi_mul           (alloca        ) [ 011111111110000]
i                 (alloca        ) [ 011111111110000]
spectopmodule_ln3 (spectopmodule ) [ 000000000000000]
specinterface_ln0 (specinterface ) [ 000000000000000]
specbitsmap_ln0   (specbitsmap   ) [ 000000000000000]
specinterface_ln0 (specinterface ) [ 000000000000000]
specbitsmap_ln0   (specbitsmap   ) [ 000000000000000]
specinterface_ln0 (specinterface ) [ 000000000000000]
specinterface_ln0 (specinterface ) [ 000000000000000]
specinterface_ln0 (specinterface ) [ 000000000000000]
specinterface_ln0 (specinterface ) [ 000000000000000]
specbitsmap_ln0   (specbitsmap   ) [ 000000000000000]
specinterface_ln0 (specinterface ) [ 000000000000000]
specinterface_ln0 (specinterface ) [ 000000000000000]
specbitsmap_ln0   (specbitsmap   ) [ 000000000000000]
specinterface_ln0 (specinterface ) [ 000000000000000]
specinterface_ln0 (specinterface ) [ 000000000000000]
specinterface_ln0 (specinterface ) [ 000000000000000]
cols_read         (read          ) [ 001111111111111]
rows_read         (read          ) [ 001111111111000]
output_r_read     (read          ) [ 001111111111111]
input_r_read      (read          ) [ 001111111110000]
sub               (add           ) [ 001111111111000]
sub2              (add           ) [ 001111111110000]
tmp               (partselect    ) [ 000000000000000]
icmp              (icmp          ) [ 000000000000000]
sext_ln16         (sext          ) [ 001111111110000]
sext_ln16_1       (sext          ) [ 001111111110000]
shl_ln            (bitconcatenate) [ 000000000000000]
sext_ln17         (sext          ) [ 000000000000000]
add_ln17          (add           ) [ 000000000000000]
empty             (select        ) [ 001111111110000]
tmp5              (add           ) [ 000000000000000]
tmp5_cast         (sext          ) [ 001111111110000]
add_ln24          (add           ) [ 001111111110000]
store_ln16        (store         ) [ 000000000000000]
store_ln16        (store         ) [ 000000000000000]
br_ln16           (br            ) [ 000000000000000]
phi_mul_load      (load          ) [ 000111000000000]
i_2               (load          ) [ 000000000000000]
add_ln16_1        (add           ) [ 000000000000000]
zext_ln16_1       (zext          ) [ 000000000000000]
icmp_ln16         (icmp          ) [ 001111111110000]
br_ln16           (br            ) [ 000000000000000]
zext_ln16         (zext          ) [ 000100000000000]
p_cast            (sext          ) [ 000000000000000]
tmp2              (add           ) [ 000000000000000]
empty_26          (add           ) [ 000111000000000]
add_ln16          (add           ) [ 000000000000000]
store_ln16        (store         ) [ 000000000000000]
store_ln16        (store         ) [ 000000000000000]
add_ln39          (add           ) [ 000000000001000]
empty_27          (mul           ) [ 000011000000000]
gmem1_addr        (getelementptr ) [ 000011111110000]
empty_28          (writereq      ) [ 000000000000000]
sext_ln16_2       (sext          ) [ 000000000000000]
add_ln24_6        (add           ) [ 000001000000000]
call_ln16         (call          ) [ 000000000000000]
specloopname_ln16 (specloopname  ) [ 000000000000000]
empty_29          (writeresp     ) [ 000000000000000]
br_ln16           (br            ) [ 000000000000000]
call_ln3          (call          ) [ 000000000000000]
mul90             (mul           ) [ 000000000000100]
sext_ln41         (sext          ) [ 000000000000000]
add_ln43          (add           ) [ 000000000000011]
call_ln3          (call          ) [ 000000000000000]
ret_ln45          (ret           ) [ 000000000000000]
</LifeTime>

<model>

<comp_list>
<comp id="0" class="1000" name="gmem0">
<pin_list>
<pin id="1" dir="1" index="0" bw="1" slack="0"/>
</pin_list>
<bind>
<StgValue><ssdm name="gmem0"/></StgValue>
</bind>
</comp>

<comp id="2" class="1000" name="gmem1">
<pin_list>
<pin id="3" dir="1" index="0" bw="1" slack="0"/>
</pin_list>
<bind>
<StgValue><ssdm name="gmem1"/></StgValue>
</bind>
</comp>

<comp id="4" class="1000" name="input_r">
<pin_list>
<pin id="5" dir="1" index="0" bw="1" slack="0"/>
</pin_list>
<bind>
<StgValue><ssdm name="input_r"/></StgValue>
</bind>
</comp>

<comp id="6" class="1000" name="output_r">
<pin_list>
<pin id="7" dir="1" index="0" bw="1" slack="0"/>
</pin_list>
<bind>
<StgValue><ssdm name="output_r"/></StgValue>
</bind>
</comp>

<comp id="8" class="1000" name="rows">
<pin_list>
<pin id="9" dir="1" index="0" bw="1" slack="0"/>
</pin_list>
<bind>
<StgValue><ssdm name="rows"/></StgValue>
</bind>
</comp>

<comp id="10" class="1000" name="cols">
<pin_list>
<pin id="11" dir="1" index="0" bw="1" slack="0"/>
</pin_list>
<bind>
<StgValue><ssdm name="cols"/></StgValue>
</bind>
</comp>

<comp id="12" class="1001" name="const_12">
<pin_list>
<pin id="13" dir="1" index="0" bw="1" slack="0"/>
</pin_list>
<bind>
<StgValue><ssdm name=""/></StgValue>
</bind>
</comp>

<comp id="14" class="1001" name="const_14">
<pin_list>
<pin id="15" dir="1" index="0" bw="1" slack="2147483647"/>
</pin_list>
<bind>
<StgValue><ssdm name="_ssdm_op_SpecTopModule"/></StgValue>
</bind>
</comp>

<comp id="16" class="1001" name="const_16">
<pin_list>
<pin id="17" dir="1" index="0" bw="1" slack="2147483647"/>
</pin_list>
<bind>
<StgValue><ssdm name="empty_8"/></StgValue>
</bind>
</comp>

<comp id="18" class="1001" name="const_18">
<pin_list>
<pin id="19" dir="1" index="0" bw="1" slack="2147483647"/>
</pin_list>
<bind>
<StgValue><ssdm name="_ssdm_op_SpecInterface"/></StgValue>
</bind>
</comp>

<comp id="20" class="1001" name="const_20">
<pin_list>
<pin id="21" dir="1" index="0" bw="1" slack="2147483647"/>
</pin_list>
<bind>
<StgValue><ssdm name="empty_2"/></StgValue>
</bind>
</comp>

<comp id="22" class="1001" name="const_22">
<pin_list>
<pin id="23" dir="1" index="0" bw="1" slack="0"/>
</pin_list>
<bind>
<StgValue><ssdm name=""/></StgValue>
</bind>
</comp>

<comp id="24" class="1001" name="const_24">
<pin_list>
<pin id="25" dir="1" index="0" bw="1" slack="2147483647"/>
</pin_list>
<bind>
<StgValue><ssdm name="empty_3"/></StgValue>
</bind>
</comp>

<comp id="26" class="1001" name="const_26">
<pin_list>
<pin id="27" dir="1" index="0" bw="1" slack="2147483647"/>
</pin_list>
<bind>
<StgValue><ssdm name=""/></StgValue>
</bind>
</comp>

<comp id="28" class="1001" name="const_28">
<pin_list>
<pin id="29" dir="1" index="0" bw="1" slack="2147483647"/>
</pin_list>
<bind>
<StgValue><ssdm name="empty_4"/></StgValue>
</bind>
</comp>

<comp id="30" class="1001" name="const_30">
<pin_list>
<pin id="31" dir="1" index="0" bw="1" slack="2147483647"/>
</pin_list>
<bind>
<StgValue><ssdm name="empty_5"/></StgValue>
</bind>
</comp>

<comp id="32" class="1001" name="const_32">
<pin_list>
<pin id="33" dir="1" index="0" bw="1" slack="2147483647"/>
</pin_list>
<bind>
<StgValue><ssdm name=""/></StgValue>
</bind>
</comp>

<comp id="34" class="1001" name="const_34">
<pin_list>
<pin id="35" dir="1" index="0" bw="1" slack="0"/>
</pin_list>
<bind>
<StgValue><ssdm name=""/></StgValue>
</bind>
</comp>

<comp id="36" class="1001" name="const_36">
<pin_list>
<pin id="37" dir="1" index="0" bw="1" slack="2147483647"/>
</pin_list>
<bind>
<StgValue><ssdm name="_ssdm_op_SpecBitsMap"/></StgValue>
</bind>
</comp>

<comp id="38" class="1001" name="const_38">
<pin_list>
<pin id="39" dir="1" index="0" bw="1" slack="2147483647"/>
</pin_list>
<bind>
<StgValue><ssdm name="empty_9"/></StgValue>
</bind>
</comp>

<comp id="40" class="1001" name="const_40">
<pin_list>
<pin id="41" dir="1" index="0" bw="1" slack="2147483647"/>
</pin_list>
<bind>
<StgValue><ssdm name="empty_7"/></StgValue>
</bind>
</comp>

<comp id="42" class="1001" name="const_42">
<pin_list>
<pin id="43" dir="1" index="0" bw="1" slack="2147483647"/>
</pin_list>
<bind>
<StgValue><ssdm name="empty"/></StgValue>
</bind>
</comp>

<comp id="44" class="1001" name="const_44">
<pin_list>
<pin id="45" dir="1" index="0" bw="1" slack="2147483647"/>
</pin_list>
<bind>
<StgValue><ssdm name="empty_0"/></StgValue>
</bind>
</comp>

<comp id="46" class="1001" name="const_46">
<pin_list>
<pin id="47" dir="1" index="0" bw="1" slack="2147483647"/>
</pin_list>
<bind>
<StgValue><ssdm name="empty_1"/></StgValue>
</bind>
</comp>

<comp id="48" class="1001" name="const_48">
<pin_list>
<pin id="49" dir="1" index="0" bw="1" slack="2147483647"/>
</pin_list>
<bind>
<StgValue><ssdm name="empty_13"/></StgValue>
</bind>
</comp>

<comp id="50" class="1001" name="const_50">
<pin_list>
<pin id="51" dir="1" index="0" bw="1" slack="2147483647"/>
</pin_list>
<bind>
<StgValue><ssdm name="empty_14"/></StgValue>
</bind>
</comp>

<comp id="52" class="1001" name="const_52">
<pin_list>
<pin id="53" dir="1" index="0" bw="1" slack="2147483647"/>
</pin_list>
<bind>
<StgValue><ssdm name="empty_15"/></StgValue>
</bind>
</comp>

<comp id="54" class="1001" name="const_54">
<pin_list>
<pin id="55" dir="1" index="0" bw="1" slack="2147483647"/>
</pin_list>
<bind>
<StgValue><ssdm name="empty_16"/></StgValue>
</bind>
</comp>

<comp id="56" class="1001" name="const_56">
<pin_list>
<pin id="57" dir="1" index="0" bw="1" slack="0"/>
</pin_list>
<bind>
<StgValue><ssdm name="_ssdm_op_Read.s_axilite.i32"/></StgValue>
</bind>
</comp>

<comp id="58" class="1001" name="const_58">
<pin_list>
<pin id="59" dir="1" index="0" bw="1" slack="0"/>
</pin_list>
<bind>
<StgValue><ssdm name="_ssdm_op_Read.s_axilite.i64"/></StgValue>
</bind>
</comp>

<comp id="60" class="1001" name="const_60">
<pin_list>
<pin id="61" dir="1" index="0" bw="1" slack="0"/>
</pin_list>
<bind>
<StgValue><ssdm name="_ssdm_op_PartSelect.i31.i32.i32.i32"/></StgValue>
</bind>
</comp>

<comp id="62" class="1001" name="const_62">
<pin_list>
<pin id="63" dir="1" index="0" bw="1" slack="0"/>
</pin_list>
<bind>
<StgValue><ssdm name=""/></StgValue>
</bind>
</comp>

<comp id="64" class="1001" name="const_64">
<pin_list>
<pin id="65" dir="1" index="0" bw="1" slack="0"/>
</pin_list>
<bind>
<StgValue><ssdm name=""/></StgValue>
</bind>
</comp>

<comp id="66" class="1001" name="const_66">
<pin_list>
<pin id="67" dir="1" index="0" bw="1" slack="0"/>
</pin_list>
<bind>
<StgValue><ssdm name="_ssdm_op_BitConcatenate.i33.i32.i1"/></StgValue>
</bind>
</comp>

<comp id="68" class="1001" name="const_68">
<pin_list>
<pin id="69" dir="1" index="0" bw="1" slack="0"/>
</pin_list>
<bind>
<StgValue><ssdm name=""/></StgValue>
</bind>
</comp>

<comp id="70" class="1001" name="const_70">
<pin_list>
<pin id="71" dir="1" index="0" bw="1" slack="0"/>
</pin_list>
<bind>
<StgValue><ssdm name=""/></StgValue>
</bind>
</comp>

<comp id="72" class="1001" name="const_72">
<pin_list>
<pin id="73" dir="1" index="0" bw="1" slack="0"/>
</pin_list>
<bind>
<StgValue><ssdm name=""/></StgValue>
</bind>
</comp>

<comp id="74" class="1001" name="const_74">
<pin_list>
<pin id="75" dir="1" index="0" bw="1" slack="0"/>
</pin_list>
<bind>
<StgValue><ssdm name=""/></StgValue>
</bind>
</comp>

<comp id="76" class="1001" name="const_76">
<pin_list>
<pin id="77" dir="1" index="0" bw="1" slack="0"/>
</pin_list>
<bind>
<StgValue><ssdm name=""/></StgValue>
</bind>
</comp>

<comp id="78" class="1001" name="const_78">
<pin_list>
<pin id="79" dir="1" index="0" bw="1" slack="0"/>
</pin_list>
<bind>
<StgValue><ssdm name=""/></StgValue>
</bind>
</comp>

<comp id="80" class="1001" name="const_80">
<pin_list>
<pin id="81" dir="1" index="0" bw="1" slack="0"/>
</pin_list>
<bind>
<StgValue><ssdm name="sobel_edge_Pipeline_VITIS_LOOP_37_5"/></StgValue>
</bind>
</comp>

<comp id="82" class="1001" name="const_82">
<pin_list>
<pin id="83" dir="1" index="0" bw="1" slack="0"/>
</pin_list>
<bind>
<StgValue><ssdm name="_ssdm_op_WriteReq.m_axi.p1i8"/></StgValue>
</bind>
</comp>

<comp id="84" class="1001" name="const_84">
<pin_list>
<pin id="85" dir="1" index="0" bw="1" slack="0"/>
</pin_list>
<bind>
<StgValue><ssdm name="sobel_edge_Pipeline_VITIS_LOOP_17_2"/></StgValue>
</bind>
</comp>

<comp id="86" class="1001" name="const_86">
<pin_list>
<pin id="87" dir="1" index="0" bw="1" slack="0"/>
</pin_list>
<bind>
<StgValue><ssdm name="_ssdm_op_WriteResp.m_axi.p1i8"/></StgValue>
</bind>
</comp>

<comp id="88" class="1001" name="const_88">
<pin_list>
<pin id="89" dir="1" index="0" bw="1" slack="2147483647"/>
</pin_list>
<bind>
<StgValue><ssdm name="_ssdm_op_SpecLoopName"/></StgValue>
</bind>
</comp>

<comp id="90" class="1001" name="const_90">
<pin_list>
<pin id="91" dir="1" index="0" bw="1" slack="2147483647"/>
</pin_list>
<bind>
<StgValue><ssdm name="empty_12"/></StgValue>
</bind>
</comp>

<comp id="92" class="1001" name="const_92">
<pin_list>
<pin id="93" dir="1" index="0" bw="1" slack="0"/>
</pin_list>
<bind>
<StgValue><ssdm name="sobel_edge_Pipeline_VITIS_LOOP_41_6"/></StgValue>
</bind>
</comp>

<comp id="94" class="1004" name="phi_mul_fu_94">
<pin_list>
<pin id="95" dir="0" index="0" bw="1" slack="0"/>
<pin id="96" dir="1" index="1" bw="63" slack="0"/>
</pin_list>
<bind>
<opcode="alloca(26) " fcode="alloca"/>
<opset="phi_mul/1 "/>
</bind>
</comp>

<comp id="98" class="1004" name="i_fu_98">
<pin_list>
<pin id="99" dir="0" index="0" bw="1" slack="0"/>
<pin id="100" dir="1" index="1" bw="31" slack="0"/>
</pin_list>
<bind>
<opcode="alloca(26) " fcode="alloca"/>
<opset="i/1 "/>
</bind>
</comp>

<comp id="102" class="1004" name="cols_read_read_fu_102">
<pin_list>
<pin id="103" dir="0" index="0" bw="32" slack="0"/>
<pin id="104" dir="0" index="1" bw="32" slack="0"/>
<pin id="105" dir="1" index="2" bw="32" slack="0"/>
</pin_list>
<bind>
<opcode="read(1150) " fcode="read"/>
<opset="cols_read/1 "/>
</bind>
</comp>

<comp id="108" class="1004" name="rows_read_read_fu_108">
<pin_list>
<pin id="109" dir="0" index="0" bw="32" slack="0"/>
<pin id="110" dir="0" index="1" bw="32" slack="0"/>
<pin id="111" dir="1" index="2" bw="32" slack="0"/>
</pin_list>
<bind>
<opcode="read(1150) " fcode="read"/>
<opset="rows_read/1 "/>
</bind>
</comp>

<comp id="114" class="1004" name="output_r_read_read_fu_114">
<pin_list>
<pin id="115" dir="0" index="0" bw="64" slack="0"/>
<pin id="116" dir="0" index="1" bw="64" slack="0"/>
<pin id="117" dir="1" index="2" bw="64" slack="1"/>
</pin_list>
<bind>
<opcode="read(1150) " fcode="read"/>
<opset="output_r_read/1 "/>
</bind>
</comp>

<comp id="120" class="1004" name="input_r_read_read_fu_120">
<pin_list>
<pin id="121" dir="0" index="0" bw="64" slack="0"/>
<pin id="122" dir="0" index="1" bw="64" slack="0"/>
<pin id="123" dir="1" index="2" bw="64" slack="0"/>
</pin_list>
<bind>
<opcode="read(1150) " fcode="read"/>
<opset="input_r_read/1 "/>
</bind>
</comp>

<comp id="126" class="1004" name="grp_writeresp_fu_126">
<pin_list>
<pin id="127" dir="0" index="0" bw="1" slack="0"/>
<pin id="128" dir="0" index="1" bw="8" slack="0"/>
<pin id="129" dir="0" index="2" bw="32" slack="2"/>
<pin id="130" dir="1" index="3" bw="1" slack="2147483647"/>
</pin_list>
<bind>
<opcode="writereq(1155) writeresp(1158) " fcode="writeresp"/>
<opset="empty_28/3 empty_29/6 "/>
</bind>
</comp>

<comp id="133" class="1004" name="grp_sobel_edge_Pipeline_VITIS_LOOP_37_5_fu_133">
<pin_list>
<pin id="134" dir="0" index="0" bw="0" slack="0"/>
<pin id="135" dir="0" index="1" bw="8" slack="0"/>
<pin id="136" dir="0" index="2" bw="32" slack="1"/>
<pin id="137" dir="0" index="3" bw="32" slack="1"/>
<pin id="138" dir="0" index="4" bw="64" slack="1"/>
<pin id="139" dir="0" index="5" bw="33" slack="0"/>
<pin id="140" dir="1" index="6" bw="0" slack="2147483647"/>
</pin_list>
<bind>
<opcode="call(48) " fcode="call"/>
<opset="call_ln3/2 "/>
</bind>
</comp>

<comp id="143" class="1004" name="grp_sobel_edge_Pipeline_VITIS_LOOP_17_2_fu_143">
<pin_list>
<pin id="144" dir="0" index="0" bw="0" slack="0"/>
<pin id="145" dir="0" index="1" bw="8" slack="0"/>
<pin id="146" dir="0" index="2" bw="8" slack="0"/>
<pin id="147" dir="0" index="3" bw="64" slack="2"/>
<pin id="148" dir="0" index="4" bw="32" slack="3"/>
<pin id="149" dir="0" index="5" bw="63" slack="2"/>
<pin id="150" dir="0" index="6" bw="64" slack="3"/>
<pin id="151" dir="0" index="7" bw="64" slack="3"/>
<pin id="152" dir="0" index="8" bw="63" slack="2"/>
<pin id="153" dir="0" index="9" bw="64" slack="0"/>
<pin id="154" dir="0" index="10" bw="63" slack="1"/>
<pin id="155" dir="1" index="11" bw="0" slack="2147483647"/>
</pin_list>
<bind>
<opcode="call(48) " fcode="call"/>
<opset="call_ln16/4 "/>
</bind>
</comp>

<comp id="159" class="1004" name="grp_sobel_edge_Pipeline_VITIS_LOOP_41_6_fu_159">
<pin_list>
<pin id="160" dir="0" index="0" bw="0" slack="0"/>
<pin id="161" dir="0" index="1" bw="8" slack="0"/>
<pin id="162" dir="0" index="2" bw="32" slack="4"/>
<pin id="163" dir="0" index="3" bw="64" slack="4"/>
<pin id="164" dir="0" index="4" bw="64" slack="1"/>
<pin id="165" dir="1" index="5" bw="0" slack="2147483647"/>
</pin_list>
<bind>
<opcode="call(48) " fcode="call"/>
<opset="call_ln3/13 "/>
</bind>
</comp>

<comp id="168" class="1004" name="sub_fu_168">
<pin_list>
<pin id="169" dir="0" index="0" bw="32" slack="0"/>
<pin id="170" dir="0" index="1" bw="1" slack="0"/>
<pin id="171" dir="1" index="2" bw="32" slack="1"/>
</pin_list>
<bind>
<opcode="add(8) " fcode="add"/>
<opset="sub/1 "/>
</bind>
</comp>

<comp id="174" class="1004" name="sub2_fu_174">
<pin_list>
<pin id="175" dir="0" index="0" bw="32" slack="0"/>
<pin id="176" dir="0" index="1" bw="1" slack="0"/>
<pin id="177" dir="1" index="2" bw="32" slack="0"/>
</pin_list>
<bind>
<opcode="add(8) " fcode="add"/>
<opset="sub2/1 "/>
</bind>
</comp>

<comp id="180" class="1004" name="tmp_fu_180">
<pin_list>
<pin id="181" dir="0" index="0" bw="31" slack="0"/>
<pin id="182" dir="0" index="1" bw="32" slack="0"/>
<pin id="183" dir="0" index="2" bw="1" slack="0"/>
<pin id="184" dir="0" index="3" bw="6" slack="0"/>
<pin id="185" dir="1" index="4" bw="31" slack="0"/>
</pin_list>
<bind>
<opcode="partselect(1002) " fcode="partselect"/>
<opset="tmp/1 "/>
</bind>
</comp>

<comp id="190" class="1004" name="icmp_fu_190">
<pin_list>
<pin id="191" dir="0" index="0" bw="31" slack="0"/>
<pin id="192" dir="0" index="1" bw="31" slack="0"/>
<pin id="193" dir="1" index="2" bw="1" slack="0"/>
</pin_list>
<bind>
<opcode="icmp(45) " fcode="icmp"/>
<opset="icmp/1 "/>
</bind>
</comp>

<comp id="196" class="1004" name="sext_ln16_fu_196">
<pin_list>
<pin id="197" dir="0" index="0" bw="32" slack="0"/>
<pin id="198" dir="1" index="1" bw="63" slack="1"/>
</pin_list>
<bind>
<opcode="sext(35) " fcode="sext"/>
<opset="sext_ln16/1 "/>
</bind>
</comp>

<comp id="200" class="1004" name="sext_ln16_1_fu_200">
<pin_list>
<pin id="201" dir="0" index="0" bw="32" slack="0"/>
<pin id="202" dir="1" index="1" bw="33" slack="0"/>
</pin_list>
<bind>
<opcode="sext(35) " fcode="sext"/>
<opset="sext_ln16_1/1 "/>
</bind>
</comp>

<comp id="204" class="1004" name="shl_ln_fu_204">
<pin_list>
<pin id="205" dir="0" index="0" bw="33" slack="0"/>
<pin id="206" dir="0" index="1" bw="32" slack="0"/>
<pin id="207" dir="0" index="2" bw="1" slack="0"/>
<pin id="208" dir="1" index="3" bw="33" slack="0"/>
</pin_list>
<bind>
<opcode="bitconcatenate(1004) " fcode="bitconcatenate"/>
<opset="shl_ln/1 "/>
</bind>
</comp>

<comp id="212" class="1004" name="sext_ln17_fu_212">
<pin_list>
<pin id="213" dir="0" index="0" bw="33" slack="0"/>
<pin id="214" dir="1" index="1" bw="64" slack="0"/>
</pin_list>
<bind>
<opcode="sext(35) " fcode="sext"/>
<opset="sext_ln17/1 "/>
</bind>
</comp>

<comp id="216" class="1004" name="add_ln17_fu_216">
<pin_list>
<pin id="217" dir="0" index="0" bw="32" slack="0"/>
<pin id="218" dir="0" index="1" bw="2" slack="0"/>
<pin id="219" dir="1" index="2" bw="32" slack="0"/>
</pin_list>
<bind>
<opcode="add(8) " fcode="add"/>
<opset="add_ln17/1 "/>
</bind>
</comp>

<comp id="222" class="1004" name="empty_fu_222">
<pin_list>
<pin id="223" dir="0" index="0" bw="1" slack="0"/>
<pin id="224" dir="0" index="1" bw="32" slack="0"/>
<pin id="225" dir="0" index="2" bw="32" slack="0"/>
<pin id="226" dir="1" index="3" bw="32" slack="2"/>
</pin_list>
<bind>
<opcode="select(49) " fcode="select"/>
<opset="empty/1 "/>
</bind>
</comp>

<comp id="230" class="1004" name="tmp5_fu_230">
<pin_list>
<pin id="231" dir="0" index="0" bw="32" slack="0"/>
<pin id="232" dir="0" index="1" bw="1" slack="0"/>
<pin id="233" dir="1" index="2" bw="33" slack="0"/>
</pin_list>
<bind>
<opcode="add(8) " fcode="add"/>
<opset="tmp5/1 "/>
</bind>
</comp>

<comp id="236" class="1004" name="tmp5_cast_fu_236">
<pin_list>
<pin id="237" dir="0" index="0" bw="33" slack="0"/>
<pin id="238" dir="1" index="1" bw="64" slack="1"/>
</pin_list>
<bind>
<opcode="sext(35) " fcode="sext"/>
<opset="tmp5_cast/1 "/>
</bind>
</comp>

<comp id="240" class="1004" name="add_ln24_fu_240">
<pin_list>
<pin id="241" dir="0" index="0" bw="33" slack="0"/>
<pin id="242" dir="0" index="1" bw="64" slack="0"/>
<pin id="243" dir="1" index="2" bw="64" slack="3"/>
</pin_list>
<bind>
<opcode="add(8) " fcode="add"/>
<opset="add_ln24/1 "/>
</bind>
</comp>

<comp id="246" class="1004" name="store_ln16_store_fu_246">
<pin_list>
<pin id="247" dir="0" index="0" bw="1" slack="0"/>
<pin id="248" dir="0" index="1" bw="31" slack="0"/>
<pin id="249" dir="1" index="2" bw="0" slack="2147483647"/>
</pin_list>
<bind>
<opcode="store(28) " fcode="store"/>
<opset="store_ln16/1 "/>
</bind>
</comp>

<comp id="251" class="1004" name="store_ln16_store_fu_251">
<pin_list>
<pin id="252" dir="0" index="0" bw="1" slack="0"/>
<pin id="253" dir="0" index="1" bw="63" slack="0"/>
<pin id="254" dir="1" index="2" bw="0" slack="2147483647"/>
</pin_list>
<bind>
<opcode="store(28) " fcode="store"/>
<opset="store_ln16/1 "/>
</bind>
</comp>

<comp id="256" class="1004" name="phi_mul_load_load_fu_256">
<pin_list>
<pin id="257" dir="0" index="0" bw="63" slack="1"/>
<pin id="258" dir="1" index="1" bw="63" slack="0"/>
</pin_list>
<bind>
<opcode="load(27) " fcode="load"/>
<opset="phi_mul_load/2 "/>
</bind>
</comp>

<comp id="259" class="1004" name="i_2_load_fu_259">
<pin_list>
<pin id="260" dir="0" index="0" bw="31" slack="1"/>
<pin id="261" dir="1" index="1" bw="31" slack="0"/>
</pin_list>
<bind>
<opcode="load(27) " fcode="load"/>
<opset="i_2/2 "/>
</bind>
</comp>

<comp id="262" class="1004" name="add_ln16_1_fu_262">
<pin_list>
<pin id="263" dir="0" index="0" bw="63" slack="0"/>
<pin id="264" dir="0" index="1" bw="32" slack="1"/>
<pin id="265" dir="1" index="2" bw="63" slack="0"/>
</pin_list>
<bind>
<opcode="add(8) " fcode="add"/>
<opset="add_ln16_1/2 "/>
</bind>
</comp>

<comp id="267" class="1004" name="zext_ln16_1_fu_267">
<pin_list>
<pin id="268" dir="0" index="0" bw="31" slack="0"/>
<pin id="269" dir="1" index="1" bw="32" slack="0"/>
</pin_list>
<bind>
<opcode="zext(34) " fcode="zext"/>
<opset="zext_ln16_1/2 "/>
</bind>
</comp>

<comp id="271" class="1004" name="icmp_ln16_fu_271">
<pin_list>
<pin id="272" dir="0" index="0" bw="32" slack="0"/>
<pin id="273" dir="0" index="1" bw="32" slack="1"/>
<pin id="274" dir="1" index="2" bw="1" slack="2147483647"/>
</pin_list>
<bind>
<opcode="icmp(45) " fcode="icmp"/>
<opset="icmp_ln16/2 "/>
</bind>
</comp>

<comp id="276" class="1004" name="zext_ln16_fu_276">
<pin_list>
<pin id="277" dir="0" index="0" bw="31" slack="0"/>
<pin id="278" dir="1" index="1" bw="63" slack="0"/>
</pin_list>
<bind>
<opcode="zext(34) " fcode="zext"/>
<opset="zext_ln16/2 "/>
</bind>
</comp>

<comp id="280" class="1004" name="p_cast_fu_280">
<pin_list>
<pin id="281" dir="0" index="0" bw="63" slack="0"/>
<pin id="282" dir="1" index="1" bw="64" slack="0"/>
</pin_list>
<bind>
<opcode="sext(35) " fcode="sext"/>
<opset="p_cast/2 "/>
</bind>
</comp>

<comp id="284" class="1004" name="tmp2_fu_284">
<pin_list>
<pin id="285" dir="0" index="0" bw="63" slack="0"/>
<pin id="286" dir="0" index="1" bw="64" slack="1"/>
<pin id="287" dir="1" index="2" bw="64" slack="0"/>
</pin_list>
<bind>
<opcode="add(8) " fcode="add"/>
<opset="tmp2/2 "/>
</bind>
</comp>

<comp id="289" class="1004" name="empty_26_fu_289">
<pin_list>
<pin id="290" dir="0" index="0" bw="33" slack="1"/>
<pin id="291" dir="0" index="1" bw="64" slack="0"/>
<pin id="292" dir="1" index="2" bw="64" slack="1"/>
</pin_list>
<bind>
<opcode="add(8) " fcode="add"/>
<opset="empty_26/2 "/>
</bind>
</comp>

<comp id="294" class="1004" name="grp_fu_294">
<pin_list>
<pin id="295" dir="0" index="0" bw="31" slack="0"/>
<pin id="296" dir="0" index="1" bw="32" slack="1"/>
<pin id="297" dir="1" index="2" bw="63" slack="1"/>
</pin_list>
<bind>
<opcode="mul(12) " fcode="mul"/>
<opset="empty_27/2 "/>
</bind>
</comp>

<comp id="299" class="1004" name="add_ln16_fu_299">
<pin_list>
<pin id="300" dir="0" index="0" bw="31" slack="0"/>
<pin id="301" dir="0" index="1" bw="1" slack="0"/>
<pin id="302" dir="1" index="2" bw="31" slack="0"/>
</pin_list>
<bind>
<opcode="add(8) " fcode="add"/>
<opset="add_ln16/2 "/>
</bind>
</comp>

<comp id="305" class="1004" name="store_ln16_store_fu_305">
<pin_list>
<pin id="306" dir="0" index="0" bw="31" slack="0"/>
<pin id="307" dir="0" index="1" bw="31" slack="1"/>
<pin id="308" dir="1" index="2" bw="0" slack="2147483647"/>
</pin_list>
<bind>
<opcode="store(28) " fcode="store"/>
<opset="store_ln16/2 "/>
</bind>
</comp>

<comp id="310" class="1004" name="store_ln16_store_fu_310">
<pin_list>
<pin id="311" dir="0" index="0" bw="63" slack="0"/>
<pin id="312" dir="0" index="1" bw="63" slack="1"/>
<pin id="313" dir="1" index="2" bw="0" slack="2147483647"/>
</pin_list>
<bind>
<opcode="store(28) " fcode="store"/>
<opset="store_ln16/2 "/>
</bind>
</comp>

<comp id="315" class="1004" name="add_ln39_fu_315">
<pin_list>
<pin id="316" dir="0" index="0" bw="32" slack="1"/>
<pin id="317" dir="0" index="1" bw="1" slack="0"/>
<pin id="318" dir="1" index="2" bw="33" slack="0"/>
</pin_list>
<bind>
<opcode="add(8) " fcode="add"/>
<opset="add_ln39/2 "/>
</bind>
</comp>

<comp id="321" class="1004" name="grp_fu_321">
<pin_list>
<pin id="322" dir="0" index="0" bw="32" slack="1"/>
<pin id="323" dir="0" index="1" bw="32" slack="1"/>
<pin id="324" dir="1" index="2" bw="32" slack="1"/>
</pin_list>
<bind>
<opcode="mul(12) " fcode="mul"/>
<opset="mul90/2 "/>
</bind>
</comp>

<comp id="325" class="1004" name="gmem1_addr_fu_325">
<pin_list>
<pin id="326" dir="0" index="0" bw="64" slack="0"/>
<pin id="327" dir="0" index="1" bw="64" slack="1"/>
<pin id="328" dir="1" index="2" bw="64" slack="0"/>
</pin_list>
<bind>
<opcode="getelementptr(29) " fcode="getelementptr"/>
<opset="gmem1_addr/3 "/>
</bind>
</comp>

<comp id="331" class="1004" name="sext_ln16_2_fu_331">
<pin_list>
<pin id="332" dir="0" index="0" bw="63" slack="1"/>
<pin id="333" dir="1" index="1" bw="64" slack="0"/>
</pin_list>
<bind>
<opcode="sext(35) " fcode="sext"/>
<opset="sext_ln16_2/4 "/>
</bind>
</comp>

<comp id="334" class="1004" name="add_ln24_6_fu_334">
<pin_list>
<pin id="335" dir="0" index="0" bw="63" slack="0"/>
<pin id="336" dir="0" index="1" bw="64" slack="3"/>
<pin id="337" dir="1" index="2" bw="64" slack="0"/>
</pin_list>
<bind>
<opcode="add(8) " fcode="add"/>
<opset="add_ln24_6/4 "/>
</bind>
</comp>

<comp id="340" class="1004" name="sext_ln41_fu_340">
<pin_list>
<pin id="341" dir="0" index="0" bw="32" slack="1"/>
<pin id="342" dir="1" index="1" bw="64" slack="0"/>
</pin_list>
<bind>
<opcode="sext(35) " fcode="sext"/>
<opset="sext_ln41/12 "/>
</bind>
</comp>

<comp id="343" class="1004" name="add_ln43_fu_343">
<pin_list>
<pin id="344" dir="0" index="0" bw="32" slack="0"/>
<pin id="345" dir="0" index="1" bw="64" slack="3"/>
<pin id="346" dir="1" index="2" bw="64" slack="1"/>
</pin_list>
<bind>
<opcode="add(8) " fcode="add"/>
<opset="add_ln43/12 "/>
</bind>
</comp>

<comp id="348" class="1005" name="phi_mul_reg_348">
<pin_list>
<pin id="349" dir="0" index="0" bw="63" slack="0"/>
<pin id="350" dir="1" index="1" bw="63" slack="0"/>
</pin_list>
<bind>
<opset="phi_mul "/>
</bind>
</comp>

<comp id="355" class="1005" name="i_reg_355">
<pin_list>
<pin id="356" dir="0" index="0" bw="31" slack="0"/>
<pin id="357" dir="1" index="1" bw="31" slack="0"/>
</pin_list>
<bind>
<opset="i "/>
</bind>
</comp>

<comp id="362" class="1005" name="cols_read_reg_362">
<pin_list>
<pin id="363" dir="0" index="0" bw="32" slack="1"/>
<pin id="364" dir="1" index="1" bw="32" slack="1"/>
</pin_list>
<bind>
<opset="cols_read "/>
</bind>
</comp>

<comp id="369" class="1005" name="rows_read_reg_369">
<pin_list>
<pin id="370" dir="0" index="0" bw="32" slack="1"/>
<pin id="371" dir="1" index="1" bw="32" slack="1"/>
</pin_list>
<bind>
<opset="rows_read "/>
</bind>
</comp>

<comp id="374" class="1005" name="output_r_read_reg_374">
<pin_list>
<pin id="375" dir="0" index="0" bw="64" slack="1"/>
<pin id="376" dir="1" index="1" bw="64" slack="1"/>
</pin_list>
<bind>
<opset="output_r_read "/>
</bind>
</comp>

<comp id="382" class="1005" name="input_r_read_reg_382">
<pin_list>
<pin id="383" dir="0" index="0" bw="64" slack="3"/>
<pin id="384" dir="1" index="1" bw="64" slack="3"/>
</pin_list>
<bind>
<opset="input_r_read "/>
</bind>
</comp>

<comp id="388" class="1005" name="sub_reg_388">
<pin_list>
<pin id="389" dir="0" index="0" bw="32" slack="1"/>
<pin id="390" dir="1" index="1" bw="32" slack="1"/>
</pin_list>
<bind>
<opset="sub "/>
</bind>
</comp>

<comp id="394" class="1005" name="sub2_reg_394">
<pin_list>
<pin id="395" dir="0" index="0" bw="32" slack="3"/>
<pin id="396" dir="1" index="1" bw="32" slack="3"/>
</pin_list>
<bind>
<opset="sub2 "/>
</bind>
</comp>

<comp id="399" class="1005" name="sext_ln16_reg_399">
<pin_list>
<pin id="400" dir="0" index="0" bw="63" slack="1"/>
<pin id="401" dir="1" index="1" bw="63" slack="1"/>
</pin_list>
<bind>
<opset="sext_ln16 "/>
</bind>
</comp>

<comp id="405" class="1005" name="sext_ln16_1_reg_405">
<pin_list>
<pin id="406" dir="0" index="0" bw="33" slack="1"/>
<pin id="407" dir="1" index="1" bw="33" slack="1"/>
</pin_list>
<bind>
<opset="sext_ln16_1 "/>
</bind>
</comp>

<comp id="410" class="1005" name="empty_reg_410">
<pin_list>
<pin id="411" dir="0" index="0" bw="32" slack="2"/>
<pin id="412" dir="1" index="1" bw="32" slack="2"/>
</pin_list>
<bind>
<opset="empty "/>
</bind>
</comp>

<comp id="415" class="1005" name="tmp5_cast_reg_415">
<pin_list>
<pin id="416" dir="0" index="0" bw="64" slack="1"/>
<pin id="417" dir="1" index="1" bw="64" slack="1"/>
</pin_list>
<bind>
<opset="tmp5_cast "/>
</bind>
</comp>

<comp id="420" class="1005" name="add_ln24_reg_420">
<pin_list>
<pin id="421" dir="0" index="0" bw="64" slack="3"/>
<pin id="422" dir="1" index="1" bw="64" slack="3"/>
</pin_list>
<bind>
<opset="add_ln24 "/>
</bind>
</comp>

<comp id="425" class="1005" name="phi_mul_load_reg_425">
<pin_list>
<pin id="426" dir="0" index="0" bw="63" slack="2"/>
<pin id="427" dir="1" index="1" bw="63" slack="2"/>
</pin_list>
<bind>
<opset="phi_mul_load "/>
</bind>
</comp>

<comp id="434" class="1005" name="zext_ln16_reg_434">
<pin_list>
<pin id="435" dir="0" index="0" bw="63" slack="1"/>
<pin id="436" dir="1" index="1" bw="63" slack="1"/>
</pin_list>
<bind>
<opset="zext_ln16 "/>
</bind>
</comp>

<comp id="439" class="1005" name="empty_26_reg_439">
<pin_list>
<pin id="440" dir="0" index="0" bw="64" slack="1"/>
<pin id="441" dir="1" index="1" bw="64" slack="1"/>
</pin_list>
<bind>
<opset="empty_26 "/>
</bind>
</comp>

<comp id="445" class="1005" name="add_ln39_reg_445">
<pin_list>
<pin id="446" dir="0" index="0" bw="33" slack="1"/>
<pin id="447" dir="1" index="1" bw="33" slack="1"/>
</pin_list>
<bind>
<opset="add_ln39 "/>
</bind>
</comp>

<comp id="450" class="1005" name="empty_27_reg_450">
<pin_list>
<pin id="451" dir="0" index="0" bw="63" slack="1"/>
<pin id="452" dir="1" index="1" bw="63" slack="1"/>
</pin_list>
<bind>
<opset="empty_27 "/>
</bind>
</comp>

<comp id="456" class="1005" name="gmem1_addr_reg_456">
<pin_list>
<pin id="457" dir="0" index="0" bw="8" slack="3"/>
<pin id="458" dir="1" index="1" bw="8" slack="3"/>
</pin_list>
<bind>
<opset="gmem1_addr "/>
</bind>
</comp>

<comp id="461" class="1005" name="add_ln24_6_reg_461">
<pin_list>
<pin id="462" dir="0" index="0" bw="64" slack="1"/>
<pin id="463" dir="1" index="1" bw="64" slack="1"/>
</pin_list>
<bind>
<opset="add_ln24_6 "/>
</bind>
</comp>

<comp id="466" class="1005" name="mul90_reg_466">
<pin_list>
<pin id="467" dir="0" index="0" bw="32" slack="1"/>
<pin id="468" dir="1" index="1" bw="32" slack="1"/>
</pin_list>
<bind>
<opset="mul90 "/>
</bind>
</comp>

<comp id="471" class="1005" name="add_ln43_reg_471">
<pin_list>
<pin id="472" dir="0" index="0" bw="64" slack="1"/>
<pin id="473" dir="1" index="1" bw="64" slack="1"/>
</pin_list>
<bind>
<opset="add_ln43 "/>
</bind>
</comp>

</comp_list>

<net_list>
<net id="97"><net_src comp="12" pin="0"/><net_sink comp="94" pin=0"/></net>

<net id="101"><net_src comp="12" pin="0"/><net_sink comp="98" pin=0"/></net>

<net id="106"><net_src comp="56" pin="0"/><net_sink comp="102" pin=0"/></net>

<net id="107"><net_src comp="10" pin="0"/><net_sink comp="102" pin=1"/></net>

<net id="112"><net_src comp="56" pin="0"/><net_sink comp="108" pin=0"/></net>

<net id="113"><net_src comp="8" pin="0"/><net_sink comp="108" pin=1"/></net>

<net id="118"><net_src comp="58" pin="0"/><net_sink comp="114" pin=0"/></net>

<net id="119"><net_src comp="6" pin="0"/><net_sink comp="114" pin=1"/></net>

<net id="124"><net_src comp="58" pin="0"/><net_sink comp="120" pin=0"/></net>

<net id="125"><net_src comp="4" pin="0"/><net_sink comp="120" pin=1"/></net>

<net id="131"><net_src comp="82" pin="0"/><net_sink comp="126" pin=0"/></net>

<net id="132"><net_src comp="86" pin="0"/><net_sink comp="126" pin=0"/></net>

<net id="141"><net_src comp="80" pin="0"/><net_sink comp="133" pin=0"/></net>

<net id="142"><net_src comp="2" pin="0"/><net_sink comp="133" pin=1"/></net>

<net id="156"><net_src comp="84" pin="0"/><net_sink comp="143" pin=0"/></net>

<net id="157"><net_src comp="2" pin="0"/><net_sink comp="143" pin=1"/></net>

<net id="158"><net_src comp="0" pin="0"/><net_sink comp="143" pin=2"/></net>

<net id="166"><net_src comp="92" pin="0"/><net_sink comp="159" pin=0"/></net>

<net id="167"><net_src comp="2" pin="0"/><net_sink comp="159" pin=1"/></net>

<net id="172"><net_src comp="108" pin="2"/><net_sink comp="168" pin=0"/></net>

<net id="173"><net_src comp="34" pin="0"/><net_sink comp="168" pin=1"/></net>

<net id="178"><net_src comp="102" pin="2"/><net_sink comp="174" pin=0"/></net>

<net id="179"><net_src comp="34" pin="0"/><net_sink comp="174" pin=1"/></net>

<net id="186"><net_src comp="60" pin="0"/><net_sink comp="180" pin=0"/></net>

<net id="187"><net_src comp="174" pin="2"/><net_sink comp="180" pin=1"/></net>

<net id="188"><net_src comp="12" pin="0"/><net_sink comp="180" pin=2"/></net>

<net id="189"><net_src comp="62" pin="0"/><net_sink comp="180" pin=3"/></net>

<net id="194"><net_src comp="180" pin="4"/><net_sink comp="190" pin=0"/></net>

<net id="195"><net_src comp="64" pin="0"/><net_sink comp="190" pin=1"/></net>

<net id="199"><net_src comp="102" pin="2"/><net_sink comp="196" pin=0"/></net>

<net id="203"><net_src comp="102" pin="2"/><net_sink comp="200" pin=0"/></net>

<net id="209"><net_src comp="66" pin="0"/><net_sink comp="204" pin=0"/></net>

<net id="210"><net_src comp="102" pin="2"/><net_sink comp="204" pin=1"/></net>

<net id="211"><net_src comp="68" pin="0"/><net_sink comp="204" pin=2"/></net>

<net id="215"><net_src comp="204" pin="3"/><net_sink comp="212" pin=0"/></net>

<net id="220"><net_src comp="102" pin="2"/><net_sink comp="216" pin=0"/></net>

<net id="221"><net_src comp="70" pin="0"/><net_sink comp="216" pin=1"/></net>

<net id="227"><net_src comp="190" pin="2"/><net_sink comp="222" pin=0"/></net>

<net id="228"><net_src comp="216" pin="2"/><net_sink comp="222" pin=1"/></net>

<net id="229"><net_src comp="22" pin="0"/><net_sink comp="222" pin=2"/></net>

<net id="234"><net_src comp="200" pin="1"/><net_sink comp="230" pin=0"/></net>

<net id="235"><net_src comp="72" pin="0"/><net_sink comp="230" pin=1"/></net>

<net id="239"><net_src comp="230" pin="2"/><net_sink comp="236" pin=0"/></net>

<net id="244"><net_src comp="212" pin="1"/><net_sink comp="240" pin=0"/></net>

<net id="245"><net_src comp="120" pin="2"/><net_sink comp="240" pin=1"/></net>

<net id="250"><net_src comp="74" pin="0"/><net_sink comp="246" pin=0"/></net>

<net id="255"><net_src comp="76" pin="0"/><net_sink comp="251" pin=0"/></net>

<net id="266"><net_src comp="256" pin="1"/><net_sink comp="262" pin=0"/></net>

<net id="270"><net_src comp="259" pin="1"/><net_sink comp="267" pin=0"/></net>

<net id="275"><net_src comp="267" pin="1"/><net_sink comp="271" pin=0"/></net>

<net id="279"><net_src comp="259" pin="1"/><net_sink comp="276" pin=0"/></net>

<net id="283"><net_src comp="256" pin="1"/><net_sink comp="280" pin=0"/></net>

<net id="288"><net_src comp="280" pin="1"/><net_sink comp="284" pin=0"/></net>

<net id="293"><net_src comp="284" pin="2"/><net_sink comp="289" pin=1"/></net>

<net id="298"><net_src comp="276" pin="1"/><net_sink comp="294" pin=0"/></net>

<net id="303"><net_src comp="259" pin="1"/><net_sink comp="299" pin=0"/></net>

<net id="304"><net_src comp="74" pin="0"/><net_sink comp="299" pin=1"/></net>

<net id="309"><net_src comp="299" pin="2"/><net_sink comp="305" pin=0"/></net>

<net id="314"><net_src comp="262" pin="2"/><net_sink comp="310" pin=0"/></net>

<net id="319"><net_src comp="78" pin="0"/><net_sink comp="315" pin=1"/></net>

<net id="320"><net_src comp="315" pin="2"/><net_sink comp="133" pin=5"/></net>

<net id="329"><net_src comp="2" pin="0"/><net_sink comp="325" pin=0"/></net>

<net id="330"><net_src comp="325" pin="2"/><net_sink comp="126" pin=1"/></net>

<net id="338"><net_src comp="331" pin="1"/><net_sink comp="334" pin=0"/></net>

<net id="339"><net_src comp="334" pin="2"/><net_sink comp="143" pin=9"/></net>

<net id="347"><net_src comp="340" pin="1"/><net_sink comp="343" pin=0"/></net>

<net id="351"><net_src comp="94" pin="1"/><net_sink comp="348" pin=0"/></net>

<net id="352"><net_src comp="348" pin="1"/><net_sink comp="251" pin=1"/></net>

<net id="353"><net_src comp="348" pin="1"/><net_sink comp="256" pin=0"/></net>

<net id="354"><net_src comp="348" pin="1"/><net_sink comp="310" pin=1"/></net>

<net id="358"><net_src comp="98" pin="1"/><net_sink comp="355" pin=0"/></net>

<net id="359"><net_src comp="355" pin="1"/><net_sink comp="246" pin=1"/></net>

<net id="360"><net_src comp="355" pin="1"/><net_sink comp="259" pin=0"/></net>

<net id="361"><net_src comp="355" pin="1"/><net_sink comp="305" pin=1"/></net>

<net id="365"><net_src comp="102" pin="2"/><net_sink comp="362" pin=0"/></net>

<net id="366"><net_src comp="362" pin="1"/><net_sink comp="133" pin=3"/></net>

<net id="367"><net_src comp="362" pin="1"/><net_sink comp="321" pin=1"/></net>

<net id="368"><net_src comp="362" pin="1"/><net_sink comp="159" pin=2"/></net>

<net id="372"><net_src comp="108" pin="2"/><net_sink comp="369" pin=0"/></net>

<net id="373"><net_src comp="369" pin="1"/><net_sink comp="133" pin=2"/></net>

<net id="377"><net_src comp="114" pin="2"/><net_sink comp="374" pin=0"/></net>

<net id="378"><net_src comp="374" pin="1"/><net_sink comp="284" pin=1"/></net>

<net id="379"><net_src comp="374" pin="1"/><net_sink comp="133" pin=4"/></net>

<net id="380"><net_src comp="374" pin="1"/><net_sink comp="343" pin=1"/></net>

<net id="381"><net_src comp="374" pin="1"/><net_sink comp="159" pin=3"/></net>

<net id="385"><net_src comp="120" pin="2"/><net_sink comp="382" pin=0"/></net>

<net id="386"><net_src comp="382" pin="1"/><net_sink comp="334" pin=1"/></net>

<net id="387"><net_src comp="382" pin="1"/><net_sink comp="143" pin=7"/></net>

<net id="391"><net_src comp="168" pin="2"/><net_sink comp="388" pin=0"/></net>

<net id="392"><net_src comp="388" pin="1"/><net_sink comp="271" pin=1"/></net>

<net id="393"><net_src comp="388" pin="1"/><net_sink comp="321" pin=0"/></net>

<net id="397"><net_src comp="174" pin="2"/><net_sink comp="394" pin=0"/></net>

<net id="398"><net_src comp="394" pin="1"/><net_sink comp="143" pin=4"/></net>

<net id="402"><net_src comp="196" pin="1"/><net_sink comp="399" pin=0"/></net>

<net id="403"><net_src comp="399" pin="1"/><net_sink comp="262" pin=1"/></net>

<net id="404"><net_src comp="399" pin="1"/><net_sink comp="294" pin=1"/></net>

<net id="408"><net_src comp="200" pin="1"/><net_sink comp="405" pin=0"/></net>

<net id="409"><net_src comp="405" pin="1"/><net_sink comp="315" pin=0"/></net>

<net id="413"><net_src comp="222" pin="3"/><net_sink comp="410" pin=0"/></net>

<net id="414"><net_src comp="410" pin="1"/><net_sink comp="126" pin=2"/></net>

<net id="418"><net_src comp="236" pin="1"/><net_sink comp="415" pin=0"/></net>

<net id="419"><net_src comp="415" pin="1"/><net_sink comp="289" pin=0"/></net>

<net id="423"><net_src comp="240" pin="2"/><net_sink comp="420" pin=0"/></net>

<net id="424"><net_src comp="420" pin="1"/><net_sink comp="143" pin=6"/></net>

<net id="428"><net_src comp="256" pin="1"/><net_sink comp="425" pin=0"/></net>

<net id="429"><net_src comp="425" pin="1"/><net_sink comp="143" pin=5"/></net>

<net id="430"><net_src comp="425" pin="1"/><net_sink comp="143" pin=8"/></net>

<net id="437"><net_src comp="276" pin="1"/><net_sink comp="434" pin=0"/></net>

<net id="438"><net_src comp="434" pin="1"/><net_sink comp="294" pin=0"/></net>

<net id="442"><net_src comp="289" pin="2"/><net_sink comp="439" pin=0"/></net>

<net id="443"><net_src comp="439" pin="1"/><net_sink comp="325" pin=1"/></net>

<net id="444"><net_src comp="439" pin="1"/><net_sink comp="143" pin=3"/></net>

<net id="448"><net_src comp="315" pin="2"/><net_sink comp="445" pin=0"/></net>

<net id="449"><net_src comp="445" pin="1"/><net_sink comp="133" pin=5"/></net>

<net id="453"><net_src comp="294" pin="2"/><net_sink comp="450" pin=0"/></net>

<net id="454"><net_src comp="450" pin="1"/><net_sink comp="331" pin=0"/></net>

<net id="455"><net_src comp="450" pin="1"/><net_sink comp="143" pin=10"/></net>

<net id="459"><net_src comp="325" pin="2"/><net_sink comp="456" pin=0"/></net>

<net id="460"><net_src comp="456" pin="1"/><net_sink comp="126" pin=1"/></net>

<net id="464"><net_src comp="334" pin="2"/><net_sink comp="461" pin=0"/></net>

<net id="465"><net_src comp="461" pin="1"/><net_sink comp="143" pin=9"/></net>

<net id="469"><net_src comp="321" pin="2"/><net_sink comp="466" pin=0"/></net>

<net id="470"><net_src comp="466" pin="1"/><net_sink comp="340" pin=0"/></net>

<net id="474"><net_src comp="343" pin="2"/><net_sink comp="471" pin=0"/></net>

<net id="475"><net_src comp="471" pin="1"/><net_sink comp="159" pin=4"/></net>

</net_list>

</model> 
---------------- Datapath Model END ------------------

* FSMD analyzer results:
  - Output states:
	Port: gmem1 | {2 3 4 5 6 7 8 9 10 11 13 14 }
 - Input state : 
	Port: sobel_edge : gmem0 | {4 5 }
	Port: sobel_edge : input_r | {1 }
	Port: sobel_edge : output_r | {1 }
	Port: sobel_edge : rows | {1 }
	Port: sobel_edge : cols | {1 }
  - Chain level:
	State 1
		tmp : 1
		icmp : 2
		sext_ln17 : 1
		empty : 3
		tmp5 : 1
		tmp5_cast : 2
		add_ln24 : 2
		store_ln16 : 1
		store_ln16 : 1
	State 2
		add_ln16_1 : 1
		zext_ln16_1 : 1
		icmp_ln16 : 2
		br_ln16 : 3
		zext_ln16 : 1
		p_cast : 1
		tmp2 : 2
		empty_26 : 3
		empty_27 : 2
		add_ln16 : 1
		store_ln16 : 2
		store_ln16 : 2
		call_ln3 : 1
	State 3
		empty_28 : 1
	State 4
		add_ln24_6 : 1
		call_ln16 : 2
	State 5
	State 6
	State 7
	State 8
	State 9
	State 10
	State 11
	State 12
		add_ln43 : 1
	State 13
	State 14


============================================================
+ Verbose Summary: Datapath Resource usage 
============================================================

* Functional unit list:
|----------|------------------------------------------------|---------|---------|---------|---------|
| Operation|                 Functional Unit                |   DSP   |  Delay  |    FF   |   LUT   |
|----------|------------------------------------------------|---------|---------|---------|---------|
|          | grp_sobel_edge_Pipeline_VITIS_LOOP_37_5_fu_133 |    0    |  3.176  |   334   |   268   |
|   call   | grp_sobel_edge_Pipeline_VITIS_LOOP_17_2_fu_143 |    0    |    0    |   739   |   820   |
|          | grp_sobel_edge_Pipeline_VITIS_LOOP_41_6_fu_159 |    0    |  3.176  |    48   |   198   |
|----------|------------------------------------------------|---------|---------|---------|---------|
|          |                   sub_fu_168                   |    0    |    0    |    0    |    39   |
|          |                   sub2_fu_174                  |    0    |    0    |    0    |    39   |
|          |                 add_ln17_fu_216                |    0    |    0    |    0    |    39   |
|          |                   tmp5_fu_230                  |    0    |    0    |    0    |    39   |
|          |                 add_ln24_fu_240                |    0    |    0    |    0    |    71   |
|    add   |                add_ln16_1_fu_262               |    0    |    0    |    0    |    70   |
|          |                   tmp2_fu_284                  |    0    |    0    |    0    |    64   |
|          |                 empty_26_fu_289                |    0    |    0    |    0    |    64   |
|          |                 add_ln16_fu_299                |    0    |    0    |    0    |    38   |
|          |                 add_ln39_fu_315                |    0    |    0    |    0    |    39   |
|          |                add_ln24_6_fu_334               |    0    |    0    |    0    |    71   |
|          |                 add_ln43_fu_343                |    0    |    0    |    0    |    71   |
|----------|------------------------------------------------|---------|---------|---------|---------|
|    mul   |                   grp_fu_294                   |    3    |    0    |   165   |    50   |
|          |                   grp_fu_321                   |    3    |    0    |   165   |    50   |
|----------|------------------------------------------------|---------|---------|---------|---------|
|   icmp   |                   icmp_fu_190                  |    0    |    0    |    0    |    17   |
|          |                icmp_ln16_fu_271                |    0    |    0    |    0    |    18   |
|----------|------------------------------------------------|---------|---------|---------|---------|
|  select  |                  empty_fu_222                  |    0    |    0    |    0    |    32   |
|----------|------------------------------------------------|---------|---------|---------|---------|
|          |              cols_read_read_fu_102             |    0    |    0    |    0    |    0    |
|   read   |              rows_read_read_fu_108             |    0    |    0    |    0    |    0    |
|          |            output_r_read_read_fu_114           |    0    |    0    |    0    |    0    |
|          |            input_r_read_read_fu_120            |    0    |    0    |    0    |    0    |
|----------|------------------------------------------------|---------|---------|---------|---------|
| writeresp|              grp_writeresp_fu_126              |    0    |    0    |    0    |    0    |
|----------|------------------------------------------------|---------|---------|---------|---------|
|partselect|                   tmp_fu_180                   |    0    |    0    |    0    |    0    |
|----------|------------------------------------------------|---------|---------|---------|---------|
|          |                sext_ln16_fu_196                |    0    |    0    |    0    |    0    |
|          |               sext_ln16_1_fu_200               |    0    |    0    |    0    |    0    |
|          |                sext_ln17_fu_212                |    0    |    0    |    0    |    0    |
|   sext   |                tmp5_cast_fu_236                |    0    |    0    |    0    |    0    |
|          |                  p_cast_fu_280                 |    0    |    0    |    0    |    0    |
|          |               sext_ln16_2_fu_331               |    0    |    0    |    0    |    0    |
|          |                sext_ln41_fu_340                |    0    |    0    |    0    |    0    |
|----------|------------------------------------------------|---------|---------|---------|---------|
|bitconcatenate|                  shl_ln_fu_204                 |    0    |    0    |    0    |    0    |
|----------|------------------------------------------------|---------|---------|---------|---------|
|   zext   |               zext_ln16_1_fu_267               |    0    |    0    |    0    |    0    |
|          |                zext_ln16_fu_276                |    0    |    0    |    0    |    0    |
|----------|------------------------------------------------|---------|---------|---------|---------|
|   Total  |                                                |    6    |  6.352  |   1451  |   2097  |
|----------|------------------------------------------------|---------|---------|---------|---------|

Memories:
N/A

* Register list:
+---------------------+--------+
|                     |   FF   |
+---------------------+--------+
|  add_ln24_6_reg_461 |   64   |
|   add_ln24_reg_420  |   64   |
|   add_ln39_reg_445  |   33   |
|   add_ln43_reg_471  |   64   |
|  cols_read_reg_362  |   32   |
|   empty_26_reg_439  |   64   |
|   empty_27_reg_450  |   63   |
|    empty_reg_410    |   32   |
|  gmem1_addr_reg_456 |    8   |
|      i_reg_355      |   31   |
| input_r_read_reg_382|   64   |
|    mul90_reg_466    |   32   |
|output_r_read_reg_374|   64   |
| phi_mul_load_reg_425|   63   |
|   phi_mul_reg_348   |   63   |
|  rows_read_reg_369  |   32   |
| sext_ln16_1_reg_405 |   33   |
|  sext_ln16_reg_399  |   63   |
|     sub2_reg_394    |   32   |
|     sub_reg_388     |   32   |
|  tmp5_cast_reg_415  |   64   |
|  zext_ln16_reg_434  |   63   |
+---------------------+--------+
|        Total        |  1060  |
+---------------------+--------+

* Multiplexer (MUX) list: 
|------------------------------------------------|------|------|------|--------||---------||---------|
|                      Comp                      |  Pin | Size |  BW  | S x BW ||  Delay  ||   LUT   |
|------------------------------------------------|------|------|------|--------||---------||---------|
|              grp_writeresp_fu_126              |  p0  |   2  |   1  |    2   |
|              grp_writeresp_fu_126              |  p1  |   2  |   8  |   16   ||    9    |
| grp_sobel_edge_Pipeline_VITIS_LOOP_37_5_fu_133 |  p5  |   2  |  33  |   66   ||    9    |
| grp_sobel_edge_Pipeline_VITIS_LOOP_17_2_fu_143 |  p9  |   2  |  64  |   128  ||    9    |
|                   grp_fu_294                   |  p0  |   2  |  31  |   62   ||    9    |
|------------------------------------------------|------|------|------|--------||---------||---------|
|                      Total                     |      |      |      |   274  ||   7.94  ||    36   |
|------------------------------------------------|------|------|------|--------||---------||---------|



* Summary:
+-----------+--------+--------+--------+--------+
|           |   DSP  |  Delay |   FF   |   LUT  |
+-----------+--------+--------+--------+--------+
|  Function |    6   |    6   |  1451  |  2097  |
|   Memory  |    -   |    -   |    -   |    -   |
|Multiplexer|    -   |    7   |    -   |   36   |
|  Register |    -   |    -   |  1060  |    -   |
+-----------+--------+--------+--------+--------+
|   Total   |    6   |   14   |  2511  |  2133  |
+-----------+--------+--------+--------+--------+
