

================================================================
== Vitis HLS Report for 'sobel_edge_Pipeline_VITIS_LOOP_41_6'
================================================================
* Date:           Sat Aug  9 02:09:04 2025

* Version:        2022.2.2 (Build 3779808 on Feb 17 2023)
* Project:        sobel_edge_prj
* Solution:       solution1 (Vivado IP Flow Target)
* Product family: zynq
* Target device:  xc7z020-clg400-1


================================================================
== Performance Estimates
================================================================
+ Timing: 
    * Summary: 
    +--------+----------+----------+------------+
    |  Clock |  Target  | Estimated| Uncertainty|
    +--------+----------+----------+------------+
    |ap_clk  |  10.00 ns|  7.300 ns|     2.70 ns|
    +--------+----------+----------+------------+

+ Latency: 
    * Summary: 
    +---------+---------+----------+----------+-----+-----+---------+
    |  Latency (cycles) |  Latency (absolute) |  Interval | Pipeline|
    |   min   |   max   |    min   |    max   | min | max |   Type  |
    +---------+---------+----------+----------+-----+-----+---------+
    |        ?|        ?|         ?|         ?|    ?|    ?|       no|
    +---------+---------+----------+----------+-----+-----+---------+

    + Detail: 
        * Instance: 
        N/A

        * Loop: 
        +-------------------+---------+---------+----------+-----------+-----------+------+----------+
        |                   |  Latency (cycles) | Iteration|  Initiation Interval  | Trip |          |
        |     Loop Name     |   min   |   max   |  Latency |  achieved |   target  | Count| Pipelined|
        +-------------------+---------+---------+----------+-----------+-----------+------+----------+
        |- VITIS_LOOP_41_6  |        ?|        ?|         9|          2|          1|     ?|       yes|
        +-------------------+---------+---------+----------+-----------+-----------+------+----------+

============================================================
+ Verbose Summary: Synthesis Manager
============================================================
InlineROM: 1
ExposeGlobal: 0
============================================================
+ Verbose Summary: CDFG Model
============================================================
IsTopModel: 0
ResetActiveHigh: 1
IsCombinational: 0
IsDatapathOnly: 0
HasWiredReturn: 1
HasMFsm: 2
HasVarLatency: 1
IsPipeline: 0
IsRtlPipelined: 0
IsInstanceOverlapped: 0
IsDontTouch: 0
HasImplIP: 0
IsGatedGlobalClock: 0

+ Individual pipeline summary: 
  * Pipeline-0: initiation interval (II) = 2, depth = 9


============================================================
+ Verbose Summary: Schedule
============================================================
* Number of FSM states : 9
* Pipeline : 1
  Pipeline-0 : II = 2, D = 9, States = { 1 2 3 4 5 6 7 8 9 }
* Dataflow Pipeline: 0

* FSM state transitions: 
1 --> 2 
2 --> 3 
3 --> 4 
4 --> 5 
5 --> 6 
6 --> 7 
7 --> 8 
8 --> 9 
9 --> 

* FSM state operations: 

State 1 <SV = 0> <Delay = 4.11>
ST_1 : Operation 12 [1/1] (0.00ns)   --->   "%j = alloca i32 1"   --->   Operation 12 'alloca' 'j' <Predicate = true> <Delay = 0.00>
ST_1 : Operation 13 [1/1] (0.00ns)   --->   "%specinterface_ln0 = specinterface void @_ssdm_op_SpecInterface, i8 %gmem1, void @empty_2, i32 0, i32 0, void @empty_3, i32 0, i32 4096, void @empty_9, void @empty_5, void @empty_3, i32 16, i32 16, i32 16, i32 16, void @empty_3, void @empty_3, i32 4294967295, i32 0"   --->   Operation 13 'specinterface' 'specinterface_ln0' <Predicate = true> <Delay = 0.00>
ST_1 : Operation 14 [1/1] (0.00ns)   --->   "%add_ln43_read = read i64 @_ssdm_op_Read.ap_auto.i64, i64 %add_ln43"   --->   Operation 14 'read' 'add_ln43_read' <Predicate = true> <Delay = 0.00>
ST_1 : Operation 15 [1/1] (0.00ns)   --->   "%output_r_read = read i64 @_ssdm_op_Read.ap_auto.i64, i64 %output_r"   --->   Operation 15 'read' 'output_r_read' <Predicate = true> <Delay = 0.00>
ST_1 : Operation 16 [1/1] (0.00ns)   --->   "%cols_read = read i32 @_ssdm_op_Read.ap_auto.i32, i32 %cols"   --->   Operation 16 'read' 'cols_read' <Predicate = true> <Delay = 0.00>
ST_1 : Operation 17 [1/1] (1.58ns)   --->   "%store_ln0 = store i31 0, i31 %j"   --->   Operation 17 'store' 'store_ln0' <Predicate = true> <Delay = 1.58>
ST_1 : Operation 18 [1/1] (0.00ns)   --->   "%br_ln0 = br void %for.inc94"   --->   Operation 18 'br' 'br_ln0' <Predicate = true> <Delay = 0.00>
ST_1 : Operation 19 [1/1] (0.00ns)   --->   "%j_1 = load i31 %j" [../code/sobel_edge.cpp:41]   --->   Operation 19 'load' 'j_1' <Predicate = true> <Delay = 0.00>
ST_1 : Operation 20 [1/1] (0.00ns)   --->   "%specbitsmap_ln0 = specbitsmap void @_ssdm_op_SpecBitsMap, i8 %gmem1"   --->   Operation 20 'specbitsmap' 'specbitsmap_ln0' <Predicate = true> <Delay = 0.00>
ST_1 : Operation 21 [1/1] (0.00ns)   --->   "%j_1_cast = zext i31 %j_1" [../code/sobel_edge.cpp:41]   --->   Operation 21 'zext' 'j_1_cast' <Predicate = true> <Delay = 0.00>
ST_1 : Operation 22 [1/1] (0.00ns)   --->   "%specpipeline_ln0 = specpipeline void @_ssdm_op_SpecPipeline, i32 4294967295, i32 0, i32 1, i32 0, void @p_str"   --->   Operation 22 'specpipeline' 'specpipeline_ln0' <Predicate = true> <Delay = 0.00>
ST_1 : Operation 23 [1/1] (2.47ns)   --->   "%icmp_ln41 = icmp_slt  i32 %j_1_cast, i32 %cols_read" [../code/sobel_edge.cpp:41]   --->   Operation 23 'icmp' 'icmp_ln41' <Predicate = true> <Delay = 2.47> <CoreInst = "Cmp">   --->   Core 9 'Cmp' <Latency = 0> <II = 1> <Delay = 2.47> <FuncUnit> <Opcode : 'icmp'> <InPorts = 2> <OutPorts = 1>
ST_1 : Operation 24 [1/1] (2.52ns)   --->   "%add_ln41 = add i31 %j_1, i31 1" [../code/sobel_edge.cpp:41]   --->   Operation 24 'add' 'add_ln41' <Predicate = true> <Delay = 2.52> <CoreInst = "Adder">   --->   Core 1 'Adder' <Latency = 0> <II = 1> <Delay = 2.52> <FuncUnit> <Opcode : 'add' 'sub'> <InPorts = 2> <OutPorts = 1>
ST_1 : Operation 25 [1/1] (0.00ns)   --->   "%br_ln41 = br i1 %icmp_ln41, void %for.end96.loopexit.exitStub, void %for.inc94.split" [../code/sobel_edge.cpp:41]   --->   Operation 25 'br' 'br_ln41' <Predicate = true> <Delay = 0.00>
ST_1 : Operation 26 [1/1] (0.00ns)   --->   "%j_1_cast23 = zext i31 %j_1" [../code/sobel_edge.cpp:41]   --->   Operation 26 'zext' 'j_1_cast23' <Predicate = (icmp_ln41)> <Delay = 0.00>
ST_1 : Operation 27 [1/1] (3.52ns)   --->   "%add_ln42 = add i64 %j_1_cast23, i64 %output_r_read" [../code/sobel_edge.cpp:42]   --->   Operation 27 'add' 'add_ln42' <Predicate = (icmp_ln41)> <Delay = 3.52> <CoreInst = "Adder">   --->   Core 1 'Adder' <Latency = 0> <II = 1> <Delay = 3.52> <FuncUnit> <Opcode : 'add' 'sub'> <InPorts = 2> <OutPorts = 1>
ST_1 : Operation 28 [1/1] (0.00ns)   --->   "%gmem1_addr = getelementptr i8 %gmem1, i64 %add_ln42" [../code/sobel_edge.cpp:42]   --->   Operation 28 'getelementptr' 'gmem1_addr' <Predicate = (icmp_ln41)> <Delay = 0.00>
ST_1 : Operation 29 [1/1] (3.52ns)   --->   "%add_ln43_1 = add i64 %add_ln43_read, i64 %j_1_cast23" [../code/sobel_edge.cpp:43]   --->   Operation 29 'add' 'add_ln43_1' <Predicate = (icmp_ln41)> <Delay = 3.52> <CoreInst = "Adder">   --->   Core 1 'Adder' <Latency = 0> <II = 1> <Delay = 3.52> <FuncUnit> <Opcode : 'add' 'sub'> <InPorts = 2> <OutPorts = 1>
ST_1 : Operation 30 [1/1] (0.00ns)   --->   "%gmem1_addr_1 = getelementptr i8 %gmem1, i64 %add_ln43_1" [../code/sobel_edge.cpp:43]   --->   Operation 30 'getelementptr' 'gmem1_addr_1' <Predicate = (icmp_ln41)> <Delay = 0.00>
ST_1 : Operation 31 [1/1] (1.58ns)   --->   "%store_ln41 = store i31 %add_ln41, i31 %j" [../code/sobel_edge.cpp:41]   --->   Operation 31 'store' 'store_ln41' <Predicate = (icmp_ln41)> <Delay = 1.58>

State 2 <SV = 1> <Delay = 7.30>
ST_2 : Operation 32 [1/1] (7.30ns)   --->   "%gmem1_addr_3_req = writereq i1 @_ssdm_op_WriteReq.m_axi.i8P1A, i8 %gmem1_addr, i32 1" [../code/sobel_edge.cpp:42]   --->   Operation 32 'writereq' 'gmem1_addr_3_req' <Predicate = (icmp_ln41)> <Delay = 7.30> <CoreInst = "m_axi">   --->   Core 113 'm_axi' <Latency = 0> <II = 1> <Delay = 1.00> <Adapter> <Opcode : 'read' 'write' 'readreq' 'writereq' 'writeresp'>

State 3 <SV = 2> <Delay = 7.30>
ST_3 : Operation 33 [1/1] (7.30ns)   --->   "%write_ln42 = write void @_ssdm_op_Write.m_axi.i8P1A, i8 %gmem1_addr, i8 0, i1 1" [../code/sobel_edge.cpp:42]   --->   Operation 33 'write' 'write_ln42' <Predicate = true> <Delay = 7.30> <CoreInst = "m_axi">   --->   Core 113 'm_axi' <Latency = 0> <II = 1> <Delay = 1.00> <Adapter> <Opcode : 'read' 'write' 'readreq' 'writereq' 'writeresp'>
ST_3 : Operation 34 [1/1] (7.30ns)   --->   "%gmem1_addr_4_req = writereq i1 @_ssdm_op_WriteReq.m_axi.i8P1A, i8 %gmem1_addr_1, i32 1" [../code/sobel_edge.cpp:43]   --->   Operation 34 'writereq' 'gmem1_addr_4_req' <Predicate = true> <Delay = 7.30> <CoreInst = "m_axi">   --->   Core 113 'm_axi' <Latency = 0> <II = 1> <Delay = 1.00> <Adapter> <Opcode : 'read' 'write' 'readreq' 'writereq' 'writeresp'>

State 4 <SV = 3> <Delay = 7.30>
ST_4 : Operation 35 [5/5] (7.30ns)   --->   "%gmem1_addr_3_resp = writeresp i1 @_ssdm_op_WriteResp.m_axi.i8P1A, i8 %gmem1_addr" [../code/sobel_edge.cpp:42]   --->   Operation 35 'writeresp' 'gmem1_addr_3_resp' <Predicate = true> <Delay = 7.30> <CoreInst = "m_axi">   --->   Core 113 'm_axi' <Latency = 0> <II = 1> <Delay = 1.00> <Adapter> <Opcode : 'read' 'write' 'readreq' 'writereq' 'writeresp'>
ST_4 : Operation 36 [1/1] (7.30ns)   --->   "%write_ln43 = write void @_ssdm_op_Write.m_axi.i8P1A, i8 %gmem1_addr_1, i8 0, i1 1" [../code/sobel_edge.cpp:43]   --->   Operation 36 'write' 'write_ln43' <Predicate = true> <Delay = 7.30> <CoreInst = "m_axi">   --->   Core 113 'm_axi' <Latency = 0> <II = 1> <Delay = 1.00> <Adapter> <Opcode : 'read' 'write' 'readreq' 'writereq' 'writeresp'>

State 5 <SV = 4> <Delay = 7.30>
ST_5 : Operation 37 [4/5] (7.30ns)   --->   "%gmem1_addr_3_resp = writeresp i1 @_ssdm_op_WriteResp.m_axi.i8P1A, i8 %gmem1_addr" [../code/sobel_edge.cpp:42]   --->   Operation 37 'writeresp' 'gmem1_addr_3_resp' <Predicate = true> <Delay = 7.30> <CoreInst = "m_axi">   --->   Core 113 'm_axi' <Latency = 0> <II = 1> <Delay = 1.00> <Adapter> <Opcode : 'read' 'write' 'readreq' 'writereq' 'writeresp'>
ST_5 : Operation 38 [5/5] (7.30ns)   --->   "%gmem1_addr_4_resp = writeresp i1 @_ssdm_op_WriteResp.m_axi.i8P1A, i8 %gmem1_addr_1" [../code/sobel_edge.cpp:43]   --->   Operation 38 'writeresp' 'gmem1_addr_4_resp' <Predicate = true> <Delay = 7.30> <CoreInst = "m_axi">   --->   Core 113 'm_axi' <Latency = 0> <II = 1> <Delay = 1.00> <Adapter> <Opcode : 'read' 'write' 'readreq' 'writereq' 'writeresp'>

State 6 <SV = 5> <Delay = 7.30>
ST_6 : Operation 39 [3/5] (7.30ns)   --->   "%gmem1_addr_3_resp = writeresp i1 @_ssdm_op_WriteResp.m_axi.i8P1A, i8 %gmem1_addr" [../code/sobel_edge.cpp:42]   --->   Operation 39 'writeresp' 'gmem1_addr_3_resp' <Predicate = true> <Delay = 7.30> <CoreInst = "m_axi">   --->   Core 113 'm_axi' <Latency = 0> <II = 1> <Delay = 1.00> <Adapter> <Opcode : 'read' 'write' 'readreq' 'writereq' 'writeresp'>
ST_6 : Operation 40 [4/5] (7.30ns)   --->   "%gmem1_addr_4_resp = writeresp i1 @_ssdm_op_WriteResp.m_axi.i8P1A, i8 %gmem1_addr_1" [../code/sobel_edge.cpp:43]   --->   Operation 40 'writeresp' 'gmem1_addr_4_resp' <Predicate = true> <Delay = 7.30> <CoreInst = "m_axi">   --->   Core 113 'm_axi' <Latency = 0> <II = 1> <Delay = 1.00> <Adapter> <Opcode : 'read' 'write' 'readreq' 'writereq' 'writeresp'>

State 7 <SV = 6> <Delay = 7.30>
ST_7 : Operation 41 [2/5] (7.30ns)   --->   "%gmem1_addr_3_resp = writeresp i1 @_ssdm_op_WriteResp.m_axi.i8P1A, i8 %gmem1_addr" [../code/sobel_edge.cpp:42]   --->   Operation 41 'writeresp' 'gmem1_addr_3_resp' <Predicate = true> <Delay = 7.30> <CoreInst = "m_axi">   --->   Core 113 'm_axi' <Latency = 0> <II = 1> <Delay = 1.00> <Adapter> <Opcode : 'read' 'write' 'readreq' 'writereq' 'writeresp'>
ST_7 : Operation 42 [3/5] (7.30ns)   --->   "%gmem1_addr_4_resp = writeresp i1 @_ssdm_op_WriteResp.m_axi.i8P1A, i8 %gmem1_addr_1" [../code/sobel_edge.cpp:43]   --->   Operation 42 'writeresp' 'gmem1_addr_4_resp' <Predicate = true> <Delay = 7.30> <CoreInst = "m_axi">   --->   Core 113 'm_axi' <Latency = 0> <II = 1> <Delay = 1.00> <Adapter> <Opcode : 'read' 'write' 'readreq' 'writereq' 'writeresp'>
ST_7 : Operation 48 [1/1] (0.00ns)   --->   "%ret_ln0 = ret"   --->   Operation 48 'ret' 'ret_ln0' <Predicate = (!icmp_ln41)> <Delay = 0.00>

State 8 <SV = 7> <Delay = 7.30>
ST_8 : Operation 43 [1/5] (7.30ns)   --->   "%gmem1_addr_3_resp = writeresp i1 @_ssdm_op_WriteResp.m_axi.i8P1A, i8 %gmem1_addr" [../code/sobel_edge.cpp:42]   --->   Operation 43 'writeresp' 'gmem1_addr_3_resp' <Predicate = true> <Delay = 7.30> <CoreInst = "m_axi">   --->   Core 113 'm_axi' <Latency = 0> <II = 1> <Delay = 1.00> <Adapter> <Opcode : 'read' 'write' 'readreq' 'writereq' 'writeresp'>
ST_8 : Operation 44 [2/5] (7.30ns)   --->   "%gmem1_addr_4_resp = writeresp i1 @_ssdm_op_WriteResp.m_axi.i8P1A, i8 %gmem1_addr_1" [../code/sobel_edge.cpp:43]   --->   Operation 44 'writeresp' 'gmem1_addr_4_resp' <Predicate = true> <Delay = 7.30> <CoreInst = "m_axi">   --->   Core 113 'm_axi' <Latency = 0> <II = 1> <Delay = 1.00> <Adapter> <Opcode : 'read' 'write' 'readreq' 'writereq' 'writeresp'>

State 9 <SV = 8> <Delay = 7.30>
ST_9 : Operation 45 [1/1] (0.00ns)   --->   "%specloopname_ln41 = specloopname void @_ssdm_op_SpecLoopName, void @empty_10" [../code/sobel_edge.cpp:41]   --->   Operation 45 'specloopname' 'specloopname_ln41' <Predicate = true> <Delay = 0.00>
ST_9 : Operation 46 [1/5] (7.30ns)   --->   "%gmem1_addr_4_resp = writeresp i1 @_ssdm_op_WriteResp.m_axi.i8P1A, i8 %gmem1_addr_1" [../code/sobel_edge.cpp:43]   --->   Operation 46 'writeresp' 'gmem1_addr_4_resp' <Predicate = true> <Delay = 7.30> <CoreInst = "m_axi">   --->   Core 113 'm_axi' <Latency = 0> <II = 1> <Delay = 1.00> <Adapter> <Opcode : 'read' 'write' 'readreq' 'writereq' 'writeresp'>
ST_9 : Operation 47 [1/1] (0.00ns)   --->   "%br_ln41 = br void %for.inc94" [../code/sobel_edge.cpp:41]   --->   Operation 47 'br' 'br_ln41' <Predicate = true> <Delay = 0.00>


============================================================
+ Verbose Summary: Binding
============================================================
STG Binding: 
---------------- STG Properties BEGIN ----------------
- Is combinational: 0
- Is one-state seq: 0
- Is datapath-only: 0
- Is pipelined: 0
- Is top level: 0
Port [ Return ] is wired: 1; IO mode=ap_ctrl_hs:ce=0
Port [ gmem1]:  wired=1; compound=1; hidden=0; nouse=0; global=0; static=0; extern=0; dir=1; type=4; pingpong=0; private_global=0; IO mode=m_axi:ce=0
Port [ cols]:  wired=1; compound=0; hidden=0; nouse=0; global=0; static=0; extern=0; dir=0; type=0; pingpong=0; private_global=0; IO mode=ap_none:ce=0
Port [ output_r]:  wired=1; compound=0; hidden=0; nouse=0; global=0; static=0; extern=0; dir=0; type=0; pingpong=0; private_global=0; IO mode=ap_none:ce=0
Port [ add_ln43]:  wired=1; compound=0; hidden=0; nouse=0; global=0; static=0; extern=0; dir=0; type=0; pingpong=0; private_global=0; IO mode=ap_none:ce=0
---------------- STG Properties END ------------------

---------------- Datapath Model BEGIN ----------------

<LifeTime>
<method=bitvector/>
j                 (alloca       ) [ 0100000000]
specinterface_ln0 (specinterface) [ 0000000000]
add_ln43_read     (read         ) [ 0000000000]
output_r_read     (read         ) [ 0000000000]
cols_read         (read         ) [ 0000000000]
store_ln0         (store        ) [ 0000000000]
br_ln0            (br           ) [ 0000000000]
j_1               (load         ) [ 0000000000]
specbitsmap_ln0   (specbitsmap  ) [ 0000000000]
j_1_cast          (zext         ) [ 0000000000]
specpipeline_ln0  (specpipeline ) [ 0000000000]
icmp_ln41         (icmp         ) [ 0111111100]
add_ln41          (add          ) [ 0000000000]
br_ln41           (br           ) [ 0000000000]
j_1_cast23        (zext         ) [ 0000000000]
add_ln42          (add          ) [ 0000000000]
gmem1_addr        (getelementptr) [ 0111111110]
add_ln43_1        (add          ) [ 0000000000]
gmem1_addr_1      (getelementptr) [ 0111111111]
store_ln41        (store        ) [ 0000000000]
gmem1_addr_3_req  (writereq     ) [ 0000000000]
write_ln42        (write        ) [ 0000000000]
gmem1_addr_4_req  (writereq     ) [ 0000000000]
write_ln43        (write        ) [ 0000000000]
gmem1_addr_3_resp (writeresp    ) [ 0000000000]
specloopname_ln41 (specloopname ) [ 0000000000]
gmem1_addr_4_resp (writeresp    ) [ 0000000000]
br_ln41           (br           ) [ 0000000000]
ret_ln0           (ret          ) [ 0000000000]
</LifeTime>

<model>

<comp_list>
<comp id="0" class="1000" name="gmem1">
<pin_list>
<pin id="1" dir="1" index="0" bw="1" slack="0"/>
</pin_list>
<bind>
<StgValue><ssdm name="gmem1"/></StgValue>
</bind>
</comp>

<comp id="2" class="1000" name="cols">
<pin_list>
<pin id="3" dir="1" index="0" bw="1" slack="0"/>
</pin_list>
<bind>
<StgValue><ssdm name="cols"/></StgValue>
</bind>
</comp>

<comp id="4" class="1000" name="output_r">
<pin_list>
<pin id="5" dir="1" index="0" bw="1" slack="0"/>
</pin_list>
<bind>
<StgValue><ssdm name="output_r"/></StgValue>
</bind>
</comp>

<comp id="6" class="1000" name="add_ln43">
<pin_list>
<pin id="7" dir="1" index="0" bw="1" slack="0"/>
</pin_list>
<bind>
<StgValue><ssdm name="add_ln43"/></StgValue>
</bind>
</comp>

<comp id="8" class="1001" name="const_8">
<pin_list>
<pin id="9" dir="1" index="0" bw="1" slack="0"/>
</pin_list>
<bind>
<StgValue><ssdm name=""/></StgValue>
</bind>
</comp>

<comp id="10" class="1001" name="const_10">
<pin_list>
<pin id="11" dir="1" index="0" bw="1" slack="2147483647"/>
</pin_list>
<bind>
<StgValue><ssdm name="_ssdm_op_SpecInterface"/></StgValue>
</bind>
</comp>

<comp id="12" class="1001" name="const_12">
<pin_list>
<pin id="13" dir="1" index="0" bw="1" slack="2147483647"/>
</pin_list>
<bind>
<StgValue><ssdm name="empty_2"/></StgValue>
</bind>
</comp>

<comp id="14" class="1001" name="const_14">
<pin_list>
<pin id="15" dir="1" index="0" bw="1" slack="2147483647"/>
</pin_list>
<bind>
<StgValue><ssdm name=""/></StgValue>
</bind>
</comp>

<comp id="16" class="1001" name="const_16">
<pin_list>
<pin id="17" dir="1" index="0" bw="1" slack="2147483647"/>
</pin_list>
<bind>
<StgValue><ssdm name="empty_3"/></StgValue>
</bind>
</comp>

<comp id="18" class="1001" name="const_18">
<pin_list>
<pin id="19" dir="1" index="0" bw="1" slack="2147483647"/>
</pin_list>
<bind>
<StgValue><ssdm name=""/></StgValue>
</bind>
</comp>

<comp id="20" class="1001" name="const_20">
<pin_list>
<pin id="21" dir="1" index="0" bw="1" slack="2147483647"/>
</pin_list>
<bind>
<StgValue><ssdm name="empty_9"/></StgValue>
</bind>
</comp>

<comp id="22" class="1001" name="const_22">
<pin_list>
<pin id="23" dir="1" index="0" bw="1" slack="2147483647"/>
</pin_list>
<bind>
<StgValue><ssdm name="empty_5"/></StgValue>
</bind>
</comp>

<comp id="24" class="1001" name="const_24">
<pin_list>
<pin id="25" dir="1" index="0" bw="1" slack="2147483647"/>
</pin_list>
<bind>
<StgValue><ssdm name=""/></StgValue>
</bind>
</comp>

<comp id="26" class="1001" name="const_26">
<pin_list>
<pin id="27" dir="1" index="0" bw="1" slack="2147483647"/>
</pin_list>
<bind>
<StgValue><ssdm name=""/></StgValue>
</bind>
</comp>

<comp id="28" class="1001" name="const_28">
<pin_list>
<pin id="29" dir="1" index="0" bw="1" slack="0"/>
</pin_list>
<bind>
<StgValue><ssdm name="_ssdm_op_Read.ap_auto.i64"/></StgValue>
</bind>
</comp>

<comp id="30" class="1001" name="const_30">
<pin_list>
<pin id="31" dir="1" index="0" bw="1" slack="0"/>
</pin_list>
<bind>
<StgValue><ssdm name="_ssdm_op_Read.ap_auto.i32"/></StgValue>
</bind>
</comp>

<comp id="32" class="1001" name="const_32">
<pin_list>
<pin id="33" dir="1" index="0" bw="1" slack="0"/>
</pin_list>
<bind>
<StgValue><ssdm name=""/></StgValue>
</bind>
</comp>

<comp id="34" class="1001" name="const_34">
<pin_list>
<pin id="35" dir="1" index="0" bw="1" slack="2147483647"/>
</pin_list>
<bind>
<StgValue><ssdm name="_ssdm_op_SpecBitsMap"/></StgValue>
</bind>
</comp>

<comp id="36" class="1001" name="const_36">
<pin_list>
<pin id="37" dir="1" index="0" bw="1" slack="2147483647"/>
</pin_list>
<bind>
<StgValue><ssdm name="_ssdm_op_SpecPipeline"/></StgValue>
</bind>
</comp>

<comp id="38" class="1001" name="const_38">
<pin_list>
<pin id="39" dir="1" index="0" bw="1" slack="2147483647"/>
</pin_list>
<bind>
<StgValue><ssdm name="p_str"/></StgValue>
</bind>
</comp>

<comp id="40" class="1001" name="const_40">
<pin_list>
<pin id="41" dir="1" index="0" bw="1" slack="0"/>
</pin_list>
<bind>
<StgValue><ssdm name=""/></StgValue>
</bind>
</comp>

<comp id="42" class="1001" name="const_42">
<pin_list>
<pin id="43" dir="1" index="0" bw="1" slack="0"/>
</pin_list>
<bind>
<StgValue><ssdm name="_ssdm_op_WriteReq.m_axi.i8P1A"/></StgValue>
</bind>
</comp>

<comp id="44" class="1001" name="const_44">
<pin_list>
<pin id="45" dir="1" index="0" bw="1" slack="0"/>
</pin_list>
<bind>
<StgValue><ssdm name="_ssdm_op_Write.m_axi.i8P1A"/></StgValue>
</bind>
</comp>

<comp id="46" class="1001" name="const_46">
<pin_list>
<pin id="47" dir="1" index="0" bw="1" slack="0"/>
</pin_list>
<bind>
<StgValue><ssdm name=""/></StgValue>
</bind>
</comp>

<comp id="48" class="1001" name="const_48">
<pin_list>
<pin id="49" dir="1" index="0" bw="1" slack="0"/>
</pin_list>
<bind>
<StgValue><ssdm name=""/></StgValue>
</bind>
</comp>

<comp id="50" class="1001" name="const_50">
<pin_list>
<pin id="51" dir="1" index="0" bw="1" slack="0"/>
</pin_list>
<bind>
<StgValue><ssdm name="_ssdm_op_WriteResp.m_axi.i8P1A"/></StgValue>
</bind>
</comp>

<comp id="52" class="1001" name="const_52">
<pin_list>
<pin id="53" dir="1" index="0" bw="1" slack="2147483647"/>
</pin_list>
<bind>
<StgValue><ssdm name="_ssdm_op_SpecLoopName"/></StgValue>
</bind>
</comp>

<comp id="54" class="1001" name="const_54">
<pin_list>
<pin id="55" dir="1" index="0" bw="1" slack="2147483647"/>
</pin_list>
<bind>
<StgValue><ssdm name="empty_10"/></StgValue>
</bind>
</comp>

<comp id="56" class="1004" name="j_fu_56">
<pin_list>
<pin id="57" dir="0" index="0" bw="1" slack="0"/>
<pin id="58" dir="1" index="1" bw="31" slack="0"/>
</pin_list>
<bind>
<opcode="alloca(26) " fcode="alloca"/>
<opset="j/1 "/>
</bind>
</comp>

<comp id="60" class="1004" name="add_ln43_read_read_fu_60">
<pin_list>
<pin id="61" dir="0" index="0" bw="64" slack="0"/>
<pin id="62" dir="0" index="1" bw="64" slack="0"/>
<pin id="63" dir="1" index="2" bw="64" slack="0"/>
</pin_list>
<bind>
<opcode="read(1150) " fcode="read"/>
<opset="add_ln43_read/1 "/>
</bind>
</comp>

<comp id="66" class="1004" name="output_r_read_read_fu_66">
<pin_list>
<pin id="67" dir="0" index="0" bw="64" slack="0"/>
<pin id="68" dir="0" index="1" bw="64" slack="0"/>
<pin id="69" dir="1" index="2" bw="64" slack="0"/>
</pin_list>
<bind>
<opcode="read(1150) " fcode="read"/>
<opset="output_r_read/1 "/>
</bind>
</comp>

<comp id="72" class="1004" name="cols_read_read_fu_72">
<pin_list>
<pin id="73" dir="0" index="0" bw="32" slack="0"/>
<pin id="74" dir="0" index="1" bw="32" slack="0"/>
<pin id="75" dir="1" index="2" bw="32" slack="0"/>
</pin_list>
<bind>
<opcode="read(1150) " fcode="read"/>
<opset="cols_read/1 "/>
</bind>
</comp>

<comp id="78" class="1004" name="grp_writeresp_fu_78">
<pin_list>
<pin id="79" dir="0" index="0" bw="1" slack="0"/>
<pin id="80" dir="0" index="1" bw="8" slack="1"/>
<pin id="81" dir="0" index="2" bw="1" slack="0"/>
<pin id="82" dir="1" index="3" bw="1" slack="2147483647"/>
</pin_list>
<bind>
<opcode="writereq(1155) writeresp(1158) " fcode="writeresp"/>
<opset="gmem1_addr_3_req/2 gmem1_addr_3_resp/4 "/>
</bind>
</comp>

<comp id="85" class="1004" name="write_ln42_write_fu_85">
<pin_list>
<pin id="86" dir="0" index="0" bw="0" slack="0"/>
<pin id="87" dir="0" index="1" bw="8" slack="2"/>
<pin id="88" dir="0" index="2" bw="1" slack="0"/>
<pin id="89" dir="0" index="3" bw="1" slack="0"/>
<pin id="90" dir="1" index="4" bw="0" slack="2147483647"/>
</pin_list>
<bind>
<opcode="write(1151) " fcode="write"/>
<opset="write_ln42/3 "/>
</bind>
</comp>

<comp id="94" class="1004" name="grp_writeresp_fu_94">
<pin_list>
<pin id="95" dir="0" index="0" bw="1" slack="0"/>
<pin id="96" dir="0" index="1" bw="8" slack="2"/>
<pin id="97" dir="0" index="2" bw="1" slack="0"/>
<pin id="98" dir="1" index="3" bw="1" slack="2147483647"/>
</pin_list>
<bind>
<opcode="writereq(1155) writeresp(1158) " fcode="writeresp"/>
<opset="gmem1_addr_4_req/3 gmem1_addr_4_resp/5 "/>
</bind>
</comp>

<comp id="102" class="1004" name="write_ln43_write_fu_102">
<pin_list>
<pin id="103" dir="0" index="0" bw="0" slack="0"/>
<pin id="104" dir="0" index="1" bw="8" slack="3"/>
<pin id="105" dir="0" index="2" bw="1" slack="0"/>
<pin id="106" dir="0" index="3" bw="1" slack="0"/>
<pin id="107" dir="1" index="4" bw="0" slack="2147483647"/>
</pin_list>
<bind>
<opcode="write(1151) " fcode="write"/>
<opset="write_ln43/4 "/>
</bind>
</comp>

<comp id="112" class="1004" name="store_ln0_store_fu_112">
<pin_list>
<pin id="113" dir="0" index="0" bw="1" slack="0"/>
<pin id="114" dir="0" index="1" bw="31" slack="0"/>
<pin id="115" dir="1" index="2" bw="0" slack="2147483647"/>
</pin_list>
<bind>
<opcode="store(28) " fcode="store"/>
<opset="store_ln0/1 "/>
</bind>
</comp>

<comp id="117" class="1004" name="j_1_load_fu_117">
<pin_list>
<pin id="118" dir="0" index="0" bw="31" slack="0"/>
<pin id="119" dir="1" index="1" bw="31" slack="0"/>
</pin_list>
<bind>
<opcode="load(27) " fcode="load"/>
<opset="j_1/1 "/>
</bind>
</comp>

<comp id="120" class="1004" name="j_1_cast_fu_120">
<pin_list>
<pin id="121" dir="0" index="0" bw="31" slack="0"/>
<pin id="122" dir="1" index="1" bw="32" slack="0"/>
</pin_list>
<bind>
<opcode="zext(34) " fcode="zext"/>
<opset="j_1_cast/1 "/>
</bind>
</comp>

<comp id="124" class="1004" name="icmp_ln41_fu_124">
<pin_list>
<pin id="125" dir="0" index="0" bw="31" slack="0"/>
<pin id="126" dir="0" index="1" bw="32" slack="0"/>
<pin id="127" dir="1" index="2" bw="1" slack="1"/>
</pin_list>
<bind>
<opcode="icmp(45) " fcode="icmp"/>
<opset="icmp_ln41/1 "/>
</bind>
</comp>

<comp id="130" class="1004" name="add_ln41_fu_130">
<pin_list>
<pin id="131" dir="0" index="0" bw="31" slack="0"/>
<pin id="132" dir="0" index="1" bw="1" slack="0"/>
<pin id="133" dir="1" index="2" bw="31" slack="0"/>
</pin_list>
<bind>
<opcode="add(8) " fcode="add"/>
<opset="add_ln41/1 "/>
</bind>
</comp>

<comp id="136" class="1004" name="j_1_cast23_fu_136">
<pin_list>
<pin id="137" dir="0" index="0" bw="31" slack="0"/>
<pin id="138" dir="1" index="1" bw="64" slack="0"/>
</pin_list>
<bind>
<opcode="zext(34) " fcode="zext"/>
<opset="j_1_cast23/1 "/>
</bind>
</comp>

<comp id="140" class="1004" name="add_ln42_fu_140">
<pin_list>
<pin id="141" dir="0" index="0" bw="31" slack="0"/>
<pin id="142" dir="0" index="1" bw="64" slack="0"/>
<pin id="143" dir="1" index="2" bw="64" slack="0"/>
</pin_list>
<bind>
<opcode="add(8) " fcode="add"/>
<opset="add_ln42/1 "/>
</bind>
</comp>

<comp id="146" class="1004" name="gmem1_addr_fu_146">
<pin_list>
<pin id="147" dir="0" index="0" bw="8" slack="0"/>
<pin id="148" dir="0" index="1" bw="64" slack="0"/>
<pin id="149" dir="1" index="2" bw="8" slack="1"/>
</pin_list>
<bind>
<opcode="getelementptr(29) " fcode="getelementptr"/>
<opset="gmem1_addr/1 "/>
</bind>
</comp>

<comp id="152" class="1004" name="add_ln43_1_fu_152">
<pin_list>
<pin id="153" dir="0" index="0" bw="64" slack="0"/>
<pin id="154" dir="0" index="1" bw="31" slack="0"/>
<pin id="155" dir="1" index="2" bw="64" slack="0"/>
</pin_list>
<bind>
<opcode="add(8) " fcode="add"/>
<opset="add_ln43_1/1 "/>
</bind>
</comp>

<comp id="158" class="1004" name="gmem1_addr_1_fu_158">
<pin_list>
<pin id="159" dir="0" index="0" bw="8" slack="0"/>
<pin id="160" dir="0" index="1" bw="64" slack="0"/>
<pin id="161" dir="1" index="2" bw="8" slack="2"/>
</pin_list>
<bind>
<opcode="getelementptr(29) " fcode="getelementptr"/>
<opset="gmem1_addr_1/1 "/>
</bind>
</comp>

<comp id="164" class="1004" name="store_ln41_store_fu_164">
<pin_list>
<pin id="165" dir="0" index="0" bw="31" slack="0"/>
<pin id="166" dir="0" index="1" bw="31" slack="0"/>
<pin id="167" dir="1" index="2" bw="0" slack="2147483647"/>
</pin_list>
<bind>
<opcode="store(28) " fcode="store"/>
<opset="store_ln41/1 "/>
</bind>
</comp>

<comp id="169" class="1005" name="j_reg_169">
<pin_list>
<pin id="170" dir="0" index="0" bw="31" slack="0"/>
<pin id="171" dir="1" index="1" bw="31" slack="0"/>
</pin_list>
<bind>
<opset="j "/>
</bind>
</comp>

<comp id="176" class="1005" name="icmp_ln41_reg_176">
<pin_list>
<pin id="177" dir="0" index="0" bw="1" slack="1"/>
<pin id="178" dir="1" index="1" bw="1" slack="2147483647"/>
</pin_list>
<bind>
<opset="icmp_ln41 "/>
</bind>
</comp>

<comp id="180" class="1005" name="gmem1_addr_reg_180">
<pin_list>
<pin id="181" dir="0" index="0" bw="8" slack="1"/>
<pin id="182" dir="1" index="1" bw="8" slack="1"/>
</pin_list>
<bind>
<opset="gmem1_addr "/>
</bind>
</comp>

<comp id="186" class="1005" name="gmem1_addr_1_reg_186">
<pin_list>
<pin id="187" dir="0" index="0" bw="8" slack="2"/>
<pin id="188" dir="1" index="1" bw="8" slack="2"/>
</pin_list>
<bind>
<opset="gmem1_addr_1 "/>
</bind>
</comp>

</comp_list>

<net_list>
<net id="59"><net_src comp="8" pin="0"/><net_sink comp="56" pin=0"/></net>

<net id="64"><net_src comp="28" pin="0"/><net_sink comp="60" pin=0"/></net>

<net id="65"><net_src comp="6" pin="0"/><net_sink comp="60" pin=1"/></net>

<net id="70"><net_src comp="28" pin="0"/><net_sink comp="66" pin=0"/></net>

<net id="71"><net_src comp="4" pin="0"/><net_sink comp="66" pin=1"/></net>

<net id="76"><net_src comp="30" pin="0"/><net_sink comp="72" pin=0"/></net>

<net id="77"><net_src comp="2" pin="0"/><net_sink comp="72" pin=1"/></net>

<net id="83"><net_src comp="42" pin="0"/><net_sink comp="78" pin=0"/></net>

<net id="84"><net_src comp="8" pin="0"/><net_sink comp="78" pin=2"/></net>

<net id="91"><net_src comp="44" pin="0"/><net_sink comp="85" pin=0"/></net>

<net id="92"><net_src comp="46" pin="0"/><net_sink comp="85" pin=2"/></net>

<net id="93"><net_src comp="48" pin="0"/><net_sink comp="85" pin=3"/></net>

<net id="99"><net_src comp="42" pin="0"/><net_sink comp="94" pin=0"/></net>

<net id="100"><net_src comp="8" pin="0"/><net_sink comp="94" pin=2"/></net>

<net id="101"><net_src comp="50" pin="0"/><net_sink comp="78" pin=0"/></net>

<net id="108"><net_src comp="44" pin="0"/><net_sink comp="102" pin=0"/></net>

<net id="109"><net_src comp="46" pin="0"/><net_sink comp="102" pin=2"/></net>

<net id="110"><net_src comp="48" pin="0"/><net_sink comp="102" pin=3"/></net>

<net id="111"><net_src comp="50" pin="0"/><net_sink comp="94" pin=0"/></net>

<net id="116"><net_src comp="32" pin="0"/><net_sink comp="112" pin=0"/></net>

<net id="123"><net_src comp="117" pin="1"/><net_sink comp="120" pin=0"/></net>

<net id="128"><net_src comp="120" pin="1"/><net_sink comp="124" pin=0"/></net>

<net id="129"><net_src comp="72" pin="2"/><net_sink comp="124" pin=1"/></net>

<net id="134"><net_src comp="117" pin="1"/><net_sink comp="130" pin=0"/></net>

<net id="135"><net_src comp="40" pin="0"/><net_sink comp="130" pin=1"/></net>

<net id="139"><net_src comp="117" pin="1"/><net_sink comp="136" pin=0"/></net>

<net id="144"><net_src comp="136" pin="1"/><net_sink comp="140" pin=0"/></net>

<net id="145"><net_src comp="66" pin="2"/><net_sink comp="140" pin=1"/></net>

<net id="150"><net_src comp="0" pin="0"/><net_sink comp="146" pin=0"/></net>

<net id="151"><net_src comp="140" pin="2"/><net_sink comp="146" pin=1"/></net>

<net id="156"><net_src comp="60" pin="2"/><net_sink comp="152" pin=0"/></net>

<net id="157"><net_src comp="136" pin="1"/><net_sink comp="152" pin=1"/></net>

<net id="162"><net_src comp="0" pin="0"/><net_sink comp="158" pin=0"/></net>

<net id="163"><net_src comp="152" pin="2"/><net_sink comp="158" pin=1"/></net>

<net id="168"><net_src comp="130" pin="2"/><net_sink comp="164" pin=0"/></net>

<net id="172"><net_src comp="56" pin="1"/><net_sink comp="169" pin=0"/></net>

<net id="173"><net_src comp="169" pin="1"/><net_sink comp="112" pin=1"/></net>

<net id="174"><net_src comp="169" pin="1"/><net_sink comp="117" pin=0"/></net>

<net id="175"><net_src comp="169" pin="1"/><net_sink comp="164" pin=1"/></net>

<net id="179"><net_src comp="124" pin="2"/><net_sink comp="176" pin=0"/></net>

<net id="183"><net_src comp="146" pin="2"/><net_sink comp="180" pin=0"/></net>

<net id="184"><net_src comp="180" pin="1"/><net_sink comp="78" pin=1"/></net>

<net id="185"><net_src comp="180" pin="1"/><net_sink comp="85" pin=1"/></net>

<net id="189"><net_src comp="158" pin="2"/><net_sink comp="186" pin=0"/></net>

<net id="190"><net_src comp="186" pin="1"/><net_sink comp="94" pin=1"/></net>

<net id="191"><net_src comp="186" pin="1"/><net_sink comp="102" pin=1"/></net>

</net_list>

</model> 
---------------- Datapath Model END ------------------

* FSMD analyzer results:
  - Output states:
	Port: gmem1 | {2 3 4 5 6 7 8 9 }
 - Input state : 
	Port: sobel_edge_Pipeline_VITIS_LOOP_41_6 : cols | {1 }
	Port: sobel_edge_Pipeline_VITIS_LOOP_41_6 : output_r | {1 }
	Port: sobel_edge_Pipeline_VITIS_LOOP_41_6 : add_ln43 | {1 }
  - Chain level:
	State 1
		store_ln0 : 1
		j_1 : 1
		j_1_cast : 2
		icmp_ln41 : 3
		add_ln41 : 2
		br_ln41 : 4
		j_1_cast23 : 2
		add_ln42 : 3
		gmem1_addr : 4
		add_ln43_1 : 3
		gmem1_addr_1 : 4
		store_ln41 : 3
	State 2
	State 3
	State 4
	State 5
	State 6
	State 7
	State 8
	State 9


============================================================
+ Verbose Summary: Datapath Resource usage 
============================================================

* Functional unit list:
|----------|--------------------------|---------|---------|
| Operation|      Functional Unit     |    FF   |   LUT   |
|----------|--------------------------|---------|---------|
|          |      add_ln41_fu_130     |    0    |    38   |
|    add   |      add_ln42_fu_140     |    0    |    71   |
|          |     add_ln43_1_fu_152    |    0    |    71   |
|----------|--------------------------|---------|---------|
|   icmp   |     icmp_ln41_fu_124     |    0    |    18   |
|----------|--------------------------|---------|---------|
|          | add_ln43_read_read_fu_60 |    0    |    0    |
|   read   | output_r_read_read_fu_66 |    0    |    0    |
|          |   cols_read_read_fu_72   |    0    |    0    |
|----------|--------------------------|---------|---------|
| writeresp|    grp_writeresp_fu_78   |    0    |    0    |
|          |    grp_writeresp_fu_94   |    0    |    0    |
|----------|--------------------------|---------|---------|
|   write  |  write_ln42_write_fu_85  |    0    |    0    |
|          |  write_ln43_write_fu_102 |    0    |    0    |
|----------|--------------------------|---------|---------|
|   zext   |      j_1_cast_fu_120     |    0    |    0    |
|          |     j_1_cast23_fu_136    |    0    |    0    |
|----------|--------------------------|---------|---------|
|   Total  |                          |    0    |   198   |
|----------|--------------------------|---------|---------|

Memories:
N/A

* Register list:
+--------------------+--------+
|                    |   FF   |
+--------------------+--------+
|gmem1_addr_1_reg_186|    8   |
| gmem1_addr_reg_180 |    8   |
|  icmp_ln41_reg_176 |    1   |
|      j_reg_169     |   31   |
+--------------------+--------+
|        Total       |   48   |
+--------------------+--------+

* Multiplexer (MUX) list: 
|---------------------|------|------|------|--------||---------|
|         Comp        |  Pin | Size |  BW  | S x BW ||  Delay  |
|---------------------|------|------|------|--------||---------|
| grp_writeresp_fu_78 |  p0  |   2  |   1  |    2   |
| grp_writeresp_fu_94 |  p0  |   2  |   1  |    2   |
|---------------------|------|------|------|--------||---------|
|        Total        |      |      |      |    4   ||  3.176  |
|---------------------|------|------|------|--------||---------|



* Summary:
+-----------+--------+--------+--------+
|           |  Delay |   FF   |   LUT  |
+-----------+--------+--------+--------+
|  Function |    -   |    0   |   198  |
|   Memory  |    -   |    -   |    -   |
|Multiplexer|    3   |    -   |    -   |
|  Register |    -   |   48   |    -   |
+-----------+--------+--------+--------+
|   Total   |    3   |   48   |   198  |
+-----------+--------+--------+--------+
