

================================================================
== Vitis HLS Report for 'sobel_edge_Pipeline_VITIS_LOOP_41_6'
================================================================
* Date:           Sun Jun  1 08:41:20 2025

* Version:        2022.2.2 (Build 3779808 on Feb 17 2023)
* Project:        sobel_edge_prj
* Solution:       solution1 (Vivado IP Flow Target)
* Product family: zynq
* Target device:  xc7z020-clg400-1


================================================================
== Performance Estimates
================================================================
+ Timing: 
    * Summary: 
    +--------+----------+----------+------------+
    |  Clock |  Target  | Estimated| Uncertainty|
    +--------+----------+----------+------------+
    |ap_clk  |  10.00 ns|  7.300 ns|     2.70 ns|
    +--------+----------+----------+------------+

+ Latency: 
    * Summary: 
    +---------+---------+----------+----------+-----+-----+---------+
    |  Latency (cycles) |  Latency (absolute) |  Interval | Pipeline|
    |   min   |   max   |    min   |    max   | min | max |   Type  |
    +---------+---------+----------+----------+-----+-----+---------+
    |        ?|        ?|         ?|         ?|    ?|    ?|       no|
    +---------+---------+----------+----------+-----+-----+---------+

    + Detail: 
        * Instance: 
        N/A

        * Loop: 
        +-------------------+---------+---------+----------+-----------+-----------+------+----------+
        |                   |  Latency (cycles) | Iteration|  Initiation Interval  | Trip |          |
        |     Loop Name     |   min   |   max   |  Latency |  achieved |   target  | Count| Pipelined|
        +-------------------+---------+---------+----------+-----------+-----------+------+----------+
        |- VITIS_LOOP_41_6  |        ?|        ?|         9|          2|          1|     ?|       yes|
        +-------------------+---------+---------+----------+-----------+-----------+------+----------+

============================================================
+ Verbose Summary: Synthesis Manager
============================================================
InlineROM: 1
ExposeGlobal: 0
============================================================
+ Verbose Summary: CDFG Model
============================================================
IsTopModel: 0
ResetActiveHigh: 1
IsCombinational: 0
IsDatapathOnly: 0
HasWiredReturn: 1
HasMFsm: 2
HasVarLatency: 1
IsPipeline: 0
IsRtlPipelined: 0
IsInstanceOverlapped: 0
IsDontTouch: 0
HasImplIP: 0
IsGatedGlobalClock: 0

+ Individual pipeline summary: 
  * Pipeline-0: initiation interval (II) = 2, depth = 9


============================================================
+ Verbose Summary: Schedule
============================================================
* Number of FSM states : 9
* Pipeline : 1
  Pipeline-0 : II = 2, D = 9, States = { 1 2 3 4 5 6 7 8 9 }
* Dataflow Pipeline: 0

* FSM state transitions: 
1 --> 2 
2 --> 3 
3 --> 4 
4 --> 5 
5 --> 6 
6 --> 7 
7 --> 8 
8 --> 9 
9 --> 

* FSM state operations: 

State 1 <SV = 0> <Delay = 4.11>
ST_1 : Operation 12 [1/1] (0.00ns)   --->   "%j = alloca i32 1"   --->   Operation 12 'alloca' 'j' <Predicate = true> <Delay = 0.00>
ST_1 : Operation 13 [1/1] (0.00ns)   --->   "%specinterface_ln0 = specinterface void @_ssdm_op_SpecInterface, i8 %gmem1, void @empty_2, i32 0, i32 0, void @empty_3, i32 0, i32 4096, void @empty_9, void @empty_5, void @empty_3, i32 16, i32 16, i32 16, i32 16, void @empty_3, void @empty_3, i32 4294967295, i32 0"   --->   Operation 13 'specinterface' 'specinterface_ln0' <Predicate = true> <Delay = 0.00>
ST_1 : Operation 14 [1/1] (0.00ns)   --->   "%add_ln43_read = read i64 @_ssdm_op_Read.ap_auto.i64, i64 %add_ln43"   --->   Operation 14 'read' 'add_ln43_read' <Predicate = true> <Delay = 0.00>
ST_1 : Operation 15 [1/1] (0.00ns)   --->   "%output_r_read = read i64 @_ssdm_op_Read.ap_auto.i64, i64 %output_r"   --->   Operation 15 'read' 'output_r_read' <Predicate = true> <Delay = 0.00>
ST_1 : Operation 16 [1/1] (0.00ns)   --->   "%cols_read = read i32 @_ssdm_op_Read.ap_auto.i32, i32 %cols"   --->   Operation 16 'read' 'cols_read' <Predicate = true> <Delay = 0.00>
ST_1 : Operation 17 [1/1] (1.58ns)   --->   "%store_ln0 = store i31 0, i31 %j"   --->   Operation 17 'store' 'store_ln0' <Predicate = true> <Delay = 1.58>
ST_1 : Operation 18 [1/1] (0.00ns)   --->   "%br_ln0 = br void %for.inc94"   --->   Operation 18 'br' 'br_ln0' <Predicate = true> <Delay = 0.00>
ST_1 : Operation 19 [1/1] (0.00ns)   --->   "%j_1 = load i31 %j" [../code/sobel_edge.cpp:41]   --->   Operation 19 'load' 'j_1' <Predicate = true> <Delay = 0.00>
ST_1 : Operation 20 [1/1] (0.00ns)   --->   "%specbitsmap_ln0 = specbitsmap void @_ssdm_op_SpecBitsMap, i8 %gmem1"   --->   Operation 20 'specbitsmap' 'specbitsmap_ln0' <Predicate = true> <Delay = 0.00>
ST_1 : Operation 21 [1/1] (0.00ns)   --->   "%j_1_cast = zext i31 %j_1" [../code/sobel_edge.cpp:41]   --->   Operation 21 'zext' 'j_1_cast' <Predicate = true> <Delay = 0.00>
ST_1 : Operation 22 [1/1] (0.00ns)   --->   "%specpipeline_ln0 = specpipeline void @_ssdm_op_SpecPipeline, i32 4294967295, i32 0, i32 1, i32 0, void @p_str"   --->   Operation 22 'specpipeline' 'specpipeline_ln0' <Predicate = true> <Delay = 0.00>
ST_1 : Operation 23 [1/1] (2.47ns)   --->   "%icmp_ln41 = icmp_slt  i32 %j_1_cast, i32 %cols_read" [../code/sobel_edge.cpp:41]   --->   Operation 23 'icmp' 'icmp_ln41' <Predicate = true> <Delay = 2.47> <CoreInst = "Cmp">   --->   Core 9 'Cmp' <Latency = 0> <II = 1> <Delay = 2.47> <FuncUnit> <Opcode : 'icmp'> <InPorts = 2> <OutPorts = 1>
ST_1 : Operation 24 [1/1] (2.52ns)   --->   "%add_ln41 = add i31 %j_1, i31 1" [../code/sobel_edge.cpp:41]   --->   Operation 24 'add' 'add_ln41' <Predicate = true> <Delay = 2.52> <CoreInst = "Adder">   --->   Core 1 'Adder' <Latency = 0> <II = 1> <Delay = 2.52> <FuncUnit> <Opcode : 'add' 'sub'> <InPorts = 2> <OutPorts = 1>
ST_1 : Operation 25 [1/1] (0.00ns)   --->   "%br_ln41 = br i1 %icmp_ln41, void %for.end96.loopexit.exitStub, void %for.inc94.split" [../code/sobel_edge.cpp:41]   --->   Operation 25 'br' 'br_ln41' <Predicate = true> <Delay = 0.00>
ST_1 : Operation 26 [1/1] (0.00ns)   --->   "%j_1_cast23 = zext i31 %j_1" [../code/sobel_edge.cpp:41]   --->   Operation 26 'zext' 'j_1_cast23' <Predicate = (icmp_ln41)> <Delay = 0.00>
ST_1 : Operation 27 [1/1] (3.52ns)   --->   "%add_ln42 = add i64 %j_1_cast23, i64 %output_r_read" [../code/sobel_edge.cpp:42]   --->   Operation 27 'add' 'add_ln42' <Predicate = (icmp_ln41)> <Delay = 3.52> <CoreInst = "Adder">   --->   Core 1 'Adder' <Latency = 0> <II = 1> <Delay = 3.52> <FuncUnit> <Opcode : 'add' 'sub'> <InPorts = 2> <OutPorts = 1>
ST_1 : Operation 28 [1/1] (0.00ns)   --->   "%gmem1_addr = getelementptr i8 %gmem1, i64 %add_ln42" [../code/sobel_edge.cpp:42]   --->   Operation 28 'getelementptr' 'gmem1_addr' <Predicate = (icmp_ln41)> <Delay = 0.00>
ST_1 : Operation 29 [1/1] (3.52ns)   --->   "%add_ln43_1 = add i64 %add_ln43_read, i64 %j_1_cast23" [../code/sobel_edge.cpp:43]   --->   Operation 29 'add' 'add_ln43_1' <Predicate = (icmp_ln41)> <Delay = 3.52> <CoreInst = "Adder">   --->   Core 1 'Adder' <Latency = 0> <II = 1> <Delay = 3.52> <FuncUnit> <Opcode : 'add' 'sub'> <InPorts = 2> <OutPorts = 1>
ST_1 : Operation 30 [1/1] (0.00ns)   --->   "%gmem1_addr_1 = getelementptr i8 %gmem1, i64 %add_ln43_1" [../code/sobel_edge.cpp:43]   --->   Operation 30 'getelementptr' 'gmem1_addr_1' <Predicate = (icmp_ln41)> <Delay = 0.00>
ST_1 : Operation 31 [1/1] (1.58ns)   --->   "%store_ln41 = store i31 %add_ln41, i31 %j" [../code/sobel_edge.cpp:41]   --->   Operation 31 'store' 'store_ln41' <Predicate = (icmp_ln41)> <Delay = 1.58>

State 2 <SV = 1> <Delay = 7.30>
ST_2 : Operation 32 [1/1] (7.30ns)   --->   "%gmem1_addr_3_req = writereq i1 @_ssdm_op_WriteReq.m_axi.i8P1A, i8 %gmem1_addr, i32 1" [../code/sobel_edge.cpp:42]   --->   Operation 32 'writereq' 'gmem1_addr_3_req' <Predicate = (icmp_ln41)> <Delay = 7.30> <CoreInst = "m_axi">   --->   Core 113 'm_axi' <Latency = 0> <II = 1> <Delay = 1.00> <Adapter> <Opcode : 'read' 'write' 'readreq' 'writereq' 'writeresp'>

State 3 <SV = 2> <Delay = 7.30>
ST_3 : Operation 33 [1/1] (7.30ns)   --->   "%write_ln42 = write void @_ssdm_op_Write.m_axi.i8P1A, i8 %gmem1_addr, i8 0, i1 1" [../code/sobel_edge.cpp:42]   --->   Operation 33 'write' 'write_ln42' <Predicate = true> <Delay = 7.30> <CoreInst = "m_axi">   --->   Core 113 'm_axi' <Latency = 0> <II = 1> <Delay = 1.00> <Adapter> <Opcode : 'read' 'write' 'readreq' 'writereq' 'writeresp'>
ST_3 : Operation 34 [1/1] (7.30ns)   --->   "%gmem1_addr_4_req = writereq i1 @_ssdm_op_WriteReq.m_axi.i8P1A, i8 %gmem1_addr_1, i32 1" [../code/sobel_edge.cpp:43]   --->   Operation 34 'writereq' 'gmem1_addr_4_req' <Predicate = true> <Delay = 7.30> <CoreInst = "m_axi">   --->   Core 113 'm_axi' <Latency = 0> <II = 1> <Delay = 1.00> <Adapter> <Opcode : 'read' 'write' 'readreq' 'writereq' 'writeresp'>

State 4 <SV = 3> <Delay = 7.30>
ST_4 : Operation 35 [5/5] (7.30ns)   --->   "%gmem1_addr_3_resp = writeresp i1 @_ssdm_op_WriteResp.m_axi.i8P1A, i8 %gmem1_addr" [../code/sobel_edge.cpp:42]   --->   Operation 35 'writeresp' 'gmem1_addr_3_resp' <Predicate = true> <Delay = 7.30> <CoreInst = "m_axi">   --->   Core 113 'm_axi' <Latency = 0> <II = 1> <Delay = 1.00> <Adapter> <Opcode : 'read' 'write' 'readreq' 'writereq' 'writeresp'>
ST_4 : Operation 36 [1/1] (7.30ns)   --->   "%write_ln43 = write void @_ssdm_op_Write.m_axi.i8P1A, i8 %gmem1_addr_1, i8 0, i1 1" [../code/sobel_edge.cpp:43]   --->   Operation 36 'write' 'write_ln43' <Predicate = true> <Delay = 7.30> <CoreInst = "m_axi">   --->   Core 113 'm_axi' <Latency = 0> <II = 1> <Delay = 1.00> <Adapter> <Opcode : 'read' 'write' 'readreq' 'writereq' 'writeresp'>

State 5 <SV = 4> <Delay = 7.30>
ST_5 : Operation 37 [4/5] (7.30ns)   --->   "%gmem1_addr_3_resp = writeresp i1 @_ssdm_op_WriteResp.m_axi.i8P1A, i8 %gmem1_addr" [../code/sobel_edge.cpp:42]   --->   Operation 37 'writeresp' 'gmem1_addr_3_resp' <Predicate = true> <Delay = 7.30> <CoreInst = "m_axi">   --->   Core 113 'm_axi' <Latency = 0> <II = 1> <Delay = 1.00> <Adapter> <Opcode : 'read' 'write' 'readreq' 'writereq' 'writeresp'>
ST_5 : Operation 38 [5/5] (7.30ns)   --->   "%gmem1_addr_4_resp = writeresp i1 @_ssdm_op_WriteResp.m_axi.i8P1A, i8 %gmem1_addr_1" [../code/sobel_edge.cpp:43]   --->   Operation 38 'writeresp' 'gmem1_addr_4_resp' <Predicate = true> <Delay = 7.30> <CoreInst = "m_axi">   --->   Core 113 'm_axi' <Latency = 0> <II = 1> <Delay = 1.00> <Adapter> <Opcode : 'read' 'write' 'readreq' 'writereq' 'writeresp'>

State 6 <SV = 5> <Delay = 7.30>
ST_6 : Operation 39 [3/5] (7.30ns)   --->   "%gmem1_addr_3_resp = writeresp i1 @_ssdm_op_WriteResp.m_axi.i8P1A, i8 %gmem1_addr" [../code/sobel_edge.cpp:42]   --->   Operation 39 'writeresp' 'gmem1_addr_3_resp' <Predicate = true> <Delay = 7.30> <CoreInst = "m_axi">   --->   Core 113 'm_axi' <Latency = 0> <II = 1> <Delay = 1.00> <Adapter> <Opcode : 'read' 'write' 'readreq' 'writereq' 'writeresp'>
ST_6 : Operation 40 [4/5] (7.30ns)   --->   "%gmem1_addr_4_resp = writeresp i1 @_ssdm_op_WriteResp.m_axi.i8P1A, i8 %gmem1_addr_1" [../code/sobel_edge.cpp:43]   --->   Operation 40 'writeresp' 'gmem1_addr_4_resp' <Predicate = true> <Delay = 7.30> <CoreInst = "m_axi">   --->   Core 113 'm_axi' <Latency = 0> <II = 1> <Delay = 1.00> <Adapter> <Opcode : 'read' 'write' 'readreq' 'writereq' 'writeresp'>

State 7 <SV = 6> <Delay = 7.30>
ST_7 : Operation 41 [2/5] (7.30ns)   --->   "%gmem1_addr_3_resp = writeresp i1 @_ssdm_op_WriteResp.m_axi.i8P1A, i8 %gmem1_addr" [../code/sobel_edge.cpp:42]   --->   Operation 41 'writeresp' 'gmem1_addr_3_resp' <Predicate = true> <Delay = 7.30> <CoreInst = "m_axi">   --->   Core 113 'm_axi' <Latency = 0> <II = 1> <Delay = 1.00> <Adapter> <Opcode : 'read' 'write' 'readreq' 'writereq' 'writeresp'>
ST_7 : Operation 42 [3/5] (7.30ns)   --->   "%gmem1_addr_4_resp = writeresp i1 @_ssdm_op_WriteResp.m_axi.i8P1A, i8 %gmem1_addr_1" [../code/sobel_edge.cpp:43]   --->   Operation 42 'writeresp' 'gmem1_addr_4_resp' <Predicate = true> <Delay = 7.30> <CoreInst = "m_axi">   --->   Core 113 'm_axi' <Latency = 0> <II = 1> <Delay = 1.00> <Adapter> <Opcode : 'read' 'write' 'readreq' 'writereq' 'writeresp'>
ST_7 : Operation 48 [1/1] (0.00ns)   --->   "%ret_ln0 = ret"   --->   Operation 48 'ret' 'ret_ln0' <Predicate = (!icmp_ln41)> <Delay = 0.00>

State 8 <SV = 7> <Delay = 7.30>
ST_8 : Operation 43 [1/5] (7.30ns)   --->   "%gmem1_addr_3_resp = writeresp i1 @_ssdm_op_WriteResp.m_axi.i8P1A, i8 %gmem1_addr" [../code/sobel_edge.cpp:42]   --->   Operation 43 'writeresp' 'gmem1_addr_3_resp' <Predicate = true> <Delay = 7.30> <CoreInst = "m_axi">   --->   Core 113 'm_axi' <Latency = 0> <II = 1> <Delay = 1.00> <Adapter> <Opcode : 'read' 'write' 'readreq' 'writereq' 'writeresp'>
ST_8 : Operation 44 [2/5] (7.30ns)   --->   "%gmem1_addr_4_resp = writeresp i1 @_ssdm_op_WriteResp.m_axi.i8P1A, i8 %gmem1_addr_1" [../code/sobel_edge.cpp:43]   --->   Operation 44 'writeresp' 'gmem1_addr_4_resp' <Predicate = true> <Delay = 7.30> <CoreInst = "m_axi">   --->   Core 113 'm_axi' <Latency = 0> <II = 1> <Delay = 1.00> <Adapter> <Opcode : 'read' 'write' 'readreq' 'writereq' 'writeresp'>

State 9 <SV = 8> <Delay = 7.30>
ST_9 : Operation 45 [1/1] (0.00ns)   --->   "%specloopname_ln41 = specloopname void @_ssdm_op_SpecLoopName, void @empty_10" [../code/sobel_edge.cpp:41]   --->   Operation 45 'specloopname' 'specloopname_ln41' <Predicate = true> <Delay = 0.00>
ST_9 : Operation 46 [1/5] (7.30ns)   --->   "%gmem1_addr_4_resp = writeresp i1 @_ssdm_op_WriteResp.m_axi.i8P1A, i8 %gmem1_addr_1" [../code/sobel_edge.cpp:43]   --->   Operation 46 'writeresp' 'gmem1_addr_4_resp' <Predicate = true> <Delay = 7.30> <CoreInst = "m_axi">   --->   Core 113 'm_axi' <Latency = 0> <II = 1> <Delay = 1.00> <Adapter> <Opcode : 'read' 'write' 'readreq' 'writereq' 'writeresp'>
ST_9 : Operation 47 [1/1] (0.00ns)   --->   "%br_ln41 = br void %for.inc94" [../code/sobel_edge.cpp:41]   --->   Operation 47 'br' 'br_ln41' <Predicate = true> <Delay = 0.00>


============================================================
+ Verbose Summary: Timing violations
============================================================
Target clock period: 10ns, clock uncertainty: 2.7ns.

 <State 1>: 4.11ns
The critical path consists of the following:
	'alloca' operation ('j') [5]  (0 ns)
	'load' operation ('j', ../code/sobel_edge.cpp:41) on local variable 'j' [13]  (0 ns)
	'add' operation ('add_ln41', ../code/sobel_edge.cpp:41) [18]  (2.52 ns)
	'store' operation ('store_ln41', ../code/sobel_edge.cpp:41) of variable 'add_ln41', ../code/sobel_edge.cpp:41 on local variable 'j' [33]  (1.59 ns)

 <State 2>: 7.3ns
The critical path consists of the following:
	bus request operation ('gmem1_addr_3_req', ../code/sobel_edge.cpp:42) on port 'gmem1' (../code/sobel_edge.cpp:42) [25]  (7.3 ns)

 <State 3>: 7.3ns
The critical path consists of the following:
	bus write operation ('write_ln42', ../code/sobel_edge.cpp:42) on port 'gmem1' (../code/sobel_edge.cpp:42) [26]  (7.3 ns)

 <State 4>: 7.3ns
The critical path consists of the following:
	bus response operation ('gmem1_addr_3_resp', ../code/sobel_edge.cpp:42) on port 'gmem1' (../code/sobel_edge.cpp:42) [27]  (7.3 ns)

 <State 5>: 7.3ns
The critical path consists of the following:
	bus response operation ('gmem1_addr_3_resp', ../code/sobel_edge.cpp:42) on port 'gmem1' (../code/sobel_edge.cpp:42) [27]  (7.3 ns)

 <State 6>: 7.3ns
The critical path consists of the following:
	bus response operation ('gmem1_addr_3_resp', ../code/sobel_edge.cpp:42) on port 'gmem1' (../code/sobel_edge.cpp:42) [27]  (7.3 ns)

 <State 7>: 7.3ns
The critical path consists of the following:
	bus response operation ('gmem1_addr_3_resp', ../code/sobel_edge.cpp:42) on port 'gmem1' (../code/sobel_edge.cpp:42) [27]  (7.3 ns)

 <State 8>: 7.3ns
The critical path consists of the following:
	bus response operation ('gmem1_addr_3_resp', ../code/sobel_edge.cpp:42) on port 'gmem1' (../code/sobel_edge.cpp:42) [27]  (7.3 ns)

 <State 9>: 7.3ns
The critical path consists of the following:
	bus response operation ('gmem1_addr_4_resp', ../code/sobel_edge.cpp:43) on port 'gmem1' (../code/sobel_edge.cpp:43) [32]  (7.3 ns)


============================================================
+ Verbose Summary: Binding
============================================================
N/A
* FSMD analyzer results:
  - Output states:
 - Input state : 
  - Chain level:
	State 1
	State 2
	State 3
	State 4
	State 5
	State 6
	State 7
	State 8
	State 9


============================================================
+ Verbose Summary: Datapath Resource usage 
============================================================
N/A
