

================================================================
== Vitis HLS Report for 'sobel_edge_Pipeline_VITIS_LOOP_37_5'
================================================================
* Date:           Sat Aug  9 02:09:04 2025

* Version:        2022.2.2 (Build 3779808 on Feb 17 2023)
* Project:        sobel_edge_prj
* Solution:       solution1 (Vivado IP Flow Target)
* Product family: zynq
* Target device:  xc7z020-clg400-1


================================================================
== Performance Estimates
================================================================
+ Timing: 
    * Summary: 
    +--------+----------+----------+------------+
    |  Clock |  Target  | Estimated| Uncertainty|
    +--------+----------+----------+------------+
    |ap_clk  |  10.00 ns|  7.300 ns|     2.70 ns|
    +--------+----------+----------+------------+

+ Latency: 
    * Summary: 
    +---------+---------+----------+----------+-----+-----+---------+
    |  Latency (cycles) |  Latency (absolute) |  Interval | Pipeline|
    |   min   |   max   |    min   |    max   | min | max |   Type  |
    +---------+---------+----------+----------+-----+-----+---------+
    |        ?|        ?|         ?|         ?|    ?|    ?|       no|
    +---------+---------+----------+----------+-----+-----+---------+

    + Detail: 
        * Instance: 
        N/A

        * Loop: 
        +-------------------+---------+---------+----------+-----------+-----------+------+----------+
        |                   |  Latency (cycles) | Iteration|  Initiation Interval  | Trip |          |
        |     Loop Name     |   min   |   max   |  Latency |  achieved |   target  | Count| Pipelined|
        +-------------------+---------+---------+----------+-----------+-----------+------+----------+
        |- VITIS_LOOP_37_5  |        ?|        ?|         9|          2|          1|     ?|       yes|
        +-------------------+---------+---------+----------+-----------+-----------+------+----------+



================================================================
== Utilization Estimates
================================================================
* Summary: 
+-----------------+---------+-----+--------+-------+-----+
|       Name      | BRAM_18K| DSP |   FF   |  LUT  | URAM|
+-----------------+---------+-----+--------+-------+-----+
|DSP              |        -|    -|       -|      -|    -|
|Expression       |        -|    -|       0|    282|    -|
|FIFO             |        -|    -|       -|      -|    -|
|Instance         |        -|    -|       -|      -|    -|
|Memory           |        -|    -|       -|      -|    -|
|Multiplexer      |        -|    -|       -|    100|    -|
|Register         |        -|    -|     361|      -|    -|
+-----------------+---------+-----+--------+-------+-----+
|Total            |        0|    0|     361|    382|    0|
+-----------------+---------+-----+--------+-------+-----+
|Available        |      280|  220|  106400|  53200|    0|
+-----------------+---------+-----+--------+-------+-----+
|Utilization (%)  |        0|    0|      ~0|     ~0|    0|
+-----------------+---------+-----+--------+-------+-----+

+ Detail: 
    * Instance: 
    N/A

    * DSP: 
    N/A

    * Memory: 
    N/A

    * FIFO: 
    N/A

    * Expression: 
    +---------------------------+----------+----+---+----+------------+------------+
    |       Variable Name       | Operation| DSP| FF| LUT| Bitwidth P0| Bitwidth P1|
    +---------------------------+----------+----+---+----+------------+------------+
    |add_ln37_fu_158_p2         |         +|   0|  0|  38|          31|           1|
    |add_ln38_1_fu_167_p2       |         +|   0|  0|  70|          63|          63|
    |add_ln38_fu_176_p2         |         +|   0|  0|  71|          64|          64|
    |add_ln39_fu_187_p2         |         +|   0|  0|  71|          64|          64|
    |ap_block_pp0_stage0_01001  |       and|   0|  0|   2|           1|           1|
    |ap_block_state3_io         |       and|   0|  0|   2|           1|           1|
    |ap_condition_336           |       and|   0|  0|   2|           1|           1|
    |icmp_ln37_fu_153_p2        |      icmp|   0|  0|  18|          32|          32|
    |ap_block_pp0_stage0_11001  |        or|   0|  0|   2|           1|           1|
    |ap_block_pp0_stage1_11001  |        or|   0|  0|   2|           1|           1|
    |ap_block_state4_io         |        or|   0|  0|   2|           1|           1|
    |ap_enable_pp0              |       xor|   0|  0|   2|           1|           2|
    +---------------------------+----------+----+---+----+------------+------------+
    |Total                      |          |   0|  0| 282|         261|         232|
    +---------------------------+----------+----+---+----+------------+------------+

    * Multiplexer: 
    +-------------------------+----+-----------+-----+-----------+
    |           Name          | LUT| Input Size| Bits| Total Bits|
    +-------------------------+----+-----------+-----+-----------+
    |ap_NS_fsm                |  14|          3|    1|          3|
    |ap_done_int              |   9|          2|    1|          2|
    |ap_enable_reg_pp0_iter0  |   9|          2|    1|          2|
    |ap_enable_reg_pp0_iter1  |   9|          2|    1|          2|
    |gmem1_blk_n_AW           |   9|          2|    1|          2|
    |gmem1_blk_n_B            |   9|          2|    1|          2|
    |gmem1_blk_n_W            |   9|          2|    1|          2|
    |i_fu_66                  |   9|          2|   31|         62|
    |m_axi_gmem1_AWADDR       |  14|          3|   64|        192|
    |phi_mul8_fu_62           |   9|          2|   63|        126|
    +-------------------------+----+-----------+-----+-----------+
    |Total                    | 100|         22|  165|        395|
    +-------------------------+----+-----------+-----+-----------+

    * Register: 
    +----------------------------------+----+----+-----+-----------+
    |               Name               | FF | LUT| Bits| Const Bits|
    +----------------------------------+----+----+-----+-----------+
    |ap_CS_fsm                         |   2|   0|    2|          0|
    |ap_done_reg                       |   1|   0|    1|          0|
    |ap_enable_reg_pp0_iter0_reg       |   1|   0|    1|          0|
    |ap_enable_reg_pp0_iter1           |   1|   0|    1|          0|
    |ap_enable_reg_pp0_iter2           |   1|   0|    1|          0|
    |ap_enable_reg_pp0_iter3           |   1|   0|    1|          0|
    |ap_enable_reg_pp0_iter4           |   1|   0|    1|          0|
    |ap_loop_exit_ready_pp0_iter1_reg  |   1|   0|    1|          0|
    |ap_loop_exit_ready_pp0_iter2_reg  |   1|   0|    1|          0|
    |ap_loop_exit_ready_pp0_iter3_reg  |   1|   0|    1|          0|
    |gmem1_addr_1_reg_246              |  64|   0|   64|          0|
    |gmem1_addr_reg_252                |  64|   0|   64|          0|
    |i_fu_66                           |  31|   0|   31|          0|
    |icmp_ln37_reg_242                 |   1|   0|    1|          0|
    |phi_mul8_fu_62                    |  63|   0|   63|          0|
    |sext_ln16_cast_reg_237            |  63|   0|   63|          0|
    |sext_ln39_cast_reg_232            |  64|   0|   64|          0|
    +----------------------------------+----+----+-----+-----------+
    |Total                             | 361|   0|  361|          0|
    +----------------------------------+----+----+-----+-----------+



================================================================
== Interface
================================================================
* Summary: 
+----------------------+-----+-----+------------+-------------------------------------+--------------+
|       RTL Ports      | Dir | Bits|  Protocol  |            Source Object            |    C Type    |
+----------------------+-----+-----+------------+-------------------------------------+--------------+
|ap_clk                |   in|    1|  ap_ctrl_hs|  sobel_edge_Pipeline_VITIS_LOOP_37_5|  return value|
|ap_rst                |   in|    1|  ap_ctrl_hs|  sobel_edge_Pipeline_VITIS_LOOP_37_5|  return value|
|ap_start              |   in|    1|  ap_ctrl_hs|  sobel_edge_Pipeline_VITIS_LOOP_37_5|  return value|
|ap_done               |  out|    1|  ap_ctrl_hs|  sobel_edge_Pipeline_VITIS_LOOP_37_5|  return value|
|ap_idle               |  out|    1|  ap_ctrl_hs|  sobel_edge_Pipeline_VITIS_LOOP_37_5|  return value|
|ap_ready              |  out|    1|  ap_ctrl_hs|  sobel_edge_Pipeline_VITIS_LOOP_37_5|  return value|
|m_axi_gmem1_AWVALID   |  out|    1|       m_axi|                                gmem1|       pointer|
|m_axi_gmem1_AWREADY   |   in|    1|       m_axi|                                gmem1|       pointer|
|m_axi_gmem1_AWADDR    |  out|   64|       m_axi|                                gmem1|       pointer|
|m_axi_gmem1_AWID      |  out|    1|       m_axi|                                gmem1|       pointer|
|m_axi_gmem1_AWLEN     |  out|   32|       m_axi|                                gmem1|       pointer|
|m_axi_gmem1_AWSIZE    |  out|    3|       m_axi|                                gmem1|       pointer|
|m_axi_gmem1_AWBURST   |  out|    2|       m_axi|                                gmem1|       pointer|
|m_axi_gmem1_AWLOCK    |  out|    2|       m_axi|                                gmem1|       pointer|
|m_axi_gmem1_AWCACHE   |  out|    4|       m_axi|                                gmem1|       pointer|
|m_axi_gmem1_AWPROT    |  out|    3|       m_axi|                                gmem1|       pointer|
|m_axi_gmem1_AWQOS     |  out|    4|       m_axi|                                gmem1|       pointer|
|m_axi_gmem1_AWREGION  |  out|    4|       m_axi|                                gmem1|       pointer|
|m_axi_gmem1_AWUSER    |  out|    1|       m_axi|                                gmem1|       pointer|
|m_axi_gmem1_WVALID    |  out|    1|       m_axi|                                gmem1|       pointer|
|m_axi_gmem1_WREADY    |   in|    1|       m_axi|                                gmem1|       pointer|
|m_axi_gmem1_WDATA     |  out|    8|       m_axi|                                gmem1|       pointer|
|m_axi_gmem1_WSTRB     |  out|    1|       m_axi|                                gmem1|       pointer|
|m_axi_gmem1_WLAST     |  out|    1|       m_axi|                                gmem1|       pointer|
|m_axi_gmem1_WID       |  out|    1|       m_axi|                                gmem1|       pointer|
|m_axi_gmem1_WUSER     |  out|    1|       m_axi|                                gmem1|       pointer|
|m_axi_gmem1_ARVALID   |  out|    1|       m_axi|                                gmem1|       pointer|
|m_axi_gmem1_ARREADY   |   in|    1|       m_axi|                                gmem1|       pointer|
|m_axi_gmem1_ARADDR    |  out|   64|       m_axi|                                gmem1|       pointer|
|m_axi_gmem1_ARID      |  out|    1|       m_axi|                                gmem1|       pointer|
|m_axi_gmem1_ARLEN     |  out|   32|       m_axi|                                gmem1|       pointer|
|m_axi_gmem1_ARSIZE    |  out|    3|       m_axi|                                gmem1|       pointer|
|m_axi_gmem1_ARBURST   |  out|    2|       m_axi|                                gmem1|       pointer|
|m_axi_gmem1_ARLOCK    |  out|    2|       m_axi|                                gmem1|       pointer|
|m_axi_gmem1_ARCACHE   |  out|    4|       m_axi|                                gmem1|       pointer|
|m_axi_gmem1_ARPROT    |  out|    3|       m_axi|                                gmem1|       pointer|
|m_axi_gmem1_ARQOS     |  out|    4|       m_axi|                                gmem1|       pointer|
|m_axi_gmem1_ARREGION  |  out|    4|       m_axi|                                gmem1|       pointer|
|m_axi_gmem1_ARUSER    |  out|    1|       m_axi|                                gmem1|       pointer|
|m_axi_gmem1_RVALID    |   in|    1|       m_axi|                                gmem1|       pointer|
|m_axi_gmem1_RREADY    |  out|    1|       m_axi|                                gmem1|       pointer|
|m_axi_gmem1_RDATA     |   in|    8|       m_axi|                                gmem1|       pointer|
|m_axi_gmem1_RLAST     |   in|    1|       m_axi|                                gmem1|       pointer|
|m_axi_gmem1_RID       |   in|    1|       m_axi|                                gmem1|       pointer|
|m_axi_gmem1_RFIFONUM  |   in|   11|       m_axi|                                gmem1|       pointer|
|m_axi_gmem1_RUSER     |   in|    1|       m_axi|                                gmem1|       pointer|
|m_axi_gmem1_RRESP     |   in|    2|       m_axi|                                gmem1|       pointer|
|m_axi_gmem1_BVALID    |   in|    1|       m_axi|                                gmem1|       pointer|
|m_axi_gmem1_BREADY    |  out|    1|       m_axi|                                gmem1|       pointer|
|m_axi_gmem1_BRESP     |   in|    2|       m_axi|                                gmem1|       pointer|
|m_axi_gmem1_BID       |   in|    1|       m_axi|                                gmem1|       pointer|
|m_axi_gmem1_BUSER     |   in|    1|       m_axi|                                gmem1|       pointer|
|rows                  |   in|   32|     ap_none|                                 rows|        scalar|
|sext_ln16             |   in|   32|     ap_none|                            sext_ln16|        scalar|
|output_r              |   in|   64|     ap_none|                             output_r|        scalar|
|sext_ln39             |   in|   33|     ap_none|                            sext_ln39|        scalar|
+----------------------+-----+-----+------------+-------------------------------------+--------------+

============================================================
+ Verbose Summary: Synthesis Manager
============================================================
InlineROM: 1
ExposeGlobal: 0
============================================================
+ Verbose Summary: CDFG Model
============================================================
IsTopModel: 0
ResetActiveHigh: 1
IsCombinational: 2
IsDatapathOnly: 2
HasWiredReturn: 1
HasMFsm: 2
HasVarLatency: 1
IsPipeline: 0
IsRtlPipelined: 0
IsInstanceOverlapped: 0
IsDontTouch: 0
HasImplIP: 0
IsGatedGlobalClock: 0

+ Individual pipeline summary: 
  * Pipeline-0: initiation interval (II) = 2, depth = 10


============================================================
+ Verbose Summary: Schedule
============================================================
* Number of FSM states : 10
* Pipeline : 1
  Pipeline-0 : II = 2, D = 10, States = { 1 2 3 4 5 6 7 8 9 10 }
* Dataflow Pipeline: 0

* FSM state transitions: 
1 --> 2 
2 --> 3 
3 --> 4 
4 --> 5 
5 --> 6 
6 --> 7 
7 --> 8 
8 --> 9 
9 --> 10 
10 --> 

* FSM state operations: 

State 1 <SV = 0> <Delay = 1.58>
ST_1 : Operation 12 [1/1] (0.00ns)   --->   "%phi_mul8 = alloca i32 1"   --->   Operation 12 'alloca' 'phi_mul8' <Predicate = true> <Delay = 0.00>
ST_1 : Operation 13 [1/1] (0.00ns)   --->   "%i = alloca i32 1"   --->   Operation 13 'alloca' 'i' <Predicate = true> <Delay = 0.00>
ST_1 : Operation 14 [1/1] (0.00ns)   --->   "%sext_ln39_read = read i33 @_ssdm_op_Read.ap_auto.i33, i33 %sext_ln39"   --->   Operation 14 'read' 'sext_ln39_read' <Predicate = true> <Delay = 0.00>
ST_1 : Operation 15 [1/1] (0.00ns)   --->   "%output_r_read = read i64 @_ssdm_op_Read.ap_auto.i64, i64 %output_r"   --->   Operation 15 'read' 'output_r_read' <Predicate = true> <Delay = 0.00>
ST_1 : Operation 16 [1/1] (0.00ns)   --->   "%sext_ln16_read = read i32 @_ssdm_op_Read.ap_auto.i32, i32 %sext_ln16"   --->   Operation 16 'read' 'sext_ln16_read' <Predicate = true> <Delay = 0.00>
ST_1 : Operation 17 [1/1] (0.00ns)   --->   "%rows_read = read i32 @_ssdm_op_Read.ap_auto.i32, i32 %rows"   --->   Operation 17 'read' 'rows_read' <Predicate = true> <Delay = 0.00>
ST_1 : Operation 18 [1/1] (0.00ns)   --->   "%sext_ln39_cast = sext i33 %sext_ln39_read"   --->   Operation 18 'sext' 'sext_ln39_cast' <Predicate = true> <Delay = 0.00>
ST_1 : Operation 19 [1/1] (0.00ns)   --->   "%sext_ln16_cast = sext i32 %sext_ln16_read"   --->   Operation 19 'sext' 'sext_ln16_cast' <Predicate = true> <Delay = 0.00>
ST_1 : Operation 20 [1/1] (0.00ns)   --->   "%specinterface_ln0 = specinterface void @_ssdm_op_SpecInterface, i8 %gmem1, void @empty_2, i32 0, i32 0, void @empty_3, i32 0, i32 4096, void @empty_9, void @empty_5, void @empty_3, i32 16, i32 16, i32 16, i32 16, void @empty_3, void @empty_3, i32 4294967295, i32 0"   --->   Operation 20 'specinterface' 'specinterface_ln0' <Predicate = true> <Delay = 0.00>
ST_1 : Operation 21 [1/1] (1.58ns)   --->   "%store_ln0 = store i31 0, i31 %i"   --->   Operation 21 'store' 'store_ln0' <Predicate = true> <Delay = 1.58>
ST_1 : Operation 22 [1/1] (1.58ns)   --->   "%store_ln0 = store i63 0, i63 %phi_mul8"   --->   Operation 22 'store' 'store_ln0' <Predicate = true> <Delay = 1.58>
ST_1 : Operation 23 [1/1] (0.00ns)   --->   "%br_ln0 = br void %for.inc77"   --->   Operation 23 'br' 'br_ln0' <Predicate = true> <Delay = 0.00>

State 2 <SV = 1> <Delay = 7.04>
ST_2 : Operation 24 [1/1] (0.00ns)   --->   "%i_1 = load i31 %i" [../code/sobel_edge.cpp:37]   --->   Operation 24 'load' 'i_1' <Predicate = true> <Delay = 0.00>
ST_2 : Operation 25 [1/1] (0.00ns)   --->   "%specbitsmap_ln0 = specbitsmap void @_ssdm_op_SpecBitsMap, i8 %gmem1"   --->   Operation 25 'specbitsmap' 'specbitsmap_ln0' <Predicate = true> <Delay = 0.00>
ST_2 : Operation 26 [1/1] (0.00ns)   --->   "%i_1_cast = zext i31 %i_1" [../code/sobel_edge.cpp:37]   --->   Operation 26 'zext' 'i_1_cast' <Predicate = true> <Delay = 0.00>
ST_2 : Operation 27 [1/1] (0.00ns)   --->   "%specpipeline_ln0 = specpipeline void @_ssdm_op_SpecPipeline, i32 4294967295, i32 0, i32 1, i32 0, void @p_str"   --->   Operation 27 'specpipeline' 'specpipeline_ln0' <Predicate = true> <Delay = 0.00>
ST_2 : Operation 28 [1/1] (2.47ns)   --->   "%icmp_ln37 = icmp_slt  i32 %i_1_cast, i32 %rows_read" [../code/sobel_edge.cpp:37]   --->   Operation 28 'icmp' 'icmp_ln37' <Predicate = true> <Delay = 2.47> <CoreInst = "Cmp">   --->   Core 9 'Cmp' <Latency = 0> <II = 1> <Delay = 2.47> <FuncUnit> <Opcode : 'icmp'> <InPorts = 2> <OutPorts = 1>
ST_2 : Operation 29 [1/1] (2.52ns)   --->   "%add_ln37 = add i31 %i_1, i31 1" [../code/sobel_edge.cpp:37]   --->   Operation 29 'add' 'add_ln37' <Predicate = true> <Delay = 2.52> <CoreInst = "Adder">   --->   Core 1 'Adder' <Latency = 0> <II = 1> <Delay = 2.52> <FuncUnit> <Opcode : 'add' 'sub'> <InPorts = 2> <OutPorts = 1>
ST_2 : Operation 30 [1/1] (0.00ns)   --->   "%br_ln37 = br i1 %icmp_ln37, void %VITIS_LOOP_41_6.loopexit.exitStub, void %for.inc77.split" [../code/sobel_edge.cpp:37]   --->   Operation 30 'br' 'br_ln37' <Predicate = true> <Delay = 0.00>
ST_2 : Operation 31 [1/1] (0.00ns)   --->   "%phi_mul8_load = load i63 %phi_mul8" [../code/sobel_edge.cpp:38]   --->   Operation 31 'load' 'phi_mul8_load' <Predicate = (icmp_ln37)> <Delay = 0.00>
ST_2 : Operation 32 [1/1] (3.49ns)   --->   "%add_ln38_1 = add i63 %phi_mul8_load, i63 %sext_ln16_cast" [../code/sobel_edge.cpp:38]   --->   Operation 32 'add' 'add_ln38_1' <Predicate = (icmp_ln37)> <Delay = 3.49> <CoreInst = "Adder">   --->   Core 1 'Adder' <Latency = 0> <II = 1> <Delay = 3.49> <FuncUnit> <Opcode : 'add' 'sub'> <InPorts = 2> <OutPorts = 1>
ST_2 : Operation 33 [1/1] (0.00ns)   --->   "%sext_ln38 = sext i63 %phi_mul8_load" [../code/sobel_edge.cpp:38]   --->   Operation 33 'sext' 'sext_ln38' <Predicate = (icmp_ln37)> <Delay = 0.00>
ST_2 : Operation 34 [1/1] (3.52ns)   --->   "%add_ln38 = add i64 %sext_ln38, i64 %output_r_read" [../code/sobel_edge.cpp:38]   --->   Operation 34 'add' 'add_ln38' <Predicate = (icmp_ln37)> <Delay = 3.52> <CoreInst = "Adder">   --->   Core 1 'Adder' <Latency = 0> <II = 1> <Delay = 3.52> <FuncUnit> <Opcode : 'add' 'sub'> <InPorts = 2> <OutPorts = 1>
ST_2 : Operation 35 [1/1] (0.00ns)   --->   "%gmem1_addr_1 = getelementptr i8 %gmem1, i64 %add_ln38" [../code/sobel_edge.cpp:38]   --->   Operation 35 'getelementptr' 'gmem1_addr_1' <Predicate = (icmp_ln37)> <Delay = 0.00>
ST_2 : Operation 36 [1/1] (3.52ns)   --->   "%add_ln39 = add i64 %sext_ln39_cast, i64 %add_ln38" [../code/sobel_edge.cpp:39]   --->   Operation 36 'add' 'add_ln39' <Predicate = (icmp_ln37)> <Delay = 3.52> <CoreInst = "Adder">   --->   Core 1 'Adder' <Latency = 0> <II = 1> <Delay = 3.52> <FuncUnit> <Opcode : 'add' 'sub'> <InPorts = 2> <OutPorts = 1>
ST_2 : Operation 37 [1/1] (0.00ns)   --->   "%gmem1_addr = getelementptr i8 %gmem1, i64 %add_ln39" [../code/sobel_edge.cpp:39]   --->   Operation 37 'getelementptr' 'gmem1_addr' <Predicate = (icmp_ln37)> <Delay = 0.00>
ST_2 : Operation 38 [1/1] (1.58ns)   --->   "%store_ln37 = store i31 %add_ln37, i31 %i" [../code/sobel_edge.cpp:37]   --->   Operation 38 'store' 'store_ln37' <Predicate = (icmp_ln37)> <Delay = 1.58>
ST_2 : Operation 39 [1/1] (1.58ns)   --->   "%store_ln37 = store i63 %add_ln38_1, i63 %phi_mul8" [../code/sobel_edge.cpp:37]   --->   Operation 39 'store' 'store_ln37' <Predicate = (icmp_ln37)> <Delay = 1.58>

State 3 <SV = 2> <Delay = 7.30>
ST_3 : Operation 40 [1/1] (7.30ns)   --->   "%gmem1_addr_1_req = writereq i1 @_ssdm_op_WriteReq.m_axi.i8P1A, i64 %gmem1_addr_1, i32 1" [../code/sobel_edge.cpp:38]   --->   Operation 40 'writereq' 'gmem1_addr_1_req' <Predicate = (icmp_ln37)> <Delay = 7.30> <CoreInst = "m_axi">   --->   Core 113 'm_axi' <Latency = 0> <II = 1> <Delay = 1.00> <Adapter> <Opcode : 'read' 'write' 'readreq' 'writereq' 'writeresp'>

State 4 <SV = 3> <Delay = 7.30>
ST_4 : Operation 41 [1/1] (7.30ns)   --->   "%write_ln38 = write void @_ssdm_op_Write.m_axi.i8P1A, i64 %gmem1_addr_1, i8 0, i1 1" [../code/sobel_edge.cpp:38]   --->   Operation 41 'write' 'write_ln38' <Predicate = true> <Delay = 7.30> <CoreInst = "m_axi">   --->   Core 113 'm_axi' <Latency = 0> <II = 1> <Delay = 1.00> <Adapter> <Opcode : 'read' 'write' 'readreq' 'writereq' 'writeresp'>
ST_4 : Operation 42 [1/1] (7.30ns)   --->   "%gmem1_addr_2_req = writereq i1 @_ssdm_op_WriteReq.m_axi.i8P1A, i64 %gmem1_addr, i32 1" [../code/sobel_edge.cpp:39]   --->   Operation 42 'writereq' 'gmem1_addr_2_req' <Predicate = true> <Delay = 7.30> <CoreInst = "m_axi">   --->   Core 113 'm_axi' <Latency = 0> <II = 1> <Delay = 1.00> <Adapter> <Opcode : 'read' 'write' 'readreq' 'writereq' 'writeresp'>

State 5 <SV = 4> <Delay = 7.30>
ST_5 : Operation 43 [5/5] (7.30ns)   --->   "%gmem1_addr_1_resp = writeresp i1 @_ssdm_op_WriteResp.m_axi.i8P1A, i64 %gmem1_addr_1" [../code/sobel_edge.cpp:38]   --->   Operation 43 'writeresp' 'gmem1_addr_1_resp' <Predicate = true> <Delay = 7.30> <CoreInst = "m_axi">   --->   Core 113 'm_axi' <Latency = 0> <II = 1> <Delay = 1.00> <Adapter> <Opcode : 'read' 'write' 'readreq' 'writereq' 'writeresp'>
ST_5 : Operation 44 [1/1] (7.30ns)   --->   "%write_ln39 = write void @_ssdm_op_Write.m_axi.i8P1A, i64 %gmem1_addr, i8 0, i1 1" [../code/sobel_edge.cpp:39]   --->   Operation 44 'write' 'write_ln39' <Predicate = true> <Delay = 7.30> <CoreInst = "m_axi">   --->   Core 113 'm_axi' <Latency = 0> <II = 1> <Delay = 1.00> <Adapter> <Opcode : 'read' 'write' 'readreq' 'writereq' 'writeresp'>

State 6 <SV = 5> <Delay = 7.30>
ST_6 : Operation 45 [4/5] (7.30ns)   --->   "%gmem1_addr_1_resp = writeresp i1 @_ssdm_op_WriteResp.m_axi.i8P1A, i64 %gmem1_addr_1" [../code/sobel_edge.cpp:38]   --->   Operation 45 'writeresp' 'gmem1_addr_1_resp' <Predicate = true> <Delay = 7.30> <CoreInst = "m_axi">   --->   Core 113 'm_axi' <Latency = 0> <II = 1> <Delay = 1.00> <Adapter> <Opcode : 'read' 'write' 'readreq' 'writereq' 'writeresp'>
ST_6 : Operation 46 [5/5] (7.30ns)   --->   "%gmem1_addr_2_resp = writeresp i1 @_ssdm_op_WriteResp.m_axi.i8P1A, i64 %gmem1_addr" [../code/sobel_edge.cpp:39]   --->   Operation 46 'writeresp' 'gmem1_addr_2_resp' <Predicate = true> <Delay = 7.30> <CoreInst = "m_axi">   --->   Core 113 'm_axi' <Latency = 0> <II = 1> <Delay = 1.00> <Adapter> <Opcode : 'read' 'write' 'readreq' 'writereq' 'writeresp'>

State 7 <SV = 6> <Delay = 7.30>
ST_7 : Operation 47 [3/5] (7.30ns)   --->   "%gmem1_addr_1_resp = writeresp i1 @_ssdm_op_WriteResp.m_axi.i8P1A, i64 %gmem1_addr_1" [../code/sobel_edge.cpp:38]   --->   Operation 47 'writeresp' 'gmem1_addr_1_resp' <Predicate = true> <Delay = 7.30> <CoreInst = "m_axi">   --->   Core 113 'm_axi' <Latency = 0> <II = 1> <Delay = 1.00> <Adapter> <Opcode : 'read' 'write' 'readreq' 'writereq' 'writeresp'>
ST_7 : Operation 48 [4/5] (7.30ns)   --->   "%gmem1_addr_2_resp = writeresp i1 @_ssdm_op_WriteResp.m_axi.i8P1A, i64 %gmem1_addr" [../code/sobel_edge.cpp:39]   --->   Operation 48 'writeresp' 'gmem1_addr_2_resp' <Predicate = true> <Delay = 7.30> <CoreInst = "m_axi">   --->   Core 113 'm_axi' <Latency = 0> <II = 1> <Delay = 1.00> <Adapter> <Opcode : 'read' 'write' 'readreq' 'writereq' 'writeresp'>

State 8 <SV = 7> <Delay = 7.30>
ST_8 : Operation 49 [2/5] (7.30ns)   --->   "%gmem1_addr_1_resp = writeresp i1 @_ssdm_op_WriteResp.m_axi.i8P1A, i64 %gmem1_addr_1" [../code/sobel_edge.cpp:38]   --->   Operation 49 'writeresp' 'gmem1_addr_1_resp' <Predicate = true> <Delay = 7.30> <CoreInst = "m_axi">   --->   Core 113 'm_axi' <Latency = 0> <II = 1> <Delay = 1.00> <Adapter> <Opcode : 'read' 'write' 'readreq' 'writereq' 'writeresp'>
ST_8 : Operation 50 [3/5] (7.30ns)   --->   "%gmem1_addr_2_resp = writeresp i1 @_ssdm_op_WriteResp.m_axi.i8P1A, i64 %gmem1_addr" [../code/sobel_edge.cpp:39]   --->   Operation 50 'writeresp' 'gmem1_addr_2_resp' <Predicate = true> <Delay = 7.30> <CoreInst = "m_axi">   --->   Core 113 'm_axi' <Latency = 0> <II = 1> <Delay = 1.00> <Adapter> <Opcode : 'read' 'write' 'readreq' 'writereq' 'writeresp'>
ST_8 : Operation 56 [1/1] (0.00ns)   --->   "%ret_ln0 = ret"   --->   Operation 56 'ret' 'ret_ln0' <Predicate = (!icmp_ln37)> <Delay = 0.00>

State 9 <SV = 8> <Delay = 7.30>
ST_9 : Operation 51 [1/5] (7.30ns)   --->   "%gmem1_addr_1_resp = writeresp i1 @_ssdm_op_WriteResp.m_axi.i8P1A, i64 %gmem1_addr_1" [../code/sobel_edge.cpp:38]   --->   Operation 51 'writeresp' 'gmem1_addr_1_resp' <Predicate = true> <Delay = 7.30> <CoreInst = "m_axi">   --->   Core 113 'm_axi' <Latency = 0> <II = 1> <Delay = 1.00> <Adapter> <Opcode : 'read' 'write' 'readreq' 'writereq' 'writeresp'>
ST_9 : Operation 52 [2/5] (7.30ns)   --->   "%gmem1_addr_2_resp = writeresp i1 @_ssdm_op_WriteResp.m_axi.i8P1A, i64 %gmem1_addr" [../code/sobel_edge.cpp:39]   --->   Operation 52 'writeresp' 'gmem1_addr_2_resp' <Predicate = true> <Delay = 7.30> <CoreInst = "m_axi">   --->   Core 113 'm_axi' <Latency = 0> <II = 1> <Delay = 1.00> <Adapter> <Opcode : 'read' 'write' 'readreq' 'writereq' 'writeresp'>

State 10 <SV = 9> <Delay = 7.30>
ST_10 : Operation 53 [1/1] (0.00ns)   --->   "%specloopname_ln37 = specloopname void @_ssdm_op_SpecLoopName, void @empty_6" [../code/sobel_edge.cpp:37]   --->   Operation 53 'specloopname' 'specloopname_ln37' <Predicate = true> <Delay = 0.00>
ST_10 : Operation 54 [1/5] (7.30ns)   --->   "%gmem1_addr_2_resp = writeresp i1 @_ssdm_op_WriteResp.m_axi.i8P1A, i64 %gmem1_addr" [../code/sobel_edge.cpp:39]   --->   Operation 54 'writeresp' 'gmem1_addr_2_resp' <Predicate = true> <Delay = 7.30> <CoreInst = "m_axi">   --->   Core 113 'm_axi' <Latency = 0> <II = 1> <Delay = 1.00> <Adapter> <Opcode : 'read' 'write' 'readreq' 'writereq' 'writeresp'>
ST_10 : Operation 55 [1/1] (0.00ns)   --->   "%br_ln37 = br void %for.inc77" [../code/sobel_edge.cpp:37]   --->   Operation 55 'br' 'br_ln37' <Predicate = true> <Delay = 0.00>


============================================================
+ Verbose Summary: Binding
============================================================
STG Binding: 
---------------- STG Properties BEGIN ----------------
- Is combinational: 0
- Is one-state seq: 0
- Is datapath-only: 0
- Is pipelined: 0
- Is top level: 0
Port [ Return ] is wired: 1; IO mode=ap_ctrl_hs:ce=0
Port [ gmem1]:  wired=1; compound=1; hidden=0; nouse=0; global=0; static=0; extern=0; dir=1; type=4; pingpong=0; private_global=0; IO mode=m_axi:ce=0
Port [ rows]:  wired=1; compound=0; hidden=0; nouse=0; global=0; static=0; extern=0; dir=0; type=0; pingpong=0; private_global=0; IO mode=ap_none:ce=0
Port [ sext_ln16]:  wired=1; compound=0; hidden=0; nouse=0; global=0; static=0; extern=0; dir=0; type=0; pingpong=0; private_global=0; IO mode=ap_none:ce=0
Port [ output_r]:  wired=1; compound=0; hidden=0; nouse=0; global=0; static=0; extern=0; dir=0; type=0; pingpong=0; private_global=0; IO mode=ap_none:ce=0
Port [ sext_ln39]:  wired=1; compound=0; hidden=0; nouse=0; global=0; static=0; extern=0; dir=0; type=0; pingpong=0; private_global=0; IO mode=ap_none:ce=0
---------------- STG Properties END ------------------

---------------- Datapath Model BEGIN ----------------

<LifeTime>
<method=bitvector/>
phi_mul8          (alloca       ) [ 01100000000]
i                 (alloca       ) [ 01100000000]
sext_ln39_read    (read         ) [ 00000000000]
output_r_read     (read         ) [ 00100000000]
sext_ln16_read    (read         ) [ 00000000000]
rows_read         (read         ) [ 00100000000]
sext_ln39_cast    (sext         ) [ 00100000000]
sext_ln16_cast    (sext         ) [ 00100000000]
specinterface_ln0 (specinterface) [ 00000000000]
store_ln0         (store        ) [ 00000000000]
store_ln0         (store        ) [ 00000000000]
br_ln0            (br           ) [ 00000000000]
i_1               (load         ) [ 00000000000]
specbitsmap_ln0   (specbitsmap  ) [ 00000000000]
i_1_cast          (zext         ) [ 00000000000]
specpipeline_ln0  (specpipeline ) [ 00000000000]
icmp_ln37         (icmp         ) [ 01111111100]
add_ln37          (add          ) [ 00000000000]
br_ln37           (br           ) [ 00000000000]
phi_mul8_load     (load         ) [ 00000000000]
add_ln38_1        (add          ) [ 00000000000]
sext_ln38         (sext         ) [ 00000000000]
add_ln38          (add          ) [ 00000000000]
gmem1_addr_1      (getelementptr) [ 01111111110]
add_ln39          (add          ) [ 00000000000]
gmem1_addr        (getelementptr) [ 01111111111]
store_ln37        (store        ) [ 00000000000]
store_ln37        (store        ) [ 00000000000]
gmem1_addr_1_req  (writereq     ) [ 00000000000]
write_ln38        (write        ) [ 00000000000]
gmem1_addr_2_req  (writereq     ) [ 00000000000]
write_ln39        (write        ) [ 00000000000]
gmem1_addr_1_resp (writeresp    ) [ 00000000000]
specloopname_ln37 (specloopname ) [ 00000000000]
gmem1_addr_2_resp (writeresp    ) [ 00000000000]
br_ln37           (br           ) [ 00000000000]
ret_ln0           (ret          ) [ 00000000000]
</LifeTime>

<model>

<comp_list>
<comp id="0" class="1000" name="gmem1">
<pin_list>
<pin id="1" dir="1" index="0" bw="1" slack="0"/>
</pin_list>
<bind>
<StgValue><ssdm name="gmem1"/></StgValue>
</bind>
</comp>

<comp id="2" class="1000" name="rows">
<pin_list>
<pin id="3" dir="1" index="0" bw="1" slack="0"/>
</pin_list>
<bind>
<StgValue><ssdm name="rows"/></StgValue>
</bind>
</comp>

<comp id="4" class="1000" name="sext_ln16">
<pin_list>
<pin id="5" dir="1" index="0" bw="1" slack="0"/>
</pin_list>
<bind>
<StgValue><ssdm name="sext_ln16"/></StgValue>
</bind>
</comp>

<comp id="6" class="1000" name="output_r">
<pin_list>
<pin id="7" dir="1" index="0" bw="1" slack="0"/>
</pin_list>
<bind>
<StgValue><ssdm name="output_r"/></StgValue>
</bind>
</comp>

<comp id="8" class="1000" name="sext_ln39">
<pin_list>
<pin id="9" dir="1" index="0" bw="1" slack="0"/>
</pin_list>
<bind>
<StgValue><ssdm name="sext_ln39"/></StgValue>
</bind>
</comp>

<comp id="10" class="1001" name="const_10">
<pin_list>
<pin id="11" dir="1" index="0" bw="1" slack="0"/>
</pin_list>
<bind>
<StgValue><ssdm name=""/></StgValue>
</bind>
</comp>

<comp id="12" class="1001" name="const_12">
<pin_list>
<pin id="13" dir="1" index="0" bw="1" slack="0"/>
</pin_list>
<bind>
<StgValue><ssdm name="_ssdm_op_Read.ap_auto.i33"/></StgValue>
</bind>
</comp>

<comp id="14" class="1001" name="const_14">
<pin_list>
<pin id="15" dir="1" index="0" bw="1" slack="0"/>
</pin_list>
<bind>
<StgValue><ssdm name="_ssdm_op_Read.ap_auto.i64"/></StgValue>
</bind>
</comp>

<comp id="16" class="1001" name="const_16">
<pin_list>
<pin id="17" dir="1" index="0" bw="1" slack="0"/>
</pin_list>
<bind>
<StgValue><ssdm name="_ssdm_op_Read.ap_auto.i32"/></StgValue>
</bind>
</comp>

<comp id="18" class="1001" name="const_18">
<pin_list>
<pin id="19" dir="1" index="0" bw="1" slack="2147483647"/>
</pin_list>
<bind>
<StgValue><ssdm name="_ssdm_op_SpecInterface"/></StgValue>
</bind>
</comp>

<comp id="20" class="1001" name="const_20">
<pin_list>
<pin id="21" dir="1" index="0" bw="1" slack="2147483647"/>
</pin_list>
<bind>
<StgValue><ssdm name="empty_2"/></StgValue>
</bind>
</comp>

<comp id="22" class="1001" name="const_22">
<pin_list>
<pin id="23" dir="1" index="0" bw="1" slack="2147483647"/>
</pin_list>
<bind>
<StgValue><ssdm name=""/></StgValue>
</bind>
</comp>

<comp id="24" class="1001" name="const_24">
<pin_list>
<pin id="25" dir="1" index="0" bw="1" slack="2147483647"/>
</pin_list>
<bind>
<StgValue><ssdm name="empty_3"/></StgValue>
</bind>
</comp>

<comp id="26" class="1001" name="const_26">
<pin_list>
<pin id="27" dir="1" index="0" bw="1" slack="2147483647"/>
</pin_list>
<bind>
<StgValue><ssdm name=""/></StgValue>
</bind>
</comp>

<comp id="28" class="1001" name="const_28">
<pin_list>
<pin id="29" dir="1" index="0" bw="1" slack="2147483647"/>
</pin_list>
<bind>
<StgValue><ssdm name="empty_9"/></StgValue>
</bind>
</comp>

<comp id="30" class="1001" name="const_30">
<pin_list>
<pin id="31" dir="1" index="0" bw="1" slack="2147483647"/>
</pin_list>
<bind>
<StgValue><ssdm name="empty_5"/></StgValue>
</bind>
</comp>

<comp id="32" class="1001" name="const_32">
<pin_list>
<pin id="33" dir="1" index="0" bw="1" slack="2147483647"/>
</pin_list>
<bind>
<StgValue><ssdm name=""/></StgValue>
</bind>
</comp>

<comp id="34" class="1001" name="const_34">
<pin_list>
<pin id="35" dir="1" index="0" bw="1" slack="2147483647"/>
</pin_list>
<bind>
<StgValue><ssdm name=""/></StgValue>
</bind>
</comp>

<comp id="36" class="1001" name="const_36">
<pin_list>
<pin id="37" dir="1" index="0" bw="1" slack="0"/>
</pin_list>
<bind>
<StgValue><ssdm name=""/></StgValue>
</bind>
</comp>

<comp id="38" class="1001" name="const_38">
<pin_list>
<pin id="39" dir="1" index="0" bw="1" slack="0"/>
</pin_list>
<bind>
<StgValue><ssdm name=""/></StgValue>
</bind>
</comp>

<comp id="40" class="1001" name="const_40">
<pin_list>
<pin id="41" dir="1" index="0" bw="1" slack="2147483647"/>
</pin_list>
<bind>
<StgValue><ssdm name="_ssdm_op_SpecBitsMap"/></StgValue>
</bind>
</comp>

<comp id="42" class="1001" name="const_42">
<pin_list>
<pin id="43" dir="1" index="0" bw="1" slack="2147483647"/>
</pin_list>
<bind>
<StgValue><ssdm name="_ssdm_op_SpecPipeline"/></StgValue>
</bind>
</comp>

<comp id="44" class="1001" name="const_44">
<pin_list>
<pin id="45" dir="1" index="0" bw="1" slack="2147483647"/>
</pin_list>
<bind>
<StgValue><ssdm name="p_str"/></StgValue>
</bind>
</comp>

<comp id="46" class="1001" name="const_46">
<pin_list>
<pin id="47" dir="1" index="0" bw="1" slack="0"/>
</pin_list>
<bind>
<StgValue><ssdm name=""/></StgValue>
</bind>
</comp>

<comp id="48" class="1001" name="const_48">
<pin_list>
<pin id="49" dir="1" index="0" bw="1" slack="0"/>
</pin_list>
<bind>
<StgValue><ssdm name="_ssdm_op_WriteReq.m_axi.i8P1A"/></StgValue>
</bind>
</comp>

<comp id="50" class="1001" name="const_50">
<pin_list>
<pin id="51" dir="1" index="0" bw="1" slack="0"/>
</pin_list>
<bind>
<StgValue><ssdm name="_ssdm_op_Write.m_axi.i8P1A"/></StgValue>
</bind>
</comp>

<comp id="52" class="1001" name="const_52">
<pin_list>
<pin id="53" dir="1" index="0" bw="1" slack="0"/>
</pin_list>
<bind>
<StgValue><ssdm name=""/></StgValue>
</bind>
</comp>

<comp id="54" class="1001" name="const_54">
<pin_list>
<pin id="55" dir="1" index="0" bw="1" slack="0"/>
</pin_list>
<bind>
<StgValue><ssdm name=""/></StgValue>
</bind>
</comp>

<comp id="56" class="1001" name="const_56">
<pin_list>
<pin id="57" dir="1" index="0" bw="1" slack="0"/>
</pin_list>
<bind>
<StgValue><ssdm name="_ssdm_op_WriteResp.m_axi.i8P1A"/></StgValue>
</bind>
</comp>

<comp id="58" class="1001" name="const_58">
<pin_list>
<pin id="59" dir="1" index="0" bw="1" slack="2147483647"/>
</pin_list>
<bind>
<StgValue><ssdm name="_ssdm_op_SpecLoopName"/></StgValue>
</bind>
</comp>

<comp id="60" class="1001" name="const_60">
<pin_list>
<pin id="61" dir="1" index="0" bw="1" slack="2147483647"/>
</pin_list>
<bind>
<StgValue><ssdm name="empty_6"/></StgValue>
</bind>
</comp>

<comp id="62" class="1004" name="phi_mul8_fu_62">
<pin_list>
<pin id="63" dir="0" index="0" bw="1" slack="0"/>
<pin id="64" dir="1" index="1" bw="63" slack="0"/>
</pin_list>
<bind>
<opcode="alloca(26) " fcode="alloca"/>
<opset="phi_mul8/1 "/>
</bind>
</comp>

<comp id="66" class="1004" name="i_fu_66">
<pin_list>
<pin id="67" dir="0" index="0" bw="1" slack="0"/>
<pin id="68" dir="1" index="1" bw="31" slack="0"/>
</pin_list>
<bind>
<opcode="alloca(26) " fcode="alloca"/>
<opset="i/1 "/>
</bind>
</comp>

<comp id="70" class="1004" name="sext_ln39_read_read_fu_70">
<pin_list>
<pin id="71" dir="0" index="0" bw="33" slack="0"/>
<pin id="72" dir="0" index="1" bw="33" slack="0"/>
<pin id="73" dir="1" index="2" bw="33" slack="0"/>
</pin_list>
<bind>
<opcode="read(1150) " fcode="read"/>
<opset="sext_ln39_read/1 "/>
</bind>
</comp>

<comp id="76" class="1004" name="output_r_read_read_fu_76">
<pin_list>
<pin id="77" dir="0" index="0" bw="64" slack="0"/>
<pin id="78" dir="0" index="1" bw="64" slack="0"/>
<pin id="79" dir="1" index="2" bw="64" slack="1"/>
</pin_list>
<bind>
<opcode="read(1150) " fcode="read"/>
<opset="output_r_read/1 "/>
</bind>
</comp>

<comp id="82" class="1004" name="sext_ln16_read_read_fu_82">
<pin_list>
<pin id="83" dir="0" index="0" bw="32" slack="0"/>
<pin id="84" dir="0" index="1" bw="32" slack="0"/>
<pin id="85" dir="1" index="2" bw="32" slack="0"/>
</pin_list>
<bind>
<opcode="read(1150) " fcode="read"/>
<opset="sext_ln16_read/1 "/>
</bind>
</comp>

<comp id="88" class="1004" name="rows_read_read_fu_88">
<pin_list>
<pin id="89" dir="0" index="0" bw="32" slack="0"/>
<pin id="90" dir="0" index="1" bw="32" slack="0"/>
<pin id="91" dir="1" index="2" bw="32" slack="1"/>
</pin_list>
<bind>
<opcode="read(1150) " fcode="read"/>
<opset="rows_read/1 "/>
</bind>
</comp>

<comp id="94" class="1004" name="grp_writeresp_fu_94">
<pin_list>
<pin id="95" dir="0" index="0" bw="1" slack="0"/>
<pin id="96" dir="0" index="1" bw="8" slack="1"/>
<pin id="97" dir="0" index="2" bw="1" slack="0"/>
<pin id="98" dir="1" index="3" bw="1" slack="2147483647"/>
</pin_list>
<bind>
<opcode="writereq(1155) writeresp(1158) " fcode="writeresp"/>
<opset="gmem1_addr_1_req/3 gmem1_addr_1_resp/5 "/>
</bind>
</comp>

<comp id="101" class="1004" name="write_ln38_write_fu_101">
<pin_list>
<pin id="102" dir="0" index="0" bw="0" slack="0"/>
<pin id="103" dir="0" index="1" bw="8" slack="2"/>
<pin id="104" dir="0" index="2" bw="1" slack="0"/>
<pin id="105" dir="0" index="3" bw="1" slack="0"/>
<pin id="106" dir="1" index="4" bw="0" slack="2147483647"/>
</pin_list>
<bind>
<opcode="write(1151) " fcode="write"/>
<opset="write_ln38/4 "/>
</bind>
</comp>

<comp id="110" class="1004" name="grp_writeresp_fu_110">
<pin_list>
<pin id="111" dir="0" index="0" bw="1" slack="0"/>
<pin id="112" dir="0" index="1" bw="8" slack="2"/>
<pin id="113" dir="0" index="2" bw="1" slack="0"/>
<pin id="114" dir="1" index="3" bw="1" slack="2147483647"/>
</pin_list>
<bind>
<opcode="writereq(1155) writeresp(1158) " fcode="writeresp"/>
<opset="gmem1_addr_2_req/4 gmem1_addr_2_resp/6 "/>
</bind>
</comp>

<comp id="118" class="1004" name="write_ln39_write_fu_118">
<pin_list>
<pin id="119" dir="0" index="0" bw="0" slack="0"/>
<pin id="120" dir="0" index="1" bw="8" slack="3"/>
<pin id="121" dir="0" index="2" bw="1" slack="0"/>
<pin id="122" dir="0" index="3" bw="1" slack="0"/>
<pin id="123" dir="1" index="4" bw="0" slack="2147483647"/>
</pin_list>
<bind>
<opcode="write(1151) " fcode="write"/>
<opset="write_ln39/5 "/>
</bind>
</comp>

<comp id="128" class="1004" name="sext_ln39_cast_fu_128">
<pin_list>
<pin id="129" dir="0" index="0" bw="33" slack="0"/>
<pin id="130" dir="1" index="1" bw="64" slack="1"/>
</pin_list>
<bind>
<opcode="sext(35) " fcode="sext"/>
<opset="sext_ln39_cast/1 "/>
</bind>
</comp>

<comp id="132" class="1004" name="sext_ln16_cast_fu_132">
<pin_list>
<pin id="133" dir="0" index="0" bw="32" slack="0"/>
<pin id="134" dir="1" index="1" bw="63" slack="1"/>
</pin_list>
<bind>
<opcode="sext(35) " fcode="sext"/>
<opset="sext_ln16_cast/1 "/>
</bind>
</comp>

<comp id="136" class="1004" name="store_ln0_store_fu_136">
<pin_list>
<pin id="137" dir="0" index="0" bw="1" slack="0"/>
<pin id="138" dir="0" index="1" bw="31" slack="0"/>
<pin id="139" dir="1" index="2" bw="0" slack="2147483647"/>
</pin_list>
<bind>
<opcode="store(28) " fcode="store"/>
<opset="store_ln0/1 "/>
</bind>
</comp>

<comp id="141" class="1004" name="store_ln0_store_fu_141">
<pin_list>
<pin id="142" dir="0" index="0" bw="1" slack="0"/>
<pin id="143" dir="0" index="1" bw="63" slack="0"/>
<pin id="144" dir="1" index="2" bw="0" slack="2147483647"/>
</pin_list>
<bind>
<opcode="store(28) " fcode="store"/>
<opset="store_ln0/1 "/>
</bind>
</comp>

<comp id="146" class="1004" name="i_1_load_fu_146">
<pin_list>
<pin id="147" dir="0" index="0" bw="31" slack="1"/>
<pin id="148" dir="1" index="1" bw="31" slack="0"/>
</pin_list>
<bind>
<opcode="load(27) " fcode="load"/>
<opset="i_1/2 "/>
</bind>
</comp>

<comp id="149" class="1004" name="i_1_cast_fu_149">
<pin_list>
<pin id="150" dir="0" index="0" bw="31" slack="0"/>
<pin id="151" dir="1" index="1" bw="32" slack="0"/>
</pin_list>
<bind>
<opcode="zext(34) " fcode="zext"/>
<opset="i_1_cast/2 "/>
</bind>
</comp>

<comp id="153" class="1004" name="icmp_ln37_fu_153">
<pin_list>
<pin id="154" dir="0" index="0" bw="32" slack="0"/>
<pin id="155" dir="0" index="1" bw="32" slack="1"/>
<pin id="156" dir="1" index="2" bw="1" slack="1"/>
</pin_list>
<bind>
<opcode="icmp(45) " fcode="icmp"/>
<opset="icmp_ln37/2 "/>
</bind>
</comp>

<comp id="158" class="1004" name="add_ln37_fu_158">
<pin_list>
<pin id="159" dir="0" index="0" bw="31" slack="0"/>
<pin id="160" dir="0" index="1" bw="1" slack="0"/>
<pin id="161" dir="1" index="2" bw="31" slack="0"/>
</pin_list>
<bind>
<opcode="add(8) " fcode="add"/>
<opset="add_ln37/2 "/>
</bind>
</comp>

<comp id="164" class="1004" name="phi_mul8_load_load_fu_164">
<pin_list>
<pin id="165" dir="0" index="0" bw="63" slack="1"/>
<pin id="166" dir="1" index="1" bw="63" slack="0"/>
</pin_list>
<bind>
<opcode="load(27) " fcode="load"/>
<opset="phi_mul8_load/2 "/>
</bind>
</comp>

<comp id="167" class="1004" name="add_ln38_1_fu_167">
<pin_list>
<pin id="168" dir="0" index="0" bw="63" slack="0"/>
<pin id="169" dir="0" index="1" bw="32" slack="1"/>
<pin id="170" dir="1" index="2" bw="63" slack="0"/>
</pin_list>
<bind>
<opcode="add(8) " fcode="add"/>
<opset="add_ln38_1/2 "/>
</bind>
</comp>

<comp id="172" class="1004" name="sext_ln38_fu_172">
<pin_list>
<pin id="173" dir="0" index="0" bw="63" slack="0"/>
<pin id="174" dir="1" index="1" bw="64" slack="0"/>
</pin_list>
<bind>
<opcode="sext(35) " fcode="sext"/>
<opset="sext_ln38/2 "/>
</bind>
</comp>

<comp id="176" class="1004" name="add_ln38_fu_176">
<pin_list>
<pin id="177" dir="0" index="0" bw="63" slack="0"/>
<pin id="178" dir="0" index="1" bw="64" slack="1"/>
<pin id="179" dir="1" index="2" bw="64" slack="0"/>
</pin_list>
<bind>
<opcode="add(8) " fcode="add"/>
<opset="add_ln38/2 "/>
</bind>
</comp>

<comp id="181" class="1004" name="gmem1_addr_1_fu_181">
<pin_list>
<pin id="182" dir="0" index="0" bw="64" slack="0"/>
<pin id="183" dir="0" index="1" bw="64" slack="0"/>
<pin id="184" dir="1" index="2" bw="64" slack="1"/>
</pin_list>
<bind>
<opcode="getelementptr(29) " fcode="getelementptr"/>
<opset="gmem1_addr_1/2 "/>
</bind>
</comp>

<comp id="187" class="1004" name="add_ln39_fu_187">
<pin_list>
<pin id="188" dir="0" index="0" bw="33" slack="1"/>
<pin id="189" dir="0" index="1" bw="64" slack="0"/>
<pin id="190" dir="1" index="2" bw="64" slack="0"/>
</pin_list>
<bind>
<opcode="add(8) " fcode="add"/>
<opset="add_ln39/2 "/>
</bind>
</comp>

<comp id="192" class="1004" name="gmem1_addr_fu_192">
<pin_list>
<pin id="193" dir="0" index="0" bw="64" slack="0"/>
<pin id="194" dir="0" index="1" bw="64" slack="0"/>
<pin id="195" dir="1" index="2" bw="64" slack="2"/>
</pin_list>
<bind>
<opcode="getelementptr(29) " fcode="getelementptr"/>
<opset="gmem1_addr/2 "/>
</bind>
</comp>

<comp id="198" class="1004" name="store_ln37_store_fu_198">
<pin_list>
<pin id="199" dir="0" index="0" bw="31" slack="0"/>
<pin id="200" dir="0" index="1" bw="31" slack="1"/>
<pin id="201" dir="1" index="2" bw="0" slack="2147483647"/>
</pin_list>
<bind>
<opcode="store(28) " fcode="store"/>
<opset="store_ln37/2 "/>
</bind>
</comp>

<comp id="203" class="1004" name="store_ln37_store_fu_203">
<pin_list>
<pin id="204" dir="0" index="0" bw="63" slack="0"/>
<pin id="205" dir="0" index="1" bw="63" slack="1"/>
<pin id="206" dir="1" index="2" bw="0" slack="2147483647"/>
</pin_list>
<bind>
<opcode="store(28) " fcode="store"/>
<opset="store_ln37/2 "/>
</bind>
</comp>

<comp id="208" class="1005" name="phi_mul8_reg_208">
<pin_list>
<pin id="209" dir="0" index="0" bw="63" slack="0"/>
<pin id="210" dir="1" index="1" bw="63" slack="0"/>
</pin_list>
<bind>
<opset="phi_mul8 "/>
</bind>
</comp>

<comp id="215" class="1005" name="i_reg_215">
<pin_list>
<pin id="216" dir="0" index="0" bw="31" slack="0"/>
<pin id="217" dir="1" index="1" bw="31" slack="0"/>
</pin_list>
<bind>
<opset="i "/>
</bind>
</comp>

<comp id="222" class="1005" name="output_r_read_reg_222">
<pin_list>
<pin id="223" dir="0" index="0" bw="64" slack="1"/>
<pin id="224" dir="1" index="1" bw="64" slack="1"/>
</pin_list>
<bind>
<opset="output_r_read "/>
</bind>
</comp>

<comp id="227" class="1005" name="rows_read_reg_227">
<pin_list>
<pin id="228" dir="0" index="0" bw="32" slack="1"/>
<pin id="229" dir="1" index="1" bw="32" slack="1"/>
</pin_list>
<bind>
<opset="rows_read "/>
</bind>
</comp>

<comp id="232" class="1005" name="sext_ln39_cast_reg_232">
<pin_list>
<pin id="233" dir="0" index="0" bw="64" slack="1"/>
<pin id="234" dir="1" index="1" bw="64" slack="1"/>
</pin_list>
<bind>
<opset="sext_ln39_cast "/>
</bind>
</comp>

<comp id="237" class="1005" name="sext_ln16_cast_reg_237">
<pin_list>
<pin id="238" dir="0" index="0" bw="63" slack="1"/>
<pin id="239" dir="1" index="1" bw="63" slack="1"/>
</pin_list>
<bind>
<opset="sext_ln16_cast "/>
</bind>
</comp>

<comp id="242" class="1005" name="icmp_ln37_reg_242">
<pin_list>
<pin id="243" dir="0" index="0" bw="1" slack="1"/>
<pin id="244" dir="1" index="1" bw="1" slack="2147483647"/>
</pin_list>
<bind>
<opset="icmp_ln37 "/>
</bind>
</comp>

<comp id="246" class="1005" name="gmem1_addr_1_reg_246">
<pin_list>
<pin id="247" dir="0" index="0" bw="8" slack="1"/>
<pin id="248" dir="1" index="1" bw="8" slack="1"/>
</pin_list>
<bind>
<opset="gmem1_addr_1 "/>
</bind>
</comp>

<comp id="252" class="1005" name="gmem1_addr_reg_252">
<pin_list>
<pin id="253" dir="0" index="0" bw="8" slack="2"/>
<pin id="254" dir="1" index="1" bw="8" slack="2"/>
</pin_list>
<bind>
<opset="gmem1_addr "/>
</bind>
</comp>

</comp_list>

<net_list>
<net id="65"><net_src comp="10" pin="0"/><net_sink comp="62" pin=0"/></net>

<net id="69"><net_src comp="10" pin="0"/><net_sink comp="66" pin=0"/></net>

<net id="74"><net_src comp="12" pin="0"/><net_sink comp="70" pin=0"/></net>

<net id="75"><net_src comp="8" pin="0"/><net_sink comp="70" pin=1"/></net>

<net id="80"><net_src comp="14" pin="0"/><net_sink comp="76" pin=0"/></net>

<net id="81"><net_src comp="6" pin="0"/><net_sink comp="76" pin=1"/></net>

<net id="86"><net_src comp="16" pin="0"/><net_sink comp="82" pin=0"/></net>

<net id="87"><net_src comp="4" pin="0"/><net_sink comp="82" pin=1"/></net>

<net id="92"><net_src comp="16" pin="0"/><net_sink comp="88" pin=0"/></net>

<net id="93"><net_src comp="2" pin="0"/><net_sink comp="88" pin=1"/></net>

<net id="99"><net_src comp="48" pin="0"/><net_sink comp="94" pin=0"/></net>

<net id="100"><net_src comp="10" pin="0"/><net_sink comp="94" pin=2"/></net>

<net id="107"><net_src comp="50" pin="0"/><net_sink comp="101" pin=0"/></net>

<net id="108"><net_src comp="52" pin="0"/><net_sink comp="101" pin=2"/></net>

<net id="109"><net_src comp="54" pin="0"/><net_sink comp="101" pin=3"/></net>

<net id="115"><net_src comp="48" pin="0"/><net_sink comp="110" pin=0"/></net>

<net id="116"><net_src comp="10" pin="0"/><net_sink comp="110" pin=2"/></net>

<net id="117"><net_src comp="56" pin="0"/><net_sink comp="94" pin=0"/></net>

<net id="124"><net_src comp="50" pin="0"/><net_sink comp="118" pin=0"/></net>

<net id="125"><net_src comp="52" pin="0"/><net_sink comp="118" pin=2"/></net>

<net id="126"><net_src comp="54" pin="0"/><net_sink comp="118" pin=3"/></net>

<net id="127"><net_src comp="56" pin="0"/><net_sink comp="110" pin=0"/></net>

<net id="131"><net_src comp="70" pin="2"/><net_sink comp="128" pin=0"/></net>

<net id="135"><net_src comp="82" pin="2"/><net_sink comp="132" pin=0"/></net>

<net id="140"><net_src comp="36" pin="0"/><net_sink comp="136" pin=0"/></net>

<net id="145"><net_src comp="38" pin="0"/><net_sink comp="141" pin=0"/></net>

<net id="152"><net_src comp="146" pin="1"/><net_sink comp="149" pin=0"/></net>

<net id="157"><net_src comp="149" pin="1"/><net_sink comp="153" pin=0"/></net>

<net id="162"><net_src comp="146" pin="1"/><net_sink comp="158" pin=0"/></net>

<net id="163"><net_src comp="46" pin="0"/><net_sink comp="158" pin=1"/></net>

<net id="171"><net_src comp="164" pin="1"/><net_sink comp="167" pin=0"/></net>

<net id="175"><net_src comp="164" pin="1"/><net_sink comp="172" pin=0"/></net>

<net id="180"><net_src comp="172" pin="1"/><net_sink comp="176" pin=0"/></net>

<net id="185"><net_src comp="0" pin="0"/><net_sink comp="181" pin=0"/></net>

<net id="186"><net_src comp="176" pin="2"/><net_sink comp="181" pin=1"/></net>

<net id="191"><net_src comp="176" pin="2"/><net_sink comp="187" pin=1"/></net>

<net id="196"><net_src comp="0" pin="0"/><net_sink comp="192" pin=0"/></net>

<net id="197"><net_src comp="187" pin="2"/><net_sink comp="192" pin=1"/></net>

<net id="202"><net_src comp="158" pin="2"/><net_sink comp="198" pin=0"/></net>

<net id="207"><net_src comp="167" pin="2"/><net_sink comp="203" pin=0"/></net>

<net id="211"><net_src comp="62" pin="1"/><net_sink comp="208" pin=0"/></net>

<net id="212"><net_src comp="208" pin="1"/><net_sink comp="141" pin=1"/></net>

<net id="213"><net_src comp="208" pin="1"/><net_sink comp="164" pin=0"/></net>

<net id="214"><net_src comp="208" pin="1"/><net_sink comp="203" pin=1"/></net>

<net id="218"><net_src comp="66" pin="1"/><net_sink comp="215" pin=0"/></net>

<net id="219"><net_src comp="215" pin="1"/><net_sink comp="136" pin=1"/></net>

<net id="220"><net_src comp="215" pin="1"/><net_sink comp="146" pin=0"/></net>

<net id="221"><net_src comp="215" pin="1"/><net_sink comp="198" pin=1"/></net>

<net id="225"><net_src comp="76" pin="2"/><net_sink comp="222" pin=0"/></net>

<net id="226"><net_src comp="222" pin="1"/><net_sink comp="176" pin=1"/></net>

<net id="230"><net_src comp="88" pin="2"/><net_sink comp="227" pin=0"/></net>

<net id="231"><net_src comp="227" pin="1"/><net_sink comp="153" pin=1"/></net>

<net id="235"><net_src comp="128" pin="1"/><net_sink comp="232" pin=0"/></net>

<net id="236"><net_src comp="232" pin="1"/><net_sink comp="187" pin=0"/></net>

<net id="240"><net_src comp="132" pin="1"/><net_sink comp="237" pin=0"/></net>

<net id="241"><net_src comp="237" pin="1"/><net_sink comp="167" pin=1"/></net>

<net id="245"><net_src comp="153" pin="2"/><net_sink comp="242" pin=0"/></net>

<net id="249"><net_src comp="181" pin="2"/><net_sink comp="246" pin=0"/></net>

<net id="250"><net_src comp="246" pin="1"/><net_sink comp="94" pin=1"/></net>

<net id="251"><net_src comp="246" pin="1"/><net_sink comp="101" pin=1"/></net>

<net id="255"><net_src comp="192" pin="2"/><net_sink comp="252" pin=0"/></net>

<net id="256"><net_src comp="252" pin="1"/><net_sink comp="110" pin=1"/></net>

<net id="257"><net_src comp="252" pin="1"/><net_sink comp="118" pin=1"/></net>

</net_list>

</model> 
---------------- Datapath Model END ------------------

* FSMD analyzer results:
  - Output states:
	Port: gmem1 | {3 4 5 6 7 8 9 10 }
 - Input state : 
	Port: sobel_edge_Pipeline_VITIS_LOOP_37_5 : gmem1 | {}
	Port: sobel_edge_Pipeline_VITIS_LOOP_37_5 : rows | {1 }
	Port: sobel_edge_Pipeline_VITIS_LOOP_37_5 : sext_ln16 | {1 }
	Port: sobel_edge_Pipeline_VITIS_LOOP_37_5 : output_r | {1 }
	Port: sobel_edge_Pipeline_VITIS_LOOP_37_5 : sext_ln39 | {1 }
  - Chain level:
	State 1
		store_ln0 : 1
		store_ln0 : 1
	State 2
		i_1_cast : 1
		icmp_ln37 : 2
		add_ln37 : 1
		br_ln37 : 3
		add_ln38_1 : 1
		sext_ln38 : 1
		add_ln38 : 2
		gmem1_addr_1 : 3
		add_ln39 : 3
		gmem1_addr : 4
		store_ln37 : 2
		store_ln37 : 2
	State 3
	State 4
	State 5
	State 6
	State 7
	State 8
	State 9
	State 10


============================================================
+ Verbose Summary: Datapath Resource usage 
============================================================

* Functional unit list:
|----------|---------------------------|---------|---------|
| Operation|      Functional Unit      |    FF   |   LUT   |
|----------|---------------------------|---------|---------|
|          |      add_ln37_fu_158      |    0    |    38   |
|    add   |     add_ln38_1_fu_167     |    0    |    70   |
|          |      add_ln38_fu_176      |    0    |    71   |
|          |      add_ln39_fu_187      |    0    |    71   |
|----------|---------------------------|---------|---------|
|   icmp   |      icmp_ln37_fu_153     |    0    |    18   |
|----------|---------------------------|---------|---------|
|          | sext_ln39_read_read_fu_70 |    0    |    0    |
|   read   |  output_r_read_read_fu_76 |    0    |    0    |
|          | sext_ln16_read_read_fu_82 |    0    |    0    |
|          |    rows_read_read_fu_88   |    0    |    0    |
|----------|---------------------------|---------|---------|
| writeresp|    grp_writeresp_fu_94    |    0    |    0    |
|          |    grp_writeresp_fu_110   |    0    |    0    |
|----------|---------------------------|---------|---------|
|   write  |  write_ln38_write_fu_101  |    0    |    0    |
|          |  write_ln39_write_fu_118  |    0    |    0    |
|----------|---------------------------|---------|---------|
|          |   sext_ln39_cast_fu_128   |    0    |    0    |
|   sext   |   sext_ln16_cast_fu_132   |    0    |    0    |
|          |      sext_ln38_fu_172     |    0    |    0    |
|----------|---------------------------|---------|---------|
|   zext   |      i_1_cast_fu_149      |    0    |    0    |
|----------|---------------------------|---------|---------|
|   Total  |                           |    0    |   268   |
|----------|---------------------------|---------|---------|

Memories:
N/A

* Register list:
+----------------------+--------+
|                      |   FF   |
+----------------------+--------+
| gmem1_addr_1_reg_246 |    8   |
|  gmem1_addr_reg_252  |    8   |
|       i_reg_215      |   31   |
|   icmp_ln37_reg_242  |    1   |
| output_r_read_reg_222|   64   |
|   phi_mul8_reg_208   |   63   |
|   rows_read_reg_227  |   32   |
|sext_ln16_cast_reg_237|   63   |
|sext_ln39_cast_reg_232|   64   |
+----------------------+--------+
|         Total        |   334  |
+----------------------+--------+

* Multiplexer (MUX) list: 
|----------------------|------|------|------|--------||---------|
|         Comp         |  Pin | Size |  BW  | S x BW ||  Delay  |
|----------------------|------|------|------|--------||---------|
|  grp_writeresp_fu_94 |  p0  |   2  |   1  |    2   |
| grp_writeresp_fu_110 |  p0  |   2  |   1  |    2   |
|----------------------|------|------|------|--------||---------|
|         Total        |      |      |      |    4   ||  3.176  |
|----------------------|------|------|------|--------||---------|



* Summary:
+-----------+--------+--------+--------+
|           |  Delay |   FF   |   LUT  |
+-----------+--------+--------+--------+
|  Function |    -   |    0   |   268  |
|   Memory  |    -   |    -   |    -   |
|Multiplexer|    3   |    -   |    -   |
|  Register |    -   |   334  |    -   |
+-----------+--------+--------+--------+
|   Total   |    3   |   334  |   268  |
+-----------+--------+--------+--------+
