

================================================================
== Synthesis Summary Report of 'rgb2gray'
================================================================
+ General Information: 
    * Date:           Sat Aug  9 02:05:30 2025
    * Version:        2022.2.2 (Build 3779808 on Feb 17 2023)
    * Project:        rgb2gray_prj
    * Solution:       solution1 (Vivado IP Flow Target)
    * Product family: zynq
    * Target device:  xc7z020-clg400-1
    

+ Performance & Resource Estimates: 
    
    PS: '+' for module; 'o' for loop; '*' for dataflow
    +--------------------------------------+--------+-------+---------+-----------+----------+---------+------+----------+------+--------+-----------+-----------+-----+
    |                Modules               |  Issue |       | Latency |  Latency  | Iteration|         | Trip |          |      |        |           |           |     |
    |                & Loops               |  Type  | Slack | (cycles)|    (ns)   |  Latency | Interval| Count| Pipelined| BRAM |   DSP  |     FF    |    LUT    | URAM|
    +--------------------------------------+--------+-------+---------+-----------+----------+---------+------+----------+------+--------+-----------+-----------+-----+
    |+ rgb2gray                            |  Timing|  -0.46|      279|  1.395e+03|         -|      280|     -|        no|     -|  6 (2%)|  2296 (2%)|  3590 (6%)|    -|
    | + rgb2gray_Pipeline_VITIS_LOOP_10_1  |  Timing|  -0.46|      264|  1.320e+03|         -|      264|     -|        no|     -|  6 (2%)|  373 (~0%)|  199 (~0%)|    -|
    |  o VITIS_LOOP_10_1                   |       -|   3.65|      262|  1.310e+03|        14|        1|   250|       yes|     -|       -|          -|          -|    -|
    +--------------------------------------+--------+-------+---------+-----------+----------+---------+------+----------+------+--------+-----------+-----------+-----+


================================================================
== HW Interfaces
================================================================
* M_AXI
+-------------+------------+---------------+---------+--------+----------+-----------+--------------+--------------+-------------+-------------+
| Interface   | Data Width | Address Width | Latency | Offset | Register | Max Widen | Max Read     | Max Write    | Num Read    | Num Write   |
|             | (SW->HW)   |               |         |        |          | Bitwidth  | Burst Length | Burst Length | Outstanding | Outstanding |
+-------------+------------+---------------+---------+--------+----------+-----------+--------------+--------------+-------------+-------------+
| m_axi_gmem0 | 24 -> 32   | 64            | 0       | slave  | 0        | 0         | 16           | 16           | 16          | 16          |
| m_axi_gmem1 | 8 -> 8     | 64            | 0       | slave  | 0        | 0         | 16           | 16           | 16          | 16          |
+-------------+------------+---------------+---------+--------+----------+-----------+--------------+--------------+-------------+-------------+

* S_AXILITE Interfaces
+---------------+------------+---------------+--------+----------+
| Interface     | Data Width | Address Width | Offset | Register |
+---------------+------------+---------------+--------+----------+
| s_axi_control | 32         | 6             | 16     | 0        |
+---------------+------------+---------------+--------+----------+

* S_AXILITE Registers
+---------------+----------+--------+-------+--------+----------------------------------+----------------------------------------------------------------------+
| Interface     | Register | Offset | Width | Access | Description                      | Bit Fields                                                           |
+---------------+----------+--------+-------+--------+----------------------------------+----------------------------------------------------------------------+
| s_axi_control | CTRL     | 0x00   | 32    | RW     | Control signals                  | 0=AP_START 1=AP_DONE 2=AP_IDLE 3=AP_READY 7=AUTO_RESTART 9=INTERRUPT |
| s_axi_control | GIER     | 0x04   | 32    | RW     | Global Interrupt Enable Register | 0=Enable                                                             |
| s_axi_control | IP_IER   | 0x08   | 32    | RW     | IP Interrupt Enable Register     | 0=CHAN0_INT_EN 1=CHAN1_INT_EN                                        |
| s_axi_control | IP_ISR   | 0x0c   | 32    | RW     | IP Interrupt Status Register     | 0=CHAN0_INT_ST 1=CHAN1_INT_ST                                        |
| s_axi_control | rgb_1    | 0x10   | 32    | W      | Data signal of rgb               |                                                                      |
| s_axi_control | rgb_2    | 0x14   | 32    | W      | Data signal of rgb               |                                                                      |
| s_axi_control | gray_1   | 0x1c   | 32    | W      | Data signal of gray              |                                                                      |
| s_axi_control | gray_2   | 0x20   | 32    | W      | Data signal of gray              |                                                                      |
| s_axi_control | size     | 0x28   | 32    | W      | Data signal of size              |                                                                      |
+---------------+----------+--------+-------+--------+----------------------------------+----------------------------------------------------------------------+

* TOP LEVEL CONTROL
+-----------+------------+-----------+
| Interface | Type       | Ports     |
+-----------+------------+-----------+
| ap_clk    | clock      | ap_clk    |
| ap_rst_n  | reset      | ap_rst_n  |
| interrupt | interrupt  | interrupt |
| ap_ctrl   | ap_ctrl_hs |           |
+-----------+------------+-----------+


================================================================
== SW I/O Information
================================================================
* Top Function Arguments
+----------+-----------+---------------------+
| Argument | Direction | Datatype            |
+----------+-----------+---------------------+
| rgb      | in        | ap_uint<24> const * |
| gray     | out       | ap_uint<8>*         |
| size     | in        | int                 |
+----------+-----------+---------------------+

* SW-to-HW Mapping
+----------+---------------+-----------+----------+----------------------------------+
| Argument | HW Interface  | HW Type   | HW Usage | HW Info                          |
+----------+---------------+-----------+----------+----------------------------------+
| rgb      | m_axi_gmem0   | interface |          |                                  |
| rgb      | s_axi_control | register  | offset   | name=rgb_1 offset=0x10 range=32  |
| rgb      | s_axi_control | register  | offset   | name=rgb_2 offset=0x14 range=32  |
| gray     | m_axi_gmem1   | interface |          |                                  |
| gray     | s_axi_control | register  | offset   | name=gray_1 offset=0x1c range=32 |
| gray     | s_axi_control | register  | offset   | name=gray_2 offset=0x20 range=32 |
| size     | s_axi_control | register  |          | name=size offset=0x28 range=32   |
+----------+---------------+-----------+----------+----------------------------------+


================================================================
== M_AXI Burst Information
================================================================
 Note: All burst requests might be further partitioned into multiple requests during RTL generation based on max_read_burst_length or max_write_burst_length settings.

* Inferred Burst Summary
+--------------+-----------------+-----------+----------+-------+----------------------------+
| HW Interface | Loop            | Direction | Length   | Width | Location                   |
+--------------+-----------------+-----------+----------+-------+----------------------------+
| m_axi_gmem0  | VITIS_LOOP_10_1 | read      | variable | 32    | ../code/rgb2gray.cpp:10:19 |
| m_axi_gmem1  | VITIS_LOOP_10_1 | write     | variable | 8     | ../code/rgb2gray.cpp:10:19 |
+--------------+-----------------+-----------+----------+-------+----------------------------+

* Inferred Bursts and Widening Missed
+--------------+----------+-----------------+------------------------------------------------------------------------------------------------------+------------+----------------------------+
| HW Interface | Variable | Loop            | Problem                                                                                              | Resolution | Location                   |
+--------------+----------+-----------------+------------------------------------------------------------------------------------------------------+------------+----------------------------+
| m_axi_gmem0  | rgb      |                 | i24 allocated space contains padding. This is unsupported                                            |            | ../code/rgb2gray.cpp:10:19 |
| m_axi_gmem1  | gray     | VITIS_LOOP_10_1 | Could not widen since type i8 size is greater than or equal to the max_widen_bitwidth threshold of 0 | 214-353    | ../code/rgb2gray.cpp:10:19 |
+--------------+----------+-----------------+------------------------------------------------------------------------------------------------------+------------+----------------------------+

    * Resolution URL: www.xilinx.com/cgi-bin/docs/rdoc?v=2022.2;t=hls+guidance;d=XXX-YYY.html (replace XXX-YYY with column value)

================================================================
== Bind Op Report
================================================================
+--------------------------------------+-----+--------+------------+-----+--------+---------+
| Name                                 | DSP | Pragma | Variable   | Op  | Impl   | Latency |
+--------------------------------------+-----+--------+------------+-----+--------+---------+
| + rgb2gray                           | 6   |        |            |     |        |         |
|  + rgb2gray_Pipeline_VITIS_LOOP_10_1 | 6   |        |            |     |        |         |
|    add_ln10_fu_149_p2                | -   |        | add_ln10   | add | fabric | 0       |
|    ret_V_5_fu_215_p2                 | -   |        | ret_V_5    | sub | fabric | 0       |
|    mac_muladd_8ns_6ns_40ns_41_4_1_U2 | 1   |        | ret_V_6    | mul | dsp48  | 3       |
|    mac_muladd_8ns_6ns_40ns_41_4_1_U2 | 1   |        | ret_V_7    | add | dsp48  | 3       |
|    mac_muladd_8ns_4ns_41ns_41_4_1_U3 | 1   |        | ret_V_8    | mul | dsp48  | 3       |
|    mac_muladd_8ns_4ns_41ns_41_4_1_U3 | 1   |        | ret_V      | add | dsp48  | 3       |
|    mul_41ns_43ns_56_5_1_U1           | 4   |        | mul_ln1513 | mul | dsp    | 4       |
+--------------------------------------+-----+--------+------------+-----+--------+---------+


================================================================
== Bind Storage Report
================================================================
  No bind storage info in design

================================================================
== Pragma Report
================================================================
* Valid Pragma Syntax
+----------------+------------------------------------------------------+--------------------------------------------+
| Type           | Options                                              | Location                                   |
+----------------+------------------------------------------------------+--------------------------------------------+
| interface      | m_axi port=rgb offset=slave bundle=gmem0 depth=4096  | ../code/rgb2gray.cpp:4 in rgb2gray, rgb    |
| interface      | m_axi port=gray offset=slave bundle=gmem1 depth=4096 | ../code/rgb2gray.cpp:5 in rgb2gray, gray   |
| interface      | s_axilite port=rgb bundle=control                    | ../code/rgb2gray.cpp:6 in rgb2gray, rgb    |
| interface      | s_axilite port=gray bundle=control                   | ../code/rgb2gray.cpp:7 in rgb2gray, gray   |
| interface      | s_axilite port=size bundle=control                   | ../code/rgb2gray.cpp:8 in rgb2gray, size   |
| interface      | s_axilite port=return bundle=control                 | ../code/rgb2gray.cpp:9 in rgb2gray, return |
| pipeline       | II=1                                                 | ../code/rgb2gray.cpp:11 in rgb2gray        |
| loop_tripcount | min=1 max=250                                        | ../code/rgb2gray.cpp:12 in rgb2gray        |
+----------------+------------------------------------------------------+--------------------------------------------+


