

================================================================
== Vitis HLS Report for 'rgb2gray_Pipeline_VITIS_LOOP_10_1'
================================================================
* Date:           Sat Aug  9 02:05:30 2025

* Version:        2022.2.2 (Build 3779808 on Feb 17 2023)
* Project:        rgb2gray_prj
* Solution:       solution1 (Vivado IP Flow Target)
* Product family: zynq
* Target device:  xc7z020-clg400-1


================================================================
== Performance Estimates
================================================================
+ Timing: 
    * Summary: 
    +--------+---------+----------+------------+
    |  Clock |  Target | Estimated| Uncertainty|
    +--------+---------+----------+------------+
    |ap_clk  |  5.00 ns|  4.110 ns|     1.35 ns|
    +--------+---------+----------+------------+

+ Latency: 
    * Summary: 
    +---------+---------+-----------+----------+-----+-----+---------+
    |  Latency (cycles) |  Latency (absolute)  |  Interval | Pipeline|
    |   min   |   max   |    min    |    max   | min | max |   Type  |
    +---------+---------+-----------+----------+-----+-----+---------+
    |       15|      264|  75.000 ns|  1.320 us|   15|  264|       no|
    +---------+---------+-----------+----------+-----+-----+---------+

    + Detail: 
        * Instance: 
        N/A

        * Loop: 
        +-------------------+---------+---------+----------+-----------+-----------+---------+----------+
        |                   |  Latency (cycles) | Iteration|  Initiation Interval  |   Trip  |          |
        |     Loop Name     |   min   |   max   |  Latency |  achieved |   target  |  Count  | Pipelined|
        +-------------------+---------+---------+----------+-----------+-----------+---------+----------+
        |- VITIS_LOOP_10_1  |       13|      262|        14|          1|          1|  1 ~ 250|       yes|
        +-------------------+---------+---------+----------+-----------+-----------+---------+----------+



================================================================
== Utilization Estimates
================================================================
* Summary: 
+-----------------+---------+-----+--------+-------+-----+
|       Name      | BRAM_18K| DSP |   FF   |  LUT  | URAM|
+-----------------+---------+-----+--------+-------+-----+
|DSP              |        -|    2|       -|      -|    -|
|Expression       |        -|    -|       0|     81|    -|
|FIFO             |        -|    -|       -|      -|    -|
|Instance         |        -|    4|      51|      0|    -|
|Memory           |        -|    -|       -|      -|    -|
|Multiplexer      |        -|    -|       -|     54|    -|
|Register         |        -|    -|     322|     64|    -|
+-----------------+---------+-----+--------+-------+-----+
|Total            |        0|    6|     373|    199|    0|
+-----------------+---------+-----+--------+-------+-----+
|Available        |      280|  220|  106400|  53200|    0|
+-----------------+---------+-----+--------+-------+-----+
|Utilization (%)  |        0|    2|      ~0|     ~0|    0|
+-----------------+---------+-----+--------+-------+-----+

+ Detail: 
    * Instance: 
    +-------------------------+----------------------+---------+----+----+----+-----+
    |         Instance        |        Module        | BRAM_18K| DSP| FF | LUT| URAM|
    +-------------------------+----------------------+---------+----+----+----+-----+
    |mul_41ns_43ns_56_5_1_U1  |mul_41ns_43ns_56_5_1  |        0|   4|  51|   0|    0|
    +-------------------------+----------------------+---------+----+----+----+-----+
    |Total                    |                      |        0|   4|  51|   0|    0|
    +-------------------------+----------------------+---------+----+----+----+-----+

    * DSP: 
    +-----------------------------------+--------------------------------+--------------+
    |              Instance             |             Module             |  Expression  |
    +-----------------------------------+--------------------------------+--------------+
    |mac_muladd_8ns_4ns_41ns_41_4_1_U3  |mac_muladd_8ns_4ns_41ns_41_4_1  |  i0 + i1 * i2|
    |mac_muladd_8ns_6ns_40ns_41_4_1_U2  |mac_muladd_8ns_6ns_40ns_41_4_1  |  i0 * i1 + i2|
    +-----------------------------------+--------------------------------+--------------+

    * Memory: 
    N/A

    * FIFO: 
    N/A

    * Expression: 
    +----------------------------------+----------+----+---+----+------------+------------+
    |           Variable Name          | Operation| DSP| FF| LUT| Bitwidth P0| Bitwidth P1|
    +----------------------------------+----------+----+---+----+------------+------------+
    |add_ln10_fu_149_p2                |         +|   0|  0|  38|          31|           1|
    |ret_V_5_fu_215_p2                 |         -|   0|  0|  17|          14|          14|
    |ap_block_pp0_stage0_01001         |       and|   0|  0|   2|           1|           1|
    |ap_block_state2_pp0_stage0_iter1  |       and|   0|  0|   2|           1|           1|
    |icmp_ln10_fu_143_p2               |      icmp|   0|  0|  18|          32|          32|
    |ap_block_pp0_stage0_11001         |        or|   0|  0|   2|           1|           1|
    |ap_enable_pp0                     |       xor|   0|  0|   2|           1|           2|
    +----------------------------------+----------+----+---+----+------------+------------+
    |Total                             |          |   0|  0|  81|          81|          52|
    +----------------------------------+----------+----+---+----+------------+------------+

    * Multiplexer: 
    +--------------------------+----+-----------+-----+-----------+
    |           Name           | LUT| Input Size| Bits| Total Bits|
    +--------------------------+----+-----------+-----+-----------+
    |ap_done_int               |   9|          2|    1|          2|
    |ap_enable_reg_pp0_iter13  |   9|          2|    1|          2|
    |ap_sig_allocacmp_i_load   |   9|          2|   31|         62|
    |gmem0_blk_n_R             |   9|          2|    1|          2|
    |gmem1_blk_n_W             |   9|          2|    1|          2|
    |i_fu_92                   |   9|          2|   31|         62|
    +--------------------------+----+-----------+-----+-----------+
    |Total                     |  54|         12|   66|        132|
    +--------------------------+----+-----------+-----+-----------+

    * Register: 
    +-----------------------------------+----+----+-----+-----------+
    |                Name               | FF | LUT| Bits| Const Bits|
    +-----------------------------------+----+----+-----+-----------+
    |ap_CS_fsm                          |   1|   0|    1|          0|
    |ap_done_reg                        |   1|   0|    1|          0|
    |ap_enable_reg_pp0_iter1            |   1|   0|    1|          0|
    |ap_enable_reg_pp0_iter10           |   1|   0|    1|          0|
    |ap_enable_reg_pp0_iter11           |   1|   0|    1|          0|
    |ap_enable_reg_pp0_iter12           |   1|   0|    1|          0|
    |ap_enable_reg_pp0_iter13           |   1|   0|    1|          0|
    |ap_enable_reg_pp0_iter2            |   1|   0|    1|          0|
    |ap_enable_reg_pp0_iter3            |   1|   0|    1|          0|
    |ap_enable_reg_pp0_iter4            |   1|   0|    1|          0|
    |ap_enable_reg_pp0_iter5            |   1|   0|    1|          0|
    |ap_enable_reg_pp0_iter6            |   1|   0|    1|          0|
    |ap_enable_reg_pp0_iter7            |   1|   0|    1|          0|
    |ap_enable_reg_pp0_iter8            |   1|   0|    1|          0|
    |ap_enable_reg_pp0_iter9            |   1|   0|    1|          0|
    |ap_loop_exit_ready_pp0_iter10_reg  |   1|   0|    1|          0|
    |ap_loop_exit_ready_pp0_iter11_reg  |   1|   0|    1|          0|
    |ap_loop_exit_ready_pp0_iter12_reg  |   1|   0|    1|          0|
    |ap_loop_exit_ready_pp0_iter1_reg   |   1|   0|    1|          0|
    |ap_loop_exit_ready_pp0_iter2_reg   |   1|   0|    1|          0|
    |ap_loop_exit_ready_pp0_iter3_reg   |   1|   0|    1|          0|
    |ap_loop_exit_ready_pp0_iter4_reg   |   1|   0|    1|          0|
    |ap_loop_exit_ready_pp0_iter5_reg   |   1|   0|    1|          0|
    |ap_loop_exit_ready_pp0_iter6_reg   |   1|   0|    1|          0|
    |ap_loop_exit_ready_pp0_iter7_reg   |   1|   0|    1|          0|
    |ap_loop_exit_ready_pp0_iter8_reg   |   1|   0|    1|          0|
    |ap_loop_exit_ready_pp0_iter9_reg   |   1|   0|    1|          0|
    |b_V_reg_296                        |   8|   0|    8|          0|
    |g_reg_291                          |   8|   0|    8|          0|
    |i_fu_92                            |  31|   0|   31|          0|
    |icmp_ln10_reg_287                  |   1|   0|    1|          0|
    |ret_V_5_reg_312                    |  13|   0|   14|          1|
    |ret_V_7_reg_327                    |  41|   0|   41|          0|
    |ret_V_reg_332                      |  41|   0|   41|          0|
    |tmp_reg_301                        |   8|   0|    8|          0|
    |tmp_reg_301_pp0_iter2_reg          |   8|   0|    8|          0|
    |trunc_ln1_reg_347                  |   8|   0|    8|          0|
    |b_V_reg_296                        |  64|  32|    8|          0|
    |icmp_ln10_reg_287                  |  64|  32|    1|          0|
    +-----------------------------------+----+----+-----+-----------+
    |Total                              | 322|  64|  204|          1|
    +-----------------------------------+----+----+-----+-----------+



================================================================
== Interface
================================================================
* Summary: 
+----------------------+-----+-----+------------+-----------------------------------+--------------+
|       RTL Ports      | Dir | Bits|  Protocol  |           Source Object           |    C Type    |
+----------------------+-----+-----+------------+-----------------------------------+--------------+
|ap_clk                |   in|    1|  ap_ctrl_hs|  rgb2gray_Pipeline_VITIS_LOOP_10_1|  return value|
|ap_rst                |   in|    1|  ap_ctrl_hs|  rgb2gray_Pipeline_VITIS_LOOP_10_1|  return value|
|ap_start              |   in|    1|  ap_ctrl_hs|  rgb2gray_Pipeline_VITIS_LOOP_10_1|  return value|
|ap_done               |  out|    1|  ap_ctrl_hs|  rgb2gray_Pipeline_VITIS_LOOP_10_1|  return value|
|ap_idle               |  out|    1|  ap_ctrl_hs|  rgb2gray_Pipeline_VITIS_LOOP_10_1|  return value|
|ap_ready              |  out|    1|  ap_ctrl_hs|  rgb2gray_Pipeline_VITIS_LOOP_10_1|  return value|
|m_axi_gmem0_AWVALID   |  out|    1|       m_axi|                              gmem0|       pointer|
|m_axi_gmem0_AWREADY   |   in|    1|       m_axi|                              gmem0|       pointer|
|m_axi_gmem0_AWADDR    |  out|   64|       m_axi|                              gmem0|       pointer|
|m_axi_gmem0_AWID      |  out|    1|       m_axi|                              gmem0|       pointer|
|m_axi_gmem0_AWLEN     |  out|   32|       m_axi|                              gmem0|       pointer|
|m_axi_gmem0_AWSIZE    |  out|    3|       m_axi|                              gmem0|       pointer|
|m_axi_gmem0_AWBURST   |  out|    2|       m_axi|                              gmem0|       pointer|
|m_axi_gmem0_AWLOCK    |  out|    2|       m_axi|                              gmem0|       pointer|
|m_axi_gmem0_AWCACHE   |  out|    4|       m_axi|                              gmem0|       pointer|
|m_axi_gmem0_AWPROT    |  out|    3|       m_axi|                              gmem0|       pointer|
|m_axi_gmem0_AWQOS     |  out|    4|       m_axi|                              gmem0|       pointer|
|m_axi_gmem0_AWREGION  |  out|    4|       m_axi|                              gmem0|       pointer|
|m_axi_gmem0_AWUSER    |  out|    1|       m_axi|                              gmem0|       pointer|
|m_axi_gmem0_WVALID    |  out|    1|       m_axi|                              gmem0|       pointer|
|m_axi_gmem0_WREADY    |   in|    1|       m_axi|                              gmem0|       pointer|
|m_axi_gmem0_WDATA     |  out|   32|       m_axi|                              gmem0|       pointer|
|m_axi_gmem0_WSTRB     |  out|    4|       m_axi|                              gmem0|       pointer|
|m_axi_gmem0_WLAST     |  out|    1|       m_axi|                              gmem0|       pointer|
|m_axi_gmem0_WID       |  out|    1|       m_axi|                              gmem0|       pointer|
|m_axi_gmem0_WUSER     |  out|    1|       m_axi|                              gmem0|       pointer|
|m_axi_gmem0_ARVALID   |  out|    1|       m_axi|                              gmem0|       pointer|
|m_axi_gmem0_ARREADY   |   in|    1|       m_axi|                              gmem0|       pointer|
|m_axi_gmem0_ARADDR    |  out|   64|       m_axi|                              gmem0|       pointer|
|m_axi_gmem0_ARID      |  out|    1|       m_axi|                              gmem0|       pointer|
|m_axi_gmem0_ARLEN     |  out|   32|       m_axi|                              gmem0|       pointer|
|m_axi_gmem0_ARSIZE    |  out|    3|       m_axi|                              gmem0|       pointer|
|m_axi_gmem0_ARBURST   |  out|    2|       m_axi|                              gmem0|       pointer|
|m_axi_gmem0_ARLOCK    |  out|    2|       m_axi|                              gmem0|       pointer|
|m_axi_gmem0_ARCACHE   |  out|    4|       m_axi|                              gmem0|       pointer|
|m_axi_gmem0_ARPROT    |  out|    3|       m_axi|                              gmem0|       pointer|
|m_axi_gmem0_ARQOS     |  out|    4|       m_axi|                              gmem0|       pointer|
|m_axi_gmem0_ARREGION  |  out|    4|       m_axi|                              gmem0|       pointer|
|m_axi_gmem0_ARUSER    |  out|    1|       m_axi|                              gmem0|       pointer|
|m_axi_gmem0_RVALID    |   in|    1|       m_axi|                              gmem0|       pointer|
|m_axi_gmem0_RREADY    |  out|    1|       m_axi|                              gmem0|       pointer|
|m_axi_gmem0_RDATA     |   in|   32|       m_axi|                              gmem0|       pointer|
|m_axi_gmem0_RLAST     |   in|    1|       m_axi|                              gmem0|       pointer|
|m_axi_gmem0_RID       |   in|    1|       m_axi|                              gmem0|       pointer|
|m_axi_gmem0_RFIFONUM  |   in|    9|       m_axi|                              gmem0|       pointer|
|m_axi_gmem0_RUSER     |   in|    1|       m_axi|                              gmem0|       pointer|
|m_axi_gmem0_RRESP     |   in|    2|       m_axi|                              gmem0|       pointer|
|m_axi_gmem0_BVALID    |   in|    1|       m_axi|                              gmem0|       pointer|
|m_axi_gmem0_BREADY    |  out|    1|       m_axi|                              gmem0|       pointer|
|m_axi_gmem0_BRESP     |   in|    2|       m_axi|                              gmem0|       pointer|
|m_axi_gmem0_BID       |   in|    1|       m_axi|                              gmem0|       pointer|
|m_axi_gmem0_BUSER     |   in|    1|       m_axi|                              gmem0|       pointer|
|m_axi_gmem1_AWVALID   |  out|    1|       m_axi|                              gmem1|       pointer|
|m_axi_gmem1_AWREADY   |   in|    1|       m_axi|                              gmem1|       pointer|
|m_axi_gmem1_AWADDR    |  out|   64|       m_axi|                              gmem1|       pointer|
|m_axi_gmem1_AWID      |  out|    1|       m_axi|                              gmem1|       pointer|
|m_axi_gmem1_AWLEN     |  out|   32|       m_axi|                              gmem1|       pointer|
|m_axi_gmem1_AWSIZE    |  out|    3|       m_axi|                              gmem1|       pointer|
|m_axi_gmem1_AWBURST   |  out|    2|       m_axi|                              gmem1|       pointer|
|m_axi_gmem1_AWLOCK    |  out|    2|       m_axi|                              gmem1|       pointer|
|m_axi_gmem1_AWCACHE   |  out|    4|       m_axi|                              gmem1|       pointer|
|m_axi_gmem1_AWPROT    |  out|    3|       m_axi|                              gmem1|       pointer|
|m_axi_gmem1_AWQOS     |  out|    4|       m_axi|                              gmem1|       pointer|
|m_axi_gmem1_AWREGION  |  out|    4|       m_axi|                              gmem1|       pointer|
|m_axi_gmem1_AWUSER    |  out|    1|       m_axi|                              gmem1|       pointer|
|m_axi_gmem1_WVALID    |  out|    1|       m_axi|                              gmem1|       pointer|
|m_axi_gmem1_WREADY    |   in|    1|       m_axi|                              gmem1|       pointer|
|m_axi_gmem1_WDATA     |  out|    8|       m_axi|                              gmem1|       pointer|
|m_axi_gmem1_WSTRB     |  out|    1|       m_axi|                              gmem1|       pointer|
|m_axi_gmem1_WLAST     |  out|    1|       m_axi|                              gmem1|       pointer|
|m_axi_gmem1_WID       |  out|    1|       m_axi|                              gmem1|       pointer|
|m_axi_gmem1_WUSER     |  out|    1|       m_axi|                              gmem1|       pointer|
|m_axi_gmem1_ARVALID   |  out|    1|       m_axi|                              gmem1|       pointer|
|m_axi_gmem1_ARREADY   |   in|    1|       m_axi|                              gmem1|       pointer|
|m_axi_gmem1_ARADDR    |  out|   64|       m_axi|                              gmem1|       pointer|
|m_axi_gmem1_ARID      |  out|    1|       m_axi|                              gmem1|       pointer|
|m_axi_gmem1_ARLEN     |  out|   32|       m_axi|                              gmem1|       pointer|
|m_axi_gmem1_ARSIZE    |  out|    3|       m_axi|                              gmem1|       pointer|
|m_axi_gmem1_ARBURST   |  out|    2|       m_axi|                              gmem1|       pointer|
|m_axi_gmem1_ARLOCK    |  out|    2|       m_axi|                              gmem1|       pointer|
|m_axi_gmem1_ARCACHE   |  out|    4|       m_axi|                              gmem1|       pointer|
|m_axi_gmem1_ARPROT    |  out|    3|       m_axi|                              gmem1|       pointer|
|m_axi_gmem1_ARQOS     |  out|    4|       m_axi|                              gmem1|       pointer|
|m_axi_gmem1_ARREGION  |  out|    4|       m_axi|                              gmem1|       pointer|
|m_axi_gmem1_ARUSER    |  out|    1|       m_axi|                              gmem1|       pointer|
|m_axi_gmem1_RVALID    |   in|    1|       m_axi|                              gmem1|       pointer|
|m_axi_gmem1_RREADY    |  out|    1|       m_axi|                              gmem1|       pointer|
|m_axi_gmem1_RDATA     |   in|    8|       m_axi|                              gmem1|       pointer|
|m_axi_gmem1_RLAST     |   in|    1|       m_axi|                              gmem1|       pointer|
|m_axi_gmem1_RID       |   in|    1|       m_axi|                              gmem1|       pointer|
|m_axi_gmem1_RFIFONUM  |   in|   11|       m_axi|                              gmem1|       pointer|
|m_axi_gmem1_RUSER     |   in|    1|       m_axi|                              gmem1|       pointer|
|m_axi_gmem1_RRESP     |   in|    2|       m_axi|                              gmem1|       pointer|
|m_axi_gmem1_BVALID    |   in|    1|       m_axi|                              gmem1|       pointer|
|m_axi_gmem1_BREADY    |  out|    1|       m_axi|                              gmem1|       pointer|
|m_axi_gmem1_BRESP     |   in|    2|       m_axi|                              gmem1|       pointer|
|m_axi_gmem1_BID       |   in|    1|       m_axi|                              gmem1|       pointer|
|m_axi_gmem1_BUSER     |   in|    1|       m_axi|                              gmem1|       pointer|
|gray                  |   in|   64|     ap_none|                               gray|        scalar|
|sext_ln10             |   in|   62|     ap_none|                          sext_ln10|        scalar|
|size                  |   in|   32|     ap_none|                               size|        scalar|
+----------------------+-----+-----+------------+-----------------------------------+--------------+

