
****** Vitis HLS - High-Level Synthesis from C, C++ and OpenCL v2022.2.2 (64-bit)
  **** SW Build 3779808 on Feb 17 2023
  **** IP Build 3783773 on Tue Feb 21 23:41:56 MST 2023
    ** Copyright 1986-2023 Xilinx, Inc. All Rights Reserved.

source /opt/Xilinx/Vitis_HLS/2022.2/scripts/vitis_hls/hls.tcl -notrace
INFO: [HLS 200-10] Running '/opt/Xilinx/Vitis_HLS/2022.2/bin/unwrapped/lnx64.o/vitis_hls'
INFO: [HLS 200-10] For user 'fyt' on host 'fpgaserver-9950x' (Linux_x86_64 version 5.15.0-130-generic) on Sun Jun 01 09:32:40 UTC 2025
INFO: [HLS 200-10] On os Ubuntu 22.04.5 LTS
INFO: [HLS 200-10] In directory '/home/fyt/teach_bili/course_1/build'
Sourcing Tcl script 'run_hls.tcl'
INFO: [HLS 200-1510] Running: source run_hls.tcl
successful!!!  the start time is Sun Jun 01 09:32:40 UTC 2025
INFO: [HLS 200-1510] Running: open_project vector_add_prj 
INFO: [HLS 200-10] Opening project '/home/fyt/teach_bili/course_1/build/vector_add_prj'.
INFO: [HLS 200-1510] Running: set_top vector_add 
INFO: [HLS 200-1510] Running: add_files ../code/vector_add.cpp 
INFO: [HLS 200-10] Adding design file '../code/vector_add.cpp' to the project
INFO: [HLS 200-1510] Running: add_files ../code/vector_add.h 
INFO: [HLS 200-10] Adding design file '../code/vector_add.h' to the project
INFO: [HLS 200-1510] Running: add_files -tb ../code/main.cpp -cflags -I/home/fyt/.conda/envs/opencv_env/include/opencv4 -std=c++14 -csimflags -L/home/fyt/.conda/envs/opencv_env/lib -Wl,-rpath,/home/fyt/.conda/envs/opencv_env/lib -lopencv_core -lopencv_imgproc -lopencv_imgcodecs 
INFO: [HLS 200-10] Adding test bench file '../code/main.cpp' to the project
INFO: [HLS 200-1510] Running: open_solution -reset solution1 
INFO: [HLS 200-10] Opening and resetting solution '/home/fyt/teach_bili/course_1/build/vector_add_prj/solution1'.
INFO: [HLS 200-10] Cleaning up the solution database.
INFO: [HLS 200-1505] Using default flow_target 'vivado'
Resolution: For help on HLS 200-1505 see www.xilinx.com/cgi-bin/docs/rdoc?v=2022.2;t=hls+guidance;d=200-1505.html
INFO: [HLS 200-435] Setting 'open_solution -flow_target vivado' configuration: config_interface -m_axi_latency=0
INFO: [HLS 200-1510] Running: set_part xc7z020clg400-1 
INFO: [HLS 200-1611] Setting target device to 'xc7z020-clg400-1'
INFO: [HLS 200-1510] Running: create_clock -period 10 -name default 
INFO: [SYN 201-201] Setting up clock 'default' with a period of 10ns.
INFO: [HLS 200-1510] Running: csim_design -ldflags -L/home/fyt/.conda/envs/opencv_env/lib -Wl,-rpath,/home/fyt/.conda/envs/opencv_env/lib -lopencv_core -lopencv_imgproc -lopencv_imgcodecs 
/bin/bash: /home/fyt/.conda/envs/opencv_env/lib/libtinfo.so.6: no version information available (required by /bin/bash)
/bin/bash: /home/fyt/.conda/envs/opencv_env/lib/libtinfo.so.6: no version information available (required by /bin/bash)
/bin/bash: /home/fyt/.conda/envs/opencv_env/lib/libtinfo.so.6: no version information available (required by /bin/bash)
Running Dispatch Server on port: 37275
INFO: [SIM 211-2] *************** CSIM start ***************
INFO: [SIM 211-4] CSIM will launch GCC as the compiler.
   Compiling ../../../../../code/main.cpp in debug mode
   Compiling ../../../../../code/vector_add.cpp in debug mode
   Generating csim.exe
/bin/sh: /home/fyt/.conda/envs/opencv_env/lib/libtinfo.so.6: no version information available (required by /bin/sh)
/bin/sh: /home/fyt/.conda/envs/opencv_env/lib/libtinfo.so.6: no version information available (required by /bin/sh)
/bin/bash: /home/fyt/.conda/envs/opencv_env/lib/libtinfo.so.6: no version information available (required by /bin/bash)
/bin/sh: /home/fyt/.conda/envs/opencv_env/lib/libtinfo.so.6: no version information available (required by /bin/sh)
/bin/sh: /home/fyt/.conda/envs/opencv_env/lib/libtinfo.so.6: no version information available (required by /bin/sh)
/bin/sh: /home/fyt/.conda/envs/opencv_env/lib/libtinfo.so.6: no version information available (required by /bin/sh)
/bin/sh: /home/fyt/.conda/envs/opencv_env/lib/libtinfo.so.6: no version information available (required by /bin/sh)
/bin/sh: /home/fyt/.conda/envs/opencv_env/lib/libtinfo.so.6: no version information available (required by /bin/sh)
/bin/sh: /home/fyt/.conda/envs/opencv_env/lib/libtinfo.so.6: no version information available (required by /bin/sh)
/bin/sh: /home/fyt/.conda/envs/opencv_env/lib/libtinfo.so.6: no version information available (required by /bin/sh)
/bin/sh: /home/fyt/.conda/envs/opencv_env/lib/libtinfo.so.6: no version information available (required by /bin/sh)
Vector Subtract-1 Test Started
Vector size: 64 elements
调用vector_add函数（现在是减1功能）
All results correct!
INFO: [SIM 211-1] CSim done with 0 errors.
INFO: [SIM 211-3] *************** CSIM finish ***************
INFO: [HLS 200-111] Finished Command csim_design CPU user time: 1.44 seconds. CPU system time: 0.23 seconds. Elapsed time: 1.65 seconds; current allocated memory: 0.000 MB.
INFO: [HLS 200-1510] Running: csynth_design 
INFO: [HLS 200-111] Finished File checks and directory preparation: CPU user time: 0 seconds. CPU system time: 0 seconds. Elapsed time: 0 seconds; current allocated memory: 873.934 MB.
INFO: [HLS 200-10] Analyzing design file '../code/vector_add.cpp' ... 
INFO: [HLS 200-111] Finished Source Code Analysis and Preprocessing: CPU user time: 1.04 seconds. CPU system time: 0.28 seconds. Elapsed time: 1.32 seconds; current allocated memory: 876.090 MB.
INFO: [HLS 200-777] Using interface defaults for 'Vivado' flow target.
INFO: [HLS 214-115] Multiple burst reads of variable length and bit width 32 in loop 'VITIS_LOOP_13_1'(../code/vector_add.cpp:13:19) has been inferred on bundle 'gmem0'. These burst requests might be further partitioned into multiple requests during RTL generation, based on max_read_burst_length or max_write_burst_length settings. (../code/vector_add.cpp:13:19)
INFO: [HLS 214-115] Multiple burst writes of variable length and bit width 32 in loop 'VITIS_LOOP_13_1'(../code/vector_add.cpp:13:19) has been inferred on bundle 'gmem1'. These burst requests might be further partitioned into multiple requests during RTL generation, based on max_read_burst_length or max_write_burst_length settings. (../code/vector_add.cpp:13:19)
INFO: [HLS 200-111] Finished Compiling Optimization and Transform: CPU user time: 1.43 seconds. CPU system time: 0.23 seconds. Elapsed time: 1.65 seconds; current allocated memory: 876.660 MB.
INFO: [HLS 200-111] Finished Checking Pragmas: CPU user time: 0 seconds. CPU system time: 0 seconds. Elapsed time: 0 seconds; current allocated memory: 876.660 MB.
INFO: [HLS 200-10] Starting code transformations ...
INFO: [HLS 200-111] Finished Standard Transforms: CPU user time: 0.01 seconds. CPU system time: 0 seconds. Elapsed time: 0.01 seconds; current allocated memory: 878.188 MB.
INFO: [HLS 200-10] Checking synthesizability ...
INFO: [HLS 200-111] Finished Checking Synthesizability: CPU user time: 0 seconds. CPU system time: 0 seconds. Elapsed time: 0 seconds; current allocated memory: 880.438 MB.
INFO: [HLS 200-111] Finished Loop, function and other optimizations: CPU user time: 0.02 seconds. CPU system time: 0 seconds. Elapsed time: 0.02 seconds; current allocated memory: 904.090 MB.
INFO: [HLS 200-111] Finished Architecture Synthesis: CPU user time: 0.01 seconds. CPU system time: 0 seconds. Elapsed time: 0.02 seconds; current allocated memory: 905.094 MB.
INFO: [HLS 200-10] Starting hardware synthesis ...
INFO: [HLS 200-10] Synthesizing 'vector_add' ...
INFO: [HLS 200-10] ----------------------------------------------------------------
INFO: [HLS 200-42] -- Implementing module 'vector_add_Pipeline_VITIS_LOOP_13_1' 
INFO: [HLS 200-10] ----------------------------------------------------------------
INFO: [SCHED 204-11] Starting scheduling ...
INFO: [SCHED 204-61] Pipelining loop 'VITIS_LOOP_13_1'.
INFO: [HLS 200-1470] Pipelining result : Target II = NA, Final II = 1, Depth = 4, loop 'VITIS_LOOP_13_1'
INFO: [SCHED 204-11] Finished scheduling.
INFO: [HLS 200-111] Finished Scheduling: CPU user time: 0.01 seconds. CPU system time: 0.02 seconds. Elapsed time: 0.03 seconds; current allocated memory: 906.113 MB.
INFO: [BIND 205-100] Starting micro-architecture generation ...
INFO: [BIND 205-101] Performing variable lifetime analysis.
INFO: [BIND 205-101] Exploring resource sharing.
INFO: [BIND 205-101] Binding ...
INFO: [BIND 205-100] Finished micro-architecture generation.
INFO: [HLS 200-111] Finished Binding: CPU user time: 0.01 seconds. CPU system time: 0 seconds. Elapsed time: 0.01 seconds; current allocated memory: 906.113 MB.
INFO: [HLS 200-10] ----------------------------------------------------------------
INFO: [HLS 200-42] -- Implementing module 'vector_add' 
INFO: [HLS 200-10] ----------------------------------------------------------------
INFO: [SCHED 204-11] Starting scheduling ...
INFO: [SCHED 204-11] Finished scheduling.
INFO: [HLS 200-111] Finished Scheduling: CPU user time: 0.02 seconds. CPU system time: 0 seconds. Elapsed time: 0.02 seconds; current allocated memory: 906.340 MB.
INFO: [BIND 205-100] Starting micro-architecture generation ...
INFO: [BIND 205-101] Performing variable lifetime analysis.
INFO: [BIND 205-101] Exploring resource sharing.
INFO: [BIND 205-101] Binding ...
INFO: [BIND 205-100] Finished micro-architecture generation.
INFO: [HLS 200-111] Finished Binding: CPU user time: 0.02 seconds. CPU system time: 0 seconds. Elapsed time: 0.02 seconds; current allocated memory: 906.340 MB.
INFO: [HLS 200-10] ----------------------------------------------------------------
INFO: [HLS 200-10] -- Generating RTL for module 'vector_add_Pipeline_VITIS_LOOP_13_1' 
INFO: [HLS 200-10] ----------------------------------------------------------------
INFO: [HLS 200-1030] Apply Unified Pipeline Control on module 'vector_add_Pipeline_VITIS_LOOP_13_1' pipeline 'VITIS_LOOP_13_1' pipeline type 'loop pipeline'
WARNING: [RTGEN 206-101] Setting dangling out port 'vector_add_Pipeline_VITIS_LOOP_13_1/m_axi_gmem0_ARVALID' to 0.
WARNING: [RTGEN 206-101] Setting dangling out port 'vector_add_Pipeline_VITIS_LOOP_13_1/m_axi_gmem0_ARADDR' to 0.
WARNING: [RTGEN 206-101] Setting dangling out port 'vector_add_Pipeline_VITIS_LOOP_13_1/m_axi_gmem0_ARID' to 0.
WARNING: [RTGEN 206-101] Setting dangling out port 'vector_add_Pipeline_VITIS_LOOP_13_1/m_axi_gmem0_ARLEN' to 0.
WARNING: [RTGEN 206-101] Setting dangling out port 'vector_add_Pipeline_VITIS_LOOP_13_1/m_axi_gmem0_ARSIZE' to 0.
WARNING: [RTGEN 206-101] Setting dangling out port 'vector_add_Pipeline_VITIS_LOOP_13_1/m_axi_gmem0_ARBURST' to 0.
WARNING: [RTGEN 206-101] Setting dangling out port 'vector_add_Pipeline_VITIS_LOOP_13_1/m_axi_gmem0_ARLOCK' to 0.
WARNING: [RTGEN 206-101] Setting dangling out port 'vector_add_Pipeline_VITIS_LOOP_13_1/m_axi_gmem0_ARCACHE' to 0.
WARNING: [RTGEN 206-101] Setting dangling out port 'vector_add_Pipeline_VITIS_LOOP_13_1/m_axi_gmem0_ARPROT' to 0.
WARNING: [RTGEN 206-101] Setting dangling out port 'vector_add_Pipeline_VITIS_LOOP_13_1/m_axi_gmem0_ARQOS' to 0.
WARNING: [RTGEN 206-101] Setting dangling out port 'vector_add_Pipeline_VITIS_LOOP_13_1/m_axi_gmem0_ARREGION' to 0.
WARNING: [RTGEN 206-101] Setting dangling out port 'vector_add_Pipeline_VITIS_LOOP_13_1/m_axi_gmem0_ARUSER' to 0.
WARNING: [RTGEN 206-101] Setting dangling out port 'vector_add_Pipeline_VITIS_LOOP_13_1/m_axi_gmem1_AWVALID' to 0.
WARNING: [RTGEN 206-101] Setting dangling out port 'vector_add_Pipeline_VITIS_LOOP_13_1/m_axi_gmem1_AWADDR' to 0.
WARNING: [RTGEN 206-101] Setting dangling out port 'vector_add_Pipeline_VITIS_LOOP_13_1/m_axi_gmem1_AWID' to 0.
WARNING: [RTGEN 206-101] Setting dangling out port 'vector_add_Pipeline_VITIS_LOOP_13_1/m_axi_gmem1_AWLEN' to 0.
WARNING: [RTGEN 206-101] Setting dangling out port 'vector_add_Pipeline_VITIS_LOOP_13_1/m_axi_gmem1_AWSIZE' to 0.
WARNING: [RTGEN 206-101] Setting dangling out port 'vector_add_Pipeline_VITIS_LOOP_13_1/m_axi_gmem1_AWBURST' to 0.
WARNING: [RTGEN 206-101] Setting dangling out port 'vector_add_Pipeline_VITIS_LOOP_13_1/m_axi_gmem1_AWLOCK' to 0.
WARNING: [RTGEN 206-101] Setting dangling out port 'vector_add_Pipeline_VITIS_LOOP_13_1/m_axi_gmem1_AWCACHE' to 0.
WARNING: [RTGEN 206-101] Setting dangling out port 'vector_add_Pipeline_VITIS_LOOP_13_1/m_axi_gmem1_AWPROT' to 0.
WARNING: [RTGEN 206-101] Setting dangling out port 'vector_add_Pipeline_VITIS_LOOP_13_1/m_axi_gmem1_AWQOS' to 0.
WARNING: [RTGEN 206-101] Setting dangling out port 'vector_add_Pipeline_VITIS_LOOP_13_1/m_axi_gmem1_AWREGION' to 0.
WARNING: [RTGEN 206-101] Setting dangling out port 'vector_add_Pipeline_VITIS_LOOP_13_1/m_axi_gmem1_AWUSER' to 0.
WARNING: [RTGEN 206-101] Setting dangling out port 'vector_add_Pipeline_VITIS_LOOP_13_1/m_axi_gmem1_BREADY' to 0.
INFO: [RTGEN 206-100] Finished creating RTL model for 'vector_add_Pipeline_VITIS_LOOP_13_1'.
INFO: [HLS 200-111] Finished Creating RTL model: CPU user time: 0.02 seconds. CPU system time: 0 seconds. Elapsed time: 0.02 seconds; current allocated memory: 906.340 MB.
INFO: [HLS 200-10] ----------------------------------------------------------------
INFO: [HLS 200-10] -- Generating RTL for module 'vector_add' 
INFO: [HLS 200-10] ----------------------------------------------------------------
WARNING: [RTGEN 206-101] Design contains AXI ports. Reset is fixed to synchronous and active low.
INFO: [RTGEN 206-500] Setting interface mode on port 'vector_add/gmem0' to 'm_axi'.
INFO: [RTGEN 206-500] Setting interface mode on port 'vector_add/gmem1' to 'm_axi'.
INFO: [RTGEN 206-500] Setting interface mode on port 'vector_add/a' to 's_axilite & ap_none'.
INFO: [RTGEN 206-500] Setting interface mode on port 'vector_add/c' to 's_axilite & ap_none'.
INFO: [RTGEN 206-500] Setting interface mode on port 'vector_add/size' to 's_axilite & ap_none'.
INFO: [RTGEN 206-500] Setting interface mode on function 'vector_add' to 's_axilite & ap_ctrl_hs'.
INFO: [RTGEN 206-100] Bundling port 'a', 'c', 'size' and 'return' to AXI-Lite port control.
INFO: [RTGEN 206-100] Finished creating RTL model for 'vector_add'.
INFO: [HLS 200-111] Finished Creating RTL model: CPU user time: 0.03 seconds. CPU system time: 0 seconds. Elapsed time: 0.03 seconds; current allocated memory: 908.340 MB.
INFO: [HLS 200-111] Finished Generating all RTL models: CPU user time: 0.08 seconds. CPU system time: 0.01 seconds. Elapsed time: 0.09 seconds; current allocated memory: 911.777 MB.
INFO: [HLS 200-1603] Design has inferred MAXI bursts and missed bursts, see Vitis HLS GUI synthesis summary report for detailed information.
INFO: [HLS 200-111] Finished Updating report files: CPU user time: 0.21 seconds. CPU system time: 0 seconds. Elapsed time: 0.2 seconds; current allocated memory: 916.836 MB.
INFO: [VHDL 208-304] Generating VHDL RTL for vector_add.
INFO: [VLOG 209-307] Generating Verilog RTL for vector_add.
INFO: [HLS 200-790] **** Loop Constraint Status: All loop constraints were satisfied.
INFO: [HLS 200-789] **** Estimated Fmax: 136.99 MHz
INFO: [HLS 200-111] Finished Command csynth_design CPU user time: 2.91 seconds. CPU system time: 0.54 seconds. Elapsed time: 3.45 seconds; current allocated memory: 43.008 MB.
INFO: [HLS 200-1510] Running: cosim_design -ldflags -L/home/fyt/.conda/envs/opencv_env/lib -Wl,-rpath,/home/fyt/.conda/envs/opencv_env/lib -lopencv_core -lopencv_imgproc -lopencv_imgcodecs 
INFO: [COSIM 212-47] Using XSIM for RTL simulation.
INFO: [COSIM 212-14] Instrumenting C test bench ...
   Build using "/opt/Xilinx/Vitis_HLS/2022.2/tps/lnx64/gcc-8.3.0/bin/g++"
   Compiling apatb_vector_add.cpp
   Compiling main.cpp_pre.cpp.tb.cpp
   Compiling vector_add.cpp_pre.cpp.tb.cpp
   Compiling apatb_vector_add_ir.ll
   Generating cosim.tv.exe
INFO: [COSIM 212-302] Starting C TB testing ... 
Vector Subtract-1 Test Started
Vector size: 64 elements
调用vector_add函数（现在是减1功能）
All results correct!
ERROR: System received a signal named SIGSEGV and the program has to stop immediately!
This signal was generated when a program tries to read or write outside the memory that is allocated for it, or to write memory that can only be read.
Possible cause of this problem may be:
  1) Missing depth information for one or more pointers to arrays in the interface;
  2) Insufficient depth setting for array argument(s);
  3) Excessive depth setting for array argument(s), that exceeds the maximum virtual memory size for the process;
  4) Null pointer etc.
Current execution stopped during CodeState = DUMP_OUTPUTS.
You can search CodeState variable name in apatb*.cpp file under ./sim/wrapc dir to locate the position.

ERROR: [COSIM 212-360] Aborting co-simulation: C TB simulation failed.
ERROR: [COSIM 212-320] C TB testing failed, stop generating test vectors. Please check C TB or re-run cosim.
ERROR: [COSIM 212-5] *** C/RTL co-simulation file generation failed. ***
ERROR: [COSIM 212-4] *** C/RTL co-simulation finished: FAIL ***
INFO: [HLS 200-111] Finished Command cosim_design CPU user time: 4.26 seconds. CPU system time: 0.7 seconds. Elapsed time: 4.95 seconds; current allocated memory: 18.422 MB.
command 'ap_source' returned error code
    while executing
"source run_hls.tcl"
    invoked from within
"hls::main run_hls.tcl"
    ("uplevel" body line 1)
    invoked from within
"uplevel 1 hls::main {*}$newargs"
    (procedure "hls_proc" line 16)
    invoked from within
"hls_proc [info nameofexecutable] $argv"
INFO: [HLS 200-112] Total CPU user time: 9.63 seconds. Total CPU system time: 1.65 seconds. Total elapsed time: 21.21 seconds; peak allocated memory: 935.258 MB.
INFO: [Common 17-206] Exiting vitis_hls at Sun Jun  1 09:33:01 2025...
