Sun Jun  1 09:32:41 2025: Running xcd server. This server was built by gradle.
Sun Jun  1 09:32:41 2025: Server was asked to start on port: '37275'
Sun Jun  1 09:32:41 2025: Server is using token UUID: 'cdcb9436-ed45-4bb4-9e15-73f63bce8fec'
Sun Jun  1 09:32:41 2025: SESSION_MGR: creating session with session uuid: '6d04a3e9-ade5-4ab9-8d63-1f78fcd2ec76' and name 'default'
Sun Jun  1 09:32:41 2025: Attempting to start server on port '37275'
Sun Jun  1 09:32:41 2025: XCD main fifo: created main fifo '/tmp/xcdmaincdcb9436-ed45-4bb4-9e15-73f63bce8fec', fd read = 14
Sun Jun  1 09:32:41 2025: Running Dispatch Server
Sun Jun  1 09:32:41 2025: Version 2.2.0
Sun Jun  1 09:32:51 2025: Dispatch Server: Accepted socket connection from client
Sun Jun  1 09:32:51 2025: Starting Socket connection
Sun Jun  1 09:32:51 2025: EXCHANGE_TOKEN received, server token: cdcb9436-ed45-4bb4-9e15-73f63bce8fec, passed token: cdcb9436-ed45-4bb4-9e15-73f63bce8fec
Sun Jun  1 09:32:51 2025: SESSION_MGR: creating session with session uuid: '0055dc9c-6329-41f7-bcc8-62da55528fe7' and name 'vitis_hls'
Sun Jun  1 09:32:51 2025: KERNEL_SVC: creating session with uuid: '0055dc9c-6329-41f7-bcc8-62da55528fe7' and name 'vitis_hls'
Sun Jun  1 09:32:51 2025: GUIDANCE_SMGR: creating guidance session with uuid: '0055dc9c-6329-41f7-bcc8-62da55528fe7' and name 'vitis_hls'
Sun Jun  1 09:33:01 2025: STOP_SERVER received, server token: cdcb9436-ed45-4bb4-9e15-73f63bce8fec, passed token: cdcb9436-ed45-4bb4-9e15-73f63bce8fec
Sun Jun  1 09:33:01 2025: Socket received request to stop server.
Sun Jun  1 09:33:01 2025: Dispatch Server: do_await_stop
Sun Jun  1 09:33:01 2025: Dispatch Server: stopping mainFifo_
Sun Jun  1 09:33:01 2025: XCD main fifo: Stopping
Sun Jun  1 09:33:01 2025: XCD main fifo: do_read error code: Operation canceled
Sun Jun  1 09:33:01 2025: XCD main fifo: bytes_transferred: 0
Sun Jun  1 09:33:01 2025: SERVER: destructor for server bound to port 37275
Sun Jun  1 09:33:01 2025: XCD main fifo: Good unlink of /tmp/xcdmaincdcb9436-ed45-4bb4-9e15-73f63bce8fec
Sun Jun  1 09:33:01 2025: Server exiting with status 0.
Sun Jun  1 09:33:01 2025: Closing log file.
