

================================================================
== Vitis HLS Report for 'vector_add'
================================================================
* Date:           Sun Aug 24 03:41:48 2025

* Version:        2022.2.2 (Build 3779808 on Feb 17 2023)
* Project:        vector_add_prj
* Solution:       solution1 (Vivado IP Flow Target)
* Product family: zynq
* Target device:  xc7z020-clg400-1


================================================================
== Performance Estimates
================================================================
+ Timing: 
    * Summary: 
    +--------+----------+----------+------------+
    |  Clock |  Target  | Estimated| Uncertainty|
    +--------+----------+----------+------------+
    |ap_clk  |  10.00 ns|  7.300 ns|     2.70 ns|
    +--------+----------+----------+------------+

+ Latency: 
    * Summary: 
    +---------+---------+----------+----------+-----+-----+---------+
    |  Latency (cycles) |  Latency (absolute) |  Interval | Pipeline|
    |   min   |   max   |    min   |    max   | min | max |   Type  |
    +---------+---------+----------+----------+-----+-----+---------+
    |        ?|        ?|         ?|         ?|    ?|    ?|       no|
    +---------+---------+----------+----------+-----+-----+---------+

    + Detail: 
        * Instance: 
        +------------------------------------------------+-------------------------------------+---------+---------+----------+----------+-----+-----+---------+
        |                                                |                                     |  Latency (cycles) |  Latency (absolute) |  Interval | Pipeline|
        |                    Instance                    |                Module               |   min   |   max   |    min   |    max   | min | max |   Type  |
        +------------------------------------------------+-------------------------------------+---------+---------+----------+----------+-----+-----+---------+
        |grp_vector_add_Pipeline_VITIS_LOOP_13_1_fu_101  |vector_add_Pipeline_VITIS_LOOP_13_1  |        ?|        ?|         ?|         ?|    ?|    ?|       no|
        +------------------------------------------------+-------------------------------------+---------+---------+----------+----------+-----+-----+---------+

        * Loop: 
        N/A

============================================================
+ Verbose Summary: Synthesis Manager
============================================================
InlineROM: 1
ExposeGlobal: 0
============================================================
+ Verbose Summary: CDFG Model
============================================================
IsTopModel: 1
ResetActiveHigh: 1
IsCombinational: 0
IsDatapathOnly: 0
HasWiredReturn: 1
HasMFsm: 0
HasVarLatency: 1
IsPipeline: 0
IsRtlPipelined: 0
IsInstanceOverlapped: 0
IsDontTouch: 0
HasImplIP: 0
IsGatedGlobalClock: 0


============================================================
+ Verbose Summary: Schedule
============================================================
* Number of FSM states : 15
* Pipeline : 0
* Dataflow Pipeline: 0

* FSM state transitions: 
1 --> 2 
2 --> 3 
3 --> 4 
4 --> 5 
5 --> 6 
6 --> 7 
7 --> 8 
8 --> 9 
9 --> 10 
10 --> 11 
11 --> 12 
12 --> 13 
13 --> 14 
14 --> 15 
15 --> 

* FSM state operations: 

State 1 <SV = 0> <Delay = 4.20>
ST_1 : Operation 16 [1/1] (1.00ns)   --->   "%size_read = read i32 @_ssdm_op_Read.s_axilite.i32, i32 %size" [../code/vector_add.cpp:3]   --->   Operation 16 'read' 'size_read' <Predicate = true> <Delay = 1.00> <CoreInst = "s_axilite">   --->   Core 114 's_axilite' <Latency = 0> <II = 1> <Delay = 1.00> <Adapter> <Opcode : 'read' 'write'>
ST_1 : Operation 17 [1/1] (1.00ns)   --->   "%c_read = read i64 @_ssdm_op_Read.s_axilite.i64, i64 %c" [../code/vector_add.cpp:3]   --->   Operation 17 'read' 'c_read' <Predicate = true> <Delay = 1.00> <CoreInst = "s_axilite">   --->   Core 114 's_axilite' <Latency = 0> <II = 1> <Delay = 1.00> <Adapter> <Opcode : 'read' 'write'>
ST_1 : Operation 18 [1/1] (1.00ns)   --->   "%a_read = read i64 @_ssdm_op_Read.s_axilite.i64, i64 %a" [../code/vector_add.cpp:3]   --->   Operation 18 'read' 'a_read' <Predicate = true> <Delay = 1.00> <CoreInst = "s_axilite">   --->   Core 114 's_axilite' <Latency = 0> <II = 1> <Delay = 1.00> <Adapter> <Opcode : 'read' 'write'>
ST_1 : Operation 19 [1/1] (0.00ns)   --->   "%trunc_ln3 = trunc i32 %size_read" [../code/vector_add.cpp:3]   --->   Operation 19 'trunc' 'trunc_ln3' <Predicate = true> <Delay = 0.00>
ST_1 : Operation 20 [1/1] (2.47ns)   --->   "%icmp_ln13 = icmp_sgt  i32 %size_read, i32 0" [../code/vector_add.cpp:13]   --->   Operation 20 'icmp' 'icmp_ln13' <Predicate = true> <Delay = 2.47> <CoreInst = "Cmp">   --->   Core 9 'Cmp' <Latency = 0> <II = 1> <Delay = 2.47> <FuncUnit> <Opcode : 'icmp'> <InPorts = 2> <OutPorts = 1>
ST_1 : Operation 21 [1/1] (0.00ns)   --->   "%trunc_ln = partselect i62 @_ssdm_op_PartSelect.i62.i64.i32.i32, i64 %a_read, i32 2, i32 63" [../code/vector_add.cpp:13]   --->   Operation 21 'partselect' 'trunc_ln' <Predicate = true> <Delay = 0.00>
ST_1 : Operation 22 [1/1] (0.73ns)   --->   "%empty = select i1 %icmp_ln13, i31 %trunc_ln3, i31 0" [../code/vector_add.cpp:13]   --->   Operation 22 'select' 'empty' <Predicate = true> <Delay = 0.73> <CoreInst = "Sel">   --->   Core 73 'Sel' <Latency = 0> <II = 1> <Delay = 0.73> <FuncUnit> <Opcode : 'select'> <InPorts = 3> <OutPorts = 1>
ST_1 : Operation 23 [1/1] (0.00ns)   --->   "%trunc_ln13_1 = partselect i62 @_ssdm_op_PartSelect.i62.i64.i32.i32, i64 %c_read, i32 2, i32 63" [../code/vector_add.cpp:13]   --->   Operation 23 'partselect' 'trunc_ln13_1' <Predicate = true> <Delay = 0.00>

State 2 <SV = 1> <Delay = 7.30>
ST_2 : Operation 24 [1/1] (0.00ns)   --->   "%sext_ln13 = sext i62 %trunc_ln" [../code/vector_add.cpp:13]   --->   Operation 24 'sext' 'sext_ln13' <Predicate = true> <Delay = 0.00>
ST_2 : Operation 25 [1/1] (0.00ns)   --->   "%gmem0_addr = getelementptr i32 %gmem0, i64 %sext_ln13" [../code/vector_add.cpp:13]   --->   Operation 25 'getelementptr' 'gmem0_addr' <Predicate = true> <Delay = 0.00>
ST_2 : Operation 26 [1/1] (0.00ns)   --->   "%zext_ln13 = zext i31 %empty" [../code/vector_add.cpp:13]   --->   Operation 26 'zext' 'zext_ln13' <Predicate = true> <Delay = 0.00>
ST_2 : Operation 27 [7/7] (7.30ns)   --->   "%empty_17 = readreq i1 @_ssdm_op_ReadReq.m_axi.p1i32, i32 %gmem0_addr, i32 %zext_ln13" [../code/vector_add.cpp:13]   --->   Operation 27 'readreq' 'empty_17' <Predicate = true> <Delay = 7.30> <CoreInst = "m_axi">   --->   Core 113 'm_axi' <Latency = 0> <II = 1> <Delay = 1.00> <Adapter> <Opcode : 'read' 'write' 'readreq' 'writereq' 'writeresp'>

State 3 <SV = 2> <Delay = 7.30>
ST_3 : Operation 28 [6/7] (7.30ns)   --->   "%empty_17 = readreq i1 @_ssdm_op_ReadReq.m_axi.p1i32, i32 %gmem0_addr, i32 %zext_ln13" [../code/vector_add.cpp:13]   --->   Operation 28 'readreq' 'empty_17' <Predicate = true> <Delay = 7.30> <CoreInst = "m_axi">   --->   Core 113 'm_axi' <Latency = 0> <II = 1> <Delay = 1.00> <Adapter> <Opcode : 'read' 'write' 'readreq' 'writereq' 'writeresp'>

State 4 <SV = 3> <Delay = 7.30>
ST_4 : Operation 29 [5/7] (7.30ns)   --->   "%empty_17 = readreq i1 @_ssdm_op_ReadReq.m_axi.p1i32, i32 %gmem0_addr, i32 %zext_ln13" [../code/vector_add.cpp:13]   --->   Operation 29 'readreq' 'empty_17' <Predicate = true> <Delay = 7.30> <CoreInst = "m_axi">   --->   Core 113 'm_axi' <Latency = 0> <II = 1> <Delay = 1.00> <Adapter> <Opcode : 'read' 'write' 'readreq' 'writereq' 'writeresp'>

State 5 <SV = 4> <Delay = 7.30>
ST_5 : Operation 30 [4/7] (7.30ns)   --->   "%empty_17 = readreq i1 @_ssdm_op_ReadReq.m_axi.p1i32, i32 %gmem0_addr, i32 %zext_ln13" [../code/vector_add.cpp:13]   --->   Operation 30 'readreq' 'empty_17' <Predicate = true> <Delay = 7.30> <CoreInst = "m_axi">   --->   Core 113 'm_axi' <Latency = 0> <II = 1> <Delay = 1.00> <Adapter> <Opcode : 'read' 'write' 'readreq' 'writereq' 'writeresp'>

State 6 <SV = 5> <Delay = 7.30>
ST_6 : Operation 31 [3/7] (7.30ns)   --->   "%empty_17 = readreq i1 @_ssdm_op_ReadReq.m_axi.p1i32, i32 %gmem0_addr, i32 %zext_ln13" [../code/vector_add.cpp:13]   --->   Operation 31 'readreq' 'empty_17' <Predicate = true> <Delay = 7.30> <CoreInst = "m_axi">   --->   Core 113 'm_axi' <Latency = 0> <II = 1> <Delay = 1.00> <Adapter> <Opcode : 'read' 'write' 'readreq' 'writereq' 'writeresp'>

State 7 <SV = 6> <Delay = 7.30>
ST_7 : Operation 32 [2/7] (7.30ns)   --->   "%empty_17 = readreq i1 @_ssdm_op_ReadReq.m_axi.p1i32, i32 %gmem0_addr, i32 %zext_ln13" [../code/vector_add.cpp:13]   --->   Operation 32 'readreq' 'empty_17' <Predicate = true> <Delay = 7.30> <CoreInst = "m_axi">   --->   Core 113 'm_axi' <Latency = 0> <II = 1> <Delay = 1.00> <Adapter> <Opcode : 'read' 'write' 'readreq' 'writereq' 'writeresp'>

State 8 <SV = 7> <Delay = 7.30>
ST_8 : Operation 33 [1/7] (7.30ns)   --->   "%empty_17 = readreq i1 @_ssdm_op_ReadReq.m_axi.p1i32, i32 %gmem0_addr, i32 %zext_ln13" [../code/vector_add.cpp:13]   --->   Operation 33 'readreq' 'empty_17' <Predicate = true> <Delay = 7.30> <CoreInst = "m_axi">   --->   Core 113 'm_axi' <Latency = 0> <II = 1> <Delay = 1.00> <Adapter> <Opcode : 'read' 'write' 'readreq' 'writereq' 'writeresp'>
ST_8 : Operation 34 [1/1] (0.00ns)   --->   "%sext_ln13_1 = sext i62 %trunc_ln13_1" [../code/vector_add.cpp:13]   --->   Operation 34 'sext' 'sext_ln13_1' <Predicate = true> <Delay = 0.00>
ST_8 : Operation 35 [1/1] (0.00ns)   --->   "%gmem1_addr = getelementptr i32 %gmem1, i64 %sext_ln13_1" [../code/vector_add.cpp:13]   --->   Operation 35 'getelementptr' 'gmem1_addr' <Predicate = true> <Delay = 0.00>
ST_8 : Operation 36 [1/1] (7.30ns)   --->   "%empty_18 = writereq i1 @_ssdm_op_WriteReq.m_axi.p1i32, i32 %gmem1_addr, i32 %zext_ln13" [../code/vector_add.cpp:13]   --->   Operation 36 'writereq' 'empty_18' <Predicate = true> <Delay = 7.30> <CoreInst = "m_axi">   --->   Core 113 'm_axi' <Latency = 0> <II = 1> <Delay = 1.00> <Adapter> <Opcode : 'read' 'write' 'readreq' 'writereq' 'writeresp'>

State 9 <SV = 8> <Delay = 4.06>
ST_9 : Operation 37 [2/2] (4.06ns)   --->   "%call_ln13 = call void @vector_add_Pipeline_VITIS_LOOP_13_1, i32 %gmem1, i32 %gmem0, i62 %trunc_ln13_1, i62 %trunc_ln, i32 %size_read" [../code/vector_add.cpp:13]   --->   Operation 37 'call' 'call_ln13' <Predicate = true> <Delay = 4.06> <CoreType = "Generic">   --->   Core 0 '' <Latency = 0> <II = 1> <Delay = 1.00> <Generic> <Opcode : >

State 10 <SV = 9> <Delay = 0.00>
ST_10 : Operation 38 [1/2] (0.00ns)   --->   "%call_ln13 = call void @vector_add_Pipeline_VITIS_LOOP_13_1, i32 %gmem1, i32 %gmem0, i62 %trunc_ln13_1, i62 %trunc_ln, i32 %size_read" [../code/vector_add.cpp:13]   --->   Operation 38 'call' 'call_ln13' <Predicate = true> <Delay = 0.00> <CoreType = "Generic">   --->   Core 0 '' <Latency = 0> <II = 1> <Delay = 1.00> <Generic> <Opcode : >

State 11 <SV = 10> <Delay = 7.30>
ST_11 : Operation 39 [5/5] (7.30ns)   --->   "%empty_19 = writeresp i1 @_ssdm_op_WriteResp.m_axi.p1i32, i32 %gmem1_addr" [../code/vector_add.cpp:17]   --->   Operation 39 'writeresp' 'empty_19' <Predicate = true> <Delay = 7.30> <CoreInst = "m_axi">   --->   Core 113 'm_axi' <Latency = 0> <II = 1> <Delay = 1.00> <Adapter> <Opcode : 'read' 'write' 'readreq' 'writereq' 'writeresp'>

State 12 <SV = 11> <Delay = 7.30>
ST_12 : Operation 40 [4/5] (7.30ns)   --->   "%empty_19 = writeresp i1 @_ssdm_op_WriteResp.m_axi.p1i32, i32 %gmem1_addr" [../code/vector_add.cpp:17]   --->   Operation 40 'writeresp' 'empty_19' <Predicate = true> <Delay = 7.30> <CoreInst = "m_axi">   --->   Core 113 'm_axi' <Latency = 0> <II = 1> <Delay = 1.00> <Adapter> <Opcode : 'read' 'write' 'readreq' 'writereq' 'writeresp'>

State 13 <SV = 12> <Delay = 7.30>
ST_13 : Operation 41 [3/5] (7.30ns)   --->   "%empty_19 = writeresp i1 @_ssdm_op_WriteResp.m_axi.p1i32, i32 %gmem1_addr" [../code/vector_add.cpp:17]   --->   Operation 41 'writeresp' 'empty_19' <Predicate = true> <Delay = 7.30> <CoreInst = "m_axi">   --->   Core 113 'm_axi' <Latency = 0> <II = 1> <Delay = 1.00> <Adapter> <Opcode : 'read' 'write' 'readreq' 'writereq' 'writeresp'>

State 14 <SV = 13> <Delay = 7.30>
ST_14 : Operation 42 [2/5] (7.30ns)   --->   "%empty_19 = writeresp i1 @_ssdm_op_WriteResp.m_axi.p1i32, i32 %gmem1_addr" [../code/vector_add.cpp:17]   --->   Operation 42 'writeresp' 'empty_19' <Predicate = true> <Delay = 7.30> <CoreInst = "m_axi">   --->   Core 113 'm_axi' <Latency = 0> <II = 1> <Delay = 1.00> <Adapter> <Opcode : 'read' 'write' 'readreq' 'writereq' 'writeresp'>

State 15 <SV = 14> <Delay = 7.30>
ST_15 : Operation 43 [1/1] (0.00ns)   --->   "%spectopmodule_ln3 = spectopmodule void @_ssdm_op_SpecTopModule, void @empty_11" [../code/vector_add.cpp:3]   --->   Operation 43 'spectopmodule' 'spectopmodule_ln3' <Predicate = true> <Delay = 0.00>
ST_15 : Operation 44 [1/1] (0.00ns)   --->   "%specinterface_ln0 = specinterface void @_ssdm_op_SpecInterface, i32 %gmem0, void @empty, i32 0, i32 0, void @empty_0, i32 0, i32 256, void @empty_1, void @empty_2, void @empty_0, i32 16, i32 16, i32 16, i32 16, void @empty_0, void @empty_0, i32 4294967295, i32 0"   --->   Operation 44 'specinterface' 'specinterface_ln0' <Predicate = true> <Delay = 0.00>
ST_15 : Operation 45 [1/1] (0.00ns)   --->   "%specbitsmap_ln0 = specbitsmap void @_ssdm_op_SpecBitsMap, i32 %gmem0"   --->   Operation 45 'specbitsmap' 'specbitsmap_ln0' <Predicate = true> <Delay = 0.00>
ST_15 : Operation 46 [1/1] (0.00ns)   --->   "%specinterface_ln0 = specinterface void @_ssdm_op_SpecInterface, i32 %gmem1, void @empty, i32 0, i32 0, void @empty_0, i32 0, i32 256, void @empty_3, void @empty_2, void @empty_0, i32 16, i32 16, i32 16, i32 16, void @empty_0, void @empty_0, i32 4294967295, i32 0"   --->   Operation 46 'specinterface' 'specinterface_ln0' <Predicate = true> <Delay = 0.00>
ST_15 : Operation 47 [1/1] (0.00ns)   --->   "%specbitsmap_ln0 = specbitsmap void @_ssdm_op_SpecBitsMap, i32 %gmem1"   --->   Operation 47 'specbitsmap' 'specbitsmap_ln0' <Predicate = true> <Delay = 0.00>
ST_15 : Operation 48 [1/1] (0.00ns)   --->   "%specinterface_ln0 = specinterface void @_ssdm_op_SpecInterface, i64 %a, void @empty_4, i32 0, i32 0, void @empty_0, i32 0, i32 0, void @empty_5, void @empty_6, void @empty_0, i32 0, i32 0, i32 0, i32 0, void @empty_0, void @empty_7, i32 4294967295, i32 0"   --->   Operation 48 'specinterface' 'specinterface_ln0' <Predicate = true> <Delay = 0.00>
ST_15 : Operation 49 [1/1] (0.00ns)   --->   "%specinterface_ln0 = specinterface void @_ssdm_op_SpecInterface, i64 %a, void @empty_8, i32 0, i32 0, void @empty_0, i32 0, i32 0, void @empty_0, void @empty_0, void @empty_0, i32 0, i32 0, i32 0, i32 0, void @empty_0, void @empty_7, i32 4294967295, i32 0"   --->   Operation 49 'specinterface' 'specinterface_ln0' <Predicate = true> <Delay = 0.00>
ST_15 : Operation 50 [1/1] (0.00ns)   --->   "%specinterface_ln0 = specinterface void @_ssdm_op_SpecInterface, i64 %c, void @empty_4, i32 0, i32 0, void @empty_0, i32 0, i32 0, void @empty_5, void @empty_9, void @empty_0, i32 0, i32 0, i32 0, i32 0, void @empty_0, void @empty_7, i32 4294967295, i32 0"   --->   Operation 50 'specinterface' 'specinterface_ln0' <Predicate = true> <Delay = 0.00>
ST_15 : Operation 51 [1/1] (0.00ns)   --->   "%specinterface_ln0 = specinterface void @_ssdm_op_SpecInterface, i64 %c, void @empty_8, i32 0, i32 0, void @empty_0, i32 0, i32 0, void @empty_0, void @empty_0, void @empty_0, i32 0, i32 0, i32 0, i32 0, void @empty_0, void @empty_7, i32 4294967295, i32 0"   --->   Operation 51 'specinterface' 'specinterface_ln0' <Predicate = true> <Delay = 0.00>
ST_15 : Operation 52 [1/1] (0.00ns)   --->   "%specbitsmap_ln0 = specbitsmap void @_ssdm_op_SpecBitsMap, i32 %size"   --->   Operation 52 'specbitsmap' 'specbitsmap_ln0' <Predicate = true> <Delay = 0.00>
ST_15 : Operation 53 [1/1] (0.00ns)   --->   "%specinterface_ln0 = specinterface void @_ssdm_op_SpecInterface, i32 %size, void @empty_4, i32 0, i32 0, void @empty_0, i32 0, i32 0, void @empty_5, void @empty_10, void @empty_0, i32 0, i32 0, i32 0, i32 0, void @empty_0, void @empty_0, i32 4294967295, i32 0"   --->   Operation 53 'specinterface' 'specinterface_ln0' <Predicate = true> <Delay = 0.00>
ST_15 : Operation 54 [1/1] (0.00ns)   --->   "%specinterface_ln0 = specinterface void @_ssdm_op_SpecInterface, i32 %size, void @empty_8, i32 0, i32 0, void @empty_0, i32 0, i32 0, void @empty_0, void @empty_0, void @empty_0, i32 0, i32 0, i32 0, i32 0, void @empty_0, void @empty_0, i32 4294967295, i32 0"   --->   Operation 54 'specinterface' 'specinterface_ln0' <Predicate = true> <Delay = 0.00>
ST_15 : Operation 55 [1/1] (0.00ns)   --->   "%specinterface_ln0 = specinterface void @_ssdm_op_SpecInterface, i32 0, void @empty_4, i32 0, i32 0, void @empty_0, i32 0, i32 0, void @empty_5, void @empty_0, void @empty_0, i32 0, i32 0, i32 0, i32 0, void @empty_0, void @empty_0, i32 4294967295, i32 0"   --->   Operation 55 'specinterface' 'specinterface_ln0' <Predicate = true> <Delay = 0.00>
ST_15 : Operation 56 [1/5] (7.30ns)   --->   "%empty_19 = writeresp i1 @_ssdm_op_WriteResp.m_axi.p1i32, i32 %gmem1_addr" [../code/vector_add.cpp:17]   --->   Operation 56 'writeresp' 'empty_19' <Predicate = true> <Delay = 7.30> <CoreInst = "m_axi">   --->   Core 113 'm_axi' <Latency = 0> <II = 1> <Delay = 1.00> <Adapter> <Opcode : 'read' 'write' 'readreq' 'writereq' 'writeresp'>
ST_15 : Operation 57 [1/1] (0.00ns)   --->   "%ret_ln17 = ret" [../code/vector_add.cpp:17]   --->   Operation 57 'ret' 'ret_ln17' <Predicate = true> <Delay = 0.00>


============================================================
+ Verbose Summary: Binding
============================================================
STG Binding: 
---------------- STG Properties BEGIN ----------------
- Is combinational: 0
- Is one-state seq: 0
- Is datapath-only: 0
- Is pipelined: 0
- Is top level: 1
Port [ Return ] is wired: 1; IO mode=ap_ctrl_hs:ce=0
Port [ gmem0]:  wired=1; compound=1; hidden=0; nouse=0; global=0; static=0; extern=0; dir=0; type=4; pingpong=0; private_global=0; IO mode=m_axi:ce=0
Port [ gmem1]:  wired=1; compound=1; hidden=0; nouse=0; global=0; static=0; extern=0; dir=1; type=4; pingpong=0; private_global=0; IO mode=m_axi:ce=0
Port [ a]:  wired=1; compound=0; hidden=0; nouse=0; global=0; static=0; extern=0; dir=0; type=0; pingpong=0; private_global=0; IO mode=ap_none:ce=0
Port [ c]:  wired=1; compound=0; hidden=0; nouse=0; global=0; static=0; extern=0; dir=0; type=0; pingpong=0; private_global=0; IO mode=ap_none:ce=0
Port [ size]:  wired=1; compound=0; hidden=0; nouse=0; global=0; static=0; extern=0; dir=0; type=0; pingpong=0; private_global=0; IO mode=ap_none:ce=0
---------------- STG Properties END ------------------

---------------- Datapath Model BEGIN ----------------

<LifeTime>
<method=bitvector/>
size_read         (read         ) [ 0011111111100000]
c_read            (read         ) [ 0000000000000000]
a_read            (read         ) [ 0000000000000000]
trunc_ln3         (trunc        ) [ 0000000000000000]
icmp_ln13         (icmp         ) [ 0000000000000000]
trunc_ln          (partselect   ) [ 0011111111100000]
empty             (select       ) [ 0010000000000000]
trunc_ln13_1      (partselect   ) [ 0011111111100000]
sext_ln13         (sext         ) [ 0000000000000000]
gmem0_addr        (getelementptr) [ 0001111110000000]
zext_ln13         (zext         ) [ 0001111110000000]
empty_17          (readreq      ) [ 0000000000000000]
sext_ln13_1       (sext         ) [ 0000000000000000]
gmem1_addr        (getelementptr) [ 0000000001111111]
empty_18          (writereq     ) [ 0000000000000000]
call_ln13         (call         ) [ 0000000000000000]
spectopmodule_ln3 (spectopmodule) [ 0000000000000000]
specinterface_ln0 (specinterface) [ 0000000000000000]
specbitsmap_ln0   (specbitsmap  ) [ 0000000000000000]
specinterface_ln0 (specinterface) [ 0000000000000000]
specbitsmap_ln0   (specbitsmap  ) [ 0000000000000000]
specinterface_ln0 (specinterface) [ 0000000000000000]
specinterface_ln0 (specinterface) [ 0000000000000000]
specinterface_ln0 (specinterface) [ 0000000000000000]
specinterface_ln0 (specinterface) [ 0000000000000000]
specbitsmap_ln0   (specbitsmap  ) [ 0000000000000000]
specinterface_ln0 (specinterface) [ 0000000000000000]
specinterface_ln0 (specinterface) [ 0000000000000000]
specinterface_ln0 (specinterface) [ 0000000000000000]
empty_19          (writeresp    ) [ 0000000000000000]
ret_ln17          (ret          ) [ 0000000000000000]
</LifeTime>

<model>

<comp_list>
<comp id="0" class="1000" name="gmem0">
<pin_list>
<pin id="1" dir="1" index="0" bw="1" slack="0"/>
</pin_list>
<bind>
<StgValue><ssdm name="gmem0"/></StgValue>
</bind>
</comp>

<comp id="2" class="1000" name="gmem1">
<pin_list>
<pin id="3" dir="1" index="0" bw="1" slack="0"/>
</pin_list>
<bind>
<StgValue><ssdm name="gmem1"/></StgValue>
</bind>
</comp>

<comp id="4" class="1000" name="a">
<pin_list>
<pin id="5" dir="1" index="0" bw="1" slack="0"/>
</pin_list>
<bind>
<StgValue><ssdm name="a"/></StgValue>
</bind>
</comp>

<comp id="6" class="1000" name="c">
<pin_list>
<pin id="7" dir="1" index="0" bw="1" slack="0"/>
</pin_list>
<bind>
<StgValue><ssdm name="c"/></StgValue>
</bind>
</comp>

<comp id="8" class="1000" name="size">
<pin_list>
<pin id="9" dir="1" index="0" bw="1" slack="0"/>
</pin_list>
<bind>
<StgValue><ssdm name="size"/></StgValue>
</bind>
</comp>

<comp id="10" class="1001" name="const_10">
<pin_list>
<pin id="11" dir="1" index="0" bw="1" slack="0"/>
</pin_list>
<bind>
<StgValue><ssdm name="_ssdm_op_Read.s_axilite.i32"/></StgValue>
</bind>
</comp>

<comp id="12" class="1001" name="const_12">
<pin_list>
<pin id="13" dir="1" index="0" bw="1" slack="0"/>
</pin_list>
<bind>
<StgValue><ssdm name="_ssdm_op_Read.s_axilite.i64"/></StgValue>
</bind>
</comp>

<comp id="14" class="1001" name="const_14">
<pin_list>
<pin id="15" dir="1" index="0" bw="1" slack="0"/>
</pin_list>
<bind>
<StgValue><ssdm name=""/></StgValue>
</bind>
</comp>

<comp id="16" class="1001" name="const_16">
<pin_list>
<pin id="17" dir="1" index="0" bw="1" slack="0"/>
</pin_list>
<bind>
<StgValue><ssdm name="_ssdm_op_PartSelect.i62.i64.i32.i32"/></StgValue>
</bind>
</comp>

<comp id="18" class="1001" name="const_18">
<pin_list>
<pin id="19" dir="1" index="0" bw="1" slack="0"/>
</pin_list>
<bind>
<StgValue><ssdm name=""/></StgValue>
</bind>
</comp>

<comp id="20" class="1001" name="const_20">
<pin_list>
<pin id="21" dir="1" index="0" bw="1" slack="0"/>
</pin_list>
<bind>
<StgValue><ssdm name=""/></StgValue>
</bind>
</comp>

<comp id="22" class="1001" name="const_22">
<pin_list>
<pin id="23" dir="1" index="0" bw="1" slack="0"/>
</pin_list>
<bind>
<StgValue><ssdm name=""/></StgValue>
</bind>
</comp>

<comp id="24" class="1001" name="const_24">
<pin_list>
<pin id="25" dir="1" index="0" bw="1" slack="0"/>
</pin_list>
<bind>
<StgValue><ssdm name="_ssdm_op_ReadReq.m_axi.p1i32"/></StgValue>
</bind>
</comp>

<comp id="26" class="1001" name="const_26">
<pin_list>
<pin id="27" dir="1" index="0" bw="1" slack="0"/>
</pin_list>
<bind>
<StgValue><ssdm name="_ssdm_op_WriteReq.m_axi.p1i32"/></StgValue>
</bind>
</comp>

<comp id="28" class="1001" name="const_28">
<pin_list>
<pin id="29" dir="1" index="0" bw="1" slack="0"/>
</pin_list>
<bind>
<StgValue><ssdm name="vector_add_Pipeline_VITIS_LOOP_13_1"/></StgValue>
</bind>
</comp>

<comp id="30" class="1001" name="const_30">
<pin_list>
<pin id="31" dir="1" index="0" bw="1" slack="0"/>
</pin_list>
<bind>
<StgValue><ssdm name="_ssdm_op_WriteResp.m_axi.p1i32"/></StgValue>
</bind>
</comp>

<comp id="32" class="1001" name="const_32">
<pin_list>
<pin id="33" dir="1" index="0" bw="1" slack="2147483647"/>
</pin_list>
<bind>
<StgValue><ssdm name="_ssdm_op_SpecTopModule"/></StgValue>
</bind>
</comp>

<comp id="34" class="1001" name="const_34">
<pin_list>
<pin id="35" dir="1" index="0" bw="1" slack="2147483647"/>
</pin_list>
<bind>
<StgValue><ssdm name="empty_11"/></StgValue>
</bind>
</comp>

<comp id="36" class="1001" name="const_36">
<pin_list>
<pin id="37" dir="1" index="0" bw="1" slack="2147483647"/>
</pin_list>
<bind>
<StgValue><ssdm name="_ssdm_op_SpecInterface"/></StgValue>
</bind>
</comp>

<comp id="38" class="1001" name="const_38">
<pin_list>
<pin id="39" dir="1" index="0" bw="1" slack="2147483647"/>
</pin_list>
<bind>
<StgValue><ssdm name="empty"/></StgValue>
</bind>
</comp>

<comp id="40" class="1001" name="const_40">
<pin_list>
<pin id="41" dir="1" index="0" bw="1" slack="2147483647"/>
</pin_list>
<bind>
<StgValue><ssdm name="empty_0"/></StgValue>
</bind>
</comp>

<comp id="42" class="1001" name="const_42">
<pin_list>
<pin id="43" dir="1" index="0" bw="1" slack="2147483647"/>
</pin_list>
<bind>
<StgValue><ssdm name=""/></StgValue>
</bind>
</comp>

<comp id="44" class="1001" name="const_44">
<pin_list>
<pin id="45" dir="1" index="0" bw="1" slack="2147483647"/>
</pin_list>
<bind>
<StgValue><ssdm name="empty_1"/></StgValue>
</bind>
</comp>

<comp id="46" class="1001" name="const_46">
<pin_list>
<pin id="47" dir="1" index="0" bw="1" slack="2147483647"/>
</pin_list>
<bind>
<StgValue><ssdm name="empty_2"/></StgValue>
</bind>
</comp>

<comp id="48" class="1001" name="const_48">
<pin_list>
<pin id="49" dir="1" index="0" bw="1" slack="2147483647"/>
</pin_list>
<bind>
<StgValue><ssdm name=""/></StgValue>
</bind>
</comp>

<comp id="50" class="1001" name="const_50">
<pin_list>
<pin id="51" dir="1" index="0" bw="1" slack="2147483647"/>
</pin_list>
<bind>
<StgValue><ssdm name=""/></StgValue>
</bind>
</comp>

<comp id="52" class="1001" name="const_52">
<pin_list>
<pin id="53" dir="1" index="0" bw="1" slack="2147483647"/>
</pin_list>
<bind>
<StgValue><ssdm name="_ssdm_op_SpecBitsMap"/></StgValue>
</bind>
</comp>

<comp id="54" class="1001" name="const_54">
<pin_list>
<pin id="55" dir="1" index="0" bw="1" slack="2147483647"/>
</pin_list>
<bind>
<StgValue><ssdm name="empty_3"/></StgValue>
</bind>
</comp>

<comp id="56" class="1001" name="const_56">
<pin_list>
<pin id="57" dir="1" index="0" bw="1" slack="2147483647"/>
</pin_list>
<bind>
<StgValue><ssdm name="empty_4"/></StgValue>
</bind>
</comp>

<comp id="58" class="1001" name="const_58">
<pin_list>
<pin id="59" dir="1" index="0" bw="1" slack="2147483647"/>
</pin_list>
<bind>
<StgValue><ssdm name="empty_5"/></StgValue>
</bind>
</comp>

<comp id="60" class="1001" name="const_60">
<pin_list>
<pin id="61" dir="1" index="0" bw="1" slack="2147483647"/>
</pin_list>
<bind>
<StgValue><ssdm name="empty_6"/></StgValue>
</bind>
</comp>

<comp id="62" class="1001" name="const_62">
<pin_list>
<pin id="63" dir="1" index="0" bw="1" slack="2147483647"/>
</pin_list>
<bind>
<StgValue><ssdm name="empty_7"/></StgValue>
</bind>
</comp>

<comp id="64" class="1001" name="const_64">
<pin_list>
<pin id="65" dir="1" index="0" bw="1" slack="2147483647"/>
</pin_list>
<bind>
<StgValue><ssdm name="empty_8"/></StgValue>
</bind>
</comp>

<comp id="66" class="1001" name="const_66">
<pin_list>
<pin id="67" dir="1" index="0" bw="1" slack="2147483647"/>
</pin_list>
<bind>
<StgValue><ssdm name="empty_9"/></StgValue>
</bind>
</comp>

<comp id="68" class="1001" name="const_68">
<pin_list>
<pin id="69" dir="1" index="0" bw="1" slack="2147483647"/>
</pin_list>
<bind>
<StgValue><ssdm name="empty_10"/></StgValue>
</bind>
</comp>

<comp id="70" class="1004" name="size_read_read_fu_70">
<pin_list>
<pin id="71" dir="0" index="0" bw="32" slack="0"/>
<pin id="72" dir="0" index="1" bw="32" slack="0"/>
<pin id="73" dir="1" index="2" bw="32" slack="0"/>
</pin_list>
<bind>
<opcode="read(1150) " fcode="read"/>
<opset="size_read/1 "/>
</bind>
</comp>

<comp id="76" class="1004" name="c_read_read_fu_76">
<pin_list>
<pin id="77" dir="0" index="0" bw="64" slack="0"/>
<pin id="78" dir="0" index="1" bw="64" slack="0"/>
<pin id="79" dir="1" index="2" bw="64" slack="0"/>
</pin_list>
<bind>
<opcode="read(1150) " fcode="read"/>
<opset="c_read/1 "/>
</bind>
</comp>

<comp id="82" class="1004" name="a_read_read_fu_82">
<pin_list>
<pin id="83" dir="0" index="0" bw="64" slack="0"/>
<pin id="84" dir="0" index="1" bw="64" slack="0"/>
<pin id="85" dir="1" index="2" bw="64" slack="0"/>
</pin_list>
<bind>
<opcode="read(1150) " fcode="read"/>
<opset="a_read/1 "/>
</bind>
</comp>

<comp id="88" class="1004" name="grp_readreq_fu_88">
<pin_list>
<pin id="89" dir="0" index="0" bw="1" slack="0"/>
<pin id="90" dir="0" index="1" bw="32" slack="0"/>
<pin id="91" dir="0" index="2" bw="31" slack="0"/>
<pin id="92" dir="1" index="3" bw="1" slack="2147483647"/>
</pin_list>
<bind>
<opcode="readreq(1154) " fcode="readreq"/>
<opset="empty_17/2 "/>
</bind>
</comp>

<comp id="94" class="1004" name="grp_writeresp_fu_94">
<pin_list>
<pin id="95" dir="0" index="0" bw="1" slack="0"/>
<pin id="96" dir="0" index="1" bw="32" slack="0"/>
<pin id="97" dir="0" index="2" bw="31" slack="6"/>
<pin id="98" dir="1" index="3" bw="1" slack="2147483647"/>
</pin_list>
<bind>
<opcode="writereq(1155) writeresp(1158) " fcode="writeresp"/>
<opset="empty_18/8 empty_19/11 "/>
</bind>
</comp>

<comp id="101" class="1004" name="grp_vector_add_Pipeline_VITIS_LOOP_13_1_fu_101">
<pin_list>
<pin id="102" dir="0" index="0" bw="0" slack="0"/>
<pin id="103" dir="0" index="1" bw="32" slack="0"/>
<pin id="104" dir="0" index="2" bw="32" slack="0"/>
<pin id="105" dir="0" index="3" bw="62" slack="8"/>
<pin id="106" dir="0" index="4" bw="62" slack="8"/>
<pin id="107" dir="0" index="5" bw="32" slack="8"/>
<pin id="108" dir="1" index="6" bw="0" slack="2147483647"/>
</pin_list>
<bind>
<opcode="call(48) " fcode="call"/>
<opset="call_ln13/9 "/>
</bind>
</comp>

<comp id="112" class="1004" name="trunc_ln3_fu_112">
<pin_list>
<pin id="113" dir="0" index="0" bw="32" slack="0"/>
<pin id="114" dir="1" index="1" bw="31" slack="0"/>
</pin_list>
<bind>
<opcode="trunc(33) " fcode="trunc"/>
<opset="trunc_ln3/1 "/>
</bind>
</comp>

<comp id="116" class="1004" name="icmp_ln13_fu_116">
<pin_list>
<pin id="117" dir="0" index="0" bw="32" slack="0"/>
<pin id="118" dir="0" index="1" bw="1" slack="0"/>
<pin id="119" dir="1" index="2" bw="1" slack="0"/>
</pin_list>
<bind>
<opcode="icmp(45) " fcode="icmp"/>
<opset="icmp_ln13/1 "/>
</bind>
</comp>

<comp id="122" class="1004" name="trunc_ln_fu_122">
<pin_list>
<pin id="123" dir="0" index="0" bw="62" slack="0"/>
<pin id="124" dir="0" index="1" bw="64" slack="0"/>
<pin id="125" dir="0" index="2" bw="3" slack="0"/>
<pin id="126" dir="0" index="3" bw="7" slack="0"/>
<pin id="127" dir="1" index="4" bw="62" slack="1"/>
</pin_list>
<bind>
<opcode="partselect(1002) " fcode="partselect"/>
<opset="trunc_ln/1 "/>
</bind>
</comp>

<comp id="132" class="1004" name="empty_fu_132">
<pin_list>
<pin id="133" dir="0" index="0" bw="1" slack="0"/>
<pin id="134" dir="0" index="1" bw="31" slack="0"/>
<pin id="135" dir="0" index="2" bw="1" slack="0"/>
<pin id="136" dir="1" index="3" bw="31" slack="1"/>
</pin_list>
<bind>
<opcode="select(49) " fcode="select"/>
<opset="empty/1 "/>
</bind>
</comp>

<comp id="140" class="1004" name="trunc_ln13_1_fu_140">
<pin_list>
<pin id="141" dir="0" index="0" bw="62" slack="0"/>
<pin id="142" dir="0" index="1" bw="64" slack="0"/>
<pin id="143" dir="0" index="2" bw="3" slack="0"/>
<pin id="144" dir="0" index="3" bw="7" slack="0"/>
<pin id="145" dir="1" index="4" bw="62" slack="7"/>
</pin_list>
<bind>
<opcode="partselect(1002) " fcode="partselect"/>
<opset="trunc_ln13_1/1 "/>
</bind>
</comp>

<comp id="150" class="1004" name="sext_ln13_fu_150">
<pin_list>
<pin id="151" dir="0" index="0" bw="62" slack="1"/>
<pin id="152" dir="1" index="1" bw="64" slack="0"/>
</pin_list>
<bind>
<opcode="sext(35) " fcode="sext"/>
<opset="sext_ln13/2 "/>
</bind>
</comp>

<comp id="153" class="1004" name="gmem0_addr_fu_153">
<pin_list>
<pin id="154" dir="0" index="0" bw="32" slack="0"/>
<pin id="155" dir="0" index="1" bw="62" slack="0"/>
<pin id="156" dir="1" index="2" bw="32" slack="0"/>
</pin_list>
<bind>
<opcode="getelementptr(29) " fcode="getelementptr"/>
<opset="gmem0_addr/2 "/>
</bind>
</comp>

<comp id="160" class="1004" name="zext_ln13_fu_160">
<pin_list>
<pin id="161" dir="0" index="0" bw="31" slack="1"/>
<pin id="162" dir="1" index="1" bw="32" slack="0"/>
</pin_list>
<bind>
<opcode="zext(34) " fcode="zext"/>
<opset="zext_ln13/2 "/>
</bind>
</comp>

<comp id="164" class="1004" name="sext_ln13_1_fu_164">
<pin_list>
<pin id="165" dir="0" index="0" bw="62" slack="7"/>
<pin id="166" dir="1" index="1" bw="64" slack="0"/>
</pin_list>
<bind>
<opcode="sext(35) " fcode="sext"/>
<opset="sext_ln13_1/8 "/>
</bind>
</comp>

<comp id="167" class="1004" name="gmem1_addr_fu_167">
<pin_list>
<pin id="168" dir="0" index="0" bw="32" slack="0"/>
<pin id="169" dir="0" index="1" bw="62" slack="0"/>
<pin id="170" dir="1" index="2" bw="32" slack="0"/>
</pin_list>
<bind>
<opcode="getelementptr(29) " fcode="getelementptr"/>
<opset="gmem1_addr/8 "/>
</bind>
</comp>

<comp id="174" class="1005" name="size_read_reg_174">
<pin_list>
<pin id="175" dir="0" index="0" bw="32" slack="8"/>
<pin id="176" dir="1" index="1" bw="32" slack="8"/>
</pin_list>
<bind>
<opset="size_read "/>
</bind>
</comp>

<comp id="179" class="1005" name="trunc_ln_reg_179">
<pin_list>
<pin id="180" dir="0" index="0" bw="62" slack="1"/>
<pin id="181" dir="1" index="1" bw="62" slack="1"/>
</pin_list>
<bind>
<opset="trunc_ln "/>
</bind>
</comp>

<comp id="185" class="1005" name="empty_reg_185">
<pin_list>
<pin id="186" dir="0" index="0" bw="31" slack="1"/>
<pin id="187" dir="1" index="1" bw="31" slack="1"/>
</pin_list>
<bind>
<opset="empty "/>
</bind>
</comp>

<comp id="190" class="1005" name="trunc_ln13_1_reg_190">
<pin_list>
<pin id="191" dir="0" index="0" bw="62" slack="7"/>
<pin id="192" dir="1" index="1" bw="62" slack="7"/>
</pin_list>
<bind>
<opset="trunc_ln13_1 "/>
</bind>
</comp>

<comp id="196" class="1005" name="gmem0_addr_reg_196">
<pin_list>
<pin id="197" dir="0" index="0" bw="32" slack="1"/>
<pin id="198" dir="1" index="1" bw="32" slack="1"/>
</pin_list>
<bind>
<opset="gmem0_addr "/>
</bind>
</comp>

<comp id="201" class="1005" name="zext_ln13_reg_201">
<pin_list>
<pin id="202" dir="0" index="0" bw="32" slack="1"/>
<pin id="203" dir="1" index="1" bw="32" slack="1"/>
</pin_list>
<bind>
<opset="zext_ln13 "/>
</bind>
</comp>

<comp id="207" class="1005" name="gmem1_addr_reg_207">
<pin_list>
<pin id="208" dir="0" index="0" bw="32" slack="3"/>
<pin id="209" dir="1" index="1" bw="32" slack="3"/>
</pin_list>
<bind>
<opset="gmem1_addr "/>
</bind>
</comp>

</comp_list>

<net_list>
<net id="74"><net_src comp="10" pin="0"/><net_sink comp="70" pin=0"/></net>

<net id="75"><net_src comp="8" pin="0"/><net_sink comp="70" pin=1"/></net>

<net id="80"><net_src comp="12" pin="0"/><net_sink comp="76" pin=0"/></net>

<net id="81"><net_src comp="6" pin="0"/><net_sink comp="76" pin=1"/></net>

<net id="86"><net_src comp="12" pin="0"/><net_sink comp="82" pin=0"/></net>

<net id="87"><net_src comp="4" pin="0"/><net_sink comp="82" pin=1"/></net>

<net id="93"><net_src comp="24" pin="0"/><net_sink comp="88" pin=0"/></net>

<net id="99"><net_src comp="26" pin="0"/><net_sink comp="94" pin=0"/></net>

<net id="100"><net_src comp="30" pin="0"/><net_sink comp="94" pin=0"/></net>

<net id="109"><net_src comp="28" pin="0"/><net_sink comp="101" pin=0"/></net>

<net id="110"><net_src comp="2" pin="0"/><net_sink comp="101" pin=1"/></net>

<net id="111"><net_src comp="0" pin="0"/><net_sink comp="101" pin=2"/></net>

<net id="115"><net_src comp="70" pin="2"/><net_sink comp="112" pin=0"/></net>

<net id="120"><net_src comp="70" pin="2"/><net_sink comp="116" pin=0"/></net>

<net id="121"><net_src comp="14" pin="0"/><net_sink comp="116" pin=1"/></net>

<net id="128"><net_src comp="16" pin="0"/><net_sink comp="122" pin=0"/></net>

<net id="129"><net_src comp="82" pin="2"/><net_sink comp="122" pin=1"/></net>

<net id="130"><net_src comp="18" pin="0"/><net_sink comp="122" pin=2"/></net>

<net id="131"><net_src comp="20" pin="0"/><net_sink comp="122" pin=3"/></net>

<net id="137"><net_src comp="116" pin="2"/><net_sink comp="132" pin=0"/></net>

<net id="138"><net_src comp="112" pin="1"/><net_sink comp="132" pin=1"/></net>

<net id="139"><net_src comp="22" pin="0"/><net_sink comp="132" pin=2"/></net>

<net id="146"><net_src comp="16" pin="0"/><net_sink comp="140" pin=0"/></net>

<net id="147"><net_src comp="76" pin="2"/><net_sink comp="140" pin=1"/></net>

<net id="148"><net_src comp="18" pin="0"/><net_sink comp="140" pin=2"/></net>

<net id="149"><net_src comp="20" pin="0"/><net_sink comp="140" pin=3"/></net>

<net id="157"><net_src comp="0" pin="0"/><net_sink comp="153" pin=0"/></net>

<net id="158"><net_src comp="150" pin="1"/><net_sink comp="153" pin=1"/></net>

<net id="159"><net_src comp="153" pin="2"/><net_sink comp="88" pin=1"/></net>

<net id="163"><net_src comp="160" pin="1"/><net_sink comp="88" pin=2"/></net>

<net id="171"><net_src comp="2" pin="0"/><net_sink comp="167" pin=0"/></net>

<net id="172"><net_src comp="164" pin="1"/><net_sink comp="167" pin=1"/></net>

<net id="173"><net_src comp="167" pin="2"/><net_sink comp="94" pin=1"/></net>

<net id="177"><net_src comp="70" pin="2"/><net_sink comp="174" pin=0"/></net>

<net id="178"><net_src comp="174" pin="1"/><net_sink comp="101" pin=5"/></net>

<net id="182"><net_src comp="122" pin="4"/><net_sink comp="179" pin=0"/></net>

<net id="183"><net_src comp="179" pin="1"/><net_sink comp="150" pin=0"/></net>

<net id="184"><net_src comp="179" pin="1"/><net_sink comp="101" pin=4"/></net>

<net id="188"><net_src comp="132" pin="3"/><net_sink comp="185" pin=0"/></net>

<net id="189"><net_src comp="185" pin="1"/><net_sink comp="160" pin=0"/></net>

<net id="193"><net_src comp="140" pin="4"/><net_sink comp="190" pin=0"/></net>

<net id="194"><net_src comp="190" pin="1"/><net_sink comp="164" pin=0"/></net>

<net id="195"><net_src comp="190" pin="1"/><net_sink comp="101" pin=3"/></net>

<net id="199"><net_src comp="153" pin="2"/><net_sink comp="196" pin=0"/></net>

<net id="200"><net_src comp="196" pin="1"/><net_sink comp="88" pin=1"/></net>

<net id="204"><net_src comp="160" pin="1"/><net_sink comp="201" pin=0"/></net>

<net id="205"><net_src comp="201" pin="1"/><net_sink comp="88" pin=2"/></net>

<net id="206"><net_src comp="201" pin="1"/><net_sink comp="94" pin=2"/></net>

<net id="210"><net_src comp="167" pin="2"/><net_sink comp="207" pin=0"/></net>

<net id="211"><net_src comp="207" pin="1"/><net_sink comp="94" pin=1"/></net>

</net_list>

</model> 
---------------- Datapath Model END ------------------

* FSMD analyzer results:
  - Output states:
	Port: gmem1 | {8 9 10 11 12 13 14 15 }
 - Input state : 
	Port: vector_add : gmem0 | {2 3 4 5 6 7 8 9 10 }
	Port: vector_add : a | {1 }
	Port: vector_add : c | {1 }
	Port: vector_add : size | {1 }
  - Chain level:
	State 1
		empty : 1
	State 2
		gmem0_addr : 1
		empty_17 : 2
	State 3
	State 4
	State 5
	State 6
	State 7
	State 8
		gmem1_addr : 1
		empty_18 : 2
	State 9
	State 10
	State 11
	State 12
	State 13
	State 14
	State 15


============================================================
+ Verbose Summary: Datapath Resource usage 
============================================================

* Functional unit list:
|----------|------------------------------------------------|---------|---------|
| Operation|                 Functional Unit                |    FF   |   LUT   |
|----------|------------------------------------------------|---------|---------|
|   call   | grp_vector_add_Pipeline_VITIS_LOOP_13_1_fu_101 |   256   |    95   |
|----------|------------------------------------------------|---------|---------|
|  select  |                  empty_fu_132                  |    0    |    31   |
|----------|------------------------------------------------|---------|---------|
|   icmp   |                icmp_ln13_fu_116                |    0    |    18   |
|----------|------------------------------------------------|---------|---------|
|          |              size_read_read_fu_70              |    0    |    0    |
|   read   |                c_read_read_fu_76               |    0    |    0    |
|          |                a_read_read_fu_82               |    0    |    0    |
|----------|------------------------------------------------|---------|---------|
|  readreq |                grp_readreq_fu_88               |    0    |    0    |
|----------|------------------------------------------------|---------|---------|
| writeresp|               grp_writeresp_fu_94              |    0    |    0    |
|----------|------------------------------------------------|---------|---------|
|   trunc  |                trunc_ln3_fu_112                |    0    |    0    |
|----------|------------------------------------------------|---------|---------|
|partselect|                 trunc_ln_fu_122                |    0    |    0    |
|          |               trunc_ln13_1_fu_140              |    0    |    0    |
|----------|------------------------------------------------|---------|---------|
|   sext   |                sext_ln13_fu_150                |    0    |    0    |
|          |               sext_ln13_1_fu_164               |    0    |    0    |
|----------|------------------------------------------------|---------|---------|
|   zext   |                zext_ln13_fu_160                |    0    |    0    |
|----------|------------------------------------------------|---------|---------|
|   Total  |                                                |   256   |   144   |
|----------|------------------------------------------------|---------|---------|

Memories:
N/A

* Register list:
+--------------------+--------+
|                    |   FF   |
+--------------------+--------+
|    empty_reg_185   |   31   |
| gmem0_addr_reg_196 |   32   |
| gmem1_addr_reg_207 |   32   |
|  size_read_reg_174 |   32   |
|trunc_ln13_1_reg_190|   62   |
|  trunc_ln_reg_179  |   62   |
|  zext_ln13_reg_201 |   32   |
+--------------------+--------+
|        Total       |   283  |
+--------------------+--------+

* Multiplexer (MUX) list: 
|---------------------|------|------|------|--------||---------||---------|
|         Comp        |  Pin | Size |  BW  | S x BW ||  Delay  ||   LUT   |
|---------------------|------|------|------|--------||---------||---------|
|  grp_readreq_fu_88  |  p1  |   2  |  32  |   64   ||    9    |
|  grp_readreq_fu_88  |  p2  |   2  |  31  |   62   ||    9    |
| grp_writeresp_fu_94 |  p0  |   2  |   1  |    2   |
| grp_writeresp_fu_94 |  p1  |   2  |  32  |   64   ||    9    |
|---------------------|------|------|------|--------||---------||---------|
|        Total        |      |      |      |   192  ||  6.352  ||    27   |
|---------------------|------|------|------|--------||---------||---------|



* Summary:
+-----------+--------+--------+--------+
|           |  Delay |   FF   |   LUT  |
+-----------+--------+--------+--------+
|  Function |    -   |   256  |   144  |
|   Memory  |    -   |    -   |    -   |
|Multiplexer|    6   |    -   |   27   |
|  Register |    -   |   283  |    -   |
+-----------+--------+--------+--------+
|   Total   |    6   |   539  |   171  |
+-----------+--------+--------+--------+
