#-----------------------------------------------------------
# xsim v2022.2.2 (64-bit)
# SW Build 3788238 on Tue Feb 21 19:59:23 MST 2023
# IP Build 3783773 on Tue Feb 21 23:41:56 MST 2023
# Start of session at: Sun Aug 24 03:41:59 2025
# Process ID: 699641
# Current directory: /home/fyt/A/teach_bili/course_1/build/vector_add_prj/solution1/sim/verilog
# Command line: xsim -mode tcl -source {xsim.dir/vector_add/xsim_script.tcl}
# Log file: /home/fyt/A/teach_bili/course_1/build/vector_add_prj/solution1/sim/verilog/xsim.log
# Journal file: /home/fyt/A/teach_bili/course_1/build/vector_add_prj/solution1/sim/verilog/xsim.jou
# Running On: fpgaserver-9950x, OS: Linux, CPU Frequency: 4300.000 MHz, CPU Physical cores: 32, Host memory: 132526 MB
#-----------------------------------------------------------
source xsim.dir/vector_add/xsim_script.tcl
# xsim {vector_add} -autoloadwcfg -tclbatch {vector_add.tcl}
Time resolution is 1 ps
source vector_add.tcl
## run all
////////////////////////////////////////////////////////////////////////////////////
// Inter-Transaction Progress: Completed Transaction / Total Transaction
// Intra-Transaction Progress: Measured Latency / Latency Estimation * 100%
//
// RTL Simulation : "Inter-Transaction Progress" ["Intra-Transaction Progress"] @ "Simulation Time"
////////////////////////////////////////////////////////////////////////////////////
// RTL Simulation : 0 / 1 [n/a] @ "125000"
// RTL Simulation : 1 / 1 [n/a] @ "3895000"
////////////////////////////////////////////////////////////////////////////////////
$finish called at time : 3955 ns : File "/home/fyt/A/teach_bili/course_1/build/vector_add_prj/solution1/sim/verilog/vector_add.autotb.v" Line 581
## quit
INFO: [Common 17-206] Exiting xsim at Sun Aug 24 03:42:01 2025...
