Sun Jun  1 08:41:05 2025: Running xcd server. This server was built by gradle.
Sun Jun  1 08:41:05 2025: Server was asked to start on port: '46037'
Sun Jun  1 08:41:05 2025: Server is using token UUID: 'ff74360e-b07d-4f21-97ac-443646c9e891'
Sun Jun  1 08:41:05 2025: SESSION_MGR: creating session with session uuid: '6d04a3e9-ade5-4ab9-8d63-1f78fcd2ec76' and name 'default'
Sun Jun  1 08:41:05 2025: Attempting to start server on port '46037'
Sun Jun  1 08:41:05 2025: XCD main fifo: created main fifo '/tmp/xcdmainff74360e-b07d-4f21-97ac-443646c9e891', fd read = 14
Sun Jun  1 08:41:05 2025: Running Dispatch Server
Sun Jun  1 08:41:05 2025: Version 2.2.0
Sun Jun  1 08:41:15 2025: Dispatch Server: Accepted socket connection from client
Sun Jun  1 08:41:15 2025: Starting Socket connection
Sun Jun  1 08:41:15 2025: EXCHANGE_TOKEN received, server token: ff74360e-b07d-4f21-97ac-443646c9e891, passed token: ff74360e-b07d-4f21-97ac-443646c9e891
Sun Jun  1 08:41:15 2025: SESSION_MGR: creating session with session uuid: '76e6f40b-cc36-448e-89de-20d27558c572' and name 'vitis_hls'
Sun Jun  1 08:41:15 2025: KERNEL_SVC: creating session with uuid: '76e6f40b-cc36-448e-89de-20d27558c572' and name 'vitis_hls'
Sun Jun  1 08:41:15 2025: GUIDANCE_SMGR: creating guidance session with uuid: '76e6f40b-cc36-448e-89de-20d27558c572' and name 'vitis_hls'
Sun Jun  1 08:41:33 2025: STOP_SERVER received, server token: ff74360e-b07d-4f21-97ac-443646c9e891, passed token: ff74360e-b07d-4f21-97ac-443646c9e891
Sun Jun  1 08:41:33 2025: Socket received request to stop server.
Sun Jun  1 08:41:33 2025: Dispatch Server: do_await_stop
Sun Jun  1 08:41:33 2025: Dispatch Server: stopping mainFifo_
Sun Jun  1 08:41:33 2025: XCD main fifo: Stopping
Sun Jun  1 08:41:33 2025: XCD main fifo: do_read error code: Operation canceled
Sun Jun  1 08:41:33 2025: XCD main fifo: bytes_transferred: 0
Sun Jun  1 08:41:33 2025: SERVER: destructor for server bound to port 46037
Sun Jun  1 08:41:33 2025: XCD main fifo: Good unlink of /tmp/xcdmainff74360e-b07d-4f21-97ac-443646c9e891
Sun Jun  1 08:41:33 2025: Server exiting with status 0.
Sun Jun  1 08:41:33 2025: Closing log file.
