Tue Oct 28 07:25:00 2025: Running xcd server. This server was built by gradle.
Tue Oct 28 07:25:00 2025: Server was asked to start on port: '38671'
Tue Oct 28 07:25:00 2025: Server is using token UUID: '64062298-6665-4e7b-ad7f-bd3c39334945'
Tue Oct 28 07:25:00 2025: SESSION_MGR: creating session with session uuid: '6d04a3e9-ade5-4ab9-8d63-1f78fcd2ec76' and name 'default'
Tue Oct 28 07:25:00 2025: Attempting to start server on port '38671'
Tue Oct 28 07:25:00 2025: XCD main fifo: created main fifo '/tmp/xcdmain64062298-6665-4e7b-ad7f-bd3c39334945', fd read = 14
Tue Oct 28 07:25:00 2025: Running Dispatch Server
Tue Oct 28 07:25:00 2025: Version 2.2.0
Tue Oct 28 07:25:10 2025: Dispatch Server: Accepted socket connection from client
Tue Oct 28 07:25:10 2025: Starting Socket connection
Tue Oct 28 07:25:10 2025: EXCHANGE_TOKEN received, server token: 64062298-6665-4e7b-ad7f-bd3c39334945, passed token: 64062298-6665-4e7b-ad7f-bd3c39334945
Tue Oct 28 07:25:10 2025: SESSION_MGR: creating session with session uuid: '9842d138-91ee-4ece-b3f3-b84807719206' and name 'vitis_hls'
Tue Oct 28 07:25:10 2025: KERNEL_SVC: creating session with uuid: '9842d138-91ee-4ece-b3f3-b84807719206' and name 'vitis_hls'
Tue Oct 28 07:25:10 2025: GUIDANCE_SMGR: creating guidance session with uuid: '9842d138-91ee-4ece-b3f3-b84807719206' and name 'vitis_hls'
Tue Oct 28 07:25:30 2025: STOP_SERVER received, server token: 64062298-6665-4e7b-ad7f-bd3c39334945, passed token: 64062298-6665-4e7b-ad7f-bd3c39334945
Tue Oct 28 07:25:30 2025: Socket received request to stop server.
Tue Oct 28 07:25:30 2025: Dispatch Server: do_await_stop
Tue Oct 28 07:25:30 2025: Dispatch Server: stopping mainFifo_
Tue Oct 28 07:25:30 2025: XCD main fifo: Stopping
Tue Oct 28 07:25:30 2025: XCD main fifo: do_read error code: Operation canceled
Tue Oct 28 07:25:30 2025: XCD main fifo: bytes_transferred: 0
Tue Oct 28 07:25:30 2025: SERVER: destructor for server bound to port 38671
Tue Oct 28 07:25:30 2025: XCD main fifo: Good unlink of /tmp/xcdmain64062298-6665-4e7b-ad7f-bd3c39334945
Tue Oct 28 07:25:30 2025: Server exiting with status 0.
Tue Oct 28 07:25:30 2025: Closing log file.
