

================================================================
== Vitis HLS Report for 'rgb2gray'
================================================================
* Date:           Sat Aug  9 02:05:30 2025

* Version:        2022.2.2 (Build 3779808 on Feb 17 2023)
* Project:        rgb2gray_prj
* Solution:       solution1 (Vivado IP Flow Target)
* Product family: zynq
* Target device:  xc7z020-clg400-1


================================================================
== Performance Estimates
================================================================
+ Timing: 
    * Summary: 
    +--------+---------+----------+------------+
    |  Clock |  Target | Estimated| Uncertainty|
    +--------+---------+----------+------------+
    |ap_clk  |  5.00 ns|  4.110 ns|     1.35 ns|
    +--------+---------+----------+------------+

+ Latency: 
    * Summary: 
    +---------+---------+----------+----------+-----+-----+---------+
    |  Latency (cycles) |  Latency (absolute) |  Interval | Pipeline|
    |   min   |   max   |    min   |    max   | min | max |   Type  |
    +---------+---------+----------+----------+-----+-----+---------+
    |       30|      279|  0.150 us|  1.395 us|   31|  280|       no|
    +---------+---------+----------+----------+-----+-----+---------+

    + Detail: 
        * Instance: 
        +----------------------------------------------+-----------------------------------+---------+---------+-----------+----------+-----+-----+---------+
        |                                              |                                   |  Latency (cycles) |  Latency (absolute)  |  Interval | Pipeline|
        |                   Instance                   |               Module              |   min   |   max   |    min    |    max   | min | max |   Type  |
        +----------------------------------------------+-----------------------------------+---------+---------+-----------+----------+-----+-----+---------+
        |grp_rgb2gray_Pipeline_VITIS_LOOP_10_1_fu_101  |rgb2gray_Pipeline_VITIS_LOOP_10_1  |       15|      264|  75.000 ns|  1.320 us|   15|  264|       no|
        +----------------------------------------------+-----------------------------------+---------+---------+-----------+----------+-----+-----+---------+

        * Loop: 
        N/A



================================================================
== Utilization Estimates
================================================================
* Summary: 
+-----------------+---------+-----+--------+-------+-----+
|       Name      | BRAM_18K| DSP |   FF   |  LUT  | URAM|
+-----------------+---------+-----+--------+-------+-----+
|DSP              |        -|    -|       -|      -|    -|
|Expression       |        -|    -|       0|     51|    -|
|FIFO             |        -|    -|       -|      -|    -|
|Instance         |        0|    6|    2059|   3315|    -|
|Memory           |        -|    -|       -|      -|    -|
|Multiplexer      |        -|    -|       -|    224|    -|
|Register         |        -|    -|     237|      -|    -|
+-----------------+---------+-----+--------+-------+-----+
|Total            |        0|    6|    2296|   3590|    0|
+-----------------+---------+-----+--------+-------+-----+
|Available        |      280|  220|  106400|  53200|    0|
+-----------------+---------+-----+--------+-------+-----+
|Utilization (%)  |        0|    2|       2|      6|    0|
+-----------------+---------+-----+--------+-------+-----+

+ Detail: 
    * Instance: 
    +----------------------------------------------+-----------------------------------+---------+----+-----+------+-----+
    |                   Instance                   |               Module              | BRAM_18K| DSP|  FF |  LUT | URAM|
    +----------------------------------------------+-----------------------------------+---------+----+-----+------+-----+
    |control_s_axi_U                               |control_s_axi                      |        0|   0|  214|   360|    0|
    |gmem0_m_axi_U                                 |gmem0_m_axi                        |        0|   0|  718|  1318|    0|
    |gmem1_m_axi_U                                 |gmem1_m_axi                        |        0|   0|  754|  1438|    0|
    |grp_rgb2gray_Pipeline_VITIS_LOOP_10_1_fu_101  |rgb2gray_Pipeline_VITIS_LOOP_10_1  |        0|   6|  373|   199|    0|
    +----------------------------------------------+-----------------------------------+---------+----+-----+------+-----+
    |Total                                         |                                   |        0|   6| 2059|  3315|    0|
    +----------------------------------------------+-----------------------------------+---------+----+-----+------+-----+

    * DSP: 
    N/A

    * Memory: 
    N/A

    * FIFO: 
    N/A

    * Expression: 
    +---------------------+----------+----+---+----+------------+------------+
    |    Variable Name    | Operation| DSP| FF| LUT| Bitwidth P0| Bitwidth P1|
    +---------------------+----------+----+---+----+------------+------------+
    |icmp_ln10_fu_126_p2  |      icmp|   0|  0|  18|          32|           1|
    |ap_block_state3_io   |        or|   0|  0|   2|           1|           1|
    |empty_fu_131_p3      |    select|   0|  0|  31|           1|          31|
    +---------------------+----------+----+---+----+------------+------------+
    |Total                |          |   0|  0|  51|          34|          33|
    +---------------------+----------+----+---+----+------------+------------+

    * Multiplexer: 
    +----------------+----+-----------+-----+-----------+
    |      Name      | LUT| Input Size| Bits| Total Bits|
    +----------------+----+-----------+-----+-----------+
    |ap_NS_fsm       |  81|         17|    1|         17|
    |gmem0_ARADDR    |  14|          3|   64|        192|
    |gmem0_ARLEN     |  14|          3|   32|         96|
    |gmem0_ARVALID   |  14|          3|    1|          3|
    |gmem0_RREADY    |   9|          2|    1|          2|
    |gmem0_blk_n_AR  |   9|          2|    1|          2|
    |gmem1_AWADDR    |  14|          3|   64|        192|
    |gmem1_AWLEN     |  14|          3|   32|         96|
    |gmem1_AWVALID   |  14|          3|    1|          3|
    |gmem1_BREADY    |  14|          3|    1|          3|
    |gmem1_WVALID    |   9|          2|    1|          2|
    |gmem1_blk_n_AW  |   9|          2|    1|          2|
    |gmem1_blk_n_B   |   9|          2|    1|          2|
    +----------------+----+-----------+-----+-----------+
    |Total           | 224|         48|  201|        612|
    +----------------+----+-----------+-----+-----------+

    * Register: 
    +-----------------------------------------------------------+----+----+-----+-----------+
    |                            Name                           | FF | LUT| Bits| Const Bits|
    +-----------------------------------------------------------+----+----+-----+-----------+
    |ap_CS_fsm                                                  |  16|   0|   16|          0|
    |empty_reg_182                                              |  31|   0|   31|          0|
    |gray_read_reg_165                                          |  64|   0|   64|          0|
    |grp_rgb2gray_Pipeline_VITIS_LOOP_10_1_fu_101_ap_start_reg  |   1|   0|    1|          0|
    |size_read_reg_159                                          |  32|   0|   32|          0|
    |trunc_ln3_reg_171                                          |  31|   0|   31|          0|
    |trunc_ln_reg_176                                           |  62|   0|   62|          0|
    +-----------------------------------------------------------+----+----+-----+-----------+
    |Total                                                      | 237|   0|  237|          0|
    +-----------------------------------------------------------+----+----+-----+-----------+



================================================================
== Interface
================================================================
* Summary: 
+-----------------------+-----+-----+------------+--------------+--------------+
|       RTL Ports       | Dir | Bits|  Protocol  | Source Object|    C Type    |
+-----------------------+-----+-----+------------+--------------+--------------+
|s_axi_control_AWVALID  |   in|    1|       s_axi|       control|        scalar|
|s_axi_control_AWREADY  |  out|    1|       s_axi|       control|        scalar|
|s_axi_control_AWADDR   |   in|    6|       s_axi|       control|        scalar|
|s_axi_control_WVALID   |   in|    1|       s_axi|       control|        scalar|
|s_axi_control_WREADY   |  out|    1|       s_axi|       control|        scalar|
|s_axi_control_WDATA    |   in|   32|       s_axi|       control|        scalar|
|s_axi_control_WSTRB    |   in|    4|       s_axi|       control|        scalar|
|s_axi_control_ARVALID  |   in|    1|       s_axi|       control|        scalar|
|s_axi_control_ARREADY  |  out|    1|       s_axi|       control|        scalar|
|s_axi_control_ARADDR   |   in|    6|       s_axi|       control|        scalar|
|s_axi_control_RVALID   |  out|    1|       s_axi|       control|        scalar|
|s_axi_control_RREADY   |   in|    1|       s_axi|       control|        scalar|
|s_axi_control_RDATA    |  out|   32|       s_axi|       control|        scalar|
|s_axi_control_RRESP    |  out|    2|       s_axi|       control|        scalar|
|s_axi_control_BVALID   |  out|    1|       s_axi|       control|        scalar|
|s_axi_control_BREADY   |   in|    1|       s_axi|       control|        scalar|
|s_axi_control_BRESP    |  out|    2|       s_axi|       control|        scalar|
|ap_clk                 |   in|    1|  ap_ctrl_hs|      rgb2gray|  return value|
|ap_rst_n               |   in|    1|  ap_ctrl_hs|      rgb2gray|  return value|
|interrupt              |  out|    1|  ap_ctrl_hs|      rgb2gray|  return value|
|m_axi_gmem0_AWVALID    |  out|    1|       m_axi|         gmem0|       pointer|
|m_axi_gmem0_AWREADY    |   in|    1|       m_axi|         gmem0|       pointer|
|m_axi_gmem0_AWADDR     |  out|   64|       m_axi|         gmem0|       pointer|
|m_axi_gmem0_AWID       |  out|    1|       m_axi|         gmem0|       pointer|
|m_axi_gmem0_AWLEN      |  out|    8|       m_axi|         gmem0|       pointer|
|m_axi_gmem0_AWSIZE     |  out|    3|       m_axi|         gmem0|       pointer|
|m_axi_gmem0_AWBURST    |  out|    2|       m_axi|         gmem0|       pointer|
|m_axi_gmem0_AWLOCK     |  out|    2|       m_axi|         gmem0|       pointer|
|m_axi_gmem0_AWCACHE    |  out|    4|       m_axi|         gmem0|       pointer|
|m_axi_gmem0_AWPROT     |  out|    3|       m_axi|         gmem0|       pointer|
|m_axi_gmem0_AWQOS      |  out|    4|       m_axi|         gmem0|       pointer|
|m_axi_gmem0_AWREGION   |  out|    4|       m_axi|         gmem0|       pointer|
|m_axi_gmem0_AWUSER     |  out|    1|       m_axi|         gmem0|       pointer|
|m_axi_gmem0_WVALID     |  out|    1|       m_axi|         gmem0|       pointer|
|m_axi_gmem0_WREADY     |   in|    1|       m_axi|         gmem0|       pointer|
|m_axi_gmem0_WDATA      |  out|   32|       m_axi|         gmem0|       pointer|
|m_axi_gmem0_WSTRB      |  out|    4|       m_axi|         gmem0|       pointer|
|m_axi_gmem0_WLAST      |  out|    1|       m_axi|         gmem0|       pointer|
|m_axi_gmem0_WID        |  out|    1|       m_axi|         gmem0|       pointer|
|m_axi_gmem0_WUSER      |  out|    1|       m_axi|         gmem0|       pointer|
|m_axi_gmem0_ARVALID    |  out|    1|       m_axi|         gmem0|       pointer|
|m_axi_gmem0_ARREADY    |   in|    1|       m_axi|         gmem0|       pointer|
|m_axi_gmem0_ARADDR     |  out|   64|       m_axi|         gmem0|       pointer|
|m_axi_gmem0_ARID       |  out|    1|       m_axi|         gmem0|       pointer|
|m_axi_gmem0_ARLEN      |  out|    8|       m_axi|         gmem0|       pointer|
|m_axi_gmem0_ARSIZE     |  out|    3|       m_axi|         gmem0|       pointer|
|m_axi_gmem0_ARBURST    |  out|    2|       m_axi|         gmem0|       pointer|
|m_axi_gmem0_ARLOCK     |  out|    2|       m_axi|         gmem0|       pointer|
|m_axi_gmem0_ARCACHE    |  out|    4|       m_axi|         gmem0|       pointer|
|m_axi_gmem0_ARPROT     |  out|    3|       m_axi|         gmem0|       pointer|
|m_axi_gmem0_ARQOS      |  out|    4|       m_axi|         gmem0|       pointer|
|m_axi_gmem0_ARREGION   |  out|    4|       m_axi|         gmem0|       pointer|
|m_axi_gmem0_ARUSER     |  out|    1|       m_axi|         gmem0|       pointer|
|m_axi_gmem0_RVALID     |   in|    1|       m_axi|         gmem0|       pointer|
|m_axi_gmem0_RREADY     |  out|    1|       m_axi|         gmem0|       pointer|
|m_axi_gmem0_RDATA      |   in|   32|       m_axi|         gmem0|       pointer|
|m_axi_gmem0_RLAST      |   in|    1|       m_axi|         gmem0|       pointer|
|m_axi_gmem0_RID        |   in|    1|       m_axi|         gmem0|       pointer|
|m_axi_gmem0_RUSER      |   in|    1|       m_axi|         gmem0|       pointer|
|m_axi_gmem0_RRESP      |   in|    2|       m_axi|         gmem0|       pointer|
|m_axi_gmem0_BVALID     |   in|    1|       m_axi|         gmem0|       pointer|
|m_axi_gmem0_BREADY     |  out|    1|       m_axi|         gmem0|       pointer|
|m_axi_gmem0_BRESP      |   in|    2|       m_axi|         gmem0|       pointer|
|m_axi_gmem0_BID        |   in|    1|       m_axi|         gmem0|       pointer|
|m_axi_gmem0_BUSER      |   in|    1|       m_axi|         gmem0|       pointer|
|m_axi_gmem1_AWVALID    |  out|    1|       m_axi|         gmem1|       pointer|
|m_axi_gmem1_AWREADY    |   in|    1|       m_axi|         gmem1|       pointer|
|m_axi_gmem1_AWADDR     |  out|   64|       m_axi|         gmem1|       pointer|
|m_axi_gmem1_AWID       |  out|    1|       m_axi|         gmem1|       pointer|
|m_axi_gmem1_AWLEN      |  out|    8|       m_axi|         gmem1|       pointer|
|m_axi_gmem1_AWSIZE     |  out|    3|       m_axi|         gmem1|       pointer|
|m_axi_gmem1_AWBURST    |  out|    2|       m_axi|         gmem1|       pointer|
|m_axi_gmem1_AWLOCK     |  out|    2|       m_axi|         gmem1|       pointer|
|m_axi_gmem1_AWCACHE    |  out|    4|       m_axi|         gmem1|       pointer|
|m_axi_gmem1_AWPROT     |  out|    3|       m_axi|         gmem1|       pointer|
|m_axi_gmem1_AWQOS      |  out|    4|       m_axi|         gmem1|       pointer|
|m_axi_gmem1_AWREGION   |  out|    4|       m_axi|         gmem1|       pointer|
|m_axi_gmem1_AWUSER     |  out|    1|       m_axi|         gmem1|       pointer|
|m_axi_gmem1_WVALID     |  out|    1|       m_axi|         gmem1|       pointer|
|m_axi_gmem1_WREADY     |   in|    1|       m_axi|         gmem1|       pointer|
|m_axi_gmem1_WDATA      |  out|   32|       m_axi|         gmem1|       pointer|
|m_axi_gmem1_WSTRB      |  out|    4|       m_axi|         gmem1|       pointer|
|m_axi_gmem1_WLAST      |  out|    1|       m_axi|         gmem1|       pointer|
|m_axi_gmem1_WID        |  out|    1|       m_axi|         gmem1|       pointer|
|m_axi_gmem1_WUSER      |  out|    1|       m_axi|         gmem1|       pointer|
|m_axi_gmem1_ARVALID    |  out|    1|       m_axi|         gmem1|       pointer|
|m_axi_gmem1_ARREADY    |   in|    1|       m_axi|         gmem1|       pointer|
|m_axi_gmem1_ARADDR     |  out|   64|       m_axi|         gmem1|       pointer|
|m_axi_gmem1_ARID       |  out|    1|       m_axi|         gmem1|       pointer|
|m_axi_gmem1_ARLEN      |  out|    8|       m_axi|         gmem1|       pointer|
|m_axi_gmem1_ARSIZE     |  out|    3|       m_axi|         gmem1|       pointer|
|m_axi_gmem1_ARBURST    |  out|    2|       m_axi|         gmem1|       pointer|
|m_axi_gmem1_ARLOCK     |  out|    2|       m_axi|         gmem1|       pointer|
|m_axi_gmem1_ARCACHE    |  out|    4|       m_axi|         gmem1|       pointer|
|m_axi_gmem1_ARPROT     |  out|    3|       m_axi|         gmem1|       pointer|
|m_axi_gmem1_ARQOS      |  out|    4|       m_axi|         gmem1|       pointer|
|m_axi_gmem1_ARREGION   |  out|    4|       m_axi|         gmem1|       pointer|
|m_axi_gmem1_ARUSER     |  out|    1|       m_axi|         gmem1|       pointer|
|m_axi_gmem1_RVALID     |   in|    1|       m_axi|         gmem1|       pointer|
|m_axi_gmem1_RREADY     |  out|    1|       m_axi|         gmem1|       pointer|
|m_axi_gmem1_RDATA      |   in|   32|       m_axi|         gmem1|       pointer|
|m_axi_gmem1_RLAST      |   in|    1|       m_axi|         gmem1|       pointer|
|m_axi_gmem1_RID        |   in|    1|       m_axi|         gmem1|       pointer|
|m_axi_gmem1_RUSER      |   in|    1|       m_axi|         gmem1|       pointer|
|m_axi_gmem1_RRESP      |   in|    2|       m_axi|         gmem1|       pointer|
|m_axi_gmem1_BVALID     |   in|    1|       m_axi|         gmem1|       pointer|
|m_axi_gmem1_BREADY     |  out|    1|       m_axi|         gmem1|       pointer|
|m_axi_gmem1_BRESP      |   in|    2|       m_axi|         gmem1|       pointer|
|m_axi_gmem1_BID        |   in|    1|       m_axi|         gmem1|       pointer|
|m_axi_gmem1_BUSER      |   in|    1|       m_axi|         gmem1|       pointer|
+-----------------------+-----+-----+------------+--------------+--------------+

============================================================
+ Verbose Summary: Synthesis Manager
============================================================
InlineROM: 1
ExposeGlobal: 0
============================================================
+ Verbose Summary: CDFG Model
============================================================
IsTopModel: 1
ResetActiveHigh: 1
IsCombinational: 2
IsDatapathOnly: 2
HasWiredReturn: 1
HasMFsm: 0
HasVarLatency: 1
IsPipeline: 0
IsRtlPipelined: 0
IsInstanceOverlapped: 0
IsDontTouch: 0
HasImplIP: 0
IsGatedGlobalClock: 0


============================================================
+ Verbose Summary: Schedule
============================================================
* Number of FSM states : 16
* Pipeline : 0
* Dataflow Pipeline: 0

* FSM state transitions: 
1 --> 2 
2 --> 3 
3 --> 4 
4 --> 5 
5 --> 6 
6 --> 7 
7 --> 8 
8 --> 9 
9 --> 10 
10 --> 11 
11 --> 12 
12 --> 13 
13 --> 14 
14 --> 15 
15 --> 16 
16 --> 

* FSM state operations: 

State 1 <SV = 0> <Delay = 1.00>
ST_1 : Operation 17 [1/1] (1.00ns)   --->   "%size_read = read i32 @_ssdm_op_Read.s_axilite.i32, i32 %size" [../code/rgb2gray.cpp:3]   --->   Operation 17 'read' 'size_read' <Predicate = true> <Delay = 1.00> <CoreInst = "s_axilite">   --->   Core 114 's_axilite' <Latency = 0> <II = 1> <Delay = 1.00> <Adapter> <Opcode : 'read' 'write'>
ST_1 : Operation 18 [1/1] (1.00ns)   --->   "%gray_read = read i64 @_ssdm_op_Read.s_axilite.i64, i64 %gray" [../code/rgb2gray.cpp:3]   --->   Operation 18 'read' 'gray_read' <Predicate = true> <Delay = 1.00> <CoreInst = "s_axilite">   --->   Core 114 's_axilite' <Latency = 0> <II = 1> <Delay = 1.00> <Adapter> <Opcode : 'read' 'write'>
ST_1 : Operation 19 [1/1] (1.00ns)   --->   "%rgb_read = read i64 @_ssdm_op_Read.s_axilite.i64, i64 %rgb" [../code/rgb2gray.cpp:3]   --->   Operation 19 'read' 'rgb_read' <Predicate = true> <Delay = 1.00> <CoreInst = "s_axilite">   --->   Core 114 's_axilite' <Latency = 0> <II = 1> <Delay = 1.00> <Adapter> <Opcode : 'read' 'write'>
ST_1 : Operation 20 [1/1] (0.00ns)   --->   "%trunc_ln3 = trunc i32 %size_read" [../code/rgb2gray.cpp:3]   --->   Operation 20 'trunc' 'trunc_ln3' <Predicate = true> <Delay = 0.00>
ST_1 : Operation 21 [1/1] (0.00ns)   --->   "%trunc_ln = partselect i62 @_ssdm_op_PartSelect.i62.i64.i32.i32, i64 %rgb_read, i32 2, i32 63" [../code/rgb2gray.cpp:10]   --->   Operation 21 'partselect' 'trunc_ln' <Predicate = true> <Delay = 0.00>

State 2 <SV = 1> <Delay = 3.20>
ST_2 : Operation 22 [1/1] (2.47ns)   --->   "%icmp_ln10 = icmp_sgt  i32 %size_read, i32 0" [../code/rgb2gray.cpp:10]   --->   Operation 22 'icmp' 'icmp_ln10' <Predicate = true> <Delay = 2.47> <CoreInst = "Cmp">   --->   Core 9 'Cmp' <Latency = 0> <II = 1> <Delay = 2.47> <FuncUnit> <Opcode : 'icmp'> <InPorts = 2> <OutPorts = 1>
ST_2 : Operation 23 [1/1] (0.73ns)   --->   "%empty = select i1 %icmp_ln10, i31 %trunc_ln3, i31 0" [../code/rgb2gray.cpp:10]   --->   Operation 23 'select' 'empty' <Predicate = true> <Delay = 0.73> <CoreInst = "Sel">   --->   Core 73 'Sel' <Latency = 0> <II = 1> <Delay = 0.73> <FuncUnit> <Opcode : 'select'> <InPorts = 3> <OutPorts = 1>

State 3 <SV = 2> <Delay = 3.65>
ST_3 : Operation 24 [1/1] (0.00ns)   --->   "%sext_ln10 = sext i62 %trunc_ln" [../code/rgb2gray.cpp:10]   --->   Operation 24 'sext' 'sext_ln10' <Predicate = true> <Delay = 0.00>
ST_3 : Operation 25 [1/1] (0.00ns)   --->   "%gmem0_addr = getelementptr i32 %gmem0, i64 %sext_ln10" [../code/rgb2gray.cpp:10]   --->   Operation 25 'getelementptr' 'gmem0_addr' <Predicate = true> <Delay = 0.00>
ST_3 : Operation 26 [1/1] (0.00ns)   --->   "%zext_ln10 = zext i31 %empty" [../code/rgb2gray.cpp:10]   --->   Operation 26 'zext' 'zext_ln10' <Predicate = true> <Delay = 0.00>
ST_3 : Operation 27 [7/7] (3.65ns)   --->   "%empty_21 = readreq i1 @_ssdm_op_ReadReq.m_axi.p1i32, i64 %gmem0_addr, i32 %zext_ln10" [../code/rgb2gray.cpp:10]   --->   Operation 27 'readreq' 'empty_21' <Predicate = true> <Delay = 3.65> <CoreInst = "m_axi">   --->   Core 113 'm_axi' <Latency = 0> <II = 1> <Delay = 1.00> <Adapter> <Opcode : 'read' 'write' 'readreq' 'writereq' 'writeresp'>
ST_3 : Operation 28 [1/1] (0.00ns)   --->   "%gmem1_addr = getelementptr i8 %gmem1, i64 %gray_read" [../code/rgb2gray.cpp:10]   --->   Operation 28 'getelementptr' 'gmem1_addr' <Predicate = true> <Delay = 0.00>
ST_3 : Operation 29 [1/1] (3.65ns)   --->   "%empty_22 = writereq i1 @_ssdm_op_WriteReq.m_axi.p1i8, i64 %gmem1_addr, i32 %zext_ln10" [../code/rgb2gray.cpp:10]   --->   Operation 29 'writereq' 'empty_22' <Predicate = true> <Delay = 3.65> <CoreInst = "m_axi">   --->   Core 113 'm_axi' <Latency = 0> <II = 1> <Delay = 1.00> <Adapter> <Opcode : 'read' 'write' 'readreq' 'writereq' 'writeresp'>

State 4 <SV = 3> <Delay = 3.65>
ST_4 : Operation 30 [6/7] (3.65ns)   --->   "%empty_21 = readreq i1 @_ssdm_op_ReadReq.m_axi.p1i32, i64 %gmem0_addr, i32 %zext_ln10" [../code/rgb2gray.cpp:10]   --->   Operation 30 'readreq' 'empty_21' <Predicate = true> <Delay = 3.65> <CoreInst = "m_axi">   --->   Core 113 'm_axi' <Latency = 0> <II = 1> <Delay = 1.00> <Adapter> <Opcode : 'read' 'write' 'readreq' 'writereq' 'writeresp'>

State 5 <SV = 4> <Delay = 3.65>
ST_5 : Operation 31 [5/7] (3.65ns)   --->   "%empty_21 = readreq i1 @_ssdm_op_ReadReq.m_axi.p1i32, i64 %gmem0_addr, i32 %zext_ln10" [../code/rgb2gray.cpp:10]   --->   Operation 31 'readreq' 'empty_21' <Predicate = true> <Delay = 3.65> <CoreInst = "m_axi">   --->   Core 113 'm_axi' <Latency = 0> <II = 1> <Delay = 1.00> <Adapter> <Opcode : 'read' 'write' 'readreq' 'writereq' 'writeresp'>

State 6 <SV = 5> <Delay = 3.65>
ST_6 : Operation 32 [4/7] (3.65ns)   --->   "%empty_21 = readreq i1 @_ssdm_op_ReadReq.m_axi.p1i32, i64 %gmem0_addr, i32 %zext_ln10" [../code/rgb2gray.cpp:10]   --->   Operation 32 'readreq' 'empty_21' <Predicate = true> <Delay = 3.65> <CoreInst = "m_axi">   --->   Core 113 'm_axi' <Latency = 0> <II = 1> <Delay = 1.00> <Adapter> <Opcode : 'read' 'write' 'readreq' 'writereq' 'writeresp'>

State 7 <SV = 6> <Delay = 3.65>
ST_7 : Operation 33 [3/7] (3.65ns)   --->   "%empty_21 = readreq i1 @_ssdm_op_ReadReq.m_axi.p1i32, i64 %gmem0_addr, i32 %zext_ln10" [../code/rgb2gray.cpp:10]   --->   Operation 33 'readreq' 'empty_21' <Predicate = true> <Delay = 3.65> <CoreInst = "m_axi">   --->   Core 113 'm_axi' <Latency = 0> <II = 1> <Delay = 1.00> <Adapter> <Opcode : 'read' 'write' 'readreq' 'writereq' 'writeresp'>

State 8 <SV = 7> <Delay = 3.65>
ST_8 : Operation 34 [2/7] (3.65ns)   --->   "%empty_21 = readreq i1 @_ssdm_op_ReadReq.m_axi.p1i32, i64 %gmem0_addr, i32 %zext_ln10" [../code/rgb2gray.cpp:10]   --->   Operation 34 'readreq' 'empty_21' <Predicate = true> <Delay = 3.65> <CoreInst = "m_axi">   --->   Core 113 'm_axi' <Latency = 0> <II = 1> <Delay = 1.00> <Adapter> <Opcode : 'read' 'write' 'readreq' 'writereq' 'writeresp'>

State 9 <SV = 8> <Delay = 3.65>
ST_9 : Operation 35 [1/7] (3.65ns)   --->   "%empty_21 = readreq i1 @_ssdm_op_ReadReq.m_axi.p1i32, i64 %gmem0_addr, i32 %zext_ln10" [../code/rgb2gray.cpp:10]   --->   Operation 35 'readreq' 'empty_21' <Predicate = true> <Delay = 3.65> <CoreInst = "m_axi">   --->   Core 113 'm_axi' <Latency = 0> <II = 1> <Delay = 1.00> <Adapter> <Opcode : 'read' 'write' 'readreq' 'writereq' 'writeresp'>

State 10 <SV = 9> <Delay = 4.06>
ST_10 : Operation 36 [2/2] (4.06ns)   --->   "%call_ln3 = call void @rgb2gray_Pipeline_VITIS_LOOP_10_1, i8 %gmem1, i32 %gmem0, i64 %gray_read, i62 %trunc_ln, i32 %size_read" [../code/rgb2gray.cpp:3]   --->   Operation 36 'call' 'call_ln3' <Predicate = true> <Delay = 4.06> <CoreType = "Generic">   --->   Core 0 '' <Latency = 0> <II = 1> <Delay = 1.00> <Generic> <Opcode : >

State 11 <SV = 10> <Delay = 0.00>
ST_11 : Operation 37 [1/2] (0.00ns)   --->   "%call_ln3 = call void @rgb2gray_Pipeline_VITIS_LOOP_10_1, i8 %gmem1, i32 %gmem0, i64 %gray_read, i62 %trunc_ln, i32 %size_read" [../code/rgb2gray.cpp:3]   --->   Operation 37 'call' 'call_ln3' <Predicate = true> <Delay = 0.00> <CoreType = "Generic">   --->   Core 0 '' <Latency = 0> <II = 1> <Delay = 1.00> <Generic> <Opcode : >

State 12 <SV = 11> <Delay = 3.65>
ST_12 : Operation 38 [5/5] (3.65ns)   --->   "%empty_23 = writeresp i1 @_ssdm_op_WriteResp.m_axi.p1i8, i64 %gmem1_addr" [../code/rgb2gray.cpp:18]   --->   Operation 38 'writeresp' 'empty_23' <Predicate = true> <Delay = 3.65> <CoreInst = "m_axi">   --->   Core 113 'm_axi' <Latency = 0> <II = 1> <Delay = 1.00> <Adapter> <Opcode : 'read' 'write' 'readreq' 'writereq' 'writeresp'>

State 13 <SV = 12> <Delay = 3.65>
ST_13 : Operation 39 [4/5] (3.65ns)   --->   "%empty_23 = writeresp i1 @_ssdm_op_WriteResp.m_axi.p1i8, i64 %gmem1_addr" [../code/rgb2gray.cpp:18]   --->   Operation 39 'writeresp' 'empty_23' <Predicate = true> <Delay = 3.65> <CoreInst = "m_axi">   --->   Core 113 'm_axi' <Latency = 0> <II = 1> <Delay = 1.00> <Adapter> <Opcode : 'read' 'write' 'readreq' 'writereq' 'writeresp'>

State 14 <SV = 13> <Delay = 3.65>
ST_14 : Operation 40 [3/5] (3.65ns)   --->   "%empty_23 = writeresp i1 @_ssdm_op_WriteResp.m_axi.p1i8, i64 %gmem1_addr" [../code/rgb2gray.cpp:18]   --->   Operation 40 'writeresp' 'empty_23' <Predicate = true> <Delay = 3.65> <CoreInst = "m_axi">   --->   Core 113 'm_axi' <Latency = 0> <II = 1> <Delay = 1.00> <Adapter> <Opcode : 'read' 'write' 'readreq' 'writereq' 'writeresp'>

State 15 <SV = 14> <Delay = 3.65>
ST_15 : Operation 41 [2/5] (3.65ns)   --->   "%empty_23 = writeresp i1 @_ssdm_op_WriteResp.m_axi.p1i8, i64 %gmem1_addr" [../code/rgb2gray.cpp:18]   --->   Operation 41 'writeresp' 'empty_23' <Predicate = true> <Delay = 3.65> <CoreInst = "m_axi">   --->   Core 113 'm_axi' <Latency = 0> <II = 1> <Delay = 1.00> <Adapter> <Opcode : 'read' 'write' 'readreq' 'writereq' 'writeresp'>

State 16 <SV = 15> <Delay = 3.65>
ST_16 : Operation 42 [1/1] (0.00ns)   --->   "%spectopmodule_ln3 = spectopmodule void @_ssdm_op_SpecTopModule, void @empty_11" [../code/rgb2gray.cpp:3]   --->   Operation 42 'spectopmodule' 'spectopmodule_ln3' <Predicate = true> <Delay = 0.00>
ST_16 : Operation 43 [1/1] (0.00ns)   --->   "%specinterface_ln0 = specinterface void @_ssdm_op_SpecInterface, i32 %gmem0, void @empty, i32 0, i32 0, void @empty_0, i32 0, i32 4096, void @empty_1, void @empty_2, void @empty_0, i32 16, i32 16, i32 16, i32 16, void @empty_0, void @empty_0, i32 4294967295, i32 0"   --->   Operation 43 'specinterface' 'specinterface_ln0' <Predicate = true> <Delay = 0.00>
ST_16 : Operation 44 [1/1] (0.00ns)   --->   "%specbitsmap_ln0 = specbitsmap void @_ssdm_op_SpecBitsMap, i32 %gmem0"   --->   Operation 44 'specbitsmap' 'specbitsmap_ln0' <Predicate = true> <Delay = 0.00>
ST_16 : Operation 45 [1/1] (0.00ns)   --->   "%specinterface_ln0 = specinterface void @_ssdm_op_SpecInterface, i8 %gmem1, void @empty, i32 0, i32 0, void @empty_0, i32 0, i32 4096, void @empty_3, void @empty_2, void @empty_0, i32 16, i32 16, i32 16, i32 16, void @empty_0, void @empty_0, i32 4294967295, i32 0"   --->   Operation 45 'specinterface' 'specinterface_ln0' <Predicate = true> <Delay = 0.00>
ST_16 : Operation 46 [1/1] (0.00ns)   --->   "%specbitsmap_ln0 = specbitsmap void @_ssdm_op_SpecBitsMap, i8 %gmem1"   --->   Operation 46 'specbitsmap' 'specbitsmap_ln0' <Predicate = true> <Delay = 0.00>
ST_16 : Operation 47 [1/1] (0.00ns)   --->   "%specinterface_ln0 = specinterface void @_ssdm_op_SpecInterface, i64 %rgb, void @empty_4, i32 0, i32 0, void @empty_0, i32 0, i32 0, void @empty_5, void @empty_6, void @empty_0, i32 0, i32 0, i32 0, i32 0, void @empty_0, void @empty_7, i32 4294967295, i32 0"   --->   Operation 47 'specinterface' 'specinterface_ln0' <Predicate = true> <Delay = 0.00>
ST_16 : Operation 48 [1/1] (0.00ns)   --->   "%specinterface_ln0 = specinterface void @_ssdm_op_SpecInterface, i64 %rgb, void @empty_8, i32 0, i32 0, void @empty_0, i32 0, i32 0, void @empty_0, void @empty_0, void @empty_0, i32 0, i32 0, i32 0, i32 0, void @empty_0, void @empty_7, i32 4294967295, i32 0"   --->   Operation 48 'specinterface' 'specinterface_ln0' <Predicate = true> <Delay = 0.00>
ST_16 : Operation 49 [1/1] (0.00ns)   --->   "%specinterface_ln0 = specinterface void @_ssdm_op_SpecInterface, i64 %gray, void @empty_4, i32 0, i32 0, void @empty_0, i32 0, i32 0, void @empty_5, void @empty_9, void @empty_0, i32 0, i32 0, i32 0, i32 0, void @empty_0, void @empty_7, i32 4294967295, i32 0"   --->   Operation 49 'specinterface' 'specinterface_ln0' <Predicate = true> <Delay = 0.00>
ST_16 : Operation 50 [1/1] (0.00ns)   --->   "%specinterface_ln0 = specinterface void @_ssdm_op_SpecInterface, i64 %gray, void @empty_8, i32 0, i32 0, void @empty_0, i32 0, i32 0, void @empty_0, void @empty_0, void @empty_0, i32 0, i32 0, i32 0, i32 0, void @empty_0, void @empty_7, i32 4294967295, i32 0"   --->   Operation 50 'specinterface' 'specinterface_ln0' <Predicate = true> <Delay = 0.00>
ST_16 : Operation 51 [1/1] (0.00ns)   --->   "%specbitsmap_ln0 = specbitsmap void @_ssdm_op_SpecBitsMap, i32 %size"   --->   Operation 51 'specbitsmap' 'specbitsmap_ln0' <Predicate = true> <Delay = 0.00>
ST_16 : Operation 52 [1/1] (0.00ns)   --->   "%specinterface_ln0 = specinterface void @_ssdm_op_SpecInterface, i32 %size, void @empty_4, i32 0, i32 0, void @empty_0, i32 0, i32 0, void @empty_5, void @empty_10, void @empty_0, i32 0, i32 0, i32 0, i32 0, void @empty_0, void @empty_0, i32 4294967295, i32 0"   --->   Operation 52 'specinterface' 'specinterface_ln0' <Predicate = true> <Delay = 0.00>
ST_16 : Operation 53 [1/1] (0.00ns)   --->   "%specinterface_ln0 = specinterface void @_ssdm_op_SpecInterface, i32 %size, void @empty_8, i32 0, i32 0, void @empty_0, i32 0, i32 0, void @empty_0, void @empty_0, void @empty_0, i32 0, i32 0, i32 0, i32 0, void @empty_0, void @empty_0, i32 4294967295, i32 0"   --->   Operation 53 'specinterface' 'specinterface_ln0' <Predicate = true> <Delay = 0.00>
ST_16 : Operation 54 [1/1] (0.00ns)   --->   "%specinterface_ln0 = specinterface void @_ssdm_op_SpecInterface, i32 0, void @empty_4, i32 0, i32 0, void @empty_0, i32 0, i32 0, void @empty_5, void @empty_0, void @empty_0, i32 0, i32 0, i32 0, i32 0, void @empty_0, void @empty_0, i32 4294967295, i32 0"   --->   Operation 54 'specinterface' 'specinterface_ln0' <Predicate = true> <Delay = 0.00>
ST_16 : Operation 55 [1/5] (3.65ns)   --->   "%empty_23 = writeresp i1 @_ssdm_op_WriteResp.m_axi.p1i8, i64 %gmem1_addr" [../code/rgb2gray.cpp:18]   --->   Operation 55 'writeresp' 'empty_23' <Predicate = true> <Delay = 3.65> <CoreInst = "m_axi">   --->   Core 113 'm_axi' <Latency = 0> <II = 1> <Delay = 1.00> <Adapter> <Opcode : 'read' 'write' 'readreq' 'writereq' 'writeresp'>
ST_16 : Operation 56 [1/1] (0.00ns)   --->   "%ret_ln18 = ret" [../code/rgb2gray.cpp:18]   --->   Operation 56 'ret' 'ret_ln18' <Predicate = true> <Delay = 0.00>


============================================================
+ Verbose Summary: Binding
============================================================
STG Binding: 
---------------- STG Properties BEGIN ----------------
- Is combinational: 0
- Is one-state seq: 0
- Is datapath-only: 0
- Is pipelined: 0
- Is top level: 1
Port [ Return ] is wired: 1; IO mode=ap_ctrl_hs:ce=0
Port [ gmem0]:  wired=1; compound=1; hidden=0; nouse=0; global=0; static=0; extern=0; dir=0; type=4; pingpong=0; private_global=0; IO mode=m_axi:ce=0
Port [ gmem1]:  wired=1; compound=1; hidden=0; nouse=0; global=0; static=0; extern=0; dir=1; type=4; pingpong=0; private_global=0; IO mode=m_axi:ce=0
Port [ rgb]:  wired=1; compound=0; hidden=0; nouse=0; global=0; static=0; extern=0; dir=0; type=0; pingpong=0; private_global=0; IO mode=ap_none:ce=0
Port [ gray]:  wired=1; compound=0; hidden=0; nouse=0; global=0; static=0; extern=0; dir=0; type=0; pingpong=0; private_global=0; IO mode=ap_none:ce=0
Port [ size]:  wired=1; compound=0; hidden=0; nouse=0; global=0; static=0; extern=0; dir=0; type=0; pingpong=0; private_global=0; IO mode=ap_none:ce=0
---------------- STG Properties END ------------------

---------------- Datapath Model BEGIN ----------------

<LifeTime>
<method=bitvector/>
size_read         (read         ) [ 00111111111100000]
gray_read         (read         ) [ 00111111111100000]
rgb_read          (read         ) [ 00000000000000000]
trunc_ln3         (trunc        ) [ 00100000000000000]
trunc_ln          (partselect   ) [ 00111111111100000]
icmp_ln10         (icmp         ) [ 00000000000000000]
empty             (select       ) [ 00010000000000000]
sext_ln10         (sext         ) [ 00000000000000000]
gmem0_addr        (getelementptr) [ 00001111110000000]
zext_ln10         (zext         ) [ 00001111110000000]
gmem1_addr        (getelementptr) [ 00001111111111111]
empty_22          (writereq     ) [ 00000000000000000]
empty_21          (readreq      ) [ 00000000000000000]
call_ln3          (call         ) [ 00000000000000000]
spectopmodule_ln3 (spectopmodule) [ 00000000000000000]
specinterface_ln0 (specinterface) [ 00000000000000000]
specbitsmap_ln0   (specbitsmap  ) [ 00000000000000000]
specinterface_ln0 (specinterface) [ 00000000000000000]
specbitsmap_ln0   (specbitsmap  ) [ 00000000000000000]
specinterface_ln0 (specinterface) [ 00000000000000000]
specinterface_ln0 (specinterface) [ 00000000000000000]
specinterface_ln0 (specinterface) [ 00000000000000000]
specinterface_ln0 (specinterface) [ 00000000000000000]
specbitsmap_ln0   (specbitsmap  ) [ 00000000000000000]
specinterface_ln0 (specinterface) [ 00000000000000000]
specinterface_ln0 (specinterface) [ 00000000000000000]
specinterface_ln0 (specinterface) [ 00000000000000000]
empty_23          (writeresp    ) [ 00000000000000000]
ret_ln18          (ret          ) [ 00000000000000000]
</LifeTime>

<model>

<comp_list>
<comp id="0" class="1000" name="gmem0">
<pin_list>
<pin id="1" dir="1" index="0" bw="1" slack="0"/>
</pin_list>
<bind>
<StgValue><ssdm name="gmem0"/></StgValue>
</bind>
</comp>

<comp id="2" class="1000" name="gmem1">
<pin_list>
<pin id="3" dir="1" index="0" bw="1" slack="0"/>
</pin_list>
<bind>
<StgValue><ssdm name="gmem1"/></StgValue>
</bind>
</comp>

<comp id="4" class="1000" name="rgb">
<pin_list>
<pin id="5" dir="1" index="0" bw="1" slack="0"/>
</pin_list>
<bind>
<StgValue><ssdm name="rgb"/></StgValue>
</bind>
</comp>

<comp id="6" class="1000" name="gray">
<pin_list>
<pin id="7" dir="1" index="0" bw="1" slack="0"/>
</pin_list>
<bind>
<StgValue><ssdm name="gray"/></StgValue>
</bind>
</comp>

<comp id="8" class="1000" name="size">
<pin_list>
<pin id="9" dir="1" index="0" bw="1" slack="0"/>
</pin_list>
<bind>
<StgValue><ssdm name="size"/></StgValue>
</bind>
</comp>

<comp id="10" class="1001" name="const_10">
<pin_list>
<pin id="11" dir="1" index="0" bw="1" slack="0"/>
</pin_list>
<bind>
<StgValue><ssdm name="_ssdm_op_Read.s_axilite.i32"/></StgValue>
</bind>
</comp>

<comp id="12" class="1001" name="const_12">
<pin_list>
<pin id="13" dir="1" index="0" bw="1" slack="0"/>
</pin_list>
<bind>
<StgValue><ssdm name="_ssdm_op_Read.s_axilite.i64"/></StgValue>
</bind>
</comp>

<comp id="14" class="1001" name="const_14">
<pin_list>
<pin id="15" dir="1" index="0" bw="1" slack="0"/>
</pin_list>
<bind>
<StgValue><ssdm name="_ssdm_op_PartSelect.i62.i64.i32.i32"/></StgValue>
</bind>
</comp>

<comp id="16" class="1001" name="const_16">
<pin_list>
<pin id="17" dir="1" index="0" bw="1" slack="0"/>
</pin_list>
<bind>
<StgValue><ssdm name=""/></StgValue>
</bind>
</comp>

<comp id="18" class="1001" name="const_18">
<pin_list>
<pin id="19" dir="1" index="0" bw="1" slack="0"/>
</pin_list>
<bind>
<StgValue><ssdm name=""/></StgValue>
</bind>
</comp>

<comp id="20" class="1001" name="const_20">
<pin_list>
<pin id="21" dir="1" index="0" bw="1" slack="0"/>
</pin_list>
<bind>
<StgValue><ssdm name=""/></StgValue>
</bind>
</comp>

<comp id="22" class="1001" name="const_22">
<pin_list>
<pin id="23" dir="1" index="0" bw="1" slack="0"/>
</pin_list>
<bind>
<StgValue><ssdm name=""/></StgValue>
</bind>
</comp>

<comp id="24" class="1001" name="const_24">
<pin_list>
<pin id="25" dir="1" index="0" bw="1" slack="0"/>
</pin_list>
<bind>
<StgValue><ssdm name="_ssdm_op_ReadReq.m_axi.p1i32"/></StgValue>
</bind>
</comp>

<comp id="26" class="1001" name="const_26">
<pin_list>
<pin id="27" dir="1" index="0" bw="1" slack="0"/>
</pin_list>
<bind>
<StgValue><ssdm name="_ssdm_op_WriteReq.m_axi.p1i8"/></StgValue>
</bind>
</comp>

<comp id="28" class="1001" name="const_28">
<pin_list>
<pin id="29" dir="1" index="0" bw="1" slack="0"/>
</pin_list>
<bind>
<StgValue><ssdm name="rgb2gray_Pipeline_VITIS_LOOP_10_1"/></StgValue>
</bind>
</comp>

<comp id="30" class="1001" name="const_30">
<pin_list>
<pin id="31" dir="1" index="0" bw="1" slack="0"/>
</pin_list>
<bind>
<StgValue><ssdm name="_ssdm_op_WriteResp.m_axi.p1i8"/></StgValue>
</bind>
</comp>

<comp id="32" class="1001" name="const_32">
<pin_list>
<pin id="33" dir="1" index="0" bw="1" slack="2147483647"/>
</pin_list>
<bind>
<StgValue><ssdm name="_ssdm_op_SpecTopModule"/></StgValue>
</bind>
</comp>

<comp id="34" class="1001" name="const_34">
<pin_list>
<pin id="35" dir="1" index="0" bw="1" slack="2147483647"/>
</pin_list>
<bind>
<StgValue><ssdm name="empty_11"/></StgValue>
</bind>
</comp>

<comp id="36" class="1001" name="const_36">
<pin_list>
<pin id="37" dir="1" index="0" bw="1" slack="2147483647"/>
</pin_list>
<bind>
<StgValue><ssdm name="_ssdm_op_SpecInterface"/></StgValue>
</bind>
</comp>

<comp id="38" class="1001" name="const_38">
<pin_list>
<pin id="39" dir="1" index="0" bw="1" slack="2147483647"/>
</pin_list>
<bind>
<StgValue><ssdm name="empty"/></StgValue>
</bind>
</comp>

<comp id="40" class="1001" name="const_40">
<pin_list>
<pin id="41" dir="1" index="0" bw="1" slack="2147483647"/>
</pin_list>
<bind>
<StgValue><ssdm name="empty_0"/></StgValue>
</bind>
</comp>

<comp id="42" class="1001" name="const_42">
<pin_list>
<pin id="43" dir="1" index="0" bw="1" slack="2147483647"/>
</pin_list>
<bind>
<StgValue><ssdm name=""/></StgValue>
</bind>
</comp>

<comp id="44" class="1001" name="const_44">
<pin_list>
<pin id="45" dir="1" index="0" bw="1" slack="2147483647"/>
</pin_list>
<bind>
<StgValue><ssdm name="empty_1"/></StgValue>
</bind>
</comp>

<comp id="46" class="1001" name="const_46">
<pin_list>
<pin id="47" dir="1" index="0" bw="1" slack="2147483647"/>
</pin_list>
<bind>
<StgValue><ssdm name="empty_2"/></StgValue>
</bind>
</comp>

<comp id="48" class="1001" name="const_48">
<pin_list>
<pin id="49" dir="1" index="0" bw="1" slack="2147483647"/>
</pin_list>
<bind>
<StgValue><ssdm name=""/></StgValue>
</bind>
</comp>

<comp id="50" class="1001" name="const_50">
<pin_list>
<pin id="51" dir="1" index="0" bw="1" slack="2147483647"/>
</pin_list>
<bind>
<StgValue><ssdm name=""/></StgValue>
</bind>
</comp>

<comp id="52" class="1001" name="const_52">
<pin_list>
<pin id="53" dir="1" index="0" bw="1" slack="2147483647"/>
</pin_list>
<bind>
<StgValue><ssdm name="_ssdm_op_SpecBitsMap"/></StgValue>
</bind>
</comp>

<comp id="54" class="1001" name="const_54">
<pin_list>
<pin id="55" dir="1" index="0" bw="1" slack="2147483647"/>
</pin_list>
<bind>
<StgValue><ssdm name="empty_3"/></StgValue>
</bind>
</comp>

<comp id="56" class="1001" name="const_56">
<pin_list>
<pin id="57" dir="1" index="0" bw="1" slack="2147483647"/>
</pin_list>
<bind>
<StgValue><ssdm name="empty_4"/></StgValue>
</bind>
</comp>

<comp id="58" class="1001" name="const_58">
<pin_list>
<pin id="59" dir="1" index="0" bw="1" slack="2147483647"/>
</pin_list>
<bind>
<StgValue><ssdm name="empty_5"/></StgValue>
</bind>
</comp>

<comp id="60" class="1001" name="const_60">
<pin_list>
<pin id="61" dir="1" index="0" bw="1" slack="2147483647"/>
</pin_list>
<bind>
<StgValue><ssdm name="empty_6"/></StgValue>
</bind>
</comp>

<comp id="62" class="1001" name="const_62">
<pin_list>
<pin id="63" dir="1" index="0" bw="1" slack="2147483647"/>
</pin_list>
<bind>
<StgValue><ssdm name="empty_7"/></StgValue>
</bind>
</comp>

<comp id="64" class="1001" name="const_64">
<pin_list>
<pin id="65" dir="1" index="0" bw="1" slack="2147483647"/>
</pin_list>
<bind>
<StgValue><ssdm name="empty_8"/></StgValue>
</bind>
</comp>

<comp id="66" class="1001" name="const_66">
<pin_list>
<pin id="67" dir="1" index="0" bw="1" slack="2147483647"/>
</pin_list>
<bind>
<StgValue><ssdm name="empty_9"/></StgValue>
</bind>
</comp>

<comp id="68" class="1001" name="const_68">
<pin_list>
<pin id="69" dir="1" index="0" bw="1" slack="2147483647"/>
</pin_list>
<bind>
<StgValue><ssdm name="empty_10"/></StgValue>
</bind>
</comp>

<comp id="70" class="1004" name="size_read_read_fu_70">
<pin_list>
<pin id="71" dir="0" index="0" bw="32" slack="0"/>
<pin id="72" dir="0" index="1" bw="32" slack="0"/>
<pin id="73" dir="1" index="2" bw="32" slack="0"/>
</pin_list>
<bind>
<opcode="read(1150) " fcode="read"/>
<opset="size_read/1 "/>
</bind>
</comp>

<comp id="76" class="1004" name="gray_read_read_fu_76">
<pin_list>
<pin id="77" dir="0" index="0" bw="64" slack="0"/>
<pin id="78" dir="0" index="1" bw="64" slack="0"/>
<pin id="79" dir="1" index="2" bw="64" slack="2"/>
</pin_list>
<bind>
<opcode="read(1150) " fcode="read"/>
<opset="gray_read/1 "/>
</bind>
</comp>

<comp id="82" class="1004" name="rgb_read_read_fu_82">
<pin_list>
<pin id="83" dir="0" index="0" bw="64" slack="0"/>
<pin id="84" dir="0" index="1" bw="64" slack="0"/>
<pin id="85" dir="1" index="2" bw="64" slack="0"/>
</pin_list>
<bind>
<opcode="read(1150) " fcode="read"/>
<opset="rgb_read/1 "/>
</bind>
</comp>

<comp id="88" class="1004" name="grp_readreq_fu_88">
<pin_list>
<pin id="89" dir="0" index="0" bw="1" slack="0"/>
<pin id="90" dir="0" index="1" bw="32" slack="0"/>
<pin id="91" dir="0" index="2" bw="31" slack="0"/>
<pin id="92" dir="1" index="3" bw="1" slack="2147483647"/>
</pin_list>
<bind>
<opcode="readreq(1154) " fcode="readreq"/>
<opset="empty_21/3 "/>
</bind>
</comp>

<comp id="94" class="1004" name="grp_writeresp_fu_94">
<pin_list>
<pin id="95" dir="0" index="0" bw="1" slack="0"/>
<pin id="96" dir="0" index="1" bw="8" slack="0"/>
<pin id="97" dir="0" index="2" bw="31" slack="0"/>
<pin id="98" dir="1" index="3" bw="1" slack="2147483647"/>
</pin_list>
<bind>
<opcode="writereq(1155) writeresp(1158) " fcode="writeresp"/>
<opset="empty_22/3 empty_23/12 "/>
</bind>
</comp>

<comp id="101" class="1004" name="grp_rgb2gray_Pipeline_VITIS_LOOP_10_1_fu_101">
<pin_list>
<pin id="102" dir="0" index="0" bw="0" slack="0"/>
<pin id="103" dir="0" index="1" bw="8" slack="0"/>
<pin id="104" dir="0" index="2" bw="32" slack="0"/>
<pin id="105" dir="0" index="3" bw="64" slack="9"/>
<pin id="106" dir="0" index="4" bw="62" slack="9"/>
<pin id="107" dir="0" index="5" bw="32" slack="9"/>
<pin id="108" dir="1" index="6" bw="0" slack="2147483647"/>
</pin_list>
<bind>
<opcode="call(48) " fcode="call"/>
<opset="call_ln3/10 "/>
</bind>
</comp>

<comp id="112" class="1004" name="trunc_ln3_fu_112">
<pin_list>
<pin id="113" dir="0" index="0" bw="32" slack="0"/>
<pin id="114" dir="1" index="1" bw="31" slack="1"/>
</pin_list>
<bind>
<opcode="trunc(33) " fcode="trunc"/>
<opset="trunc_ln3/1 "/>
</bind>
</comp>

<comp id="116" class="1004" name="trunc_ln_fu_116">
<pin_list>
<pin id="117" dir="0" index="0" bw="62" slack="0"/>
<pin id="118" dir="0" index="1" bw="64" slack="0"/>
<pin id="119" dir="0" index="2" bw="3" slack="0"/>
<pin id="120" dir="0" index="3" bw="7" slack="0"/>
<pin id="121" dir="1" index="4" bw="62" slack="2"/>
</pin_list>
<bind>
<opcode="partselect(1002) " fcode="partselect"/>
<opset="trunc_ln/1 "/>
</bind>
</comp>

<comp id="126" class="1004" name="icmp_ln10_fu_126">
<pin_list>
<pin id="127" dir="0" index="0" bw="32" slack="1"/>
<pin id="128" dir="0" index="1" bw="32" slack="0"/>
<pin id="129" dir="1" index="2" bw="1" slack="0"/>
</pin_list>
<bind>
<opcode="icmp(45) " fcode="icmp"/>
<opset="icmp_ln10/2 "/>
</bind>
</comp>

<comp id="131" class="1004" name="empty_fu_131">
<pin_list>
<pin id="132" dir="0" index="0" bw="1" slack="0"/>
<pin id="133" dir="0" index="1" bw="31" slack="1"/>
<pin id="134" dir="0" index="2" bw="31" slack="0"/>
<pin id="135" dir="1" index="3" bw="31" slack="1"/>
</pin_list>
<bind>
<opcode="select(49) " fcode="select"/>
<opset="empty/2 "/>
</bind>
</comp>

<comp id="138" class="1004" name="sext_ln10_fu_138">
<pin_list>
<pin id="139" dir="0" index="0" bw="62" slack="2"/>
<pin id="140" dir="1" index="1" bw="64" slack="0"/>
</pin_list>
<bind>
<opcode="sext(35) " fcode="sext"/>
<opset="sext_ln10/3 "/>
</bind>
</comp>

<comp id="141" class="1004" name="gmem0_addr_fu_141">
<pin_list>
<pin id="142" dir="0" index="0" bw="64" slack="0"/>
<pin id="143" dir="0" index="1" bw="64" slack="0"/>
<pin id="144" dir="1" index="2" bw="64" slack="0"/>
</pin_list>
<bind>
<opcode="getelementptr(29) " fcode="getelementptr"/>
<opset="gmem0_addr/3 "/>
</bind>
</comp>

<comp id="148" class="1004" name="zext_ln10_fu_148">
<pin_list>
<pin id="149" dir="0" index="0" bw="31" slack="1"/>
<pin id="150" dir="1" index="1" bw="32" slack="0"/>
</pin_list>
<bind>
<opcode="zext(34) " fcode="zext"/>
<opset="zext_ln10/3 "/>
</bind>
</comp>

<comp id="153" class="1004" name="gmem1_addr_fu_153">
<pin_list>
<pin id="154" dir="0" index="0" bw="64" slack="0"/>
<pin id="155" dir="0" index="1" bw="64" slack="2"/>
<pin id="156" dir="1" index="2" bw="64" slack="0"/>
</pin_list>
<bind>
<opcode="getelementptr(29) " fcode="getelementptr"/>
<opset="gmem1_addr/3 "/>
</bind>
</comp>

<comp id="159" class="1005" name="size_read_reg_159">
<pin_list>
<pin id="160" dir="0" index="0" bw="32" slack="1"/>
<pin id="161" dir="1" index="1" bw="32" slack="1"/>
</pin_list>
<bind>
<opset="size_read "/>
</bind>
</comp>

<comp id="165" class="1005" name="gray_read_reg_165">
<pin_list>
<pin id="166" dir="0" index="0" bw="64" slack="2"/>
<pin id="167" dir="1" index="1" bw="64" slack="2"/>
</pin_list>
<bind>
<opset="gray_read "/>
</bind>
</comp>

<comp id="171" class="1005" name="trunc_ln3_reg_171">
<pin_list>
<pin id="172" dir="0" index="0" bw="31" slack="1"/>
<pin id="173" dir="1" index="1" bw="31" slack="1"/>
</pin_list>
<bind>
<opset="trunc_ln3 "/>
</bind>
</comp>

<comp id="176" class="1005" name="trunc_ln_reg_176">
<pin_list>
<pin id="177" dir="0" index="0" bw="62" slack="2"/>
<pin id="178" dir="1" index="1" bw="62" slack="2"/>
</pin_list>
<bind>
<opset="trunc_ln "/>
</bind>
</comp>

<comp id="182" class="1005" name="empty_reg_182">
<pin_list>
<pin id="183" dir="0" index="0" bw="31" slack="1"/>
<pin id="184" dir="1" index="1" bw="31" slack="1"/>
</pin_list>
<bind>
<opset="empty "/>
</bind>
</comp>

<comp id="187" class="1005" name="gmem0_addr_reg_187">
<pin_list>
<pin id="188" dir="0" index="0" bw="32" slack="1"/>
<pin id="189" dir="1" index="1" bw="32" slack="1"/>
</pin_list>
<bind>
<opset="gmem0_addr "/>
</bind>
</comp>

<comp id="192" class="1005" name="zext_ln10_reg_192">
<pin_list>
<pin id="193" dir="0" index="0" bw="32" slack="1"/>
<pin id="194" dir="1" index="1" bw="32" slack="1"/>
</pin_list>
<bind>
<opset="zext_ln10 "/>
</bind>
</comp>

<comp id="197" class="1005" name="gmem1_addr_reg_197">
<pin_list>
<pin id="198" dir="0" index="0" bw="8" slack="9"/>
<pin id="199" dir="1" index="1" bw="8" slack="9"/>
</pin_list>
<bind>
<opset="gmem1_addr "/>
</bind>
</comp>

</comp_list>

<net_list>
<net id="74"><net_src comp="10" pin="0"/><net_sink comp="70" pin=0"/></net>

<net id="75"><net_src comp="8" pin="0"/><net_sink comp="70" pin=1"/></net>

<net id="80"><net_src comp="12" pin="0"/><net_sink comp="76" pin=0"/></net>

<net id="81"><net_src comp="6" pin="0"/><net_sink comp="76" pin=1"/></net>

<net id="86"><net_src comp="12" pin="0"/><net_sink comp="82" pin=0"/></net>

<net id="87"><net_src comp="4" pin="0"/><net_sink comp="82" pin=1"/></net>

<net id="93"><net_src comp="24" pin="0"/><net_sink comp="88" pin=0"/></net>

<net id="99"><net_src comp="26" pin="0"/><net_sink comp="94" pin=0"/></net>

<net id="100"><net_src comp="30" pin="0"/><net_sink comp="94" pin=0"/></net>

<net id="109"><net_src comp="28" pin="0"/><net_sink comp="101" pin=0"/></net>

<net id="110"><net_src comp="2" pin="0"/><net_sink comp="101" pin=1"/></net>

<net id="111"><net_src comp="0" pin="0"/><net_sink comp="101" pin=2"/></net>

<net id="115"><net_src comp="70" pin="2"/><net_sink comp="112" pin=0"/></net>

<net id="122"><net_src comp="14" pin="0"/><net_sink comp="116" pin=0"/></net>

<net id="123"><net_src comp="82" pin="2"/><net_sink comp="116" pin=1"/></net>

<net id="124"><net_src comp="16" pin="0"/><net_sink comp="116" pin=2"/></net>

<net id="125"><net_src comp="18" pin="0"/><net_sink comp="116" pin=3"/></net>

<net id="130"><net_src comp="20" pin="0"/><net_sink comp="126" pin=1"/></net>

<net id="136"><net_src comp="126" pin="2"/><net_sink comp="131" pin=0"/></net>

<net id="137"><net_src comp="22" pin="0"/><net_sink comp="131" pin=2"/></net>

<net id="145"><net_src comp="0" pin="0"/><net_sink comp="141" pin=0"/></net>

<net id="146"><net_src comp="138" pin="1"/><net_sink comp="141" pin=1"/></net>

<net id="147"><net_src comp="141" pin="2"/><net_sink comp="88" pin=1"/></net>

<net id="151"><net_src comp="148" pin="1"/><net_sink comp="88" pin=2"/></net>

<net id="152"><net_src comp="148" pin="1"/><net_sink comp="94" pin=2"/></net>

<net id="157"><net_src comp="2" pin="0"/><net_sink comp="153" pin=0"/></net>

<net id="158"><net_src comp="153" pin="2"/><net_sink comp="94" pin=1"/></net>

<net id="162"><net_src comp="70" pin="2"/><net_sink comp="159" pin=0"/></net>

<net id="163"><net_src comp="159" pin="1"/><net_sink comp="126" pin=0"/></net>

<net id="164"><net_src comp="159" pin="1"/><net_sink comp="101" pin=5"/></net>

<net id="168"><net_src comp="76" pin="2"/><net_sink comp="165" pin=0"/></net>

<net id="169"><net_src comp="165" pin="1"/><net_sink comp="153" pin=1"/></net>

<net id="170"><net_src comp="165" pin="1"/><net_sink comp="101" pin=3"/></net>

<net id="174"><net_src comp="112" pin="1"/><net_sink comp="171" pin=0"/></net>

<net id="175"><net_src comp="171" pin="1"/><net_sink comp="131" pin=1"/></net>

<net id="179"><net_src comp="116" pin="4"/><net_sink comp="176" pin=0"/></net>

<net id="180"><net_src comp="176" pin="1"/><net_sink comp="138" pin=0"/></net>

<net id="181"><net_src comp="176" pin="1"/><net_sink comp="101" pin=4"/></net>

<net id="185"><net_src comp="131" pin="3"/><net_sink comp="182" pin=0"/></net>

<net id="186"><net_src comp="182" pin="1"/><net_sink comp="148" pin=0"/></net>

<net id="190"><net_src comp="141" pin="2"/><net_sink comp="187" pin=0"/></net>

<net id="191"><net_src comp="187" pin="1"/><net_sink comp="88" pin=1"/></net>

<net id="195"><net_src comp="148" pin="1"/><net_sink comp="192" pin=0"/></net>

<net id="196"><net_src comp="192" pin="1"/><net_sink comp="88" pin=2"/></net>

<net id="200"><net_src comp="153" pin="2"/><net_sink comp="197" pin=0"/></net>

<net id="201"><net_src comp="197" pin="1"/><net_sink comp="94" pin=1"/></net>

</net_list>

</model> 
---------------- Datapath Model END ------------------

* FSMD analyzer results:
  - Output states:
	Port: gmem1 | {3 10 11 12 13 14 15 16 }
 - Input state : 
	Port: rgb2gray : gmem0 | {3 4 5 6 7 8 9 10 11 }
	Port: rgb2gray : rgb | {1 }
	Port: rgb2gray : gray | {1 }
	Port: rgb2gray : size | {1 }
  - Chain level:
	State 1
	State 2
		empty : 1
	State 3
		gmem0_addr : 1
		empty_21 : 2
		empty_22 : 1
	State 4
	State 5
	State 6
	State 7
	State 8
	State 9
	State 10
	State 11
	State 12
	State 13
	State 14
	State 15
	State 16


============================================================
+ Verbose Summary: Datapath Resource usage 
============================================================

* Functional unit list:
|----------|----------------------------------------------|---------|---------|---------|---------|
| Operation|                Functional Unit               |   DSP   |  Delay  |    FF   |   LUT   |
|----------|----------------------------------------------|---------|---------|---------|---------|
|   call   | grp_rgb2gray_Pipeline_VITIS_LOOP_10_1_fu_101 |    6    |  6.4713 |   470   |   111   |
|----------|----------------------------------------------|---------|---------|---------|---------|
|  select  |                 empty_fu_131                 |    0    |    0    |    0    |    31   |
|----------|----------------------------------------------|---------|---------|---------|---------|
|   icmp   |               icmp_ln10_fu_126               |    0    |    0    |    0    |    18   |
|----------|----------------------------------------------|---------|---------|---------|---------|
|          |             size_read_read_fu_70             |    0    |    0    |    0    |    0    |
|   read   |             gray_read_read_fu_76             |    0    |    0    |    0    |    0    |
|          |              rgb_read_read_fu_82             |    0    |    0    |    0    |    0    |
|----------|----------------------------------------------|---------|---------|---------|---------|
|  readreq |               grp_readreq_fu_88              |    0    |    0    |    0    |    0    |
|----------|----------------------------------------------|---------|---------|---------|---------|
| writeresp|              grp_writeresp_fu_94             |    0    |    0    |    0    |    0    |
|----------|----------------------------------------------|---------|---------|---------|---------|
|   trunc  |               trunc_ln3_fu_112               |    0    |    0    |    0    |    0    |
|----------|----------------------------------------------|---------|---------|---------|---------|
|partselect|                trunc_ln_fu_116               |    0    |    0    |    0    |    0    |
|----------|----------------------------------------------|---------|---------|---------|---------|
|   sext   |               sext_ln10_fu_138               |    0    |    0    |    0    |    0    |
|----------|----------------------------------------------|---------|---------|---------|---------|
|   zext   |               zext_ln10_fu_148               |    0    |    0    |    0    |    0    |
|----------|----------------------------------------------|---------|---------|---------|---------|
|   Total  |                                              |    6    |  6.4713 |   470   |   160   |
|----------|----------------------------------------------|---------|---------|---------|---------|

Memories:
N/A

* Register list:
+------------------+--------+
|                  |   FF   |
+------------------+--------+
|   empty_reg_182  |   31   |
|gmem0_addr_reg_187|   32   |
|gmem1_addr_reg_197|    8   |
| gray_read_reg_165|   64   |
| size_read_reg_159|   32   |
| trunc_ln3_reg_171|   31   |
| trunc_ln_reg_176 |   62   |
| zext_ln10_reg_192|   32   |
+------------------+--------+
|       Total      |   292  |
+------------------+--------+

* Multiplexer (MUX) list: 
|---------------------|------|------|------|--------||---------||---------|
|         Comp        |  Pin | Size |  BW  | S x BW ||  Delay  ||   LUT   |
|---------------------|------|------|------|--------||---------||---------|
|  grp_readreq_fu_88  |  p1  |   2  |  32  |   64   ||    9    |
|  grp_readreq_fu_88  |  p2  |   2  |  31  |   62   ||    9    |
| grp_writeresp_fu_94 |  p0  |   2  |   1  |    2   |
| grp_writeresp_fu_94 |  p1  |   2  |   8  |   16   ||    9    |
|---------------------|------|------|------|--------||---------||---------|
|        Total        |      |      |      |   144  ||  6.352  ||    27   |
|---------------------|------|------|------|--------||---------||---------|



* Summary:
+-----------+--------+--------+--------+--------+
|           |   DSP  |  Delay |   FF   |   LUT  |
+-----------+--------+--------+--------+--------+
|  Function |    6   |    6   |   470  |   160  |
|   Memory  |    -   |    -   |    -   |    -   |
|Multiplexer|    -   |    6   |    -   |   27   |
|  Register |    -   |    -   |   292  |    -   |
+-----------+--------+--------+--------+--------+
|   Total   |    6   |   12   |   762  |   187  |
+-----------+--------+--------+--------+--------+
