Vector Subtract-1 Test Started
Vector size: 256 elements
调用vector_add函数（现在是减1功能）
All results correct!
Vivado Simulator v2022.2.2
Copyright 1986-1999, 2001-2022 Xilinx, Inc. All Rights Reserved.
Running: /opt/Xilinx/Vivado/2022.2/bin/unwrapped/lnx64.o/xelab xil_defaultlib.apatb_vector_add_top glbl -Oenable_linking_all_libraries -prj vector_add.prj -L smartconnect_v1_0 -L axi_protocol_checker_v1_1_12 -L axi_protocol_checker_v1_1_13 -L axis_protocol_checker_v1_1_11 -L axis_protocol_checker_v1_1_12 -L xil_defaultlib -L unisims_ver -L xpm -L floating_point_v7_1_15 -L floating_point_v7_0_20 --lib ieee_proposed=./ieee_proposed -s vector_add 
Multi-threading is on. Using 30 slave threads.
WARNING: [XSIM 43-3431] One or more environment variables have been detected which affect the operation of the C compiler. These are typically not set in standard installations and are not tested by Xilinx, however they may be appropriate for your system, so the flow will attempt to continue.  If errors occur, try running xelab with the "-mt off -v 1" switches to see more information from the C compiler. The following environment variables have been detected:
    LIBRARY_PATH
INFO: [VRFC 10-2263] Analyzing SystemVerilog file "/home/fyt/A/teach_bili/course_1/build/vector_add_prj/solution1/sim/verilog/glbl.v" into library work
INFO: [VRFC 10-311] analyzing module glbl
INFO: [VRFC 10-2263] Analyzing SystemVerilog file "/home/fyt/A/teach_bili/course_1/build/vector_add_prj/solution1/sim/verilog/vector_add_vector_add_Pipeline_VITIS_LOOP_13_1.v" into library xil_defaultlib
INFO: [VRFC 10-311] analyzing module vector_add_vector_add_Pipeline_VITIS_LOOP_13_1
INFO: [VRFC 10-2263] Analyzing SystemVerilog file "/home/fyt/A/teach_bili/course_1/build/vector_add_prj/solution1/sim/verilog/AESL_axi_master_gmem0.v" into library xil_defaultlib
INFO: [VRFC 10-311] analyzing module AESL_axi_master_gmem0
INFO: [VRFC 10-2263] Analyzing SystemVerilog file "/home/fyt/A/teach_bili/course_1/build/vector_add_prj/solution1/sim/verilog/vector_add_gmem0_m_axi.v" into library xil_defaultlib
INFO: [VRFC 10-311] analyzing module vector_add_gmem0_m_axi
INFO: [VRFC 10-311] analyzing module vector_add_gmem0_m_axi_load
INFO: [VRFC 10-311] analyzing module vector_add_gmem0_m_axi_store
INFO: [VRFC 10-311] analyzing module vector_add_gmem0_m_axi_read
INFO: [VRFC 10-311] analyzing module vector_add_gmem0_m_axi_write
INFO: [VRFC 10-311] analyzing module vector_add_gmem0_m_axi_throttle
INFO: [VRFC 10-311] analyzing module vector_add_gmem0_m_axi_reg_slice
INFO: [VRFC 10-311] analyzing module vector_add_gmem0_m_axi_fifo
INFO: [VRFC 10-311] analyzing module vector_add_gmem0_m_axi_srl
INFO: [VRFC 10-311] analyzing module vector_add_gmem0_m_axi_mem
INFO: [VRFC 10-2263] Analyzing SystemVerilog file "/home/fyt/A/teach_bili/course_1/build/vector_add_prj/solution1/sim/verilog/vector_add.v" into library xil_defaultlib
INFO: [VRFC 10-311] analyzing module vector_add
INFO: [VRFC 10-2263] Analyzing SystemVerilog file "/home/fyt/A/teach_bili/course_1/build/vector_add_prj/solution1/sim/verilog/vector_add.autotb.v" into library xil_defaultlib
INFO: [VRFC 10-311] analyzing module apatb_vector_add_top
INFO: [VRFC 10-2263] Analyzing SystemVerilog file "/home/fyt/A/teach_bili/course_1/build/vector_add_prj/solution1/sim/verilog/vector_add_control_s_axi.v" into library xil_defaultlib
INFO: [VRFC 10-311] analyzing module vector_add_control_s_axi
INFO: [VRFC 10-2263] Analyzing SystemVerilog file "/home/fyt/A/teach_bili/course_1/build/vector_add_prj/solution1/sim/verilog/AESL_axi_master_gmem1.v" into library xil_defaultlib
INFO: [VRFC 10-311] analyzing module AESL_axi_master_gmem1
INFO: [VRFC 10-2263] Analyzing SystemVerilog file "/home/fyt/A/teach_bili/course_1/build/vector_add_prj/solution1/sim/verilog/AESL_axi_slave_control.v" into library xil_defaultlib
INFO: [VRFC 10-311] analyzing module AESL_axi_slave_control
INFO: [VRFC 10-2263] Analyzing SystemVerilog file "/home/fyt/A/teach_bili/course_1/build/vector_add_prj/solution1/sim/verilog/vector_add_gmem1_m_axi.v" into library xil_defaultlib
INFO: [VRFC 10-311] analyzing module vector_add_gmem1_m_axi
INFO: [VRFC 10-311] analyzing module vector_add_gmem1_m_axi_load
INFO: [VRFC 10-311] analyzing module vector_add_gmem1_m_axi_store
INFO: [VRFC 10-311] analyzing module vector_add_gmem1_m_axi_read
INFO: [VRFC 10-311] analyzing module vector_add_gmem1_m_axi_write
INFO: [VRFC 10-311] analyzing module vector_add_gmem1_m_axi_throttle
INFO: [VRFC 10-311] analyzing module vector_add_gmem1_m_axi_reg_slice
INFO: [VRFC 10-311] analyzing module vector_add_gmem1_m_axi_fifo
INFO: [VRFC 10-311] analyzing module vector_add_gmem1_m_axi_srl
INFO: [VRFC 10-311] analyzing module vector_add_gmem1_m_axi_mem
INFO: [VRFC 10-2263] Analyzing SystemVerilog file "/home/fyt/A/teach_bili/course_1/build/vector_add_prj/solution1/sim/verilog/vector_add_flow_control_loop_pipe_sequential_init.v" into library xil_defaultlib
INFO: [VRFC 10-311] analyzing module vector_add_flow_control_loop_pipe_sequential_init
INFO: [VRFC 10-2263] Analyzing SystemVerilog file "/home/fyt/A/teach_bili/course_1/build/vector_add_prj/solution1/sim/verilog/dataflow_monitor.sv" into library xil_defaultlib
INFO: [VRFC 10-311] analyzing module dataflow_monitor
Starting static elaboration
Pass Through NonSizing Optimizer
Completed static elaboration
Starting simulation data flow analysis
Completed simulation data flow analysis
Time Resolution for simulation is 1ps
Compiling package xil_defaultlib.$unit_dataflow_monitor_sv
Compiling module xil_defaultlib.vector_add_flow_control_loop_pip...
Compiling module xil_defaultlib.vector_add_vector_add_Pipeline_V...
Compiling module xil_defaultlib.vector_add_control_s_axi
Compiling module xil_defaultlib.vector_add_gmem0_m_axi_srl(DATA_...
Compiling module xil_defaultlib.vector_add_gmem0_m_axi_fifo(DATA...
Compiling module xil_defaultlib.vector_add_gmem0_m_axi_mem(MEM_S...
Compiling module xil_defaultlib.vector_add_gmem0_m_axi_fifo(MEM_...
Compiling module xil_defaultlib.vector_add_gmem0_m_axi_srl(DATA_...
Compiling module xil_defaultlib.vector_add_gmem0_m_axi_fifo(DATA...
Compiling module xil_defaultlib.vector_add_gmem0_m_axi_srl(DATA_...
Compiling module xil_defaultlib.vector_add_gmem0_m_axi_fifo(DATA...
Compiling module xil_defaultlib.vector_add_gmem0_m_axi_store(NUM...
Compiling module xil_defaultlib.vector_add_gmem0_m_axi_mem(MEM_S...
Compiling module xil_defaultlib.vector_add_gmem0_m_axi_fifo(MEM_...
Compiling module xil_defaultlib.vector_add_gmem0_m_axi_load(NUM_...
Compiling module xil_defaultlib.vector_add_gmem0_m_axi_reg_slice...
Compiling module xil_defaultlib.vector_add_gmem0_m_axi_srl(DATA_...
Compiling module xil_defaultlib.vector_add_gmem0_m_axi_fifo(DATA...
Compiling module xil_defaultlib.vector_add_gmem0_m_axi_reg_slice...
Compiling module xil_defaultlib.vector_add_gmem0_m_axi_srl(DATA_...
Compiling module xil_defaultlib.vector_add_gmem0_m_axi_fifo(DATA...
Compiling module xil_defaultlib.vector_add_gmem0_m_axi_srl(DATA_...
Compiling module xil_defaultlib.vector_add_gmem0_m_axi_fifo(DATA...
Compiling module xil_defaultlib.vector_add_gmem0_m_axi_throttle(...
Compiling module xil_defaultlib.vector_add_gmem0_m_axi_reg_slice...
Compiling module xil_defaultlib.vector_add_gmem0_m_axi_write(CON...
Compiling module xil_defaultlib.vector_add_gmem0_m_axi_reg_slice...
Compiling module xil_defaultlib.vector_add_gmem0_m_axi_read(C_US...
Compiling module xil_defaultlib.vector_add_gmem0_m_axi(CONSERVAT...
Compiling module xil_defaultlib.vector_add_gmem1_m_axi_srl(DATA_...
Compiling module xil_defaultlib.vector_add_gmem1_m_axi_fifo(DATA...
Compiling module xil_defaultlib.vector_add_gmem1_m_axi_mem(MEM_S...
Compiling module xil_defaultlib.vector_add_gmem1_m_axi_fifo(MEM_...
Compiling module xil_defaultlib.vector_add_gmem1_m_axi_srl(DATA_...
Compiling module xil_defaultlib.vector_add_gmem1_m_axi_fifo(DATA...
Compiling module xil_defaultlib.vector_add_gmem1_m_axi_srl(DATA_...
Compiling module xil_defaultlib.vector_add_gmem1_m_axi_fifo(DATA...
Compiling module xil_defaultlib.vector_add_gmem1_m_axi_store(NUM...
Compiling module xil_defaultlib.vector_add_gmem1_m_axi_mem(MEM_S...
Compiling module xil_defaultlib.vector_add_gmem1_m_axi_fifo(MEM_...
Compiling module xil_defaultlib.vector_add_gmem1_m_axi_load(NUM_...
Compiling module xil_defaultlib.vector_add_gmem1_m_axi_reg_slice...
Compiling module xil_defaultlib.vector_add_gmem1_m_axi_srl(DATA_...
Compiling module xil_defaultlib.vector_add_gmem1_m_axi_fifo(DATA...
Compiling module xil_defaultlib.vector_add_gmem1_m_axi_reg_slice...
Compiling module xil_defaultlib.vector_add_gmem1_m_axi_srl(DATA_...
Compiling module xil_defaultlib.vector_add_gmem1_m_axi_fifo(DATA...
Compiling module xil_defaultlib.vector_add_gmem1_m_axi_srl(DATA_...
Compiling module xil_defaultlib.vector_add_gmem1_m_axi_fifo(DATA...
Compiling module xil_defaultlib.vector_add_gmem1_m_axi_throttle(...
Compiling module xil_defaultlib.vector_add_gmem1_m_axi_reg_slice...
Compiling module xil_defaultlib.vector_add_gmem1_m_axi_write(CON...
Compiling module xil_defaultlib.vector_add_gmem1_m_axi_reg_slice...
Compiling module xil_defaultlib.vector_add_gmem1_m_axi_read(C_US...
Compiling module xil_defaultlib.vector_add_gmem1_m_axi(CONSERVAT...
Compiling module xil_defaultlib.vector_add
Compiling module xil_defaultlib.AESL_axi_master_gmem0
Compiling module xil_defaultlib.AESL_axi_master_gmem1
Compiling module xil_defaultlib.AESL_axi_slave_control
Compiling module xil_defaultlib.nodf_module_intf
Compiling module xil_defaultlib.upc_loop_intf(FSM_WIDTH=1)
Compiling module xil_defaultlib.dataflow_monitor_1
Compiling module xil_defaultlib.apatb_vector_add_top
Compiling module work.glbl
Built simulation snapshot vector_add

****** xsim v2022.2.2 (64-bit)
  **** SW Build 3788238 on Tue Feb 21 19:59:23 MST 2023
  **** IP Build 3783773 on Tue Feb 21 23:41:56 MST 2023
    ** Copyright 1986-2023 Xilinx, Inc. All Rights Reserved.

source xsim.dir/vector_add/xsim_script.tcl
# xsim {vector_add} -autoloadwcfg -tclbatch {vector_add.tcl}
Time resolution is 1 ps
source vector_add.tcl
## run all
////////////////////////////////////////////////////////////////////////////////////
// Inter-Transaction Progress: Completed Transaction / Total Transaction
// Intra-Transaction Progress: Measured Latency / Latency Estimation * 100%
//
// RTL Simulation : "Inter-Transaction Progress" ["Intra-Transaction Progress"] @ "Simulation Time"
////////////////////////////////////////////////////////////////////////////////////
// RTL Simulation : 0 / 1 [n/a] @ "125000"
// RTL Simulation : 1 / 1 [n/a] @ "3895000"
////////////////////////////////////////////////////////////////////////////////////
$finish called at time : 3955 ns : File "/home/fyt/A/teach_bili/course_1/build/vector_add_prj/solution1/sim/verilog/vector_add.autotb.v" Line 581
## quit
INFO: [Common 17-206] Exiting xsim at Sun Aug 24 03:42:01 2025...
Vector Subtract-1 Test Started
Vector size: 256 elements
调用vector_add函数（现在是减1功能）
All results correct!
