

================================================================
== Synthesis Summary Report of 'led'
================================================================
+ General Information: 
    * Date:           Tue Oct 28 07:25:14 2025
    * Version:        2022.2.2 (Build 3779808 on Feb 17 2023)
    * Project:        led_prj
    * Solution:       solution1 (Vivado IP Flow Target)
    * Product family: spartan7
    * Target device:  xc7s50-csga324-1
    

+ Performance & Resource Estimates: 
    
    PS: '+' for module; 'o' for loop; '*' for dataflow
    +--------+------+------+---------+--------+----------+---------+------+----------+------+----+---+----+-----+
    | Modules| Issue|      | Latency | Latency| Iteration|         | Trip |          |      |    |   |    |     |
    | & Loops| Type | Slack| (cycles)|  (ns)  |  Latency | Interval| Count| Pipelined| BRAM | DSP| FF| LUT| URAM|
    +--------+------+------+---------+--------+----------+---------+------+----------+------+----+---+----+-----+
    |+ led   |     -|  7.30|        0|   0.000|         -|        1|     -|        no|     -|   -|  -|   -|    -|
    +--------+------+------+---------+--------+----------+---------+------+----------+------+----+---+----+-----+


================================================================
== HW Interfaces
================================================================
* Other Ports
+-----------+---------+----------+
| Interface | Mode    | Bitwidth |
+-----------+---------+----------+
| key_t     | ap_none | 4        |
| led_r     | ap_none | 4        |
+-----------+---------+----------+


================================================================
== SW I/O Information
================================================================
* Top Function Arguments
+----------+-----------+-------------+
| Argument | Direction | Datatype    |
+----------+-----------+-------------+
| key_t    | in        | ap_uint<4>  |
| led      | out       | ap_uint<4>& |
+----------+-----------+-------------+

* SW-to-HW Mapping
+----------+--------------+---------+
| Argument | HW Interface | HW Type |
+----------+--------------+---------+
| key_t    | key_t        | port    |
| led      | led_r        | port    |
+----------+--------------+---------+


================================================================
== Bind Op Report
================================================================
  No bind op info in design

================================================================
== Bind Storage Report
================================================================
  No bind storage info in design

================================================================
== Pragma Report
================================================================
* Valid Pragma Syntax
+-----------+--------------------------+----------------------------------+
| Type      | Options                  | Location                         |
+-----------+--------------------------+----------------------------------+
| interface | ap_none port=key_t       | ../code/led.cpp:4 in led, key_t  |
| interface | ap_none port=led         | ../code/led.cpp:5 in led, led    |
| interface | ap_ctrl_none port=return | ../code/led.cpp:6 in led, return |
+-----------+--------------------------+----------------------------------+


